ASxxxx Linker V03.00/V05.40 + sdld,  page 1.
Hexadecimal  [32-Bits]

Area                       Addr        Size        Decimal Bytes (Attributes)
--------------------       ----        ----        ------- ----- ------------
.  .ABS.               00000000    00000000 =           0. bytes (ABS,CON)

        Value  Global            Value  Global            Value  Global    
        -----  ------            -----  ------            -----  ------    
     00000000  .__.ABS.  |    00000000  ___bank_a |    00000000  ___bank_a
     00000000  ___bank_a |    00000000  ___bank_a |    00000000  ___bank_a
     00000000  ___bank_e |    00000000  ___bank_e |    00000000  ___bank_e
     00000000  ___bank_e |    00000000  _rMBC7_SR |    00000000  _rRAMG   
     00000000  b_enemy_g |    00000000  b_enemy_s |    00000000  b_enemy_s
     00000000  b_enemy_t |    00000000  l__BASE   |    00000000  l__BSS   
     00000000  l__CABS   |    00000000  l__CODE_0 |    00000000  l__DABS  
     00000000  l__FONT_H |    00000000  l__HEADER |    00000000  l__HEADER
     00000000  l__HEAP   |    00000000  l__HEAP_E |    00000000  l__LIT   
     00000000  s__CABS   |    00000000  s__DABS   |    00000000  s__FONT_H
     00000000  s__FONT_H |    00000000  s__HEADER |    00000000  s__HEADER
     00000000  s__HEADER |    00000000  s__HEADER |    00000000  s__HEADER
     00000000  s__HEADER |    00000000  s__HEADER |    00000000  s__HEADER
     00000000  s__HEADER |    00000000  s__HEADER |    00000000  s__HEADER
     00000000  s__HEADER |    00000000  s__HEADER |    00000000  s__HEADER
     00000000  s__HEADER |    00000000  s__HEADER |    00000000  s__HEADER
     00000000  s__HEADER |    00000000  s__HEADER |    00000000  s__HEADER
     00000000  s__HEADER |    00000001  ___bank_t |    00000001  l__GSFINA
     00000001  l__HEADER |    00000001  l__HEADER |    00000001  l__HEADER
     00000001  l__HEADER |    00000001  l__HEADER |    00000001  l__HEADER
     00000001  l__HEADER |    00000002  ___bank_c |    00000002  ___bank_e
     00000002  ___bank_e |    00000002  ___bank_g |    00000002  ___bank_g
     00000002  ___bank_i |    00000002  ___bank_l |    00000002  ___bank_m
     00000002  ___bank_m |    00000002  ___bank_m |    00000002  ___bank_s
     00000002  ___bank_s |    00000002  ___bank_t |    00000002  b_camera_
     00000002  b_camera_ |    00000002  b_camera_ |    00000002  b_corpse_
     00000002  b_corpse_ |    00000002  b_draw_bo |    00000002  b_draw_co
     00000002  b_draw_ga |    00000002  b_enemy_a |    00000002  b_enemy_c
     00000002  b_enemy_e |    00000002  b_enemy_e |    00000002  b_enemy_p
     00000002  b_enemy_r |    00000002  b_ground_ |    00000002  b_ground_
     00000002  b_is_walk |    00000002  b_level_g |    00000002  b_map_pit
     00000002  b_map_til |    00000002  b_map_til |    00000002  b_state_g
     00000002  b_state_g |    00000002  b_tile_at |    00000002  l__HEADER
     00000002  l__HEADER |    00000002  l__HEADER |    00000003  ___bank_c
     00000003  ___bank_s |    00000003  ___bank_s |    00000003  ___bank_s
     00000003  ___bank_s |    00000003  ___bank_s |    00000003  ___bank_s
     00000003  ___bank_s |    00000003  ___bank_s |    00000003  ___bank_s
     00000003  ___bank_s |    00000003  ___bank_s |    00000003  ___bank_s
     00000003  ___bank_s |    00000003  ___bank_s |    00000003  b_class_p
     00000003  b_class_p |    00000003  b_state_a |    00000003  b_state_a
     00000003  b_state_c |    00000003  b_state_g |    00000003  b_state_i
     00000003  b_state_i |    00000003  b_state_m |    00000003  b_state_m
     00000003  b_state_p |    00000003  b_state_p |    00000003  b_state_s
     00000003  b_state_s |    00000003  b_state_t |    00000003  b_state_t
     00000003  l__FONT_H |    00000003  l__HEADER |    00000003  l__HEADER
     00000004  ___bank_b |    00000005  ___bank_u |    00000005  b_run_see
     00000005  b_title_s |    00000005  b_ui_comb |    00000005  b_ui_comb
     00000005  b_ui_comb |    00000005  b_ui_comb |    00000005  b_ui_comb
     00000005  b_ui_draw |    00000005  b_ui_draw |    00000005  b_ui_game
     00000005  b_ui_load |    00000005  b_ui_load |    00000005  b_ui_map_
ASxxxx Linker V03.00/V05.40 + sdld,  page 2.
Hexadecimal  [32-Bits]

Area                       Addr        Size        Decimal Bytes (Attributes)
--------------------       ----        ----        ------- ----- ------------
.  .ABS.               00000000    00000000 =           0. bytes (ABS,CON)

        Value  Global            Value  Global            Value  Global    
        -----  ------            -----  ------            -----  ------    
     00000005  b_ui_pane |    00000005  b_ui_pane |    00000005  b_ui_pane
     00000005  b_ui_pane |    00000005  b_ui_push |    00000005  b_ui_push
     00000005  b_ui_push |    00000005  b_ui_push |    00000005  b_window_
     00000005  b_window_ |    00000005  l__HEADER |    00000006  ___bank_a
     00000006  ___bank_a |    00000006  b_abiliti |    00000006  b_ability
     00000006  l__HEADER |    00000007  ___bank_a |    00000007  ___bank_a
     00000007  b_abiliti |    00000007  b_ability |    00000007  l__HEADER
     00000008  ___bank_a |    00000008  ___bank_a |    00000008  b_abiliti
     00000008  b_ability |    00000008  l__HEADER |    00000009  ___bank_a
     00000009  ___bank_a |    00000009  b_abiliti |    00000009  b_ability
     0000000A  ___bank_b |    0000000A  ___bank_g |    0000000A  ___bank_l
     0000000A  b_generat |    0000000A  b_level_i |    0000000B  ___bank_b
     0000000C  ___bank_b |    0000000D  b_enemy_t |    0000000D  b_invento
     0000000D  b_invento |    0000000D  b_invento |    0000000D  b_invento
     0000000D  b_invento |    0000000D  b_item_ro |    0000000D  b_items_k
     0000000D  b_items_k |    0000000D  b_items_k |    0000000D  b_items_k
     0000000D  b_items_k |    0000000D  b_items_k |    0000000D  b_items_u
     0000000D  b_ring_ro |    0000000E  ___bank_s |    0000000E  b_story_u
     0000000F  b_scroll_ |    00000010  b_bow_sho |    00000010  b_debuff_
     00000010  b_scroll_ |    00000011  ___bank_a |    00000011  ___bank_a
     00000011  ___bank_a |    00000011  ___bank_e |    00000011  ___bank_e
     00000011  ___bank_e |    00000011  ___bank_e |    00000011  ___bank_e
     00000011  ___bank_e |    00000011  ___bank_e |    00000011  ___bank_e
     00000011  ___bank_e |    00000011  ___bank_e |    00000011  ___bank_e
     00000011  ___bank_e |    00000011  ___bank_e |    00000011  ___bank_e
     00000011  ___bank_e |    00000011  ___bank_e |    00000011  ___bank_e
     00000011  ___bank_e |    00000011  ___bank_e |    00000011  ___bank_e
     00000011  ___bank_e |    00000011  ___bank_e |    00000011  ___bank_e
     00000011  ___bank_e |    00000011  ___bank_e |    00000011  ___bank_e
     00000011  ___bank_e |    00000011  b_ally_fo |    00000011  b_ally_fo
     00000011  b_ally_fo |    00000011  b_entity_ |    00000011  b_entity_
     00000011  b_entity_ |    00000011  b_entity_ |    00000011  b_entity_
     00000011  b_entity_ |    00000011  b_entity_ |    00000011  b_entity_
     00000011  b_entity_ |    00000011  b_entity_ |    00000011  b_entity_
     00000011  b_entity_ |    00000011  b_entity_ |    00000011  b_entity_
     00000011  b_entity_ |    00000011  b_entity_ |    00000011  b_entity_
     00000011  b_entity_ |    00000011  b_entity_ |    00000011  b_entity_
     00000011  b_entity_ |    00000011  b_entity_ |    00000011  b_entity_
     00000011  b_entity_ |    00000011  b_entity_ |    00000011  b_entity_
     00000011  b_entity_ |    00000011  l__GSINIT |    00000012  ___bank_b
     00000013  ___bank_c |    00000013  ___bank_c |    00000013  ___bank_c
     00000013  ___bank_r |    00000013  b_combat_ |    00000013  b_combat_
     00000013  b_combat_ |    00000013  b_resolve |    00000013  l__HRAM  
     00000014  b_equippe |    00000014  b_equippe |    00000014  b_items_e
     00000014  b_items_e |    00000015  ___bank_b |    00000015  ___bank_b
     00000016  ___bank_a |    00000016  ___bank_a |    00000016  ___bank_b
     00000016  ___bank_b |    00000016  ___bank_l |    00000016  ___bank_o
     00000016  ___bank_o |    00000016  ___bank_o |    00000016  ___bank_o
     00000016  ___bank_o |    00000016  ___bank_o |    00000016  ___bank_o
     00000016  ___bank_o |    00000016  ___bank_o |    00000016  ___bank_o
     00000016  ___bank_o |    00000016  ___bank_r |    00000016  ___bank_r
ASxxxx Linker V03.00/V05.40 + sdld,  page 3.
Hexadecimal  [32-Bits]

Area                       Addr        Size        Decimal Bytes (Attributes)
--------------------       ----        ----        ------- ----- ------------
.  .ABS.               00000000    00000000 =           0. bytes (ABS,CON)

        Value  Global            Value  Global            Value  Global    
        -----  ------            -----  ------            -----  ------    
     00000016  ___bank_w |    00000016  ___bank_w |    00000016  b_apply_f
     00000016  b_apply_w |    00000016  b_load_pa |    00000016  b_overwor
     00000016  b_overwor |    00000016  b_overwor |    00000016  b_overwor
     00000016  b_overwor |    00000016  b_overwor |    00000016  b_overwor
     00000016  b_overwor |    00000016  b_overwor |    00000016  b_overwor
     00000016  b_overwor |    00000016  b_render_ |    00000016  b_render_
     00000016  b_water_a |    00000016  b_water_a |    00000018  ___bank_b
     00000018  ___bank_b |    00000018  ___bank_b |    00000018  ___bank_s
     00000018  ___bank_s |    00000018  ___bank_s |    00000018  b_sphinx_
     00000018  b_sphinx_ |    00000018  b_sphinx_ |    0000001C  ___bank_d
     0000001C  b_dungeon |    00000020  l__INITIA |    00000020  l__INITIA
     00000030  l__HEADER |    00000052  l__CODE_2 |    00000060  l__HEADER
     00000074  l__CODE_7 |    00000084  l__CODE_1 |    00000084  l__CODE_1
     00000088  l__CODE_6 |    0000009D  l__CODE_1 |    000000AB  l__HEADER
     000001CB  l__CODE_2 |    00000200  s__CODE   |    00000272  l__CODE_9
     00000277  l__CODE_1 |    00000293  l__CODE_8 |    0000039B  l__CODE_2
     0000045A  l__CODE_2 |    00000631  l__CODE_1 |    00000B71  l__HOME  
     00000B9B  l__CODE_4 |    00000EDF  l__CODE_1 |    00001108  l__CODE_1
     00001260  l__CODE_1 |    00001554  l__CODE_1 |    000018A3  l__CODE_2
     00001B7C  l__DATA   |    00001E91  l__CODE_1 |    00001ED3  l__CODE_3
     00002000  _rROMB0   |    00003000  _rROMB1   |    0000309B  l__CODE  
     00003183  l__CODE_5 |    000031FB  l__CODE_1 |    0000329B  s__HOME  
     00003E0C  s__BASE   |    00003E0C  s__CODE_0 |    00003E0C  s__INITIA
     00003E0C  s__LIT    |    00003E2C  s__GSINIT |    00003E3D  s__GSFINA
     00003F5F  l__CODE_2 |    00004000  _rMBC7_SR |    00004000  _rRAMB   
     00008000  __VRAM    |    00008000  __VRAM800 |    00008800  __VRAM880
     00009000  __VRAM900 |    00009800  __SCRN0   |    00009C00  __SCRN1  
     0000A000  __SRAM    |    0000A000  _rMBC7_LA |    0000A010  _rMBC7_LA
     0000A020  _rMBC7_AC |    0000A030  _rMBC7_AC |    0000A040  _rMBC7_AC
     0000A050  _rMBC7_AC |    0000C000  __RAM     |    0000C000  _shadow_O
     0000C0A0  s__DATA   |    0000D000  __RAMBANK |    0000DC1C  s__BSS   
     0000DC1C  s__INITIA |    0000DC3C  s__HEAP   |    0000DC3C  s__HEAP_E
     0000E000  .STACK    |    0000FE00  __OAMRAM  |    0000FF00  _P1_REG  
     0000FF00  __IO      |    0000FF01  _SB_REG   |    0000FF02  _SC_REG  
     0000FF04  _DIV_REG  |    0000FF05  _TIMA_REG |    0000FF06  _TMA_REG 
     0000FF07  _TAC_REG  |    0000FF0F  _IF_REG   |    0000FF10  _NR10_REG
     0000FF11  _NR11_REG |    0000FF12  _NR12_REG |    0000FF13  _NR13_REG
     0000FF14  _NR14_REG |    0000FF16  _NR21_REG |    0000FF17  _NR22_REG
     0000FF18  _NR23_REG |    0000FF19  _NR24_REG |    0000FF1A  _NR30_REG
     0000FF1B  _NR31_REG |    0000FF1C  _NR32_REG |    0000FF1D  _NR33_REG
     0000FF1E  _NR34_REG |    0000FF20  _NR41_REG |    0000FF21  _NR42_REG
     0000FF22  _NR43_REG |    0000FF23  _NR44_REG |    0000FF24  _NR50_REG
     0000FF25  _NR51_REG |    0000FF26  _NR52_REG |    0000FF30  _AUD3WAVE
     0000FF30  _PCM_SAMP |    0000FF30  __AUD3WAV |    0000FF40  _LCDC_REG
     0000FF41  _STAT_REG |    0000FF42  _SCY_REG  |    0000FF43  _SCX_REG 
     0000FF44  _LY_REG   |    0000FF45  _LYC_REG  |    0000FF46  _DMA_REG 
     0000FF47  _BGP_REG  |    0000FF48  _OBP0_REG |    0000FF49  _OBP1_REG
     0000FF4A  _WY_REG   |    0000FF4B  _WX_REG   |    0000FF4D  _KEY1_REG
     0000FF4F  _VBK_REG  |    0000FF51  _HDMA1_RE |    0000FF52  _HDMA2_RE
     0000FF53  _HDMA3_RE |    0000FF54  _HDMA4_RE |    0000FF55  _HDMA5_RE
     0000FF56  _RP_REG   |    0000FF68  _BCPS_REG |    0000FF69  _BCPD_REG
ASxxxx Linker V03.00/V05.40 + sdld,  page 4.
Hexadecimal  [32-Bits]

Area                       Addr        Size        Decimal Bytes (Attributes)
--------------------       ----        ----        ------- ----- ------------
.  .ABS.               00000000    00000000 =           0. bytes (ABS,CON)

        Value  Global            Value  Global            Value  Global    
        -----  ------            -----  ------            -----  ------    
     0000FF6A  _OCPS_REG |    0000FF6B  _OCPD_REG |    0000FF70  _SVBK_REG
     0000FF76  _PCM12_RE |    0000FF77  _PCM34_RE |    0000FF80  __HRAM   
     0000FF80  s__HRAM   |    0000FFFF  _IE_REG   |    00014000  s__CODE_1
     00024000  s__CODE_2 |    00034000  s__CODE_3 |    00044000  s__CODE_4
     00054000  s__CODE_5 |    00064000  s__CODE_6 |    00074000  s__CODE_7
     00084000  s__CODE_8 |    00094000  s__CODE_9 |    000A4000  s__CODE_1
     000B4000  s__CODE_1 |    000C4000  s__CODE_1 |    000D4000  s__CODE_1
     000E4000  s__CODE_1 |    000F4000  s__CODE_1 |    00104000  s__CODE_1
     00114000  s__CODE_1 |    00124000  s__CODE_1 |    00134000  s__CODE_1
     00144000  s__CODE_2 |    00154000  s__CODE_2 |    00164000  s__CODE_2
     00184000  s__CODE_2 |    001C4000  s__CODE_2
ASxxxx Linker V03.00/V05.40 + sdld,  page 5.
Hexadecimal  [32-Bits]

Area                       Addr        Size        Decimal Bytes (Attributes)
--------------------       ----        ----        ------- ----- ------------
_CODE                  00000200    0000309B =       12443. bytes (REL,CON)

        Value  Global            Value  Global            Value  Global    
        -----  ------            -----  ------            -----  ------    
     00000200  _ability_ |    000002A3  _ability_ |    000002B4  _ability_
     000002BD  _ability_ |    000002C8  _ability_ |    000002D2  _ability_
     000002DD  _ability_ |    00000319  _ability_ |    0000038C  ___func_a
     0000038C  _ally_cle |    000003B1  ___func_a |    000003B1  _ally_cle
     000003C0  ___func_a |    000003C0  _ally_fin |    000003DB  ___func_a
     000003DB  _ally_has |    000003FD  _ally_wal |    0000048B  ___func_a
     0000048B  _ally_sum |    000004B9  _biome_lo |    000007B0  _biome_ap
     000009F5  _biome_pi |    00000B19  ___func_e |    00000B19  _enemy_ty
     00000BC8  ___func_e |    00000BC8  _enemy_sl |    00000D70  ___func_e
     00000D70  _enemy_sl |    00000FE6  ___func_e |    00000FE6  _enemy_go
     00001202  _player_l |    00001222  _ow_prefa |    0000123B  _lcd_hp_p
     00001301  _lcd_init |    00001318  _lcd_susp |    0000132A  _lcd_resu
     00001341  _lcd_clea |    0000141D  _overworl |    00001449  _overworl
     00001475  _overworl |    0000148D  _road_bit |    000014B9  _road_set
     000014E5  _road_cle |    000014FD  _lighting |    00001505  _lighting
     00001509  _lighting |    00001545  _lighting |    00001549  _lighting
     00001555  _lighting |    00001726  _lighting |    00001767  _main    
     0000223F  _sfx_lung |    00002249  _sfx_dodg |    0000225A  _sfx_spel
     0000226B  _sfx_whir |    0000227A  _sfx_shie |    0000228B  _sfx_fox_
     0000229C  _music_pl |    000022D2  _music_pl |    00002323  _music_se
     0000232D  _music_ge |    00002331  _music_be |    00002366  _music_lo
     00002394  _music_st |    000023AD  _music_pl |    00002404  _music_in
     00002432  _perf_sta |    00002435  _perf_sta |    0000243D  _perf_rec
     000024E1  _perf_avg |    00002515  _perf_max |    00002524  _perf_cle
     00002549  _seed_ent |    000025CA  _seed_ent |    00002606  _seed_ent
     00002667  _targetin |    00002707  _tileset_ |    0000274F  _tileset_
     000027B9  _title_lo |    00002843  _title_lo |    00002A1B  _title_lo
     00002A75  _ui_loadi |    00002AAE  _wall_pal |    00002BEE  __divsuch
     00002BF4  __modsuch |    00002BFD  __divusch |    00002C06  __modusch
     00002C12  __divscha |    00002C17  __modscha |    00002C1E  __divsint
     00002C27  __modsint |    00002C33  __divucha |    00002C38  __moducha
     00002C3F  __divuint |    00002C48  __moduint |    00002C54  .div8    
     00002C54  .mod8     |    00002C5C  .div16    |    00002C5C  .mod16   
     00002C92  .divu8    |    00002C92  .modu8    |    00002C95  .divu16  
     00002C95  .modu16   |    00002CD5  _set_spri |    00002CDA  _set_bkg_
     00002CDD  .set_pale |    00002CFC  _set_spri |    00002D01  _set_bkg_
     00002D04  .set_pale |    00002D20  _memmove  |    00002DCF  __mulsuch
     00002DD2  __mulusch |    00002DDB  __mulscha |    00002DE3  __mulint 
     00002E02  __mulucha |    00002E14  _set_vram |    00002E1D  _set_win_
     00002E26  _set_bkg_ |    00002E55  ___memcpy |    00002E55  _memcpy  
     00002E87  _strcat   |    00002E98  _printf   |    00002EAD  _cpu_slow
     00002EC8  _cpu_fast |    00002ECF  _cgb_comp |    00002ECF  _set_defa
     00002F1F  ___printf |    0000327C  _sprintf 
ASxxxx Linker V03.00/V05.40 + sdld,  page 6.
Hexadecimal  [32-Bits]

Area                       Addr        Size        Decimal Bytes (Attributes)
--------------------       ----        ----        ------- ----- ------------
_HEADER0               00000000    00000001 =           1. bytes (ABS,CON)

        Value  Global            Value  Global            Value  Global    
        -----  ------            -----  ------            -----  ------    
     00000020  .call_hl 
ASxxxx Linker V03.00/V05.40 + sdld,  page 7.
Hexadecimal  [32-Bits]

Area                       Addr        Size        Decimal Bytes (Attributes)
--------------------       ----        ----        ------- ----- ------------
_HEADER1               00000000    00000005 =           5. bytes (ABS,CON)

        Value  Global            Value  Global            Value  Global    
        -----  ------            -----  ------            -----  ------    
     00000028  .MemsetSm
ASxxxx Linker V03.00/V05.40 + sdld,  page 8.
Hexadecimal  [32-Bits]

Area                       Addr        Size        Decimal Bytes (Attributes)
--------------------       ----        ----        ------- ----- ------------
_HEADER2               00000000    00000007 =           7. bytes (ABS,CON)

        Value  Global            Value  Global            Value  Global    
        -----  ------            -----  ------            -----  ------    
     00000030  .MemcpySm
ASxxxx Linker V03.00/V05.40 + sdld,  page 9.
Hexadecimal  [32-Bits]

Area                       Addr        Size        Decimal Bytes (Attributes)
--------------------       ----        ----        ------- ----- ------------
_HEADER3               00000000    00000008 =           8. bytes (ABS,CON)

        Value  Global            Value  Global            Value  Global    
        -----  ------            -----  ------            -----  ------    
ASxxxx Linker V03.00/V05.40 + sdld,  page 10.
Hexadecimal  [32-Bits]

Area                       Addr        Size        Decimal Bytes (Attributes)
--------------------       ----        ----        ------- ----- ------------
_HEADER4               00000000    00000060 =          96. bytes (ABS,CON)

        Value  Global            Value  Global            Value  Global    
        -----  ------            -----  ------            -----  ------    
     00000080  .int      |    0000008F  _wait_int |    0000009C  __standar
     000000AB  _refresh_ |    000000CC  _set_inte
ASxxxx Linker V03.00/V05.40 + sdld,  page 11.
Hexadecimal  [32-Bits]

Area                       Addr        Size        Decimal Bytes (Attributes)
--------------------       ----        ----        ------- ----- ------------
_HEADER5               00000000    00000001 =           1. bytes (ABS,CON)

        Value  Global            Value  Global            Value  Global    
        -----  ------            -----  ------            -----  ------    
ASxxxx Linker V03.00/V05.40 + sdld,  page 12.
Hexadecimal  [32-Bits]

Area                       Addr        Size        Decimal Bytes (Attributes)
--------------------       ----        ----        ------- ----- ------------
_HEADER6               00000000    00000002 =           2. bytes (ABS,CON)

        Value  Global            Value  Global            Value  Global    
        -----  ------            -----  ------            -----  ------    
ASxxxx Linker V03.00/V05.40 + sdld,  page 13.
Hexadecimal  [32-Bits]

Area                       Addr        Size        Decimal Bytes (Attributes)
--------------------       ----        ----        ------- ----- ------------
_HEADER7               00000000    00000030 =          48. bytes (ABS,CON)

        Value  Global            Value  Global            Value  Global    
        -----  ------            -----  ------            -----  ------    
ASxxxx Linker V03.00/V05.40 + sdld,  page 14.
Hexadecimal  [32-Bits]

Area                       Addr        Size        Decimal Bytes (Attributes)
--------------------       ----        ----        ------- ----- ------------
_HEADER8               00000000    00000006 =           6. bytes (ABS,CON)

        Value  Global            Value  Global            Value  Global    
        -----  ------            -----  ------            -----  ------    
ASxxxx Linker V03.00/V05.40 + sdld,  page 15.
Hexadecimal  [32-Bits]

Area                       Addr        Size        Decimal Bytes (Attributes)
--------------------       ----        ----        ------- ----- ------------
_HEADER9               00000000    00000003 =           3. bytes (ABS,CON)

        Value  Global            Value  Global            Value  Global    
        -----  ------            -----  ------            -----  ------    
ASxxxx Linker V03.00/V05.40 + sdld,  page 16.
Hexadecimal  [32-Bits]

Area                       Addr        Size        Decimal Bytes (Attributes)
--------------------       ----        ----        ------- ----- ------------
_HEADERa               00000000    00000001 =           1. bytes (ABS,CON)

        Value  Global            Value  Global            Value  Global    
        -----  ------            -----  ------            -----  ------    
ASxxxx Linker V03.00/V05.40 + sdld,  page 17.
Hexadecimal  [32-Bits]

Area                       Addr        Size        Decimal Bytes (Attributes)
--------------------       ----        ----        ------- ----- ------------
_HEADERb               00000000    00000001 =           1. bytes (ABS,CON)

        Value  Global            Value  Global            Value  Global    
        -----  ------            -----  ------            -----  ------    
ASxxxx Linker V03.00/V05.40 + sdld,  page 18.
Hexadecimal  [32-Bits]

Area                       Addr        Size        Decimal Bytes (Attributes)
--------------------       ----        ----        ------- ----- ------------
_HEADERc               00000000    00000001 =           1. bytes (ABS,CON)

        Value  Global            Value  Global            Value  Global    
        -----  ------            -----  ------            -----  ------    
ASxxxx Linker V03.00/V05.40 + sdld,  page 19.
Hexadecimal  [32-Bits]

Area                       Addr        Size        Decimal Bytes (Attributes)
--------------------       ----        ----        ------- ----- ------------
_HEADERd               00000000    00000002 =           2. bytes (ABS,CON)

        Value  Global            Value  Global            Value  Global    
        -----  ------            -----  ------            -----  ------    
ASxxxx Linker V03.00/V05.40 + sdld,  page 20.
Hexadecimal  [32-Bits]

Area                       Addr        Size        Decimal Bytes (Attributes)
--------------------       ----        ----        ------- ----- ------------
_HEADERe               00000000    00000001 =           1. bytes (ABS,CON)

        Value  Global            Value  Global            Value  Global    
        -----  ------            -----  ------            -----  ------    
ASxxxx Linker V03.00/V05.40 + sdld,  page 21.
Hexadecimal  [32-Bits]

Area                       Addr        Size        Decimal Bytes (Attributes)
--------------------       ----        ----        ------- ----- ------------
_HEADERf               00000000    00000001 =           1. bytes (ABS,CON)

        Value  Global            Value  Global            Value  Global    
        -----  ------            -----  ------            -----  ------    
ASxxxx Linker V03.00/V05.40 + sdld,  page 22.
Hexadecimal  [32-Bits]

Area                       Addr        Size        Decimal Bytes (Attributes)
--------------------       ----        ----        ------- ----- ------------
_HEADER10              00000000    00000002 =           2. bytes (ABS,CON)

        Value  Global            Value  Global            Value  Global    
        -----  ------            -----  ------            -----  ------    
ASxxxx Linker V03.00/V05.40 + sdld,  page 23.
Hexadecimal  [32-Bits]

Area                       Addr        Size        Decimal Bytes (Attributes)
--------------------       ----        ----        ------- ----- ------------
_HEADER11              00000000    000000AB =         171. bytes (ABS,CON)

        Value  Global            Value  Global            Value  Global    
        -----  ------            -----  ------            -----  ------    
     00000150  .reset    |    00000150  _reset    |    00000157  .code_sta
     000001B9  _exit     |    000001BD  .wait_vbl |    000001BD  _vsync   
     000001BD  _wait_vbl |    000001CD  .remove_V |    000001CD  _remove_V
     000001D0  .remove_i |    000001ED  .add_VBL  |    000001ED  _add_VBL 
     000001F0  .add_int 
ASxxxx Linker V03.00/V05.40 + sdld,  page 24.
Hexadecimal  [32-Bits]

Area                       Addr        Size        Decimal Bytes (Attributes)
--------------------       ----        ----        ------- ----- ------------
_HOME                  0000329B    00000B71 =        2929. bytes (REL,CON)

        Value  Global            Value  Global            Value  Global    
        -----  ------            -----  ------            -----  ------    
     0000329B  .memset_s |    000032A4  .memcpy_s |    000032C1  .display_
     000032C1  _display_ |    000032D9  _render_s |    000032E1  _render_s
     00003308  _fill_win |    0000331A  _strcpy   |    0000332C  _rand    
     0000332C  _randw    |    00003357  _initrand |    00003359  .initrand
     00003362  _font_loa |    00003369  font_load |    000033B1  font_copy
     000033E7  font_set  |    000033F4  .put_char |    0000340C  .out_char
     00003412  .del_char |    00003468  _putchar  |    00003471  _setchar 
     0000347A  _font_loa |    00003488  _font_set |    00003497  _font_ini
     000034B6  .cls      |    000034B6  _cls      |    000034D8  _gotoxy  
     000034E3  _posx     |    000034F4  _posy     |    0000351C  .cr_curs 
     00003531  .adv_curs |    0000358D  .tmode    |    000035AA  .tmode_ou
     000035B3  _font_col |    000035BE  _set_tile |    000035C3  _set_bkg_
     000035C3  _set_win_ |    000035CB  _set_spri |    0000362A  .add_LCD 
     0000362A  _add_LCD  |    00003630  .remove_L |    00003630  _remove_L
     00003636  .fill_rec |    0000363F  .fill_rec |    0000368C  __modulon
     00003729  .padup    |    00003729  _waitpadu |    00003739  .jpad    
     00003739  _joypad   |    00003761  _waitpad  |    00003762  .wait_pad
     00003769  _fill_bkg |    0000377B  ___sdcc_c |    0000377C  _color   
     0000377C  _set_1bpp |    0000378B  _memset   |    000037BE  .drawing_
     000037DB  _font_ibm |    00003B8D  ___sdcc_b |    00003BA1  _strlen  
     00003BA6  .strlen   |    00003BAF  __mullong |    00003C96  _set_bkg_
     00003CAA  _set_bkg_ |    00003CAA  _set_win_ |    00003CB2  _set_spri
     00003D0A  .set_xy_w |    00003D13  .set_xy_b |    00003D22  .set_xy_t
     00003D66  _uitoa    |    00003D75  _itoa     |    00003D84  .itoa    
     00003D98  .utoa    
ASxxxx Linker V03.00/V05.40 + sdld,  page 25.
Hexadecimal  [32-Bits]

Area                       Addr        Size        Decimal Bytes (Attributes)
--------------------       ----        ----        ------- ----- ------------
_INITIALIZER           00003E0C    00000020 =          32. bytes (REL,CON)

        Value  Global            Value  Global            Value  Global    
        -----  ------            -----  ------            -----  ------    
ASxxxx Linker V03.00/V05.40 + sdld,  page 26.
Hexadecimal  [32-Bits]

Area                       Addr        Size        Decimal Bytes (Attributes)
--------------------       ----        ----        ------- ----- ------------
_GSINIT                00003E2C    00000011 =          17. bytes (REL,CON)

        Value  Global            Value  Global            Value  Global    
        -----  ------            -----  ------            -----  ------    
     00003E2C  gsinit   
ASxxxx Linker V03.00/V05.40 + sdld,  page 27.
Hexadecimal  [32-Bits]

Area                       Addr        Size        Decimal Bytes (Attributes)
--------------------       ----        ----        ------- ----- ------------
_GSFINAL               00003E3D    00000001 =           1. bytes (REL,CON)

        Value  Global            Value  Global            Value  Global    
        -----  ------            -----  ------            -----  ------    
ASxxxx Linker V03.00/V05.40 + sdld,  page 28.
Hexadecimal  [32-Bits]

Area                       Addr        Size        Decimal Bytes (Attributes)
--------------------       ----        ----        ------- ----- ------------
_DATA                  0000C0A0    00001B7C =        7036. bytes (REL,CON)

        Value  Global            Value  Global            Value  Global    
        -----  ------            -----  ------            -----  ------    
     0000C0A0  __cpu     |    0000C0A1  __is_GBA  |    0000C0A2  .mode    
     0000C0A3  .sys_time |    0000C0A3  _sys_time |    0000C0A5  .int_0x40
     0000C0B1  _enemy_de |    0000C0F7  _enemy_ac |    0000C101  _enemy_ac
     0000C102  _pending_ |    0000C103  _pending_ |    0000C104  _gameplay
     0000C105  _level_is |    0000C106  _floor_vi |    0000C10C  _entered_
     0000C10D  _floor_ki |    0000C10E  _floor_bo |    0000C10F  _elite_ba
     0000C110  _dungeon_ |    0000C112  _hub_land |    0000C113  _player_x
     0000C115  _player_c |    0000C116  _player_a |    0000C117  _player_m
     0000C118  _player_d |    0000C119  _player_c |    0000C11A  _floor_bi
     0000C11B  _overworl |    0000C11C  _g_player |    0000C11D  _g_player
     0000C11E  _g_prev_j |    0000C11F  _g_run_en |    0000C121  _g_sphinx
     0000C122  _sphinx_f |    0000C123  _look_cx  |    0000C124  _look_cy 
     0000C125  _selected |    0000C126  _belt_slo |    0000C12A  _player_h
     0000C12B  _witch_sh |    0000C12C  _zerker_w |    0000C12D  _book_hea
     0000C12E  _knight_s |    0000C12F  _player_l |    0000C130  _ally_act
     0000C134  _ally_x   |    0000C138  _ally_y   |    0000C13C  _ally_typ
     0000C140  _ally_cha |    0000C144  _ally_fli |    0000C148  _enemy_al
     0000C15F  _dead_ene |    0000C176  _dead_ene |    0000C177  _floor_it
     0000C1A9  _floor_en |    0000C23F  _inventor |    0000C25D  _inventor
     0000C27B  _inventor |    0000C299  _inventor |    0000C2B7  _ground_i
     0000C2BF  _ground_i |    0000C2C7  _ground_i |    0000C2CF  _ground_i
     0000C2D7  _pending_ |    0000C2D8  _inv_desc |    0000C2D9  _ow_featu
     0000C389  _ow_featu |    0000C38A  _lcd_game |    0000C38B  _lcd_shak
     0000C38C  _lcd_shak |    0000C828  _ui_loadi |    0000C829  _ui_load_
     0000C82A  _enemy_x  |    0000C841  _enemy_y  |    0000C858  _enemy_ty
     0000C86F  _enemy_hp |    0000C886  _enemy_st |    0000C89D  _enemy_st
     0000C8B4  _num_enem |    0000C8B5  _corpse_x |    0000C8CC  _corpse_y
     0000C8E3  _corpse_t |    0000C8FA  _num_corp |    0000C8FB  _enemy_oc
     0000CEFB  _enemy_an |    0000CEFC  _enemy_at |    0000CF13  _enemy_at
     0000CF14  _enemy_fo |    0000CF2B  _enemy_pe |    0000CF8D  _floor_bi
     0000D40D  _pit_bits |    0000D88D  _nav_node |    0000D9AD  _num_nav_
     0000D9AE  _wall_til |    0000D9AF  _wall_pal |    0000D9B0  _pillar_p
     0000D9B1  _active_m |    0000D9B2  _active_m |    0000D9B3  _player_s
     0000D9B4  _player_s |    0000D9B5  _floor_co |    0000D9B8  _brazier_
     0000D9B9  _brazier_ |    0000D9CD  _brazier_ |    0000D9E1  _brazier_
     0000D9F5  _pit_x    |    0000D9F6  _pit_y    |    0000D9F7  _pit_pres
     0000D9F8  _camera_p |    0000D9FA  _camera_p |    0000D9FC  _render_s
     0000DA11  _render_s |    0000DBE0  _water_an |    0000DBFC  ___rand_s
     0000DBFE  font_curr |    0000DC01  font_firs |    0000DC02  font_tabl
     0000DC14  .int_0x48
ASxxxx Linker V03.00/V05.40 + sdld,  page 29.
Hexadecimal  [32-Bits]

Area                       Addr        Size        Decimal Bytes (Attributes)
--------------------       ----        ----        ------- ----- ------------
_INITIALIZED           0000DC1C    00000020 =          32. bytes (REL,CON)

        Value  Global            Value  Global            Value  Global    
        -----  ------            -----  ------            -----  ------    
     0000DC1C  _current_ |    0000DC1D  _next_sta |    0000DC1E  _player_h
     0000DC1F  _player_h |    0000DC20  _player_l |    0000DC21  _player_d
     0000DC22  _floor_nu |    0000DC23  _run_seed |    0000DC25  _boss_ali
     0000DC26  _ui_panel |    0000DC36  .curx     |    0000DC37  .cury    
     0000DC38  .fg_colou |    0000DC38  __current |    0000DC39  .bg_colou
     0000DC3A  .draw_mod |    0000DC3B  __map_til
ASxxxx Linker V03.00/V05.40 + sdld,  page 30.
Hexadecimal  [32-Bits]

Area                       Addr        Size        Decimal Bytes (Attributes)
--------------------       ----        ----        ------- ----- ------------
_HRAM                  0000FF80    00000013 =          19. bytes (REL,CON)

        Value  Global            Value  Global            Value  Global    
        -----  ------            -----  ------            -----  ------    
     0000FF80  .refresh_ |    0000FF90  __current |    0000FF91  __vbl_don
     0000FF92  __shadow_
ASxxxx Linker V03.00/V05.40 + sdld,  page 31.
Hexadecimal  [32-Bits]

Area                       Addr        Size        Decimal Bytes (Attributes)
--------------------       ----        ----        ------- ----- ------------
_CODE_1                00014000    00001108 =        4360. bytes (REL,CON)

        Value  Global            Value  Global            Value  Global    
        -----  ------            -----  ------            -----  ------    
     00014000  ___func_t |    00014000  _tileset_ |    00014008  _tileset_
     00015008  _tileset_
ASxxxx Linker V03.00/V05.40 + sdld,  page 32.
Hexadecimal  [32-Bits]

Area                       Addr        Size        Decimal Bytes (Attributes)
--------------------       ----        ----        ------- ----- ------------
_CODE_2                00024000    00003F5F =       16223. bytes (REL,CON)

        Value  Global            Value  Global            Value  Global    
        -----  ------            -----  ------            -----  ------    
     00024004  _enemy_gr |    00024050  _enemy_pl |    00024192  _enemy_cl
     0002423F  _corpse_p |    0002434A  _corpse_c |    000243C5  ___func_e
     000243C5  _enemy_pl |    000243D3  _enemy_ef |    0002441D  _enemy_ef
     00024468  _enemy_an |    00024476  _enemy_an |    000244F2  ___func_e
     000244F2  _enemy_at |    0002456A  _corpse_s |    000245E2  _corpse_a
     000245EE  _corpse_d |    000245FD  _spawn_en |    00024A63  _enemy_se
     00024A7B  _enemy_ge |    00024DE6  _enemy_re |    00024F6E  _move_ene
     00025848  ___func_s |    00025848  _state_ga |    000258B5  ___func_s
     000258B5  _state_ga |    0002640F  _wall_ort |    000265C4  ___func_t
     000265C4  _tile_at  |    00026652  ___func_m |    00026652  _map_pit_
     0002666B  ___func_g |    0002666B  _ground_i |    0002669E  ___func_m
     0002669E  _map_tile |    000266CE  ___func_m |    000266CE  _map_tile
     00026708  ___func_g |    00026708  _ground_i |    0002674E  ___func_i
     0002674E  _is_walka |    00026791  _tile_cha |    0002679F  _tile_vra
     000267C5  _tile_pal |    000267D2  _floor_gr |    000267EA  _floor_ti
     00026906  _nearest_ |    000269A8  _nav_fill |    00026A8F  ___func_l
     00026A8F  _level_ge |    00027211  ___func_c |    00027211  _camera_i
     0002747B  _camera_s |    00027A36  _camera_s |    00027CF0  _draw_cel
     00027D44  _classify |    00027D7F  _classify |    00027DB2  _draw_col
     00027DFC  _draw_row |    00027E46  _draw_ui_ |    00027E4E  _draw_gam
     00027E68  _draw_scr |    00027EB5  _draw_gam |    00027ED2  _draw_gam
     00027EDA  _draw_ene |    00027EE9  _draw_cor |    00027F2E  _draw_cor
     00027F31  _draw_bos
ASxxxx Linker V03.00/V05.40 + sdld,  page 33.
Hexadecimal  [32-Bits]

Area                       Addr        Size        Decimal Bytes (Attributes)
--------------------       ----        ----        ------- ----- ------------
_CODE_3                00034000    00001ED3 =        7891. bytes (REL,CON)

        Value  Global            Value  Global            Value  Global    
        -----  ------            -----  ------            -----  ------    
     00034B70  ___func_s |    00034B70  _state_in |    00034BB8  ___func_s
     00034BB8  _state_in |    00035178  ___func_s |    00035178  _state_ch
     00035649  ___func_s |    00035649  _state_pi |    0003569A  ___func_s
     0003569A  _state_pi |    000357C7  ___func_s |    000357C7  _state_st
     000359D4  ___func_s |    000359D4  _state_st |    000359F6  ___func_s
     000359F6  _state_ab |    00035AFF  ___func_s |    00035AFF  _state_ab
     00035B21  ___func_s |    00035B21  _state_tr |    00035C47  ___func_s
     00035C47  _state_ma |    00035D43  ___func_s |    00035D43  _state_ma
     00035D65  ___func_s |    00035D65  _state_ga |    00035E11  ___func_c
     00035E11  _class_pa |    00035E74  _class_pa |    00035E88  ___func_s
     00035E88  _state_ti
ASxxxx Linker V03.00/V05.40 + sdld,  page 34.
Hexadecimal  [32-Bits]

Area                       Addr        Size        Decimal Bytes (Attributes)
--------------------       ----        ----        ------- ----- ------------
_CODE_4                00044000    00000B9B =        2971. bytes (REL,CON)

        Value  Global            Value  Global            Value  Global    
        -----  ------            -----  ------            -----  ------    
     00044000  ___func_b |    00044000  _bwv1043_ |    00044132  _bwv1043_
     000446AE  _bwv1043_
ASxxxx Linker V03.00/V05.40 + sdld,  page 35.
Hexadecimal  [32-Bits]

Area                       Addr        Size        Decimal Bytes (Attributes)
--------------------       ----        ----        ------- ----- ------------
_CODE_5                00054000    00003183 =       12675. bytes (REL,CON)

        Value  Global            Value  Global            Value  Global    
        -----  ------            -----  ------            -----  ------    
     00054000  ___func_u |    00054FF7  _ui_comba |    00055002  _ui_comba
     000550E7  _ui_comba |    000550FC  _ui_comba |    00055118  _ui_push_
     00055494  _ui_push_ |    0005569D  _ui_push_ |    00055874  _ui_push_
     00055979  _ui_comba |    000559BB  _seed_wor |    00055A0B  _seed_wor
     00055A5B  _seed_wor |    00056987  _run_seed |    00056A04  _ui_map_p
     00056A87  _ui_game_ |    00056AC8  _window_u |    00056B18  _window_u
     00056B1F  _ui_loadi |    00056B84  _ui_loadi |    00056B95  _ui_draw_
     00056C02  _ui_draw_ |    00056C8B  _ui_panel |    00056C90  _ui_panel
     00056CA0  _ui_panel |    00056CAC  _ui_panel |    00057093  _title_sc
ASxxxx Linker V03.00/V05.40 + sdld,  page 36.
Hexadecimal  [32-Bits]

Area                       Addr        Size        Decimal Bytes (Attributes)
--------------------       ----        ----        ------- ----- ------------
_CODE_6                00064000    00000088 =         136. bytes (REL,CON)

        Value  Global            Value  Global            Value  Global    
        -----  ------            -----  ------            -----  ------    
     00064033  ___func_a |    00064033  _abilitie |    00064041  ___func_a
     00064041  _ability_
ASxxxx Linker V03.00/V05.40 + sdld,  page 37.
Hexadecimal  [32-Bits]

Area                       Addr        Size        Decimal Bytes (Attributes)
--------------------       ----        ----        ------- ----- ------------
_CODE_7                00074000    00000074 =         116. bytes (REL,CON)

        Value  Global            Value  Global            Value  Global    
        -----  ------            -----  ------            -----  ------    
     00074033  ___func_a |    00074033  _abilitie |    0007404E  ___func_a
     0007404E  _ability_
ASxxxx Linker V03.00/V05.40 + sdld,  page 38.
Hexadecimal  [32-Bits]

Area                       Addr        Size        Decimal Bytes (Attributes)
--------------------       ----        ----        ------- ----- ------------
_CODE_8                00084000    00000293 =         659. bytes (REL,CON)

        Value  Global            Value  Global            Value  Global    
        -----  ------            -----  ------            -----  ------    
     00084242  ___func_a |    00084242  _abilitie |    0008425D  ___func_a
     0008425D  _ability_
ASxxxx Linker V03.00/V05.40 + sdld,  page 39.
Hexadecimal  [32-Bits]

Area                       Addr        Size        Decimal Bytes (Attributes)
--------------------       ----        ----        ------- ----- ------------
_CODE_9                00094000    00000272 =         626. bytes (REL,CON)

        Value  Global            Value  Global            Value  Global    
        -----  ------            -----  ------            -----  ------    
     00094243  ___func_a |    00094243  _abilitie |    00094251  ___func_a
     00094251  _ability_
ASxxxx Linker V03.00/V05.40 + sdld,  page 40.
Hexadecimal  [32-Bits]

Area                       Addr        Size        Decimal Bytes (Attributes)
--------------------       ----        ----        ------- ----- ------------
_CODE_10               000A4000    00001E91 =        7825. bytes (REL,CON)

        Value  Global            Value  Global            Value  Global    
        -----  ------            -----  ------            -----  ------    
     000A51FF  ___func_g |    000A51FF  _generate |    000A5AA7  ___func_l
     000A5AA7  _level_in |    000A5DAC  ___func_b |    000A5DAC  _biome_du
ASxxxx Linker V03.00/V05.40 + sdld,  page 41.
Hexadecimal  [32-Bits]

Area                       Addr        Size        Decimal Bytes (Attributes)
--------------------       ----        ----        ------- ----- ------------
_CODE_11               000B4000    00000084 =         132. bytes (REL,CON)

        Value  Global            Value  Global            Value  Global    
        -----  ------            -----  ------            -----  ------    
     000B4000  ___func_b |    000B4000  _biome_cr
ASxxxx Linker V03.00/V05.40 + sdld,  page 42.
Hexadecimal  [32-Bits]

Area                       Addr        Size        Decimal Bytes (Attributes)
--------------------       ----        ----        ------- ----- ------------
_CODE_12               000C4000    00000084 =         132. bytes (REL,CON)

        Value  Global            Value  Global            Value  Global    
        -----  ------            -----  ------            -----  ------    
     000C4000  ___func_b |    000C4000  _biome_ca
ASxxxx Linker V03.00/V05.40 + sdld,  page 43.
Hexadecimal  [32-Bits]

Area                       Addr        Size        Decimal Bytes (Attributes)
--------------------       ----        ----        ------- ----- ------------
_CODE_13               000D4000    00001260 =        4704. bytes (REL,CON)

        Value  Global            Value  Global            Value  Global    
        -----  ------            -----  ------            -----  ------    
     000D4000  _items_ki |    000D48A3  _items_ki |    000D48B9  _items_ki
     000D48D0  _items_ki |    000D4927  _items_ki |    000D497F  _items_ki
     000D4AE0  _inventor |    000D4AFF  _inventor |    000D4B16  _inventor
     000D4B40  _inventor |    000D4BF5  _inventor |    000D4E3F  _items_us
     000D50EB  _item_rol |    000D515E  _ring_rol |    000D518C  _enemy_tr
ASxxxx Linker V03.00/V05.40 + sdld,  page 44.
Hexadecimal  [32-Bits]

Area                       Addr        Size        Decimal Bytes (Attributes)
--------------------       ----        ----        ------- ----- ------------
_CODE_14               000E4000    00000EDF =        3807. bytes (REL,CON)

        Value  Global            Value  Global            Value  Global    
        -----  ------            -----  ------            -----  ------    
     000E4000  ___func_s |    000E4B99  _story_ui
ASxxxx Linker V03.00/V05.40 + sdld,  page 45.
Hexadecimal  [32-Bits]

Area                       Addr        Size        Decimal Bytes (Attributes)
--------------------       ----        ----        ------- ----- ------------
_CODE_15               000F4000    0000009D =         157. bytes (REL,CON)

        Value  Global            Value  Global            Value  Global    
        -----  ------            -----  ------            -----  ------    
     000F4000  _scroll_b
ASxxxx Linker V03.00/V05.40 + sdld,  page 46.
Hexadecimal  [32-Bits]

Area                       Addr        Size        Decimal Bytes (Attributes)
--------------------       ----        ----        ------- ----- ------------
_CODE_16               00104000    00000277 =         631. bytes (REL,CON)

        Value  Global            Value  Global            Value  Global    
        -----  ------            -----  ------            -----  ------    
     00104024  _debuff_i |    0010413F  _bow_shoo |    00104201  _scroll_r
ASxxxx Linker V03.00/V05.40 + sdld,  page 47.
Hexadecimal  [32-Bits]

Area                       Addr        Size        Decimal Bytes (Attributes)
--------------------       ----        ----        ------- ----- ------------
_CODE_17               00114000    000031FB =       12795. bytes (REL,CON)

        Value  Global            Value  Global            Value  Global    
        -----  ------            -----  ------            -----  ------    
     0011442E  ___func_e |    0011442E  _entity_s |    00114477  ___func_e
     00114477  _entity_s |    00114492  ___func_e |    00114492  _entity_s
     0011453C  ___func_e |    0011453C  _entity_s |    00114564  ___func_e
     00114564  _entity_s |    0011456A  ___func_e |    0011456A  _entity_s
     00115105  ___func_e |    00115105  _entity_s |    001154D4  ___func_e
     001154D4  _entity_s |    00115505  ___func_e |    00115505  _entity_s
     00115526  ___func_e |    00115526  _entity_s |    00115535  ___func_e
     00115535  _entity_s |    00115577  ___func_e |    00115577  _entity_s
     00115667  ___func_e |    00115667  _entity_s |    0011568C  ___func_e
     0011568C  _entity_s |    001156A8  ___func_e |    001156A8  _entity_s
     001158DA  ___func_e |    001158DA  _entity_s |    00115961  ___func_e
     00115961  _entity_s |    00115B3F  ___func_e |    00115B3F  _entity_s
     00115D58  ___func_e |    00115D58  _entity_s |    0011604F  ___func_e
     0011604F  _entity_s |    00116249  ___func_e |    00116249  _entity_s
     00116365  ___func_e |    00116365  _entity_s |    0011654F  ___func_e
     0011654F  _entity_s |    0011668D  ___func_e |    0011668D  _entity_s
     001166B9  ___func_e |    001166B9  _entity_s |    001166C2  ___func_e
     001166C2  _entity_s |    001166D6  ___func_e |    001166D6  _entity_s
     00116AE9  ___func_a |    00116AE9  _ally_fox |    00116C5F  ___func_a
     00116C5F  _ally_fox |    00116E2D  ___func_a |    00116E2D  _ally_fox
ASxxxx Linker V03.00/V05.40 + sdld,  page 48.
Hexadecimal  [32-Bits]

Area                       Addr        Size        Decimal Bytes (Attributes)
--------------------       ----        ----        ------- ----- ------------
_CODE_18               00124000    00001554 =        5460. bytes (REL,CON)

        Value  Global            Value  Global            Value  Global    
        -----  ------            -----  ------            -----  ------    
     00124000  ___func_b |    00124000  _bwv527_d |    00124141  _bwv527_m
     00124D02  _bwv527_b
ASxxxx Linker V03.00/V05.40 + sdld,  page 49.
Hexadecimal  [32-Bits]

Area                       Addr        Size        Decimal Bytes (Attributes)
--------------------       ----        ----        ------- ----- ------------
_CODE_19               00134000    00000631 =        1585. bytes (REL,CON)

        Value  Global            Value  Global            Value  Global    
        -----  ------            -----  ------            -----  ------    
     00134088  ___func_c |    00134088  _combat_d |    001342FC  ___func_c
     001342FC  _combat_c |    0013432C  ___func_c |    0013432C  _combat_p
     00134450  ___func_r |    00134450  _resolve_
ASxxxx Linker V03.00/V05.40 + sdld,  page 50.
Hexadecimal  [32-Bits]

Area                       Addr        Size        Decimal Bytes (Attributes)
--------------------       ----        ----        ------- ----- ------------
_CODE_20               00144000    0000045A =        1114. bytes (REL,CON)

        Value  Global            Value  Global            Value  Global    
        -----  ------            -----  ------            -----  ------    
     00144047  _equip_st |    001441B7  _items_eq |    001443CB  _items_eq
     001443E3  _equipped |    0014441A  _equipped
ASxxxx Linker V03.00/V05.40 + sdld,  page 51.
Hexadecimal  [32-Bits]

Area                       Addr        Size        Decimal Bytes (Attributes)
--------------------       ----        ----        ------- ----- ------------
_CODE_21               00154000    00000052 =          82. bytes (REL,CON)

        Value  Global            Value  Global            Value  Global    
        -----  ------            -----  ------            -----  ------    
     00154000  ___func_b |    00154000  _biome_bo |    00154024  ___func_b
     00154024  _biome_bo
ASxxxx Linker V03.00/V05.40 + sdld,  page 52.
Hexadecimal  [32-Bits]

Area                       Addr        Size        Decimal Bytes (Attributes)
--------------------       ----        ----        ------- ----- ------------
_CODE_22               00164000    000018A3 =        6307. bytes (REL,CON)

        Value  Global            Value  Global            Value  Global    
        -----  ------            -----  ------            -----  ------    
     00164000  ___func_b |    00164000  _biome_ov |    00164093  ___func_b
     00164093  _biome_ov |    001645DD  ___func_o |    001645DD  _overworl
     001645E8  ___func_o |    001645E8  _overworl |    001649EE  ___func_o
     001649EE  _overworl |    001649F9  ___func_o |    001649F9  _overworl
     00164B67  ___func_o |    00164B67  _overworl |    00164B72  ___func_o
     00164B72  _overworl |    00164BD4  ___func_o |    00164BD4  _overworl
     00164C88  ___func_o |    00164C88  _overworl |    00164EBD  ___func_o
     00164EBD  _overworl |    00164EF5  ___func_o |    00164EF5  _overworl
     0016516E  ___func_o |    0016516E  _overworl |    0016535B  ___func_r
     0016535B  _render_b |    00165407  ___func_r |    00165407  _render_b
     001654B5  ___func_w |    001654B5  _water_an |    001654C5  ___func_w
     001654C5  _water_an |    00165575  ___func_a |    00165575  _apply_wa
     0016575A  ___func_a |    0016575A  _apply_fi |    001657DC  ___func_l
     001657DC  _load_pal
ASxxxx Linker V03.00/V05.40 + sdld,  page 53.
Hexadecimal  [32-Bits]

Area                       Addr        Size        Decimal Bytes (Attributes)
--------------------       ----        ----        ------- ----- ------------
_CODE_24               00184000    0000039B =         923. bytes (REL,CON)

        Value  Global            Value  Global            Value  Global    
        -----  ------            -----  ------            -----  ------    
     00184000  ___func_b |    00184000  _bosses_p |    00184040  _bosses_t
     001841C0  _bosses_m |    001841D8  ___func_b |    001841D8  _biome_bo
     001841F5  ___func_b |    001841F5  _biome_bo |    0018429B  ___func_s
     0018429B  _sphinx_l |    001842C8  ___func_s |    001842C8  _sphinx_a
     0018431E  ___func_s |    0018431E  _sphinx_a
ASxxxx Linker V03.00/V05.40 + sdld,  page 54.
Hexadecimal  [32-Bits]

Area                       Addr        Size        Decimal Bytes (Attributes)
--------------------       ----        ----        ------- ----- ------------
_CODE_28               001C4000    000001CB =         459. bytes (REL,CON)

        Value  Global            Value  Global            Value  Global    
        -----  ------            -----  ------            -----  ------    
     001C4167  ___func_d |    001C4167  _dungeon_
ASxxxx Linker V03.00/V05.40 + sdld,  page 55.
Hexadecimal  [32-Bits]

Area                       Addr        Size        Decimal Bytes (Attributes)
--------------------       ----        ----        ------- ----- ------------
_FONT_HEADER0          00000000    00000003 =           3. bytes (ABS,CON)

        Value  Global            Value  Global            Value  Global    
        -----  ------            -----  ------            -----  ------    
ASxxxx Linker V03.00/V05.40 + sdld,  page 56.
Hexadecimal  [32-Bits]

Area                       Addr        Size        Decimal Bytes (Attributes)
--------------------       ----        ----        ------- ----- ------------
_HEADER_LCD0           00000000    00000003 =           3. bytes (ABS,CON)

        Value  Global            Value  Global            Value  Global    
        -----  ------            -----  ------            -----  ------    
ASxxxx Linker V03.00/V05.40 + sdld,  page 57.

Files Linked                              [ module(s) ]

./gbdk/lib/gb/crt0.o                      [ Runtime ]
obj/gbc/ability_dispatch.rel              [ ability_dispatch ]
obj/gbc/ally.rel                          [ ally ]
obj/gbc/biome.rel                         [ biome ]
obj/gbc/debug_bank.rel                    [ debug_bank ]
obj/gbc/enemy_extras.rel                  [ enemy_extras ]
obj/gbc/globals.rel                       [ globals ]
obj/gbc/lcd.rel                           [ lcd ]
obj/gbc/lighting.rel                      [ lighting ]
obj/gbc/main.rel                          [ main ]
obj/gbc/music.rel                         [ music ]
obj/gbc/perf.rel                          [ perf ]
obj/gbc/seed_entropy.rel                  [ seed_entropy ]
obj/gbc/targeting.rel                     [ targeting ]
obj/gbc/tileset_io.rel                    [ tileset_io ]
obj/gbc/title_logo.rel                    [ title_logo ]
obj/gbc/ui_loading_isr.rel                [ ui_loading_isr ]
obj/gbc/wall_palettes.rel                 [ wall_palettes ]
obj/gbc/tileset.rel                       [ tileset ]
obj/gbc/enemy.rel                         [ enemy ]
obj/gbc/state_gameplay.rel                [ state_gameplay ]
obj/gbc/map.rel                           [ map ]
obj/gbc/camera.rel                        [ camera ]
obj/gbc/render.rel                        [ render ]
obj/gbc/state_inventory.rel               [ state_inventory ]
obj/gbc/state_char_create.rel             [ state_char_create ]
obj/gbc/state_pickup.rel                  [ state_pickup ]
obj/gbc/state_stats.rel                   [ state_stats ]
obj/gbc/state_ability.rel                 [ state_ability ]
obj/gbc/state_transition.rel              [ state_transition ]
obj/gbc/state_map.rel                     [ state_map ]
obj/gbc/state_game_over.rel               [ state_game_over ]
obj/gbc/class_palettes.rel                [ class_palettes ]
obj/gbc/state_title.rel                   [ state_title ]
obj/gbc/bwv1043_music.rel                 [ bwv1043_music ]
obj/gbc/ui.rel                            [ ui ]
obj/gbc/abilities_knight.rel              [ abilities_knight ]
obj/gbc/abilities_scoundrel.rel           [ abilities_scoundrel ]
obj/gbc/abilities_witch.rel               [ abilities_witch ]
obj/gbc/abilities_zerker.rel              [ abilities_zerker ]
obj/gbc/map_gen.rel                       [ map_gen ]
obj/gbc/level_init.rel                    [ level_init ]
obj/gbc/biome_dungeon.rel                 [ biome_dungeon ]
obj/gbc/biome_crypt.rel                   [ biome_crypt ]
obj/gbc/biome_cavern.rel                  [ biome_cavern ]
obj/gbc/items.rel                         [ items ]
obj/gbc/story_ui.rel                      [ story_ui ]
obj/gbc/scroll_blast.rel                  [ scroll_blast ]
obj/gbc/debuff_icon.rel                   [ debuff_icon ]
obj/gbc/bow_shoot.rel                     [ bow_shoot ]
obj/gbc/scroll_root.rel                   [ scroll_root ]
obj/gbc/entity_sprites.rel                [ entity_sprites ]
obj/gbc/scoundrel_fox.rel                 [ scoundrel_fox ]
obj/gbc/bwv527_music.rel                  [ bwv527_music ]
obj/gbc/combat.rel                        [ combat ]
obj/gbc/equipment.rel                     [ equipment ]
obj/gbc/biome_boss.rel                    [ biome_boss ]
obj/gbc/biome_overworld.rel               [ biome_overworld ]
obj/gbc/render_palettes.rel               [ render_palettes ]
obj/gbc/bosses.rel                        [ bosses ]
obj/gbc/biome_boss2.rel                   [ biome_boss2 ]
obj/gbc/dungeon_floors.rel                [ dungeon_floors ]


Libraries Linked                          [ object file ]

./gbdk/lib/gb/gb.lib                      [ fill_rect_wi.o ]
./gbdk/lib/sm83/sm83.lib                  [ div.o ]
./gbdk/lib/gb/gb.lib                      [ sfr.o ]
./gbdk/lib/sm83/sm83.lib                  [ _strcpy.o ]
./gbdk/lib/sm83/sm83.lib                  [ rand.o ]
./gbdk/lib/gb/gb.lib                      [ font.o ]
./gbdk/lib/gb/gb.lib                      [ cgb_palettes.o ]
./gbdk/lib/gb/gb.lib                      [ font_color.o ]
./gbdk/lib/sm83/sm83.lib                  [ _memmove.o ]
./gbdk/lib/sm83/sm83.lib                  [ mul.o ]
./gbdk/lib/gb/gb.lib                      [ set_data.o ]
./gbdk/lib/gb/gb.lib                      [ set_tile.o ]
./gbdk/lib/gb/gb.lib                      [ lcd.o ]
./gbdk/lib/gb/gb.lib                      [ fill_rect.o ]
./gbdk/lib/sm83/sm83.lib                  [ _modulong.o ]
./gbdk/lib/gb/gb.lib                      [ pad.o ]
./gbdk/lib/gb/gb.lib                      [ fill_rect_bk.o ]
./gbdk/lib/sm83/sm83.lib                  [ __sdcc_call_hl.o ]
./gbdk/lib/sm83/sm83.lib                  [ memcpy.o ]
./gbdk/lib/gb/gb.lib                      [ color.o ]
./gbdk/lib/sm83/sm83.lib                  [ _memset.o ]
./gbdk/lib/gb/gb.lib                      [ drawing_isr.o ]
./gbdk/lib/gb/gb.lib                      [ f_ibm_sh.o ]
./gbdk/lib/gb/gb.lib                      [ ___sdcc_bcall_ehl.o ]
./gbdk/lib/sm83/sm83.lib                  [ strcat.o ]
./gbdk/lib/sm83/sm83.lib                  [ printf.o ]
./gbdk/lib/gb/gb.lib                      [ cgb.o ]
./gbdk/lib/sm83/sm83.lib                  [ strlen.o ]
./gbdk/lib/sm83/sm83.lib                  [ _mullong.o ]
./gbdk/lib/gb/gb.lib                      [ cgb_compat.o ]
./gbdk/lib/gb/gb.lib                      [ set_bk_t.o ]
./gbdk/lib/gb/gb.lib                      [ set_1bit_data.o ]
./gbdk/lib/sm83/sm83.lib                  [ sprintf.o ]
./gbdk/lib/gb/gb.lib                      [ set_xy_t.o ]
./gbdk/lib/sm83/sm83.lib                  [ itoa.o ]

ASxxxx Linker V03.00/V05.40 + sdld,  page 58.

User Base Address Definitions

_DATA=0xC0A0
_CODE=0x0200
_HRAM=0xFF80
ASxxxx Linker V03.00/V05.40 + sdld,  page 59.

User Global Definitions

_shadow_OAM=0xC000
.STACK=0xE000

