ASxxxx Linker V03.00/V05.40 + sdld,  page 1.
Hexadecimal  [32-Bits]

Area                       Addr        Size        Decimal Bytes (Attributes)
--------------------       ----        ----        ------- ----- ------------
.  .ABS.               00000000    00000000 =           0. bytes (ABS,CON)

        Value  Global            Value  Global            Value  Global    
        -----  ------            -----  ------            -----  ------    
     00000000  .__.ABS.  |    00000000  ___bank_t |    00000000  _rMBC7_SR
     00000000  _rRAMG    |    00000000  l__BASE   |    00000000  l__BSS   
     00000000  l__CABS   |    00000000  l__CODE_0 |    00000000  l__DABS  
     00000000  l__FONT_H |    00000000  l__HEADER |    00000000  l__HEADER
     00000000  l__HEAP   |    00000000  l__HEAP_E |    00000000  l__LIT   
     00000000  s__CABS   |    00000000  s__DABS   |    00000000  s__FONT_H
     00000000  s__FONT_H |    00000000  s__HEADER |    00000000  s__HEADER
     00000000  s__HEADER |    00000000  s__HEADER |    00000000  s__HEADER
     00000000  s__HEADER |    00000000  s__HEADER |    00000000  s__HEADER
     00000000  s__HEADER |    00000000  s__HEADER |    00000000  s__HEADER
     00000000  s__HEADER |    00000000  s__HEADER |    00000000  s__HEADER
     00000000  s__HEADER |    00000000  s__HEADER |    00000000  s__HEADER
     00000000  s__HEADER |    00000000  s__HEADER |    00000000  s__HEADER
     00000000  s__HEADER |    00000001  l__GSFINA |    00000001  l__HEADER
     00000001  l__HEADER |    00000001  l__HEADER |    00000001  l__HEADER
     00000001  l__HEADER |    00000001  l__HEADER |    00000001  l__HEADER
     00000002  l__HEADER |    00000002  l__HEADER |    00000002  l__HEADER
     00000003  l__FONT_H |    00000003  l__HEADER |    00000003  l__HEADER
     00000005  l__HEADER |    00000006  l__HEADER |    00000007  l__HEADER
     00000008  l__HEADER |    0000000C  l__GSINIT |    00000013  l__HRAM  
     0000001D  l__INITIA |    0000001D  l__INITIA |    00000030  l__HEADER
     00000060  l__HEADER |    000000AB  l__HEADER |    00000200  s__CODE  
     00000818  l__DATA   |    00000BE5  l__HOME   |    00002000  _rROMB0  
     00003000  _rROMB1   |    00004000  _rMBC7_SR |    00004000  _rRAMB   
     00005515  l__CODE   |    00005715  s__HOME   |    000062FA  s__BASE  
     000062FA  s__CODE_0 |    000062FA  s__INITIA |    000062FA  s__LIT   
     00006317  s__GSINIT |    00006323  s__GSFINA |    00008000  __VRAM   
     00008000  __VRAM800 |    00008800  __VRAM880 |    00009000  __VRAM900
     00009800  __SCRN0   |    00009C00  __SCRN1   |    0000A000  __SRAM   
     0000A000  _rMBC7_LA |    0000A010  _rMBC7_LA |    0000A020  _rMBC7_AC
     0000A030  _rMBC7_AC |    0000A040  _rMBC7_AC |    0000A050  _rMBC7_AC
     0000C000  __RAM     |    0000C000  _shadow_O |    0000C0A0  s__DATA  
     0000C8B8  s__BSS    |    0000C8B8  s__INITIA |    0000C8D5  s__HEAP  
     0000C8D5  s__HEAP_E |    0000D000  __RAMBANK |    0000E000  .STACK   
     0000FE00  __OAMRAM  |    0000FF00  _P1_REG   |    0000FF00  __IO     
     0000FF01  _SB_REG   |    0000FF02  _SC_REG   |    0000FF04  _DIV_REG 
     0000FF05  _TIMA_REG |    0000FF06  _TMA_REG  |    0000FF07  _TAC_REG 
     0000FF0F  _IF_REG   |    0000FF10  _NR10_REG |    0000FF11  _NR11_REG
     0000FF12  _NR12_REG |    0000FF13  _NR13_REG |    0000FF14  _NR14_REG
     0000FF16  _NR21_REG |    0000FF17  _NR22_REG |    0000FF18  _NR23_REG
     0000FF19  _NR24_REG |    0000FF1A  _NR30_REG |    0000FF1B  _NR31_REG
     0000FF1C  _NR32_REG |    0000FF1D  _NR33_REG |    0000FF1E  _NR34_REG
     0000FF20  _NR41_REG |    0000FF21  _NR42_REG |    0000FF22  _NR43_REG
     0000FF23  _NR44_REG |    0000FF24  _NR50_REG |    0000FF25  _NR51_REG
     0000FF26  _NR52_REG |    0000FF30  _AUD3WAVE |    0000FF30  _PCM_SAMP
     0000FF30  __AUD3WAV |    0000FF40  _LCDC_REG |    0000FF41  _STAT_REG
     0000FF42  _SCY_REG  |    0000FF43  _SCX_REG  |    0000FF44  _LY_REG  
     0000FF45  _LYC_REG  |    0000FF46  _DMA_REG  |    0000FF47  _BGP_REG 
     0000FF48  _OBP0_REG |    0000FF49  _OBP1_REG |    0000FF4A  _WY_REG  
     0000FF4B  _WX_REG   |    0000FF4D  _KEY1_REG |    0000FF4F  _VBK_REG 
ASxxxx Linker V03.00/V05.40 + sdld,  page 2.
Hexadecimal  [32-Bits]

Area                       Addr        Size        Decimal Bytes (Attributes)
--------------------       ----        ----        ------- ----- ------------
.  .ABS.               00000000    00000000 =           0. bytes (ABS,CON)

        Value  Global            Value  Global            Value  Global    
        -----  ------            -----  ------            -----  ------    
     0000FF51  _HDMA1_RE |    0000FF52  _HDMA2_RE |    0000FF53  _HDMA3_RE
     0000FF54  _HDMA4_RE |    0000FF55  _HDMA5_RE |    0000FF56  _RP_REG  
     0000FF68  _BCPS_REG |    0000FF69  _BCPD_REG |    0000FF6A  _OCPS_REG
     0000FF6B  _OCPD_REG |    0000FF70  _SVBK_REG |    0000FF76  _PCM12_RE
     0000FF77  _PCM34_RE |    0000FF80  __HRAM    |    0000FF80  s__HRAM  
     0000FFFF  _IE_REG  
ASxxxx Linker V03.00/V05.40 + sdld,  page 3.
Hexadecimal  [32-Bits]

Area                       Addr        Size        Decimal Bytes (Attributes)
--------------------       ----        ----        ------- ----- ------------
_CODE                  00000200    00005515 =       21781. bytes (REL,CON)

        Value  Global            Value  Global            Value  Global    
        -----  ------            -----  ------            -----  ------    
     00000200  _enemy_an |    0000020E  _enemy_de |    00000234  _enemy_an
     000002B0  _enemy_at |    000002EA  _corpse_s |    00000326  _corpse_a
     00000332  _corpse_d |    00000341  _spawn_en |    000005DB  _move_ene
     000007E7  _entity_s |    00000835  _entity_s |    00000842  _entity_s
     00000853  _entity_s |    00000A9A  _entity_s |    00000AEE  _entity_s
     00000D22  _entity_s |    00000E7F  _lcd_init |    000017F1  _main    
     00001C96  _tile_at  |    00001CE7  _set_floo |    00001D1B  _set_pit 
     00001D57  _is_walka |    00001D8B  _tile_cha |    00001D99  _tile_vra
     00001DAD  _tile_pal |    00001DBA  _floor_gr |    00001DC5  _floor_ti
     00001DFB  _wall_til |    000021FD  _nearest_ |    0000227F  _nav_next
     00002409  _generate |    00002AB1  _music_pl |    00002AC4  _music_pl
     00002AD7  _music_in |    00002AEC  _apply_wa |    00002CB7  _load_pal
     00002DE3  _draw_cel |    00002E47  _draw_col |    00002E94  _draw_row
     00002EDE  _draw_ui_ |    00002EE4  _draw_scr |    00002F55  _draw_ene
     00003053  _screen_s |    0000309F  _seed_ent |    00003120  _seed_ent
     0000315C  _seed_ent |    000031B2  ___func_t |    000031B2  _tileset_
     000031BA  _tileset_ |    000041BA  _tileset_ |    000047B0  _window_u
     000047E3  _window_u |    000047EA  _ui_draw_ |    000049E1  _ui_draw_
     000049EF  _ui_draw_ |    00004E9F  _title_sc |    00004FD2  _game_ove
     0000503C  _wall_pal |    0000517C  __divsuch |    00005182  __modsuch
     0000518B  __divusch |    00005194  __modusch |    000051A0  __divscha
     000051A5  __modscha |    000051AC  __divsint |    000051B5  __modsint
     000051C1  __divucha |    000051C6  __moducha |    000051CD  __divuint
     000051D6  __moduint |    000051E2  .div8     |    000051E2  .mod8    
     000051EA  .div16    |    000051EA  .mod16    |    00005220  .divu8   
     00005220  .modu8    |    00005223  .divu16   |    00005223  .modu16  
     00005263  _set_spri |    00005268  _set_bkg_ |    0000526B  .set_pale
     0000528A  _set_spri |    0000528F  _set_bkg_ |    00005292  .set_pale
     000052AE  _set_vram |    000052B7  _set_win_ |    000052C0  _set_bkg_
     000052EF  __mulsuch |    000052F2  __mulusch |    000052FB  __mulscha
     00005303  __mulint  |    00005322  __mulucha |    00005334  _printf  
     00005349  _cgb_comp |    00005349  _set_defa |    00005399  ___printf
     000056F6  _sprintf 
ASxxxx Linker V03.00/V05.40 + sdld,  page 4.
Hexadecimal  [32-Bits]

Area                       Addr        Size        Decimal Bytes (Attributes)
--------------------       ----        ----        ------- ----- ------------
_HEADER0               00000000    00000001 =           1. bytes (ABS,CON)

        Value  Global            Value  Global            Value  Global    
        -----  ------            -----  ------            -----  ------    
     00000020  .call_hl 
ASxxxx Linker V03.00/V05.40 + sdld,  page 5.
Hexadecimal  [32-Bits]

Area                       Addr        Size        Decimal Bytes (Attributes)
--------------------       ----        ----        ------- ----- ------------
_HEADER1               00000000    00000005 =           5. bytes (ABS,CON)

        Value  Global            Value  Global            Value  Global    
        -----  ------            -----  ------            -----  ------    
     00000028  .MemsetSm
ASxxxx Linker V03.00/V05.40 + sdld,  page 6.
Hexadecimal  [32-Bits]

Area                       Addr        Size        Decimal Bytes (Attributes)
--------------------       ----        ----        ------- ----- ------------
_HEADER2               00000000    00000007 =           7. bytes (ABS,CON)

        Value  Global            Value  Global            Value  Global    
        -----  ------            -----  ------            -----  ------    
     00000030  .MemcpySm
ASxxxx Linker V03.00/V05.40 + sdld,  page 7.
Hexadecimal  [32-Bits]

Area                       Addr        Size        Decimal Bytes (Attributes)
--------------------       ----        ----        ------- ----- ------------
_HEADER3               00000000    00000008 =           8. bytes (ABS,CON)

        Value  Global            Value  Global            Value  Global    
        -----  ------            -----  ------            -----  ------    
ASxxxx Linker V03.00/V05.40 + sdld,  page 8.
Hexadecimal  [32-Bits]

Area                       Addr        Size        Decimal Bytes (Attributes)
--------------------       ----        ----        ------- ----- ------------
_HEADER4               00000000    00000060 =          96. bytes (ABS,CON)

        Value  Global            Value  Global            Value  Global    
        -----  ------            -----  ------            -----  ------    
     00000080  .int      |    0000008F  _wait_int |    0000009C  __standar
     000000AB  _refresh_ |    000000CC  _set_inte
ASxxxx Linker V03.00/V05.40 + sdld,  page 9.
Hexadecimal  [32-Bits]

Area                       Addr        Size        Decimal Bytes (Attributes)
--------------------       ----        ----        ------- ----- ------------
_HEADER5               00000000    00000001 =           1. bytes (ABS,CON)

        Value  Global            Value  Global            Value  Global    
        -----  ------            -----  ------            -----  ------    
ASxxxx Linker V03.00/V05.40 + sdld,  page 10.
Hexadecimal  [32-Bits]

Area                       Addr        Size        Decimal Bytes (Attributes)
--------------------       ----        ----        ------- ----- ------------
_HEADER6               00000000    00000002 =           2. bytes (ABS,CON)

        Value  Global            Value  Global            Value  Global    
        -----  ------            -----  ------            -----  ------    
ASxxxx Linker V03.00/V05.40 + sdld,  page 11.
Hexadecimal  [32-Bits]

Area                       Addr        Size        Decimal Bytes (Attributes)
--------------------       ----        ----        ------- ----- ------------
_HEADER7               00000000    00000030 =          48. bytes (ABS,CON)

        Value  Global            Value  Global            Value  Global    
        -----  ------            -----  ------            -----  ------    
ASxxxx Linker V03.00/V05.40 + sdld,  page 12.
Hexadecimal  [32-Bits]

Area                       Addr        Size        Decimal Bytes (Attributes)
--------------------       ----        ----        ------- ----- ------------
_HEADER8               00000000    00000006 =           6. bytes (ABS,CON)

        Value  Global            Value  Global            Value  Global    
        -----  ------            -----  ------            -----  ------    
ASxxxx Linker V03.00/V05.40 + sdld,  page 13.
Hexadecimal  [32-Bits]

Area                       Addr        Size        Decimal Bytes (Attributes)
--------------------       ----        ----        ------- ----- ------------
_HEADER9               00000000    00000003 =           3. bytes (ABS,CON)

        Value  Global            Value  Global            Value  Global    
        -----  ------            -----  ------            -----  ------    
ASxxxx Linker V03.00/V05.40 + sdld,  page 14.
Hexadecimal  [32-Bits]

Area                       Addr        Size        Decimal Bytes (Attributes)
--------------------       ----        ----        ------- ----- ------------
_HEADERa               00000000    00000001 =           1. bytes (ABS,CON)

        Value  Global            Value  Global            Value  Global    
        -----  ------            -----  ------            -----  ------    
ASxxxx Linker V03.00/V05.40 + sdld,  page 15.
Hexadecimal  [32-Bits]

Area                       Addr        Size        Decimal Bytes (Attributes)
--------------------       ----        ----        ------- ----- ------------
_HEADERb               00000000    00000001 =           1. bytes (ABS,CON)

        Value  Global            Value  Global            Value  Global    
        -----  ------            -----  ------            -----  ------    
ASxxxx Linker V03.00/V05.40 + sdld,  page 16.
Hexadecimal  [32-Bits]

Area                       Addr        Size        Decimal Bytes (Attributes)
--------------------       ----        ----        ------- ----- ------------
_HEADERc               00000000    00000001 =           1. bytes (ABS,CON)

        Value  Global            Value  Global            Value  Global    
        -----  ------            -----  ------            -----  ------    
ASxxxx Linker V03.00/V05.40 + sdld,  page 17.
Hexadecimal  [32-Bits]

Area                       Addr        Size        Decimal Bytes (Attributes)
--------------------       ----        ----        ------- ----- ------------
_HEADERd               00000000    00000002 =           2. bytes (ABS,CON)

        Value  Global            Value  Global            Value  Global    
        -----  ------            -----  ------            -----  ------    
ASxxxx Linker V03.00/V05.40 + sdld,  page 18.
Hexadecimal  [32-Bits]

Area                       Addr        Size        Decimal Bytes (Attributes)
--------------------       ----        ----        ------- ----- ------------
_HEADERe               00000000    00000001 =           1. bytes (ABS,CON)

        Value  Global            Value  Global            Value  Global    
        -----  ------            -----  ------            -----  ------    
ASxxxx Linker V03.00/V05.40 + sdld,  page 19.
Hexadecimal  [32-Bits]

Area                       Addr        Size        Decimal Bytes (Attributes)
--------------------       ----        ----        ------- ----- ------------
_HEADERf               00000000    00000001 =           1. bytes (ABS,CON)

        Value  Global            Value  Global            Value  Global    
        -----  ------            -----  ------            -----  ------    
ASxxxx Linker V03.00/V05.40 + sdld,  page 20.
Hexadecimal  [32-Bits]

Area                       Addr        Size        Decimal Bytes (Attributes)
--------------------       ----        ----        ------- ----- ------------
_HEADER10              00000000    00000002 =           2. bytes (ABS,CON)

        Value  Global            Value  Global            Value  Global    
        -----  ------            -----  ------            -----  ------    
ASxxxx Linker V03.00/V05.40 + sdld,  page 21.
Hexadecimal  [32-Bits]

Area                       Addr        Size        Decimal Bytes (Attributes)
--------------------       ----        ----        ------- ----- ------------
_HEADER11              00000000    000000AB =         171. bytes (ABS,CON)

        Value  Global            Value  Global            Value  Global    
        -----  ------            -----  ------            -----  ------    
     00000150  .reset    |    00000150  _reset    |    00000157  .code_sta
     000001B9  _exit     |    000001BD  .wait_vbl |    000001BD  _vsync   
     000001BD  _wait_vbl |    000001CD  .remove_V |    000001CD  _remove_V
     000001D0  .remove_i |    000001ED  .add_VBL  |    000001ED  _add_VBL 
     000001F0  .add_int 
ASxxxx Linker V03.00/V05.40 + sdld,  page 22.
Hexadecimal  [32-Bits]

Area                       Addr        Size        Decimal Bytes (Attributes)
--------------------       ----        ----        ------- ----- ------------
_HOME                  00005715    00000BE5 =        3045. bytes (REL,CON)

        Value  Global            Value  Global            Value  Global    
        -----  ------            -----  ------            -----  ------    
     00005715  .memset_s |    0000571E  .memcpy_s |    0000573B  .display_
     0000573B  _display_ |    00005753  _fill_win |    00005765  _rand    
     00005765  _randw    |    00005790  _initrand |    00005792  .initrand
     0000579B  _font_loa |    000057A2  font_load |    000057EA  font_copy
     00005820  font_set  |    0000582D  .put_char |    00005845  .out_char
     0000584B  .del_char |    000058A1  _putchar  |    000058AA  _setchar 
     000058B3  _font_loa |    000058C1  _font_set |    000058D0  _font_ini
     000058EF  .cls      |    000058EF  _cls      |    00005911  _gotoxy  
     0000591C  _posx     |    0000592D  _posy     |    00005955  .cr_curs 
     0000596A  .adv_curs |    000059C6  .tmode    |    000059E3  .tmode_ou
     000059EC  _font_col |    000059F7  .fill_rec |    00005A00  .fill_rec
     00005A4D  __divslon |    00005B4C  __divulon |    00005BD3  .padup   
     00005BD3  _waitpadu |    00005BE3  .jpad     |    00005BE3  _joypad  
     00005C0B  _waitpad  |    00005C0C  .wait_pad |    00005C13  _color   
     00005C13  _set_1bpp |    00005C22  _memset   |    00005C55  .drawing_
     00005C72  _font_ibm |    00006053  .add_LCD  |    00006053  _add_LCD 
     00006059  .remove_L |    00006059  _remove_L |    0000605F  _set_tile
     00006064  _set_bkg_ |    00006064  _set_win_ |    0000606C  _set_spri
     0000609C  __mullong |    00006183  _set_bkg_ |    00006197  _set_bkg_
     00006197  _set_win_ |    0000619F  _set_spri |    000061F7  .set_xy_w
     00006200  .set_xy_b |    0000620F  .set_xy_t |    00006253  _uitoa   
     00006262  _itoa     |    00006271  .itoa     |    00006285  .utoa    
     000062F9  ___sdcc_c
ASxxxx Linker V03.00/V05.40 + sdld,  page 23.
Hexadecimal  [32-Bits]

Area                       Addr        Size        Decimal Bytes (Attributes)
--------------------       ----        ----        ------- ----- ------------
_INITIALIZER           000062FA    0000001D =          29. bytes (REL,CON)

        Value  Global            Value  Global            Value  Global    
        -----  ------            -----  ------            -----  ------    
ASxxxx Linker V03.00/V05.40 + sdld,  page 24.
Hexadecimal  [32-Bits]

Area                       Addr        Size        Decimal Bytes (Attributes)
--------------------       ----        ----        ------- ----- ------------
_GSINIT                00006317    0000000C =          12. bytes (REL,CON)

        Value  Global            Value  Global            Value  Global    
        -----  ------            -----  ------            -----  ------    
     00006317  gsinit   
ASxxxx Linker V03.00/V05.40 + sdld,  page 25.
Hexadecimal  [32-Bits]

Area                       Addr        Size        Decimal Bytes (Attributes)
--------------------       ----        ----        ------- ----- ------------
_GSFINAL               00006323    00000001 =           1. bytes (REL,CON)

        Value  Global            Value  Global            Value  Global    
        -----  ------            -----  ------            -----  ------    
ASxxxx Linker V03.00/V05.40 + sdld,  page 26.
Hexadecimal  [32-Bits]

Area                       Addr        Size        Decimal Bytes (Attributes)
--------------------       ----        ----        ------- ----- ------------
_DATA                  0000C0A0    00000818 =        2072. bytes (REL,CON)

        Value  Global            Value  Global            Value  Global    
        -----  ------            -----  ------            -----  ------    
     0000C0A0  __cpu     |    0000C0A1  __is_GBA  |    0000C0A2  .mode    
     0000C0A3  .sys_time |    0000C0A3  _sys_time |    0000C0A5  .int_0x40
     0000C0B1  _enemy_x  |    0000C0C5  _enemy_y  |    0000C0D9  _enemy_ty
     0000C0ED  _enemy_hp |    0000C101  _num_enem |    0000C102  _corpse_x
     0000C116  _corpse_y |    0000C12A  _corpse_t |    0000C13E  _num_corp
     0000C13F  _enemy_an |    0000C140  _enemy_at |    0000C172  _floor_bi
     0000C372  _pit_bits |    0000C572  _floor_bl |    0000C772  _nav_node
     0000C892  _num_nav_ |    0000C898  ___rand_s |    0000C89A  font_curr
     0000C89D  font_firs |    0000C89E  font_tabl |    0000C8B0  .int_0x48
ASxxxx Linker V03.00/V05.40 + sdld,  page 27.
Hexadecimal  [32-Bits]

Area                       Addr        Size        Decimal Bytes (Attributes)
--------------------       ----        ----        ------- ----- ------------
_INITIALIZED           0000C8B8    0000001D =          29. bytes (REL,CON)

        Value  Global            Value  Global            Value  Global    
        -----  ------            -----  ------            -----  ------    
     0000C8BC  _lcd_game |    0000C8BD  _lcd_shak |    0000C8BE  _lcd_shak
     0000C8BF  _player_h |    0000C8C0  _player_h |    0000C8C1  _player_l
     0000C8C2  _player_d |    0000C8C3  _player_x |    0000C8C5  _floor_nu
     0000C8C6  _run_seed |    0000C8C8  _camera_p |    0000C8CA  _camera_p
     0000C8CC  _wall_til |    0000C8CD  _wall_pal |    0000C8CF  .curx    
     0000C8D0  .cury     |    0000C8D1  .fg_colou |    0000C8D1  __current
     0000C8D2  .bg_colou |    0000C8D3  .draw_mod |    0000C8D4  __map_til
ASxxxx Linker V03.00/V05.40 + sdld,  page 28.
Hexadecimal  [32-Bits]

Area                       Addr        Size        Decimal Bytes (Attributes)
--------------------       ----        ----        ------- ----- ------------
_HRAM                  0000FF80    00000013 =          19. bytes (REL,CON)

        Value  Global            Value  Global            Value  Global    
        -----  ------            -----  ------            -----  ------    
     0000FF80  .refresh_ |    0000FF90  __current |    0000FF91  __vbl_don
     0000FF92  __shadow_
ASxxxx Linker V03.00/V05.40 + sdld,  page 29.
Hexadecimal  [32-Bits]

Area                       Addr        Size        Decimal Bytes (Attributes)
--------------------       ----        ----        ------- ----- ------------
_FONT_HEADER0          00000000    00000003 =           3. bytes (ABS,CON)

        Value  Global            Value  Global            Value  Global    
        -----  ------            -----  ------            -----  ------    
ASxxxx Linker V03.00/V05.40 + sdld,  page 30.
Hexadecimal  [32-Bits]

Area                       Addr        Size        Decimal Bytes (Attributes)
--------------------       ----        ----        ------- ----- ------------
_HEADER_LCD0           00000000    00000003 =           3. bytes (ABS,CON)

        Value  Global            Value  Global            Value  Global    
        -----  ------            -----  ------            -----  ------    
ASxxxx Linker V03.00/V05.40 + sdld,  page 31.

Files Linked                              [ module(s) ]

./gbdk/lib/gb/crt0.o                      [ Runtime ]
obj/gbc/enemy.o                           [ enemy ]
obj/gbc/entity_sprites.o                  [ entity_sprites ]
obj/gbc/lcd.o                             [ lcd ]
obj/gbc/main.o                            [ main ]
obj/gbc/map.o                             [ map ]
obj/gbc/music.o                           [ music ]
obj/gbc/render.o                          [ render ]
obj/gbc/seed_entropy.o                    [ seed_entropy ]
obj/gbc/tileset.o                         [ tileset ]
obj/gbc/ui.o                              [ ui ]
obj/gbc/wall_palettes.o                   [ wall_palettes ]


Libraries Linked                          [ object file ]

./gbdk/lib/gb/gb.lib                      [ fill_rect_wi.o ]
./gbdk/lib/gb/gb.lib                      [ sfr.o ]
./gbdk/lib/sm83/sm83.lib                  [ div.o ]
./gbdk/lib/sm83/sm83.lib                  [ rand.o ]
./gbdk/lib/gb/gb.lib                      [ font.o ]
./gbdk/lib/gb/gb.lib                      [ cgb_palettes.o ]
./gbdk/lib/gb/gb.lib                      [ font_color.o ]
./gbdk/lib/gb/gb.lib                      [ set_tile.o ]
./gbdk/lib/sm83/sm83.lib                  [ mul.o ]
./gbdk/lib/gb/gb.lib                      [ fill_rect.o ]
./gbdk/lib/sm83/sm83.lib                  [ _divslong.o ]
./gbdk/lib/sm83/sm83.lib                  [ _divulong.o ]
./gbdk/lib/gb/gb.lib                      [ pad.o ]
./gbdk/lib/gb/gb.lib                      [ color.o ]
./gbdk/lib/sm83/sm83.lib                  [ _memset.o ]
./gbdk/lib/gb/gb.lib                      [ drawing_isr.o ]
./gbdk/lib/gb/gb.lib                      [ f_ibm_sh.o ]
./gbdk/lib/gb/gb.lib                      [ lcd.o ]
./gbdk/lib/sm83/sm83.lib                  [ printf.o ]
./gbdk/lib/gb/gb.lib                      [ set_data.o ]
./gbdk/lib/sm83/sm83.lib                  [ _mullong.o ]
./gbdk/lib/gb/gb.lib                      [ cgb_compat.o ]
./gbdk/lib/gb/gb.lib                      [ set_bk_t.o ]
./gbdk/lib/gb/gb.lib                      [ set_1bit_data.o ]
./gbdk/lib/sm83/sm83.lib                  [ sprintf.o ]
./gbdk/lib/gb/gb.lib                      [ set_xy_t.o ]
./gbdk/lib/sm83/sm83.lib                  [ itoa.o ]
./gbdk/lib/sm83/sm83.lib                  [ __sdcc_call_hl.o ]

ASxxxx Linker V03.00/V05.40 + sdld,  page 32.

User Base Address Definitions

_DATA=0xC0A0
_CODE=0x0200
_HRAM=0xFF80
ASxxxx Linker V03.00/V05.40 + sdld,  page 33.

User Global Definitions

_shadow_OAM=0xC000
.STACK=0xE000

