ASxxxx Linker V03.00/V05.40 + sdld,  page 1.
Hexadecimal  [32-Bits]

Area                       Addr        Size        Decimal Bytes (Attributes)
--------------------       ----        ----        ------- ----- ------------
.  .ABS.               00000000    00000000 =           0. bytes (ABS,CON)

        Value  Global            Value  Global            Value  Global    
        -----  ------            -----  ------            -----  ------    
     00000000  .__.ABS.  |    00000000  ___bank_a |    00000000  ___bank_a
     00000000  ___bank_a |    00000000  ___bank_a |    00000000  ___bank_a
     00000000  ___bank_e |    00000000  ___bank_e |    00000000  _rMBC7_SR
     00000000  _rRAMG    |    00000000  b_enemy_s |    00000000  b_enemy_t
     00000000  l__BASE   |    00000000  l__BSS    |    00000000  l__CABS  
     00000000  l__CODE_0 |    00000000  l__DABS   |    00000000  l__FONT_H
     00000000  l__HEADER |    00000000  l__HEADER |    00000000  l__HEAP  
     00000000  l__HEAP_E |    00000000  l__LIT    |    00000000  s__CABS  
     00000000  s__DABS   |    00000000  s__FONT_H |    00000000  s__FONT_H
     00000000  s__HEADER |    00000000  s__HEADER |    00000000  s__HEADER
     00000000  s__HEADER |    00000000  s__HEADER |    00000000  s__HEADER
     00000000  s__HEADER |    00000000  s__HEADER |    00000000  s__HEADER
     00000000  s__HEADER |    00000000  s__HEADER |    00000000  s__HEADER
     00000000  s__HEADER |    00000000  s__HEADER |    00000000  s__HEADER
     00000000  s__HEADER |    00000000  s__HEADER |    00000000  s__HEADER
     00000000  s__HEADER |    00000000  s__HEADER |    00000000  s__HEADER
     00000001  ___bank_t |    00000001  l__GSFINA |    00000001  l__HEADER
     00000001  l__HEADER |    00000001  l__HEADER |    00000001  l__HEADER
     00000001  l__HEADER |    00000001  l__HEADER |    00000001  l__HEADER
     00000002  ___bank_c |    00000002  ___bank_e |    00000002  ___bank_e
     00000002  ___bank_g |    00000002  ___bank_g |    00000002  ___bank_i
     00000002  ___bank_l |    00000002  ___bank_l |    00000002  ___bank_m
     00000002  ___bank_s |    00000002  ___bank_s |    00000002  ___bank_t
     00000002  b_camera_ |    00000002  b_camera_ |    00000002  b_camera_
     00000002  b_corpse_ |    00000002  b_corpse_ |    00000002  b_draw_co
     00000002  b_draw_ga |    00000002  b_enemy_a |    00000002  b_enemy_c
     00000002  b_enemy_e |    00000002  b_enemy_e |    00000002  b_enemy_p
     00000002  b_enemy_r |    00000002  b_ground_ |    00000002  b_ground_
     00000002  b_is_walk |    00000002  b_level_g |    00000002  b_load_pa
     00000002  b_map_pit |    00000002  b_state_g |    00000002  b_state_g
     00000002  b_tile_at |    00000002  l__HEADER |    00000002  l__HEADER
     00000002  l__HEADER |    00000003  ___bank_c |    00000003  ___bank_s
     00000003  ___bank_s |    00000003  ___bank_s |    00000003  ___bank_s
     00000003  ___bank_s |    00000003  ___bank_s |    00000003  ___bank_s
     00000003  ___bank_s |    00000003  ___bank_s |    00000003  ___bank_s
     00000003  ___bank_s |    00000003  ___bank_s |    00000003  ___bank_s
     00000003  ___bank_s |    00000003  b_class_p |    00000003  b_class_p
     00000003  b_state_a |    00000003  b_state_a |    00000003  b_state_c
     00000003  b_state_g |    00000003  b_state_i |    00000003  b_state_i
     00000003  b_state_m |    00000003  b_state_m |    00000003  b_state_p
     00000003  b_state_p |    00000003  b_state_s |    00000003  b_state_s
     00000003  b_state_t |    00000003  b_state_t |    00000003  l__FONT_H
     00000003  l__HEADER |    00000003  l__HEADER |    00000004  ___bank_b
     00000005  ___bank_u |    00000005  b_run_see |    00000005  b_title_s
     00000005  b_ui_comb |    00000005  b_ui_comb |    00000005  b_ui_comb
     00000005  b_ui_comb |    00000005  b_ui_draw |    00000005  b_ui_draw
     00000005  b_ui_game |    00000005  b_ui_load |    00000005  b_ui_load
     00000005  b_ui_pane |    00000005  b_ui_pane |    00000005  b_ui_pane
     00000005  b_ui_pane |    00000005  b_ui_push |    00000005  b_ui_push
     00000005  b_ui_push |    00000005  b_ui_push |    00000005  b_window_
ASxxxx Linker V03.00/V05.40 + sdld,  page 2.
Hexadecimal  [32-Bits]

Area                       Addr        Size        Decimal Bytes (Attributes)
--------------------       ----        ----        ------- ----- ------------
.  .ABS.               00000000    00000000 =           0. bytes (ABS,CON)

        Value  Global            Value  Global            Value  Global    
        -----  ------            -----  ------            -----  ------    
     00000005  b_window_ |    00000005  l__HEADER |    00000006  ___bank_a
     00000006  b_ability |    00000006  l__HEADER |    00000007  ___bank_a
     00000007  b_ability |    00000007  l__HEADER |    00000008  ___bank_a
     00000008  b_ability |    00000008  l__HEADER |    00000009  ___bank_a
     00000009  b_ability |    0000000A  ___bank_b |    0000000A  ___bank_g
     0000000A  ___bank_l |    0000000A  b_generat |    0000000A  b_level_i
     0000000B  ___bank_b |    0000000C  ___bank_b |    0000000C  l__GSINIT
     0000000D  b_enemy_t |    0000000D  b_invento |    0000000D  b_invento
     0000000D  b_invento |    0000000D  b_invento |    0000000D  b_invento
     0000000D  b_items_e |    0000000D  b_items_k |    0000000D  b_items_k
     0000000D  b_items_k |    0000000D  b_items_k |    0000000D  b_items_k
     0000000D  b_items_u |    0000000E  ___bank_s |    0000000E  b_story_u
     0000000F  b_scroll_ |    00000010  b_root_ic |    00000010  b_scroll_
     00000011  ___bank_a |    00000011  ___bank_a |    00000011  ___bank_a
     00000011  ___bank_e |    00000011  ___bank_e |    00000011  ___bank_e
     00000011  ___bank_e |    00000011  ___bank_e |    00000011  ___bank_e
     00000011  ___bank_e |    00000011  ___bank_e |    00000011  ___bank_e
     00000011  ___bank_e |    00000011  ___bank_e |    00000011  ___bank_e
     00000011  ___bank_e |    00000011  ___bank_e |    00000011  ___bank_e
     00000011  ___bank_e |    00000011  ___bank_e |    00000011  ___bank_e
     00000011  ___bank_e |    00000011  ___bank_e |    00000011  ___bank_e
     00000011  ___bank_e |    00000011  ___bank_e |    00000011  ___bank_e
     00000011  ___bank_e |    00000011  ___bank_e |    00000011  b_ally_fo
     00000011  b_ally_fo |    00000011  b_ally_fo |    00000011  b_entity_
     00000011  b_entity_ |    00000011  b_entity_ |    00000011  b_entity_
     00000011  b_entity_ |    00000011  b_entity_ |    00000011  b_entity_
     00000011  b_entity_ |    00000011  b_entity_ |    00000011  b_entity_
     00000011  b_entity_ |    00000011  b_entity_ |    00000011  b_entity_
     00000011  b_entity_ |    00000011  b_entity_ |    00000011  b_entity_
     00000011  b_entity_ |    00000011  b_entity_ |    00000011  b_entity_
     00000011  b_entity_ |    00000011  b_entity_ |    00000011  b_entity_
     00000011  b_entity_ |    00000011  b_entity_ |    00000011  b_entity_
     00000011  b_entity_ |    00000012  ___bank_b |    00000013  ___bank_c
     00000013  ___bank_c |    00000013  ___bank_r |    00000013  b_combat_
     00000013  b_combat_ |    00000013  b_resolve |    00000013  l__HRAM  
     0000001A  l__INITIA |    0000001A  l__INITIA |    00000030  l__HEADER
     00000059  l__CODE_7 |    00000060  l__HEADER |    0000007A  l__CODE_6
     00000084  l__CODE_1 |    00000084  l__CODE_1 |    0000009D  l__CODE_1
     000000AB  l__HEADER |    00000165  l__CODE_1 |    00000200  s__CODE  
     0000020E  l__CODE_9 |    00000269  l__CODE_8 |    0000040D  l__CODE_1
     000008C2  l__CODE_1 |    00000B3F  l__CODE_1 |    00000B9B  l__CODE_4
     00000BC9  l__HOME   |    00000EDF  l__CODE_1 |    00001108  l__CODE_1
     00001554  l__CODE_1 |    000017BD  l__CODE_3 |    000018FD  l__DATA  
     00002000  _rROMB0   |    000023FC  l__CODE   |    00002511  l__CODE_5
     000025FC  s__HOME   |    000027C8  l__CODE_1 |    00003000  _rROMB1  
     000031C5  s__BASE   |    000031C5  s__CODE_0 |    000031C5  s__INITIA
     000031C5  s__LIT    |    000031DF  s__GSINIT |    000031EB  s__GSFINA
     00003200  l__CODE_2 |    00004000  _rMBC7_SR |    00004000  _rRAMB   
     00008000  __VRAM    |    00008000  __VRAM800 |    00008800  __VRAM880
     00009000  __VRAM900 |    00009800  __SCRN0   |    00009C00  __SCRN1  
     0000A000  __SRAM    |    0000A000  _rMBC7_LA |    0000A010  _rMBC7_LA
ASxxxx Linker V03.00/V05.40 + sdld,  page 3.
Hexadecimal  [32-Bits]

Area                       Addr        Size        Decimal Bytes (Attributes)
--------------------       ----        ----        ------- ----- ------------
.  .ABS.               00000000    00000000 =           0. bytes (ABS,CON)

        Value  Global            Value  Global            Value  Global    
        -----  ------            -----  ------            -----  ------    
     0000A020  _rMBC7_AC |    0000A030  _rMBC7_AC |    0000A040  _rMBC7_AC
     0000A050  _rMBC7_AC |    0000C000  __RAM     |    0000C000  _shadow_O
     0000C0A0  s__DATA   |    0000D000  __RAMBANK |    0000D99D  s__BSS   
     0000D99D  s__INITIA |    0000D9B7  s__HEAP   |    0000D9B7  s__HEAP_E
     0000E000  .STACK    |    0000FE00  __OAMRAM  |    0000FF00  _P1_REG  
     0000FF00  __IO      |    0000FF01  _SB_REG   |    0000FF02  _SC_REG  
     0000FF04  _DIV_REG  |    0000FF05  _TIMA_REG |    0000FF06  _TMA_REG 
     0000FF07  _TAC_REG  |    0000FF0F  _IF_REG   |    0000FF10  _NR10_REG
     0000FF11  _NR11_REG |    0000FF12  _NR12_REG |    0000FF13  _NR13_REG
     0000FF14  _NR14_REG |    0000FF16  _NR21_REG |    0000FF17  _NR22_REG
     0000FF18  _NR23_REG |    0000FF19  _NR24_REG |    0000FF1A  _NR30_REG
     0000FF1B  _NR31_REG |    0000FF1C  _NR32_REG |    0000FF1D  _NR33_REG
     0000FF1E  _NR34_REG |    0000FF20  _NR41_REG |    0000FF21  _NR42_REG
     0000FF22  _NR43_REG |    0000FF23  _NR44_REG |    0000FF24  _NR50_REG
     0000FF25  _NR51_REG |    0000FF26  _NR52_REG |    0000FF30  _AUD3WAVE
     0000FF30  _PCM_SAMP |    0000FF30  __AUD3WAV |    0000FF40  _LCDC_REG
     0000FF41  _STAT_REG |    0000FF42  _SCY_REG  |    0000FF43  _SCX_REG 
     0000FF44  _LY_REG   |    0000FF45  _LYC_REG  |    0000FF46  _DMA_REG 
     0000FF47  _BGP_REG  |    0000FF48  _OBP0_REG |    0000FF49  _OBP1_REG
     0000FF4A  _WY_REG   |    0000FF4B  _WX_REG   |    0000FF4D  _KEY1_REG
     0000FF4F  _VBK_REG  |    0000FF51  _HDMA1_RE |    0000FF52  _HDMA2_RE
     0000FF53  _HDMA3_RE |    0000FF54  _HDMA4_RE |    0000FF55  _HDMA5_RE
     0000FF56  _RP_REG   |    0000FF68  _BCPS_REG |    0000FF69  _BCPD_REG
     0000FF6A  _OCPS_REG |    0000FF6B  _OCPD_REG |    0000FF70  _SVBK_REG
     0000FF76  _PCM12_RE |    0000FF77  _PCM34_RE |    0000FF80  __HRAM   
     0000FF80  s__HRAM   |    0000FFFF  _IE_REG   |    00014000  s__CODE_1
     00024000  s__CODE_2 |    00034000  s__CODE_3 |    00044000  s__CODE_4
     00054000  s__CODE_5 |    00064000  s__CODE_6 |    00074000  s__CODE_7
     00084000  s__CODE_8 |    00094000  s__CODE_9 |    000A4000  s__CODE_1
     000B4000  s__CODE_1 |    000C4000  s__CODE_1 |    000D4000  s__CODE_1
     000E4000  s__CODE_1 |    000F4000  s__CODE_1 |    00104000  s__CODE_1
     00114000  s__CODE_1 |    00124000  s__CODE_1 |    00134000  s__CODE_1
ASxxxx Linker V03.00/V05.40 + sdld,  page 4.
Hexadecimal  [32-Bits]

Area                       Addr        Size        Decimal Bytes (Attributes)
--------------------       ----        ----        ------- ----- ------------
_CODE                  00000200    000023FC =        9212. bytes (REL,CON)

        Value  Global            Value  Global            Value  Global    
        -----  ------            -----  ------            -----  ------    
     00000200  _ability_ |    000002A3  _ability_ |    000002B4  _ability_
     000002BD  _ability_ |    000002C8  _ability_ |    000002D2  _ability_
     000002DD  _ability_ |    00000350  ___func_a |    00000350  _ally_cle
     00000375  ___func_a |    00000375  _ally_cle |    00000384  ___func_a
     00000384  _ally_fin |    0000039F  ___func_a |    0000039F  _ally_has
     000003C1  _ally_wal |    0000044F  ___func_a |    0000044F  _ally_sum
     0000047D  _biome_lo |    000004D6  _biome_pi |    0000054C  ___func_e
     0000054C  _enemy_ty |    000005DD  ___func_e |    000005DD  _enemy_sl
     0000077C  _player_l |    0000079C  _lcd_hp_p |    00000862  _lcd_init
     00000879  _lcd_susp |    0000088B  _lcd_resu |    000008A2  _lcd_clea
     0000097E  _lighting |    00000986  _lighting |    0000098A  _lighting
     000009C6  _lighting |    000009CA  _lighting |    000009D0  _lighting
     00000BA1  _lighting |    00000BD8  _main     |    000015C2  _sfx_lung
     000015CC  _sfx_spel |    000015DD  _sfx_whir |    000015EC  _sfx_shie
     000015FD  _music_pl |    00001633  _music_pl |    00001684  _music_se
     0000168E  _music_ge |    00001692  _music_be |    000016C7  _music_lo
     000016F5  _music_st |    0000170E  _music_pl |    00001765  _music_in
     00001793  _perf_sta |    00001796  _perf_sta |    0000179E  _perf_rec
     00001842  _perf_avg |    00001876  _perf_max |    00001885  _perf_cle
     000018AA  _seed_ent |    0000192B  _seed_ent |    00001967  _seed_ent
     000019C8  _targetin |    00001A68  _tileset_ |    00001AB0  _tileset_
     00001B1A  _title_lo |    00001BA4  _title_lo |    00001D7C  _title_lo
     00001DD6  _ui_loadi |    00001E0F  _wall_pal |    00001F4F  __divsuch
     00001F55  __modsuch |    00001F5E  __divusch |    00001F67  __modusch
     00001F73  __divscha |    00001F78  __modscha |    00001F7F  __divsint
     00001F88  __modsint |    00001F94  __divucha |    00001F99  __moducha
     00001FA0  __divuint |    00001FA9  __moduint |    00001FB5  .div8    
     00001FB5  .mod8     |    00001FBD  .div16    |    00001FBD  .mod16   
     00001FF3  .divu8    |    00001FF3  .modu8    |    00001FF6  .divu16  
     00001FF6  .modu16   |    00002036  _set_spri |    0000203B  _set_bkg_
     0000203E  .set_pale |    0000205D  _set_spri |    00002062  _set_bkg_
     00002065  .set_pale |    00002081  _memmove  |    00002130  __mulsuch
     00002133  __mulusch |    0000213C  __mulscha |    00002144  __mulint 
     00002163  __mulucha |    00002175  _set_vram |    0000217E  _set_win_
     00002187  _set_bkg_ |    000021B6  ___memcpy |    000021B6  _memcpy  
     000021E8  _strcat   |    000021F9  _printf   |    0000220E  _cpu_slow
     00002229  _cpu_fast |    00002230  _cgb_comp |    00002230  _set_defa
     00002280  ___printf |    000025DD  _sprintf 
ASxxxx Linker V03.00/V05.40 + sdld,  page 5.
Hexadecimal  [32-Bits]

Area                       Addr        Size        Decimal Bytes (Attributes)
--------------------       ----        ----        ------- ----- ------------
_HEADER0               00000000    00000001 =           1. bytes (ABS,CON)

        Value  Global            Value  Global            Value  Global    
        -----  ------            -----  ------            -----  ------    
     00000020  .call_hl 
ASxxxx Linker V03.00/V05.40 + sdld,  page 6.
Hexadecimal  [32-Bits]

Area                       Addr        Size        Decimal Bytes (Attributes)
--------------------       ----        ----        ------- ----- ------------
_HEADER1               00000000    00000005 =           5. bytes (ABS,CON)

        Value  Global            Value  Global            Value  Global    
        -----  ------            -----  ------            -----  ------    
     00000028  .MemsetSm
ASxxxx Linker V03.00/V05.40 + sdld,  page 7.
Hexadecimal  [32-Bits]

Area                       Addr        Size        Decimal Bytes (Attributes)
--------------------       ----        ----        ------- ----- ------------
_HEADER2               00000000    00000007 =           7. bytes (ABS,CON)

        Value  Global            Value  Global            Value  Global    
        -----  ------            -----  ------            -----  ------    
     00000030  .MemcpySm
ASxxxx Linker V03.00/V05.40 + sdld,  page 8.
Hexadecimal  [32-Bits]

Area                       Addr        Size        Decimal Bytes (Attributes)
--------------------       ----        ----        ------- ----- ------------
_HEADER3               00000000    00000008 =           8. bytes (ABS,CON)

        Value  Global            Value  Global            Value  Global    
        -----  ------            -----  ------            -----  ------    
ASxxxx Linker V03.00/V05.40 + sdld,  page 9.
Hexadecimal  [32-Bits]

Area                       Addr        Size        Decimal Bytes (Attributes)
--------------------       ----        ----        ------- ----- ------------
_HEADER4               00000000    00000060 =          96. bytes (ABS,CON)

        Value  Global            Value  Global            Value  Global    
        -----  ------            -----  ------            -----  ------    
     00000080  .int      |    0000008F  _wait_int |    0000009C  __standar
     000000AB  _refresh_ |    000000CC  _set_inte
ASxxxx Linker V03.00/V05.40 + sdld,  page 10.
Hexadecimal  [32-Bits]

Area                       Addr        Size        Decimal Bytes (Attributes)
--------------------       ----        ----        ------- ----- ------------
_HEADER5               00000000    00000001 =           1. bytes (ABS,CON)

        Value  Global            Value  Global            Value  Global    
        -----  ------            -----  ------            -----  ------    
ASxxxx Linker V03.00/V05.40 + sdld,  page 11.
Hexadecimal  [32-Bits]

Area                       Addr        Size        Decimal Bytes (Attributes)
--------------------       ----        ----        ------- ----- ------------
_HEADER6               00000000    00000002 =           2. bytes (ABS,CON)

        Value  Global            Value  Global            Value  Global    
        -----  ------            -----  ------            -----  ------    
ASxxxx Linker V03.00/V05.40 + sdld,  page 12.
Hexadecimal  [32-Bits]

Area                       Addr        Size        Decimal Bytes (Attributes)
--------------------       ----        ----        ------- ----- ------------
_HEADER7               00000000    00000030 =          48. bytes (ABS,CON)

        Value  Global            Value  Global            Value  Global    
        -----  ------            -----  ------            -----  ------    
ASxxxx Linker V03.00/V05.40 + sdld,  page 13.
Hexadecimal  [32-Bits]

Area                       Addr        Size        Decimal Bytes (Attributes)
--------------------       ----        ----        ------- ----- ------------
_HEADER8               00000000    00000006 =           6. bytes (ABS,CON)

        Value  Global            Value  Global            Value  Global    
        -----  ------            -----  ------            -----  ------    
ASxxxx Linker V03.00/V05.40 + sdld,  page 14.
Hexadecimal  [32-Bits]

Area                       Addr        Size        Decimal Bytes (Attributes)
--------------------       ----        ----        ------- ----- ------------
_HEADER9               00000000    00000003 =           3. bytes (ABS,CON)

        Value  Global            Value  Global            Value  Global    
        -----  ------            -----  ------            -----  ------    
ASxxxx Linker V03.00/V05.40 + sdld,  page 15.
Hexadecimal  [32-Bits]

Area                       Addr        Size        Decimal Bytes (Attributes)
--------------------       ----        ----        ------- ----- ------------
_HEADERa               00000000    00000001 =           1. bytes (ABS,CON)

        Value  Global            Value  Global            Value  Global    
        -----  ------            -----  ------            -----  ------    
ASxxxx Linker V03.00/V05.40 + sdld,  page 16.
Hexadecimal  [32-Bits]

Area                       Addr        Size        Decimal Bytes (Attributes)
--------------------       ----        ----        ------- ----- ------------
_HEADERb               00000000    00000001 =           1. bytes (ABS,CON)

        Value  Global            Value  Global            Value  Global    
        -----  ------            -----  ------            -----  ------    
ASxxxx Linker V03.00/V05.40 + sdld,  page 17.
Hexadecimal  [32-Bits]

Area                       Addr        Size        Decimal Bytes (Attributes)
--------------------       ----        ----        ------- ----- ------------
_HEADERc               00000000    00000001 =           1. bytes (ABS,CON)

        Value  Global            Value  Global            Value  Global    
        -----  ------            -----  ------            -----  ------    
ASxxxx Linker V03.00/V05.40 + sdld,  page 18.
Hexadecimal  [32-Bits]

Area                       Addr        Size        Decimal Bytes (Attributes)
--------------------       ----        ----        ------- ----- ------------
_HEADERd               00000000    00000002 =           2. bytes (ABS,CON)

        Value  Global            Value  Global            Value  Global    
        -----  ------            -----  ------            -----  ------    
ASxxxx Linker V03.00/V05.40 + sdld,  page 19.
Hexadecimal  [32-Bits]

Area                       Addr        Size        Decimal Bytes (Attributes)
--------------------       ----        ----        ------- ----- ------------
_HEADERe               00000000    00000001 =           1. bytes (ABS,CON)

        Value  Global            Value  Global            Value  Global    
        -----  ------            -----  ------            -----  ------    
ASxxxx Linker V03.00/V05.40 + sdld,  page 20.
Hexadecimal  [32-Bits]

Area                       Addr        Size        Decimal Bytes (Attributes)
--------------------       ----        ----        ------- ----- ------------
_HEADERf               00000000    00000001 =           1. bytes (ABS,CON)

        Value  Global            Value  Global            Value  Global    
        -----  ------            -----  ------            -----  ------    
ASxxxx Linker V03.00/V05.40 + sdld,  page 21.
Hexadecimal  [32-Bits]

Area                       Addr        Size        Decimal Bytes (Attributes)
--------------------       ----        ----        ------- ----- ------------
_HEADER10              00000000    00000002 =           2. bytes (ABS,CON)

        Value  Global            Value  Global            Value  Global    
        -----  ------            -----  ------            -----  ------    
ASxxxx Linker V03.00/V05.40 + sdld,  page 22.
Hexadecimal  [32-Bits]

Area                       Addr        Size        Decimal Bytes (Attributes)
--------------------       ----        ----        ------- ----- ------------
_HEADER11              00000000    000000AB =         171. bytes (ABS,CON)

        Value  Global            Value  Global            Value  Global    
        -----  ------            -----  ------            -----  ------    
     00000150  .reset    |    00000150  _reset    |    00000157  .code_sta
     000001B9  _exit     |    000001BD  .wait_vbl |    000001BD  _vsync   
     000001BD  _wait_vbl |    000001CD  .remove_V |    000001CD  _remove_V
     000001D0  .remove_i |    000001ED  .add_VBL  |    000001ED  _add_VBL 
     000001F0  .add_int 
ASxxxx Linker V03.00/V05.40 + sdld,  page 23.
Hexadecimal  [32-Bits]

Area                       Addr        Size        Decimal Bytes (Attributes)
--------------------       ----        ----        ------- ----- ------------
_HOME                  000025FC    00000BC9 =        3017. bytes (REL,CON)

        Value  Global            Value  Global            Value  Global    
        -----  ------            -----  ------            -----  ------    
     000025FC  .memset_s |    00002605  .memcpy_s |    00002622  .display_
     00002622  _display_ |    0000263A  _render_s |    0000269A  _render_s
     000026C1  _fill_win |    000026D3  _strcpy   |    000026E5  _rand    
     000026E5  _randw    |    00002710  _initrand |    00002712  .initrand
     0000271B  _font_loa |    00002722  font_load |    0000276A  font_copy
     000027A0  font_set  |    000027AD  .put_char |    000027C5  .out_char
     000027CB  .del_char |    00002821  _putchar  |    0000282A  _setchar 
     00002833  _font_loa |    00002841  _font_set |    00002850  _font_ini
     0000286F  .cls      |    0000286F  _cls      |    00002891  _gotoxy  
     0000289C  _posx     |    000028AD  _posy     |    000028D5  .cr_curs 
     000028EA  .adv_curs |    00002946  .tmode    |    00002963  .tmode_ou
     0000296C  _font_col |    00002977  _set_tile |    0000297C  _set_bkg_
     0000297C  _set_win_ |    00002984  _set_spri |    000029E3  .add_LCD 
     000029E3  _add_LCD  |    000029E9  .remove_L |    000029E9  _remove_L
     000029EF  .fill_rec |    000029F8  .fill_rec |    00002A45  __modulon
     00002AE2  .padup    |    00002AE2  _waitpadu |    00002AF2  .jpad    
     00002AF2  _joypad   |    00002B1A  _waitpad  |    00002B1B  .wait_pad
     00002B22  _fill_bkg |    00002B34  ___sdcc_c |    00002B35  _color   
     00002B35  _set_1bpp |    00002B44  _memset   |    00002B77  .drawing_
     00002B94  _font_ibm |    00002F46  ___sdcc_b |    00002F5A  _strlen  
     00002F5F  .strlen   |    00002F68  __mullong |    0000304F  _set_bkg_
     00003063  _set_bkg_ |    00003063  _set_win_ |    0000306B  _set_spri
     000030C3  .set_xy_w |    000030CC  .set_xy_b |    000030DB  .set_xy_t
     0000311F  _uitoa    |    0000312E  _itoa     |    0000313D  .itoa    
     00003151  .utoa    
ASxxxx Linker V03.00/V05.40 + sdld,  page 24.
Hexadecimal  [32-Bits]

Area                       Addr        Size        Decimal Bytes (Attributes)
--------------------       ----        ----        ------- ----- ------------
_INITIALIZER           000031C5    0000001A =          26. bytes (REL,CON)

        Value  Global            Value  Global            Value  Global    
        -----  ------            -----  ------            -----  ------    
ASxxxx Linker V03.00/V05.40 + sdld,  page 25.
Hexadecimal  [32-Bits]

Area                       Addr        Size        Decimal Bytes (Attributes)
--------------------       ----        ----        ------- ----- ------------
_GSINIT                000031DF    0000000C =          12. bytes (REL,CON)

        Value  Global            Value  Global            Value  Global    
        -----  ------            -----  ------            -----  ------    
     000031DF  gsinit   
ASxxxx Linker V03.00/V05.40 + sdld,  page 26.
Hexadecimal  [32-Bits]

Area                       Addr        Size        Decimal Bytes (Attributes)
--------------------       ----        ----        ------- ----- ------------
_GSFINAL               000031EB    00000001 =           1. bytes (REL,CON)

        Value  Global            Value  Global            Value  Global    
        -----  ------            -----  ------            -----  ------    
ASxxxx Linker V03.00/V05.40 + sdld,  page 27.
Hexadecimal  [32-Bits]

Area                       Addr        Size        Decimal Bytes (Attributes)
--------------------       ----        ----        ------- ----- ------------
_DATA                  0000C0A0    000018FD =        6397. bytes (REL,CON)

        Value  Global            Value  Global            Value  Global    
        -----  ------            -----  ------            -----  ------    
     0000C0A0  __cpu     |    0000C0A1  __is_GBA  |    0000C0A2  .mode    
     0000C0A3  .sys_time |    0000C0A3  _sys_time |    0000C0A5  .int_0x40
     0000C0B1  _enemy_de |    0000C0E2  _enemy_ac |    0000C0E9  _enemy_ac
     0000C0EA  _pending_ |    0000C0EB  _gameplay |    0000C0EC  _player_x
     0000C0EE  _player_c |    0000C0EF  _floor_bi |    0000C0F0  _g_player
     0000C0F1  _g_player |    0000C0F2  _g_prev_j |    0000C0F3  _g_run_en
     0000C0F5  _look_cx  |    0000C0F6  _look_cy  |    0000C0F7  _selected
     0000C0F8  _belt_slo |    0000C0FC  _player_h |    0000C0FD  _witch_sh
     0000C0FE  _zerker_w |    0000C0FF  _book_hea |    0000C100  _knight_s
     0000C101  _player_l |    0000C102  _ally_act |    0000C106  _ally_x  
     0000C10A  _ally_y   |    0000C10E  _ally_typ |    0000C112  _ally_cha
     0000C116  _ally_fli |    0000C11A  _enemy_al |    0000C132  _dead_ene
     0000C14A  _dead_ene |    0000C14B  _inventor |    0000C169  _inventor
     0000C187  _inventor |    0000C1A5  _ground_i |    0000C1AD  _ground_i
     0000C1B5  _ground_i |    0000C1BD  _pending_ |    0000C1BE  _inv_desc
     0000C1BF  _lcd_game |    0000C1C0  _lcd_shak |    0000C1C1  _lcd_shak
     0000C65D  _ui_loadi |    0000C65E  _ui_load_ |    0000C65F  _enemy_x 
     0000C677  _enemy_y  |    0000C68F  _enemy_ty |    0000C6A7  _enemy_hp
     0000C6BF  _enemy_st |    0000C6D7  _num_enem |    0000C6D8  _corpse_x
     0000C6F0  _corpse_y |    0000C708  _corpse_t |    0000C720  _num_corp
     0000C721  _enemy_oc |    0000CD21  _enemy_an |    0000CD22  _enemy_at
     0000CD3A  _enemy_at |    0000CD3B  _enemy_fo |    0000CDA1  _floor_bi
     0000D221  _pit_bits |    0000D6A1  _nav_node |    0000D7C1  _num_nav_
     0000D7C2  _wall_til |    0000D7C3  _wall_pal |    0000D7C4  _pillar_p
     0000D7C5  _active_m |    0000D7C6  _active_m |    0000D7C7  _player_s
     0000D7C8  _player_s |    0000D7C9  _floor_co |    0000D7CC  _brazier_
     0000D7CD  _brazier_ |    0000D7E1  _brazier_ |    0000D7F5  _brazier_
     0000D809  _pit_x    |    0000D80A  _pit_y    |    0000D80B  _pit_pres
     0000D80C  _camera_p |    0000D80E  _camera_p |    0000D97D  ___rand_s
     0000D97F  font_curr |    0000D982  font_firs |    0000D983  font_tabl
     0000D995  .int_0x48
ASxxxx Linker V03.00/V05.40 + sdld,  page 28.
Hexadecimal  [32-Bits]

Area                       Addr        Size        Decimal Bytes (Attributes)
--------------------       ----        ----        ------- ----- ------------
_INITIALIZED           0000D99D    0000001A =          26. bytes (REL,CON)

        Value  Global            Value  Global            Value  Global    
        -----  ------            -----  ------            -----  ------    
     0000D99D  _current_ |    0000D99E  _next_sta |    0000D99F  _player_h
     0000D9A0  _player_h |    0000D9A1  _player_l |    0000D9A2  _player_d
     0000D9A3  _floor_nu |    0000D9A4  _run_seed |    0000D9A8  _ui_panel
     0000D9B1  .curx     |    0000D9B2  .cury     |    0000D9B3  .fg_colou
     0000D9B3  __current |    0000D9B4  .bg_colou |    0000D9B5  .draw_mod
     0000D9B6  __map_til
ASxxxx Linker V03.00/V05.40 + sdld,  page 29.
Hexadecimal  [32-Bits]

Area                       Addr        Size        Decimal Bytes (Attributes)
--------------------       ----        ----        ------- ----- ------------
_HRAM                  0000FF80    00000013 =          19. bytes (REL,CON)

        Value  Global            Value  Global            Value  Global    
        -----  ------            -----  ------            -----  ------    
     0000FF80  .refresh_ |    0000FF90  __current |    0000FF91  __vbl_don
     0000FF92  __shadow_
ASxxxx Linker V03.00/V05.40 + sdld,  page 30.
Hexadecimal  [32-Bits]

Area                       Addr        Size        Decimal Bytes (Attributes)
--------------------       ----        ----        ------- ----- ------------
_CODE_1                00014000    00001108 =        4360. bytes (REL,CON)

        Value  Global            Value  Global            Value  Global    
        -----  ------            -----  ------            -----  ------    
     00014000  ___func_t |    00014000  _tileset_ |    00014008  _tileset_
     00015008  _tileset_
ASxxxx Linker V03.00/V05.40 + sdld,  page 31.
Hexadecimal  [32-Bits]

Area                       Addr        Size        Decimal Bytes (Attributes)
--------------------       ----        ----        ------- ----- ------------
_CODE_2                00024000    00003200 =       12800. bytes (REL,CON)

        Value  Global            Value  Global            Value  Global    
        -----  ------            -----  ------            -----  ------    
     00024004  _enemy_gr |    00024050  _enemy_pl |    00024192  _enemy_cl
     0002423F  _corpse_p |    0002434A  _corpse_c |    000243C5  ___func_e
     000243C5  _enemy_pl |    000243D3  _enemy_ef |    0002441D  _enemy_ef
     00024468  _enemy_an |    00024476  _enemy_an |    000244F2  ___func_e
     000244F2  _enemy_at |    0002456A  _corpse_s |    000245E2  _corpse_a
     000245EE  _corpse_d |    000245FD  _spawn_en |    0002472C  _enemy_se
     00024744  _enemy_ge |    00024AAF  _enemy_re |    00024BE2  _move_ene
     000251A5  ___func_s |    000251A5  _state_ga |    00025212  ___func_s
     00025212  _state_ga |    00025A34  _wall_ort |    00025BE9  ___func_t
     00025BE9  _tile_at  |    00025C77  ___func_m |    00025C77  _map_pit_
     00025C90  ___func_g |    00025C90  _ground_i |    00025CC3  ___func_g
     00025CC3  _ground_i |    00025CE5  ___func_i |    00025CE5  _is_walka
     00025D28  _tile_cha |    00025D36  _tile_vra |    00025D4A  _tile_pal
     00025D57  _floor_gr |    00025D6F  _floor_ti |    00025E74  _nearest_
     00025F16  _nav_fill |    00025FFD  ___func_l |    00025FFD  _level_ge
     000264EC  ___func_c |    000264EC  _camera_i |    00026756  _camera_s
     00026C2B  _camera_s |    00026C7A  _apply_wa |    00026F3A  ___func_l
     00026F3A  _load_pal |    0002701E  _draw_cel |    00027072  _draw_col
     000270AC  _draw_row |    000270E3  _draw_ui_ |    000270EB  _draw_gam
     00027105  _draw_scr |    00027184  _draw_gam |    000271A1  _draw_gam
     000271A9  _draw_ene |    000271B8  _draw_cor |    000271FD  _draw_cor
ASxxxx Linker V03.00/V05.40 + sdld,  page 32.
Hexadecimal  [32-Bits]

Area                       Addr        Size        Decimal Bytes (Attributes)
--------------------       ----        ----        ------- ----- ------------
_CODE_3                00034000    000017BD =        6077. bytes (REL,CON)

        Value  Global            Value  Global            Value  Global    
        -----  ------            -----  ------            -----  ------    
     0003473A  ___func_s |    0003473A  _state_in |    00034759  ___func_s
     00034759  _state_in |    00034C47  ___func_s |    00034C47  _state_ch
     000350B9  ___func_s |    000350B9  _state_pi |    0003510A  ___func_s
     0003510A  _state_pi |    00035221  ___func_s |    00035221  _state_st
     00035362  ___func_s |    00035362  _state_st |    00035384  ___func_s
     00035384  _state_ab |    0003548D  ___func_s |    0003548D  _state_ab
     000354AF  ___func_s |    000354AF  _state_ma |    0003559A  ___func_s
     0003559A  _state_ma |    00035618  ___func_c |    00035618  _class_pa
     00035653  _class_pa |    0003566A  ___func_s |    0003566A  _state_ga
     00035716  ___func_s |    00035716  _state_tr |    00035772  ___func_s
     00035772  _state_ti
ASxxxx Linker V03.00/V05.40 + sdld,  page 33.
Hexadecimal  [32-Bits]

Area                       Addr        Size        Decimal Bytes (Attributes)
--------------------       ----        ----        ------- ----- ------------
_CODE_4                00044000    00000B9B =        2971. bytes (REL,CON)

        Value  Global            Value  Global            Value  Global    
        -----  ------            -----  ------            -----  ------    
     00044000  ___func_b |    00044000  _bwv1043_ |    00044132  _bwv1043_
     000446AE  _bwv1043_
ASxxxx Linker V03.00/V05.40 + sdld,  page 34.
Hexadecimal  [32-Bits]

Area                       Addr        Size        Decimal Bytes (Attributes)
--------------------       ----        ----        ------- ----- ------------
_CODE_5                00054000    00002511 =        9489. bytes (REL,CON)

        Value  Global            Value  Global            Value  Global    
        -----  ------            -----  ------            -----  ------    
     00054000  ___func_u |    000547B6  _ui_comba |    000547C1  _ui_comba
     000548A1  _ui_comba |    000548B6  _ui_push_ |    00054A9C  _ui_push_
     00054CA5  _ui_push_ |    00054E79  _ui_push_ |    00054F7E  _ui_comba
     00054FC0  _seed_wor |    00055010  _seed_wor |    00055060  _seed_wor
     00055DCE  _run_seed |    00055E4B  _ui_game_ |    00055E8C  _window_u
     00055EDC  _window_u |    00055EE3  _ui_loadi |    00055F32  _ui_loadi
     00055F43  _ui_draw_ |    00055F76  _ui_draw_ |    00055FFF  _ui_panel
     00056004  _ui_panel |    00056014  _ui_panel |    00056020  _ui_panel
     000563CD  _title_sc
ASxxxx Linker V03.00/V05.40 + sdld,  page 35.
Hexadecimal  [32-Bits]

Area                       Addr        Size        Decimal Bytes (Attributes)
--------------------       ----        ----        ------- ----- ------------
_CODE_6                00064000    0000007A =         122. bytes (REL,CON)

        Value  Global            Value  Global            Value  Global    
        -----  ------            -----  ------            -----  ------    
     00064033  ___func_a |    00064033  _ability_
ASxxxx Linker V03.00/V05.40 + sdld,  page 36.
Hexadecimal  [32-Bits]

Area                       Addr        Size        Decimal Bytes (Attributes)
--------------------       ----        ----        ------- ----- ------------
_CODE_7                00074000    00000059 =          89. bytes (REL,CON)

        Value  Global            Value  Global            Value  Global    
        -----  ------            -----  ------            -----  ------    
     00074033  ___func_a |    00074033  _ability_
ASxxxx Linker V03.00/V05.40 + sdld,  page 37.
Hexadecimal  [32-Bits]

Area                       Addr        Size        Decimal Bytes (Attributes)
--------------------       ----        ----        ------- ----- ------------
_CODE_8                00084000    00000269 =         617. bytes (REL,CON)

        Value  Global            Value  Global            Value  Global    
        -----  ------            -----  ------            -----  ------    
     00084233  ___func_a |    00084233  _ability_
ASxxxx Linker V03.00/V05.40 + sdld,  page 38.
Hexadecimal  [32-Bits]

Area                       Addr        Size        Decimal Bytes (Attributes)
--------------------       ----        ----        ------- ----- ------------
_CODE_9                00094000    0000020E =         526. bytes (REL,CON)

        Value  Global            Value  Global            Value  Global    
        -----  ------            -----  ------            -----  ------    
     000941ED  ___func_a |    000941ED  _ability_
ASxxxx Linker V03.00/V05.40 + sdld,  page 39.
Hexadecimal  [32-Bits]

Area                       Addr        Size        Decimal Bytes (Attributes)
--------------------       ----        ----        ------- ----- ------------
_CODE_10               000A4000    00000B3F =        2879. bytes (REL,CON)

        Value  Global            Value  Global            Value  Global    
        -----  ------            -----  ------            -----  ------    
     000A44E8  ___func_g |    000A44E8  _generate |    000A49EE  ___func_b
     000A49EE  _biome_du |    000A4AD3  ___func_l |    000A4AD3  _level_in
ASxxxx Linker V03.00/V05.40 + sdld,  page 40.
Hexadecimal  [32-Bits]

Area                       Addr        Size        Decimal Bytes (Attributes)
--------------------       ----        ----        ------- ----- ------------
_CODE_11               000B4000    00000084 =         132. bytes (REL,CON)

        Value  Global            Value  Global            Value  Global    
        -----  ------            -----  ------            -----  ------    
     000B4000  ___func_b |    000B4000  _biome_cr
ASxxxx Linker V03.00/V05.40 + sdld,  page 41.
Hexadecimal  [32-Bits]

Area                       Addr        Size        Decimal Bytes (Attributes)
--------------------       ----        ----        ------- ----- ------------
_CODE_12               000C4000    00000084 =         132. bytes (REL,CON)

        Value  Global            Value  Global            Value  Global    
        -----  ------            -----  ------            -----  ------    
     000C4000  ___func_b |    000C4000  _biome_ca
ASxxxx Linker V03.00/V05.40 + sdld,  page 42.
Hexadecimal  [32-Bits]

Area                       Addr        Size        Decimal Bytes (Attributes)
--------------------       ----        ----        ------- ----- ------------
_CODE_13               000D4000    000008C2 =        2242. bytes (REL,CON)

        Value  Global            Value  Global            Value  Global    
        -----  ------            -----  ------            -----  ------    
     000D4000  _items_ki |    000D4248  _items_eq |    000D430D  _items_ki
     000D4323  _items_ki |    000D433A  _items_ki |    000D4391  _items_ki
     000D43E9  _inventor |    000D4408  _inventor |    000D441F  _inventor
     000D4441  _inventor |    000D44B8  _inventor |    000D461C  _items_us
     000D482E  _enemy_tr
ASxxxx Linker V03.00/V05.40 + sdld,  page 43.
Hexadecimal  [32-Bits]

Area                       Addr        Size        Decimal Bytes (Attributes)
--------------------       ----        ----        ------- ----- ------------
_CODE_14               000E4000    00000EDF =        3807. bytes (REL,CON)

        Value  Global            Value  Global            Value  Global    
        -----  ------            -----  ------            -----  ------    
     000E4000  ___func_s |    000E4B99  _story_ui
ASxxxx Linker V03.00/V05.40 + sdld,  page 44.
Hexadecimal  [32-Bits]

Area                       Addr        Size        Decimal Bytes (Attributes)
--------------------       ----        ----        ------- ----- ------------
_CODE_15               000F4000    0000009D =         157. bytes (REL,CON)

        Value  Global            Value  Global            Value  Global    
        -----  ------            -----  ------            -----  ------    
     000F4000  _scroll_b
ASxxxx Linker V03.00/V05.40 + sdld,  page 45.
Hexadecimal  [32-Bits]

Area                       Addr        Size        Decimal Bytes (Attributes)
--------------------       ----        ----        ------- ----- ------------
_CODE_16               00104000    00000165 =         357. bytes (REL,CON)

        Value  Global            Value  Global            Value  Global    
        -----  ------            -----  ------            -----  ------    
     00104000  _root_ico |    001040EF  _scroll_r
ASxxxx Linker V03.00/V05.40 + sdld,  page 46.
Hexadecimal  [32-Bits]

Area                       Addr        Size        Decimal Bytes (Attributes)
--------------------       ----        ----        ------- ----- ------------
_CODE_17               00114000    000027C8 =       10184. bytes (REL,CON)

        Value  Global            Value  Global            Value  Global    
        -----  ------            -----  ------            -----  ------    
     0011431E  ___func_e |    0011431E  _entity_s |    00114367  ___func_e
     00114367  _entity_s |    00114382  ___func_e |    00114382  _entity_s
     00114429  ___func_e |    00114429  _entity_s |    00114451  ___func_e
     00114451  _entity_s |    00114457  ___func_e |    00114457  _entity_s
     001149BF  ___func_e |    001149BF  _entity_s |    00114C5E  ___func_e
     00114C5E  _entity_s |    00114C8F  ___func_e |    00114C8F  _entity_s
     00114CB0  ___func_e |    00114CB0  _entity_s |    00114CBF  ___func_e
     00114CBF  _entity_s |    00114D01  ___func_e |    00114D01  _entity_s
     00114DD9  ___func_e |    00114DD9  _entity_s |    00114DFE  ___func_e
     00114DFE  _entity_s |    00114E1A  ___func_e |    00114E1A  _entity_s
     00114EC1  ___func_e |    00114EC1  _entity_s |    00114F48  ___func_e
     00114F48  _entity_s |    00115126  ___func_e |    00115126  _entity_s
     0011533F  ___func_e |    0011533F  _entity_s |    00115636  ___func_e
     00115636  _entity_s |    00115830  ___func_e |    00115830  _entity_s
     0011594C  ___func_e |    0011594C  _entity_s |    00115B36  ___func_e
     00115B36  _entity_s |    00115C74  ___func_e |    00115C74  _entity_s
     00115CA0  ___func_e |    00115CA0  _entity_s |    00115CA9  ___func_e
     00115CA9  _entity_s |    001160BC  ___func_a |    001160BC  _ally_fox
     00116232  ___func_a |    00116232  _ally_fox |    00116400  ___func_a
     00116400  _ally_fox
ASxxxx Linker V03.00/V05.40 + sdld,  page 47.
Hexadecimal  [32-Bits]

Area                       Addr        Size        Decimal Bytes (Attributes)
--------------------       ----        ----        ------- ----- ------------
_CODE_18               00124000    00001554 =        5460. bytes (REL,CON)

        Value  Global            Value  Global            Value  Global    
        -----  ------            -----  ------            -----  ------    
     00124000  ___func_b |    00124000  _bwv527_d |    00124141  _bwv527_m
     00124D02  _bwv527_b
ASxxxx Linker V03.00/V05.40 + sdld,  page 48.
Hexadecimal  [32-Bits]

Area                       Addr        Size        Decimal Bytes (Attributes)
--------------------       ----        ----        ------- ----- ------------
_CODE_19               00134000    0000040D =        1037. bytes (REL,CON)

        Value  Global            Value  Global            Value  Global    
        -----  ------            -----  ------            -----  ------    
     00134085  ___func_c |    00134085  _combat_d |    00134220  ___func_c
     00134220  _combat_p |    001342D6  ___func_r |    001342D6  _resolve_
ASxxxx Linker V03.00/V05.40 + sdld,  page 49.
Hexadecimal  [32-Bits]

Area                       Addr        Size        Decimal Bytes (Attributes)
--------------------       ----        ----        ------- ----- ------------
_FONT_HEADER0          00000000    00000003 =           3. bytes (ABS,CON)

        Value  Global            Value  Global            Value  Global    
        -----  ------            -----  ------            -----  ------    
ASxxxx Linker V03.00/V05.40 + sdld,  page 50.
Hexadecimal  [32-Bits]

Area                       Addr        Size        Decimal Bytes (Attributes)
--------------------       ----        ----        ------- ----- ------------
_HEADER_LCD0           00000000    00000003 =           3. bytes (ABS,CON)

        Value  Global            Value  Global            Value  Global    
        -----  ------            -----  ------            -----  ------    
ASxxxx Linker V03.00/V05.40 + sdld,  page 51.

Files Linked                              [ module(s) ]

./gbdk/lib/gb/crt0.o                      [ Runtime ]
obj/gbc/ability_dispatch.rel              [ ability_dispatch ]
obj/gbc/ally.rel                          [ ally ]
obj/gbc/biome.rel                         [ biome ]
obj/gbc/debug_bank.rel                    [ debug_bank ]
obj/gbc/enemy_extras.rel                  [ enemy_extras ]
obj/gbc/globals.rel                       [ globals ]
obj/gbc/lcd.rel                           [ lcd ]
obj/gbc/lighting.rel                      [ lighting ]
obj/gbc/main.rel                          [ main ]
obj/gbc/music.rel                         [ music ]
obj/gbc/perf.rel                          [ perf ]
obj/gbc/seed_entropy.rel                  [ seed_entropy ]
obj/gbc/targeting.rel                     [ targeting ]
obj/gbc/tileset_io.rel                    [ tileset_io ]
obj/gbc/title_logo.rel                    [ title_logo ]
obj/gbc/ui_loading_isr.rel                [ ui_loading_isr ]
obj/gbc/wall_palettes.rel                 [ wall_palettes ]
obj/gbc/tileset.rel                       [ tileset ]
obj/gbc/enemy.rel                         [ enemy ]
obj/gbc/state_gameplay.rel                [ state_gameplay ]
obj/gbc/map.rel                           [ map ]
obj/gbc/camera.rel                        [ camera ]
obj/gbc/render.rel                        [ render ]
obj/gbc/state_inventory.rel               [ state_inventory ]
obj/gbc/state_char_create.rel             [ state_char_create ]
obj/gbc/state_pickup.rel                  [ state_pickup ]
obj/gbc/state_stats.rel                   [ state_stats ]
obj/gbc/state_ability.rel                 [ state_ability ]
obj/gbc/state_map.rel                     [ state_map ]
obj/gbc/class_palettes.rel                [ class_palettes ]
obj/gbc/state_game_over.rel               [ state_game_over ]
obj/gbc/state_transition.rel              [ state_transition ]
obj/gbc/state_title.rel                   [ state_title ]
obj/gbc/bwv1043_music.rel                 [ bwv1043_music ]
obj/gbc/ui.rel                            [ ui ]
obj/gbc/abilities_knight.rel              [ abilities_knight ]
obj/gbc/abilities_scoundrel.rel           [ abilities_scoundrel ]
obj/gbc/abilities_witch.rel               [ abilities_witch ]
obj/gbc/abilities_zerker.rel              [ abilities_zerker ]
obj/gbc/map_gen.rel                       [ map_gen ]
obj/gbc/biome_dungeon.rel                 [ biome_dungeon ]
obj/gbc/level_init.rel                    [ level_init ]
obj/gbc/biome_crypt.rel                   [ biome_crypt ]
obj/gbc/biome_cavern.rel                  [ biome_cavern ]
obj/gbc/items.rel                         [ items ]
obj/gbc/story_ui.rel                      [ story_ui ]
obj/gbc/scroll_blast.rel                  [ scroll_blast ]
obj/gbc/root_icon.rel                     [ root_icon ]
obj/gbc/scroll_root.rel                   [ scroll_root ]
obj/gbc/entity_sprites.rel                [ entity_sprites ]
obj/gbc/scoundrel_fox.rel                 [ scoundrel_fox ]
obj/gbc/bwv527_music.rel                  [ bwv527_music ]
obj/gbc/combat.rel                        [ combat ]


Libraries Linked                          [ object file ]

./gbdk/lib/gb/gb.lib                      [ fill_rect_wi.o ]
./gbdk/lib/sm83/sm83.lib                  [ div.o ]
./gbdk/lib/gb/gb.lib                      [ sfr.o ]
./gbdk/lib/sm83/sm83.lib                  [ _strcpy.o ]
./gbdk/lib/sm83/sm83.lib                  [ rand.o ]
./gbdk/lib/gb/gb.lib                      [ font.o ]
./gbdk/lib/gb/gb.lib                      [ cgb_palettes.o ]
./gbdk/lib/gb/gb.lib                      [ font_color.o ]
./gbdk/lib/sm83/sm83.lib                  [ _memmove.o ]
./gbdk/lib/sm83/sm83.lib                  [ mul.o ]
./gbdk/lib/gb/gb.lib                      [ set_data.o ]
./gbdk/lib/gb/gb.lib                      [ set_tile.o ]
./gbdk/lib/gb/gb.lib                      [ lcd.o ]
./gbdk/lib/gb/gb.lib                      [ fill_rect.o ]
./gbdk/lib/sm83/sm83.lib                  [ _modulong.o ]
./gbdk/lib/gb/gb.lib                      [ pad.o ]
./gbdk/lib/gb/gb.lib                      [ fill_rect_bk.o ]
./gbdk/lib/sm83/sm83.lib                  [ memcpy.o ]
./gbdk/lib/sm83/sm83.lib                  [ __sdcc_call_hl.o ]
./gbdk/lib/gb/gb.lib                      [ color.o ]
./gbdk/lib/sm83/sm83.lib                  [ _memset.o ]
./gbdk/lib/gb/gb.lib                      [ drawing_isr.o ]
./gbdk/lib/gb/gb.lib                      [ f_ibm_sh.o ]
./gbdk/lib/gb/gb.lib                      [ ___sdcc_bcall_ehl.o ]
./gbdk/lib/sm83/sm83.lib                  [ strcat.o ]
./gbdk/lib/sm83/sm83.lib                  [ printf.o ]
./gbdk/lib/gb/gb.lib                      [ cgb.o ]
./gbdk/lib/sm83/sm83.lib                  [ strlen.o ]
./gbdk/lib/sm83/sm83.lib                  [ _mullong.o ]
./gbdk/lib/gb/gb.lib                      [ cgb_compat.o ]
./gbdk/lib/gb/gb.lib                      [ set_bk_t.o ]
./gbdk/lib/gb/gb.lib                      [ set_1bit_data.o ]
./gbdk/lib/sm83/sm83.lib                  [ sprintf.o ]
./gbdk/lib/gb/gb.lib                      [ set_xy_t.o ]
./gbdk/lib/sm83/sm83.lib                  [ itoa.o ]

ASxxxx Linker V03.00/V05.40 + sdld,  page 52.

User Base Address Definitions

_DATA=0xC0A0
_CODE=0x0200
_HRAM=0xFF80
ASxxxx Linker V03.00/V05.40 + sdld,  page 53.

User Global Definitions

_shadow_OAM=0xC000
.STACK=0xE000

