ASxxxx Linker V03.00/V05.40 + sdld,  page 1.
Hexadecimal  [32-Bits]

Area                       Addr        Size        Decimal Bytes (Attributes)
--------------------       ----        ----        ------- ----- ------------
.  .ABS.               00000000    00000000 =           0. bytes (ABS,CON)

        Value  Global            Value  Global            Value  Global    
        -----  ------            -----  ------            -----  ------    
     00000000  .__.ABS.  |    00000000  _rMBC7_SR |    00000000  _rRAMG   
     00000000  l__BASE   |    00000000  l__BSS    |    00000000  l__CABS  
     00000000  l__CODE_0 |    00000000  l__DABS   |    00000000  l__FONT_H
     00000000  l__HEADER |    00000000  l__HEADER |    00000000  l__HEAP  
     00000000  l__HEAP_E |    00000000  l__LIT    |    00000000  s__CABS  
     00000000  s__DABS   |    00000000  s__FONT_H |    00000000  s__FONT_H
     00000000  s__HEADER |    00000000  s__HEADER |    00000000  s__HEADER
     00000000  s__HEADER |    00000000  s__HEADER |    00000000  s__HEADER
     00000000  s__HEADER |    00000000  s__HEADER |    00000000  s__HEADER
     00000000  s__HEADER |    00000000  s__HEADER |    00000000  s__HEADER
     00000000  s__HEADER |    00000000  s__HEADER |    00000000  s__HEADER
     00000000  s__HEADER |    00000000  s__HEADER |    00000000  s__HEADER
     00000000  s__HEADER |    00000000  s__HEADER |    00000000  s__HEADER
     00000001  ___bank_t |    00000001  l__GSFINA |    00000001  l__HEADER
     00000001  l__HEADER |    00000001  l__HEADER |    00000001  l__HEADER
     00000001  l__HEADER |    00000001  l__HEADER |    00000001  l__HEADER
     00000002  ___bank_c |    00000002  ___bank_c |    00000002  ___bank_l
     00000002  ___bank_l |    00000002  ___bank_l |    00000002  ___bank_s
     00000002  ___bank_s |    00000002  b_camera_ |    00000002  b_camera_
     00000002  b_camera_ |    00000002  b_class_p |    00000002  b_class_p
     00000002  b_corpse_ |    00000002  b_corpse_ |    00000002  b_enemy_c
     00000002  b_enemy_e |    00000002  b_enemy_e |    00000002  b_enemy_r
     00000002  b_enemy_t |    00000002  b_level_g |    00000002  b_level_i
     00000002  b_load_pa |    00000002  b_state_g |    00000002  b_state_g
     00000002  l__HEADER |    00000002  l__HEADER |    00000002  l__HEADER
     00000003  ___bank_s |    00000003  ___bank_s |    00000003  ___bank_s
     00000003  ___bank_s |    00000003  ___bank_s |    00000003  ___bank_s
     00000003  ___bank_s |    00000003  ___bank_s |    00000003  ___bank_s
     00000003  ___bank_s |    00000003  ___bank_s |    00000003  ___bank_s
     00000003  ___bank_s |    00000003  ___bank_s |    00000003  ___bank_s
     00000003  ___bank_s |    00000003  b_scoundr |    00000003  b_scoundr
     00000003  b_scoundr |    00000003  b_scoundr |    00000003  b_state_a
     00000003  b_state_a |    00000003  b_state_c |    00000003  b_state_g
     00000003  b_state_i |    00000003  b_state_i |    00000003  b_state_p
     00000003  b_state_p |    00000003  b_state_s |    00000003  b_state_s
     00000003  b_state_t |    00000003  b_state_t |    00000003  l__FONT_H
     00000003  l__HEADER |    00000003  l__HEADER |    00000004  ___bank_b
     00000005  ___bank_b |    00000005  ___bank_u |    00000005  b_run_see
     00000005  b_title_s |    00000005  b_ui_comb |    00000005  b_ui_comb
     00000005  b_ui_comb |    00000005  b_ui_comb |    00000005  b_ui_draw
     00000005  b_ui_draw |    00000005  b_ui_game |    00000005  b_ui_load
     00000005  b_ui_load |    00000005  b_ui_pane |    00000005  b_ui_pane
     00000005  b_ui_pane |    00000005  b_ui_pane |    00000005  b_ui_push
     00000005  b_ui_push |    00000005  b_ui_push |    00000005  b_ui_push
     00000005  b_window_ |    00000005  b_window_ |    00000005  l__HEADER
     00000006  ___bank_a |    00000006  b_ability |    00000006  l__HEADER
     00000007  ___bank_a |    00000007  b_ability |    00000007  l__HEADER
     00000008  ___bank_a |    00000008  b_ability |    00000008  l__HEADER
     00000009  ___bank_a |    00000009  b_ability |    0000000A  ___bank_b
     0000000A  b_biome_d |    0000000B  ___bank_b |    0000000B  b_biome_c
ASxxxx Linker V03.00/V05.40 + sdld,  page 2.
Hexadecimal  [32-Bits]

Area                       Addr        Size        Decimal Bytes (Attributes)
--------------------       ----        ----        ------- ----- ------------
.  .ABS.               00000000    00000000 =           0. bytes (ABS,CON)

        Value  Global            Value  Global            Value  Global    
        -----  ------            -----  ------            -----  ------    
     0000000C  ___bank_b |    0000000C  b_biome_c |    0000000C  l__GSINIT
     0000000D  b_invento |    0000000D  b_invento |    0000000D  b_invento
     0000000D  b_invento |    0000000D  b_invento |    0000000D  b_items_k
     0000000D  b_items_k |    0000000D  b_items_k |    0000000D  b_items_u
     00000013  l__HRAM   |    0000001A  l__INITIA |    0000001A  l__INITIA
     0000002D  l__CODE_1 |    00000030  l__HEADER |    00000034  l__CODE_1
     00000042  l__CODE_1 |    00000060  l__CODE_7 |    00000060  l__HEADER
     0000007A  l__CODE_6 |    000000AB  l__HEADER |    000001AE  l__CODE_8
     00000200  s__CODE   |    00000203  l__CODE_9 |    00000241  l__CODE_1
     00000B98  l__HOME   |    00000B9B  l__CODE_4 |    00001108  l__CODE_1
     00001252  l__CODE_3 |    00001C7E  l__DATA   |    00002000  _rROMB0  
     00003000  _rROMB1   |    0000323C  l__CODE   |    0000343C  s__HOME  
     0000394F  l__CODE_5 |    00003AAB  l__CODE_2 |    00003FD4  s__BASE  
     00003FD4  s__CODE_0 |    00003FD4  s__INITIA |    00003FD4  s__LIT   
     00003FEE  s__GSINIT |    00003FFA  s__GSFINA |    00004000  _rMBC7_SR
     00004000  _rRAMB    |    00008000  __VRAM    |    00008000  __VRAM800
     00008800  __VRAM880 |    00009000  __VRAM900 |    00009800  __SCRN0  
     00009C00  __SCRN1   |    0000A000  __SRAM    |    0000A000  _rMBC7_LA
     0000A010  _rMBC7_LA |    0000A020  _rMBC7_AC |    0000A030  _rMBC7_AC
     0000A040  _rMBC7_AC |    0000A050  _rMBC7_AC |    0000C000  __RAM    
     0000C000  _shadow_O |    0000C0A0  s__DATA   |    0000D000  __RAMBANK
     0000DD1E  s__BSS    |    0000DD1E  s__INITIA |    0000DD38  s__HEAP  
     0000DD38  s__HEAP_E |    0000E000  .STACK    |    0000FE00  __OAMRAM 
     0000FF00  _P1_REG   |    0000FF00  __IO      |    0000FF01  _SB_REG  
     0000FF02  _SC_REG   |    0000FF04  _DIV_REG  |    0000FF05  _TIMA_REG
     0000FF06  _TMA_REG  |    0000FF07  _TAC_REG  |    0000FF0F  _IF_REG  
     0000FF10  _NR10_REG |    0000FF11  _NR11_REG |    0000FF12  _NR12_REG
     0000FF13  _NR13_REG |    0000FF14  _NR14_REG |    0000FF16  _NR21_REG
     0000FF17  _NR22_REG |    0000FF18  _NR23_REG |    0000FF19  _NR24_REG
     0000FF1A  _NR30_REG |    0000FF1B  _NR31_REG |    0000FF1C  _NR32_REG
     0000FF1D  _NR33_REG |    0000FF1E  _NR34_REG |    0000FF20  _NR41_REG
     0000FF21  _NR42_REG |    0000FF22  _NR43_REG |    0000FF23  _NR44_REG
     0000FF24  _NR50_REG |    0000FF25  _NR51_REG |    0000FF26  _NR52_REG
     0000FF30  _AUD3WAVE |    0000FF30  _PCM_SAMP |    0000FF30  __AUD3WAV
     0000FF40  _LCDC_REG |    0000FF41  _STAT_REG |    0000FF42  _SCY_REG 
     0000FF43  _SCX_REG  |    0000FF44  _LY_REG   |    0000FF45  _LYC_REG 
     0000FF46  _DMA_REG  |    0000FF47  _BGP_REG  |    0000FF48  _OBP0_REG
     0000FF49  _OBP1_REG |    0000FF4A  _WY_REG   |    0000FF4B  _WX_REG  
     0000FF4D  _KEY1_REG |    0000FF4F  _VBK_REG  |    0000FF51  _HDMA1_RE
     0000FF52  _HDMA2_RE |    0000FF53  _HDMA3_RE |    0000FF54  _HDMA4_RE
     0000FF55  _HDMA5_RE |    0000FF56  _RP_REG   |    0000FF68  _BCPS_REG
     0000FF69  _BCPD_REG |    0000FF6A  _OCPS_REG |    0000FF6B  _OCPD_REG
     0000FF70  _SVBK_REG |    0000FF76  _PCM12_RE |    0000FF77  _PCM34_RE
     0000FF80  __HRAM    |    0000FF80  s__HRAM   |    0000FFFF  _IE_REG  
     00014000  s__CODE_1 |    00024000  s__CODE_2 |    00034000  s__CODE_3
     00044000  s__CODE_4 |    00054000  s__CODE_5 |    00064000  s__CODE_6
     00074000  s__CODE_7 |    00084000  s__CODE_8 |    00094000  s__CODE_9
     000A4000  s__CODE_1 |    000B4000  s__CODE_1 |    000C4000  s__CODE_1
     000D4000  s__CODE_1
ASxxxx Linker V03.00/V05.40 + sdld,  page 3.
Hexadecimal  [32-Bits]

Area                       Addr        Size        Decimal Bytes (Attributes)
--------------------       ----        ----        ------- ----- ------------
_CODE                  00000200    0000323C =       12860. bytes (REL,CON)

        Value  Global            Value  Global            Value  Global    
        -----  ------            -----  ------            -----  ------    
     00000200  _ability_ |    000002A3  _ability_ |    000002FE  _biome_lo
     00000345  _biome_pi |    000003BA  _grant_xp |    00000435  _resolve_
     0000052A  _combat_d |    0000070F  _combat_p |    00000A56  _entity_s
     00000A79  _entity_s |    00000A87  _entity_s |    00000B0F  _entity_s
     00000B34  _entity_s |    00000F3E  _entity_s |    0000113B  _entity_s
     00001163  _entity_s |    00001184  _entity_s |    0000118E  _entity_s
     00001191  _entity_s |    000011E7  _entity_s |    000011FA  _entity_s
     00001208  _entity_s |    0000129C  _entity_s |    000015C6  _entity_s
     000016CB  _entity_s |    0000189A  _entity_s |    00001970  _lcd_hp_p
     00001A0E  _lcd_init |    00001A25  _lcd_clea |    00001A91  _lighting
     00001A99  _lighting |    00001A9D  _lighting |    00001AD9  _lighting
     00001ADD  _lighting |    00001AF5  _lighting |    00001CFA  _lighting
     00001D3D  _main     |    0000262F  _sfx_lung |    00002639  _sfx_spel
     0000264A  _sfx_whir |    00002659  _sfx_shie |    0000266A  _music_pl
     000026A0  _music_pl |    000026F1  _music_se |    000026FB  _music_ge
     000026FF  _music_be |    00002734  _music_lo |    00002762  _music_pl
     000027B9  _music_in |    000027E7  _perf_sta |    000027EA  _perf_sta
     000027F2  _perf_rec |    00002896  _perf_avg |    000028CA  _perf_max
     000028D9  _perf_cle |    000028FE  _seed_ent |    0000297F  _seed_ent
     000029BB  _seed_ent |    00002A1C  _targetin |    00002ABC  _tileset_
     00002B04  _tileset_ |    00002B6E  _title_lo |    00002BF8  _title_lo
     00002DD0  _title_lo |    00002E16  _ui_loadi |    00002E4F  __divsuch
     00002E55  __modsuch |    00002E5E  __divusch |    00002E67  __modusch
     00002E73  __divscha |    00002E78  __modscha |    00002E7F  __divsint
     00002E88  __modsint |    00002E94  __divucha |    00002E99  __moducha
     00002EA0  __divuint |    00002EA9  __moduint |    00002EB5  .div8    
     00002EB5  .mod8     |    00002EBD  .div16    |    00002EBD  .mod16   
     00002EF3  .divu8    |    00002EF3  .modu8    |    00002EF6  .divu16  
     00002EF6  .modu16   |    00002F36  _set_spri |    00002F3B  _set_bkg_
     00002F3E  .set_pale |    00002F5D  _set_spri |    00002F62  _set_bkg_
     00002F65  .set_pale |    00002F81  __mulsuch |    00002F84  __mulusch
     00002F8D  __mulscha |    00002F95  __mulint  |    00002FB4  __mulucha
     00002FC6  _set_vram |    00002FCF  _set_win_ |    00002FD8  _set_bkg_
     00003007  ___memcpy |    00003007  _memcpy   |    00003039  _printf  
     0000304E  _cpu_slow |    00003069  _cpu_fast |    00003070  _cgb_comp
     00003070  _set_defa |    000030C0  ___printf |    0000341D  _sprintf 
ASxxxx Linker V03.00/V05.40 + sdld,  page 4.
Hexadecimal  [32-Bits]

Area                       Addr        Size        Decimal Bytes (Attributes)
--------------------       ----        ----        ------- ----- ------------
_HEADER0               00000000    00000001 =           1. bytes (ABS,CON)

        Value  Global            Value  Global            Value  Global    
        -----  ------            -----  ------            -----  ------    
     00000020  .call_hl 
ASxxxx Linker V03.00/V05.40 + sdld,  page 5.
Hexadecimal  [32-Bits]

Area                       Addr        Size        Decimal Bytes (Attributes)
--------------------       ----        ----        ------- ----- ------------
_HEADER1               00000000    00000005 =           5. bytes (ABS,CON)

        Value  Global            Value  Global            Value  Global    
        -----  ------            -----  ------            -----  ------    
     00000028  .MemsetSm
ASxxxx Linker V03.00/V05.40 + sdld,  page 6.
Hexadecimal  [32-Bits]

Area                       Addr        Size        Decimal Bytes (Attributes)
--------------------       ----        ----        ------- ----- ------------
_HEADER2               00000000    00000007 =           7. bytes (ABS,CON)

        Value  Global            Value  Global            Value  Global    
        -----  ------            -----  ------            -----  ------    
     00000030  .MemcpySm
ASxxxx Linker V03.00/V05.40 + sdld,  page 7.
Hexadecimal  [32-Bits]

Area                       Addr        Size        Decimal Bytes (Attributes)
--------------------       ----        ----        ------- ----- ------------
_HEADER3               00000000    00000008 =           8. bytes (ABS,CON)

        Value  Global            Value  Global            Value  Global    
        -----  ------            -----  ------            -----  ------    
ASxxxx Linker V03.00/V05.40 + sdld,  page 8.
Hexadecimal  [32-Bits]

Area                       Addr        Size        Decimal Bytes (Attributes)
--------------------       ----        ----        ------- ----- ------------
_HEADER4               00000000    00000060 =          96. bytes (ABS,CON)

        Value  Global            Value  Global            Value  Global    
        -----  ------            -----  ------            -----  ------    
     00000080  .int      |    0000008F  _wait_int |    0000009C  __standar
     000000AB  _refresh_ |    000000CC  _set_inte
ASxxxx Linker V03.00/V05.40 + sdld,  page 9.
Hexadecimal  [32-Bits]

Area                       Addr        Size        Decimal Bytes (Attributes)
--------------------       ----        ----        ------- ----- ------------
_HEADER5               00000000    00000001 =           1. bytes (ABS,CON)

        Value  Global            Value  Global            Value  Global    
        -----  ------            -----  ------            -----  ------    
ASxxxx Linker V03.00/V05.40 + sdld,  page 10.
Hexadecimal  [32-Bits]

Area                       Addr        Size        Decimal Bytes (Attributes)
--------------------       ----        ----        ------- ----- ------------
_HEADER6               00000000    00000002 =           2. bytes (ABS,CON)

        Value  Global            Value  Global            Value  Global    
        -----  ------            -----  ------            -----  ------    
ASxxxx Linker V03.00/V05.40 + sdld,  page 11.
Hexadecimal  [32-Bits]

Area                       Addr        Size        Decimal Bytes (Attributes)
--------------------       ----        ----        ------- ----- ------------
_HEADER7               00000000    00000030 =          48. bytes (ABS,CON)

        Value  Global            Value  Global            Value  Global    
        -----  ------            -----  ------            -----  ------    
ASxxxx Linker V03.00/V05.40 + sdld,  page 12.
Hexadecimal  [32-Bits]

Area                       Addr        Size        Decimal Bytes (Attributes)
--------------------       ----        ----        ------- ----- ------------
_HEADER8               00000000    00000006 =           6. bytes (ABS,CON)

        Value  Global            Value  Global            Value  Global    
        -----  ------            -----  ------            -----  ------    
ASxxxx Linker V03.00/V05.40 + sdld,  page 13.
Hexadecimal  [32-Bits]

Area                       Addr        Size        Decimal Bytes (Attributes)
--------------------       ----        ----        ------- ----- ------------
_HEADER9               00000000    00000003 =           3. bytes (ABS,CON)

        Value  Global            Value  Global            Value  Global    
        -----  ------            -----  ------            -----  ------    
ASxxxx Linker V03.00/V05.40 + sdld,  page 14.
Hexadecimal  [32-Bits]

Area                       Addr        Size        Decimal Bytes (Attributes)
--------------------       ----        ----        ------- ----- ------------
_HEADERa               00000000    00000001 =           1. bytes (ABS,CON)

        Value  Global            Value  Global            Value  Global    
        -----  ------            -----  ------            -----  ------    
ASxxxx Linker V03.00/V05.40 + sdld,  page 15.
Hexadecimal  [32-Bits]

Area                       Addr        Size        Decimal Bytes (Attributes)
--------------------       ----        ----        ------- ----- ------------
_HEADERb               00000000    00000001 =           1. bytes (ABS,CON)

        Value  Global            Value  Global            Value  Global    
        -----  ------            -----  ------            -----  ------    
ASxxxx Linker V03.00/V05.40 + sdld,  page 16.
Hexadecimal  [32-Bits]

Area                       Addr        Size        Decimal Bytes (Attributes)
--------------------       ----        ----        ------- ----- ------------
_HEADERc               00000000    00000001 =           1. bytes (ABS,CON)

        Value  Global            Value  Global            Value  Global    
        -----  ------            -----  ------            -----  ------    
ASxxxx Linker V03.00/V05.40 + sdld,  page 17.
Hexadecimal  [32-Bits]

Area                       Addr        Size        Decimal Bytes (Attributes)
--------------------       ----        ----        ------- ----- ------------
_HEADERd               00000000    00000002 =           2. bytes (ABS,CON)

        Value  Global            Value  Global            Value  Global    
        -----  ------            -----  ------            -----  ------    
ASxxxx Linker V03.00/V05.40 + sdld,  page 18.
Hexadecimal  [32-Bits]

Area                       Addr        Size        Decimal Bytes (Attributes)
--------------------       ----        ----        ------- ----- ------------
_HEADERe               00000000    00000001 =           1. bytes (ABS,CON)

        Value  Global            Value  Global            Value  Global    
        -----  ------            -----  ------            -----  ------    
ASxxxx Linker V03.00/V05.40 + sdld,  page 19.
Hexadecimal  [32-Bits]

Area                       Addr        Size        Decimal Bytes (Attributes)
--------------------       ----        ----        ------- ----- ------------
_HEADERf               00000000    00000001 =           1. bytes (ABS,CON)

        Value  Global            Value  Global            Value  Global    
        -----  ------            -----  ------            -----  ------    
ASxxxx Linker V03.00/V05.40 + sdld,  page 20.
Hexadecimal  [32-Bits]

Area                       Addr        Size        Decimal Bytes (Attributes)
--------------------       ----        ----        ------- ----- ------------
_HEADER10              00000000    00000002 =           2. bytes (ABS,CON)

        Value  Global            Value  Global            Value  Global    
        -----  ------            -----  ------            -----  ------    
ASxxxx Linker V03.00/V05.40 + sdld,  page 21.
Hexadecimal  [32-Bits]

Area                       Addr        Size        Decimal Bytes (Attributes)
--------------------       ----        ----        ------- ----- ------------
_HEADER11              00000000    000000AB =         171. bytes (ABS,CON)

        Value  Global            Value  Global            Value  Global    
        -----  ------            -----  ------            -----  ------    
     00000150  .reset    |    00000150  _reset    |    00000157  .code_sta
     000001B9  _exit     |    000001BD  .wait_vbl |    000001BD  _vsync   
     000001BD  _wait_vbl |    000001CD  .remove_V |    000001CD  _remove_V
     000001D0  .remove_i |    000001ED  .add_VBL  |    000001ED  _add_VBL 
     000001F0  .add_int 
ASxxxx Linker V03.00/V05.40 + sdld,  page 22.
Hexadecimal  [32-Bits]

Area                       Addr        Size        Decimal Bytes (Attributes)
--------------------       ----        ----        ------- ----- ------------
_HOME                  0000343C    00000B98 =        2968. bytes (REL,CON)

        Value  Global            Value  Global            Value  Global    
        -----  ------            -----  ------            -----  ------    
     0000343C  .memset_s |    00003445  .memcpy_s |    00003462  .display_
     00003462  _display_ |    0000347A  _render_s |    000034E2  _render_s
     000034F0  _fill_win |    00003502  _rand     |    00003502  _randw   
     0000352D  _initrand |    0000352F  .initrand |    00003538  _font_loa
     0000353F  font_load |    00003587  font_copy |    000035BD  font_set 
     000035CA  .put_char |    000035E2  .out_char |    000035E8  .del_char
     0000363E  _putchar  |    00003647  _setchar  |    00003650  _font_loa
     0000365E  _font_set |    0000366D  _font_ini |    0000368C  .cls     
     0000368C  _cls      |    000036AE  _gotoxy   |    000036B9  _posx    
     000036CA  _posy     |    000036F2  .cr_curs  |    00003707  .adv_curs
     00003763  .tmode    |    00003780  .tmode_ou |    00003789  _font_col
     00003794  _set_tile |    00003799  _set_bkg_ |    00003799  _set_win_
     000037A1  _set_spri |    000037D1  .fill_rec |    000037DA  .fill_rec
     00003827  __modulon |    000038C4  .padup    |    000038C4  _waitpadu
     000038D4  .jpad     |    000038D4  _joypad   |    000038FC  _waitpad 
     000038FD  .wait_pad |    00003904  _fill_bkg |    00003916  _color   
     00003916  _set_1bpp |    00003925  _memset   |    00003958  .drawing_
     00003975  _font_ibm |    00003D56  .add_LCD  |    00003D56  _add_LCD 
     00003D5C  .remove_L |    00003D5C  _remove_L |    00003D62  ___sdcc_b
     00003D76  __mullong |    00003E5D  _set_bkg_ |    00003E71  _set_bkg_
     00003E71  _set_win_ |    00003E79  _set_spri |    00003ED1  .set_xy_w
     00003EDA  .set_xy_b |    00003EE9  .set_xy_t |    00003F2D  _uitoa   
     00003F3C  _itoa     |    00003F4B  .itoa     |    00003F5F  .utoa    
     00003FD3  ___sdcc_c
ASxxxx Linker V03.00/V05.40 + sdld,  page 23.
Hexadecimal  [32-Bits]

Area                       Addr        Size        Decimal Bytes (Attributes)
--------------------       ----        ----        ------- ----- ------------
_INITIALIZER           00003FD4    0000001A =          26. bytes (REL,CON)

        Value  Global            Value  Global            Value  Global    
        -----  ------            -----  ------            -----  ------    
ASxxxx Linker V03.00/V05.40 + sdld,  page 24.
Hexadecimal  [32-Bits]

Area                       Addr        Size        Decimal Bytes (Attributes)
--------------------       ----        ----        ------- ----- ------------
_GSINIT                00003FEE    0000000C =          12. bytes (REL,CON)

        Value  Global            Value  Global            Value  Global    
        -----  ------            -----  ------            -----  ------    
     00003FEE  gsinit   
ASxxxx Linker V03.00/V05.40 + sdld,  page 25.
Hexadecimal  [32-Bits]

Area                       Addr        Size        Decimal Bytes (Attributes)
--------------------       ----        ----        ------- ----- ------------
_GSFINAL               00003FFA    00000001 =           1. bytes (REL,CON)

        Value  Global            Value  Global            Value  Global    
        -----  ------            -----  ------            -----  ------    
ASxxxx Linker V03.00/V05.40 + sdld,  page 26.
Hexadecimal  [32-Bits]

Area                       Addr        Size        Decimal Bytes (Attributes)
--------------------       ----        ----        ------- ----- ------------
_DATA                  0000C0A0    00001C7E =        7294. bytes (REL,CON)

        Value  Global            Value  Global            Value  Global    
        -----  ------            -----  ------            -----  ------    
     0000C0A0  __cpu     |    0000C0A1  __is_GBA  |    0000C0A2  .mode    
     0000C0A3  .sys_time |    0000C0A3  _sys_time |    0000C0A5  .int_0x40
     0000C0B1  _enemy_de |    0000C0DB  _enemy_de |    0000C163  _next_sta
     0000C164  _pending_ |    0000C165  _gameplay |    0000C166  _player_x
     0000C168  _player_c |    0000C169  _floor_bi |    0000C16A  _g_player
     0000C16B  _g_player |    0000C16C  _g_prev_j |    0000C16D  _g_run_en
     0000C16F  _look_cx  |    0000C170  _look_cy  |    0000C171  _selected
     0000C172  _belt_slo |    0000C176  _witch_sh |    0000C177  _zerker_w
     0000C178  _knight_s |    0000C179  _scoundre |    0000C17A  _scoundre
     0000C17B  _scoundre |    0000C17C  _enemy_al |    0000C198  _dead_ene
     0000C1B4  _dead_ene |    0000C1B5  _inventor |    0000C1C5  _ground_i
     0000C1CD  _ground_i |    0000C1D5  _ground_i |    0000C1DD  _pending_
     0000C1DE  _lcd_game |    0000C1DF  _lcd_shak |    0000C1E0  _lcd_shak
     0000C63C  _ui_loadi |    0000C63D  _ui_load_ |    0000C63E  _floor_bi
     0000CABE  _pit_bits |    0000CF3E  _explored |    0000D3BE  _nav_node
     0000D4DE  _num_nav_ |    0000D4DF  _wall_til |    0000D4E0  _wall_pal
     0000D4E1  _pillar_p |    0000D4E2  _active_m |    0000D4E3  _active_m
     0000D4E4  _player_s |    0000D4E5  _player_s |    0000D4E6  _floor_co
     0000D4E9  _brazier_ |    0000D4EA  _brazier_ |    0000D4FE  _brazier_
     0000D512  _brazier_ |    0000D529  _enemy_x  |    0000D545  _enemy_y 
     0000D561  _enemy_ty |    0000D57D  _enemy_hp |    0000D599  _num_enem
     0000D59A  _corpse_x |    0000D5B6  _corpse_y |    0000D5D2  _corpse_t
     0000D5EE  _num_corp |    0000D5EF  _enemy_oc |    0000DBEF  _enemy_an
     0000DBF0  _enemy_at |    0000DC0C  _enemy_at |    0000DC0D  _enemy_fo
     0000DC82  _camera_p |    0000DC84  _camera_p |    0000DCFE  ___rand_s
     0000DD00  font_curr |    0000DD03  font_firs |    0000DD04  font_tabl
     0000DD16  .int_0x48
ASxxxx Linker V03.00/V05.40 + sdld,  page 27.
Hexadecimal  [32-Bits]

Area                       Addr        Size        Decimal Bytes (Attributes)
--------------------       ----        ----        ------- ----- ------------
_INITIALIZED           0000DD1E    0000001A =          26. bytes (REL,CON)

        Value  Global            Value  Global            Value  Global    
        -----  ------            -----  ------            -----  ------    
     0000DD26  _current_ |    0000DD27  _player_h |    0000DD28  _player_h
     0000DD29  _player_l |    0000DD2A  _player_d |    0000DD2B  _floor_nu
     0000DD2C  _run_seed |    0000DD2E  _scoundre |    0000DD31  _ui_panel
     0000DD32  .curx     |    0000DD33  .cury     |    0000DD34  .fg_colou
     0000DD34  __current |    0000DD35  .bg_colou |    0000DD36  .draw_mod
     0000DD37  __map_til
ASxxxx Linker V03.00/V05.40 + sdld,  page 28.
Hexadecimal  [32-Bits]

Area                       Addr        Size        Decimal Bytes (Attributes)
--------------------       ----        ----        ------- ----- ------------
_HRAM                  0000FF80    00000013 =          19. bytes (REL,CON)

        Value  Global            Value  Global            Value  Global    
        -----  ------            -----  ------            -----  ------    
     0000FF80  .refresh_ |    0000FF90  __current |    0000FF91  __vbl_don
     0000FF92  __shadow_
ASxxxx Linker V03.00/V05.40 + sdld,  page 29.
Hexadecimal  [32-Bits]

Area                       Addr        Size        Decimal Bytes (Attributes)
--------------------       ----        ----        ------- ----- ------------
_CODE_1                00014000    00001108 =        4360. bytes (REL,CON)

        Value  Global            Value  Global            Value  Global    
        -----  ------            -----  ------            -----  ------    
     00014000  ___func_t |    00014000  _tileset_ |    00014008  _tileset_
     00015008  _tileset_
ASxxxx Linker V03.00/V05.40 + sdld,  page 30.
Hexadecimal  [32-Bits]

Area                       Addr        Size        Decimal Bytes (Attributes)
--------------------       ----        ----        ------- ----- ------------
_CODE_2                00024000    00003AAB =       15019. bytes (REL,CON)

        Value  Global            Value  Global            Value  Global    
        -----  ------            -----  ------            -----  ------    
     00024000  _wall_ort |    000241B5  _tile_at  |    00024245  _map_pit_
     00024255  _ground_i |    0002428D  _ground_i |    000242AD  _set_floo
     000242FF  _set_pit  |    0002435B  _is_walka |    0002439E  _tile_cha
     000243AC  _tile_vra |    000243C0  _tile_pal |    000243CD  _floor_gr
     000243E5  _floor_ti |    000244E2  _floor_ti |    000248D7  _nearest_
     00024963  _nav_next |    00024AEF  _generate |    00024FF0  ___func_l
     00024FF0  _level_ge |    00025424  _enemy_gr |    00025470  _enemy_pl
     000255B2  _enemy_cl |    0002565F  _corpse_p |    0002576A  _corpse_c
     000257E5  _enemy_ty |    00025876  _enemy_ef |    000258C0  _enemy_ef
     0002590B  _enemy_an |    00025919  _enemy_an |    00025995  _enemy_at
     00025A06  _corpse_s |    00025A7E  _corpse_a |    00025A8A  _corpse_d
     00025A99  _spawn_en |    00025BAB  _enemy_se |    00025BC3  _enemy_ge
     00025F26  _enemy_re |    00026059  _move_ene |    00026469  ___func_s
     00026469  _state_ga |    000264C7  ___func_s |    000264C7  _state_ga
     00026C00  ___func_c |    00026C00  _camera_i |    00026E7A  _camera_s
     00027303  _camera_s |    00027352  _apply_wa |    000275F2  ___func_l
     000275F2  _load_pal |    000276D6  _draw_cel |    0002772A  _draw_col
     00027764  _draw_row |    0002779B  _draw_ui_ |    000277A3  _draw_gam
     000277B2  _draw_scr |    00027831  _draw_gam |    0002784E  _draw_ene
     00027851  _wall_pal |    000279ED  ___func_c |    000279ED  _class_pa
     00027A28  _class_pa |    00027A3F  ___func_l |    00027A3F  _level_in
ASxxxx Linker V03.00/V05.40 + sdld,  page 31.
Hexadecimal  [32-Bits]

Area                       Addr        Size        Decimal Bytes (Attributes)
--------------------       ----        ----        ------- ----- ------------
_CODE_3                00034000    00001252 =        4690. bytes (REL,CON)

        Value  Global            Value  Global            Value  Global    
        -----  ------            -----  ------            -----  ------    
     0003428C  ___func_s |    0003428C  _scoundre |    0003430F  ___func_s
     0003430F  _scoundre |    00034403  ___func_s |    00034403  _scoundre
     0003450E  ___func_s |    0003450E  _scoundre |    0003492F  ___func_s
     0003492F  _state_ch |    00034C41  ___func_s |    00034C41  _state_in
     00034CBD  ___func_s |    00034CBD  _state_in |    00034E9C  ___func_s
     00034E9C  _state_pi |    00034EE9  ___func_s |    00034EE9  _state_pi
     00034F7B  ___func_s |    00034F7B  _state_st |    0003504E  ___func_s
     0003504E  _state_st |    00035079  ___func_s |    00035079  _state_ga
     00035125  ___func_s |    00035125  _state_ab |    00035187  ___func_s
     00035187  _state_ab |    000351A0  ___func_s |    000351A0  _state_tr
     000351FF  ___func_s |    000351FF  _state_ti
ASxxxx Linker V03.00/V05.40 + sdld,  page 32.
Hexadecimal  [32-Bits]

Area                       Addr        Size        Decimal Bytes (Attributes)
--------------------       ----        ----        ------- ----- ------------
_CODE_4                00044000    00000B9B =        2971. bytes (REL,CON)

        Value  Global            Value  Global            Value  Global    
        -----  ------            -----  ------            -----  ------    
     00044000  ___func_b |    00044000  _bwv1043_ |    00044132  _bwv1043_
     000446AE  _bwv1043_
ASxxxx Linker V03.00/V05.40 + sdld,  page 33.
Hexadecimal  [32-Bits]

Area                       Addr        Size        Decimal Bytes (Attributes)
--------------------       ----        ----        ------- ----- ------------
_CODE_5                00054000    0000394F =       14671. bytes (REL,CON)

        Value  Global            Value  Global            Value  Global    
        -----  ------            -----  ------            -----  ------    
     00054000  ___func_u |    000547B6  _ui_comba |    000547C1  _ui_comba
     000548A1  _ui_comba |    000548B6  _ui_push_ |    00054A9C  _ui_push_
     00054CA5  _ui_push_ |    00054E79  _ui_push_ |    00054F7E  _ui_comba
     00054FC0  _seed_wor |    00055010  _seed_wor |    00055060  _seed_wor
     00055CAB  _run_seed |    00055D28  _ui_game_ |    00055D69  _window_u
     00055DB9  _window_u |    00055DC0  _ui_loadi |    00055E14  _ui_loadi
     00055E2D  _ui_draw_ |    00055E60  _ui_draw_ |    00055EE9  _ui_panel
     00055EEE  _ui_panel |    00055EFE  _ui_panel |    00055F0A  _ui_panel
     000562B7  _title_sc |    000563FB  ___func_b |    000563FB  _bwv527_d
     0005653C  _bwv527_m |    000570FD  _bwv527_b
ASxxxx Linker V03.00/V05.40 + sdld,  page 34.
Hexadecimal  [32-Bits]

Area                       Addr        Size        Decimal Bytes (Attributes)
--------------------       ----        ----        ------- ----- ------------
_CODE_6                00064000    0000007A =         122. bytes (REL,CON)

        Value  Global            Value  Global            Value  Global    
        -----  ------            -----  ------            -----  ------    
     00064033  ___func_a |    00064033  _ability_
ASxxxx Linker V03.00/V05.40 + sdld,  page 35.
Hexadecimal  [32-Bits]

Area                       Addr        Size        Decimal Bytes (Attributes)
--------------------       ----        ----        ------- ----- ------------
_CODE_7                00074000    00000060 =          96. bytes (REL,CON)

        Value  Global            Value  Global            Value  Global    
        -----  ------            -----  ------            -----  ------    
     00074033  ___func_a |    00074033  _ability_
ASxxxx Linker V03.00/V05.40 + sdld,  page 36.
Hexadecimal  [32-Bits]

Area                       Addr        Size        Decimal Bytes (Attributes)
--------------------       ----        ----        ------- ----- ------------
_CODE_8                00084000    000001AE =         430. bytes (REL,CON)

        Value  Global            Value  Global            Value  Global    
        -----  ------            -----  ------            -----  ------    
     0008418D  ___func_a |    0008418D  _ability_
ASxxxx Linker V03.00/V05.40 + sdld,  page 37.
Hexadecimal  [32-Bits]

Area                       Addr        Size        Decimal Bytes (Attributes)
--------------------       ----        ----        ------- ----- ------------
_CODE_9                00094000    00000203 =         515. bytes (REL,CON)

        Value  Global            Value  Global            Value  Global    
        -----  ------            -----  ------            -----  ------    
     000941E2  ___func_a |    000941E2  _ability_
ASxxxx Linker V03.00/V05.40 + sdld,  page 38.
Hexadecimal  [32-Bits]

Area                       Addr        Size        Decimal Bytes (Attributes)
--------------------       ----        ----        ------- ----- ------------
_CODE_10               000A4000    00000042 =          66. bytes (REL,CON)

        Value  Global            Value  Global            Value  Global    
        -----  ------            -----  ------            -----  ------    
     000A4000  ___func_b |    000A4000  _biome_du
ASxxxx Linker V03.00/V05.40 + sdld,  page 39.
Hexadecimal  [32-Bits]

Area                       Addr        Size        Decimal Bytes (Attributes)
--------------------       ----        ----        ------- ----- ------------
_CODE_11               000B4000    0000002D =          45. bytes (REL,CON)

        Value  Global            Value  Global            Value  Global    
        -----  ------            -----  ------            -----  ------    
     000B4000  ___func_b |    000B4000  _biome_cr
ASxxxx Linker V03.00/V05.40 + sdld,  page 40.
Hexadecimal  [32-Bits]

Area                       Addr        Size        Decimal Bytes (Attributes)
--------------------       ----        ----        ------- ----- ------------
_CODE_12               000C4000    00000034 =          52. bytes (REL,CON)

        Value  Global            Value  Global            Value  Global    
        -----  ------            -----  ------            -----  ------    
     000C4000  ___func_b |    000C4000  _biome_ca
ASxxxx Linker V03.00/V05.40 + sdld,  page 41.
Hexadecimal  [32-Bits]

Area                       Addr        Size        Decimal Bytes (Attributes)
--------------------       ----        ----        ------- ----- ------------
_CODE_13               000D4000    00000241 =         577. bytes (REL,CON)

        Value  Global            Value  Global            Value  Global    
        -----  ------            -----  ------            -----  ------    
     000D4000  _items_ki |    000D403C  _items_ki |    000D4053  _items_ki
     000D40AB  _inventor |    000D40CA  _inventor |    000D40E1  _inventor
     000D40F3  _inventor |    000D410E  _inventor |    000D4138  _items_us
ASxxxx Linker V03.00/V05.40 + sdld,  page 42.
Hexadecimal  [32-Bits]

Area                       Addr        Size        Decimal Bytes (Attributes)
--------------------       ----        ----        ------- ----- ------------
_FONT_HEADER0          00000000    00000003 =           3. bytes (ABS,CON)

        Value  Global            Value  Global            Value  Global    
        -----  ------            -----  ------            -----  ------    
ASxxxx Linker V03.00/V05.40 + sdld,  page 43.
Hexadecimal  [32-Bits]

Area                       Addr        Size        Decimal Bytes (Attributes)
--------------------       ----        ----        ------- ----- ------------
_HEADER_LCD0           00000000    00000003 =           3. bytes (ABS,CON)

        Value  Global            Value  Global            Value  Global    
        -----  ------            -----  ------            -----  ------    
ASxxxx Linker V03.00/V05.40 + sdld,  page 44.

Files Linked                              [ module(s) ]

./gbdk/lib/gb/crt0.o                      [ Runtime ]
obj/gbc/ability_dispatch.rel              [ ability_dispatch ]
obj/gbc/biome.rel                         [ biome ]
obj/gbc/combat.rel                        [ combat ]
obj/gbc/debug_bank.rel                    [ debug_bank ]
obj/gbc/entity_sprites.rel                [ entity_sprites ]
obj/gbc/globals.rel                       [ globals ]
obj/gbc/lcd.rel                           [ lcd ]
obj/gbc/lighting.rel                      [ lighting ]
obj/gbc/main.rel                          [ main ]
obj/gbc/music.rel                         [ music ]
obj/gbc/perf.rel                          [ perf ]
obj/gbc/seed_entropy.rel                  [ seed_entropy ]
obj/gbc/targeting.rel                     [ targeting ]
obj/gbc/tileset_io.rel                    [ tileset_io ]
obj/gbc/title_logo.rel                    [ title_logo ]
obj/gbc/ui_loading_isr.rel                [ ui_loading_isr ]
obj/gbc/tileset.rel                       [ tileset ]
obj/gbc/map.rel                           [ map ]
obj/gbc/enemy.rel                         [ enemy ]
obj/gbc/state_gameplay.rel                [ state_gameplay ]
obj/gbc/camera.rel                        [ camera ]
obj/gbc/render.rel                        [ render ]
obj/gbc/wall_palettes.rel                 [ wall_palettes ]
obj/gbc/class_palettes.rel                [ class_palettes ]
obj/gbc/level_init.rel                    [ level_init ]
obj/gbc/scoundrel_fox.rel                 [ scoundrel_fox ]
obj/gbc/state_char_create.rel             [ state_char_create ]
obj/gbc/state_inventory.rel               [ state_inventory ]
obj/gbc/state_pickup.rel                  [ state_pickup ]
obj/gbc/state_stats.rel                   [ state_stats ]
obj/gbc/state_game_over.rel               [ state_game_over ]
obj/gbc/state_ability.rel                 [ state_ability ]
obj/gbc/state_transition.rel              [ state_transition ]
obj/gbc/state_title.rel                   [ state_title ]
obj/gbc/bwv1043_music.rel                 [ bwv1043_music ]
obj/gbc/ui.rel                            [ ui ]
obj/gbc/bwv527_music.rel                  [ bwv527_music ]
obj/gbc/abilities_knight.rel              [ abilities_knight ]
obj/gbc/abilities_scoundrel.rel           [ abilities_scoundrel ]
obj/gbc/abilities_witch.rel               [ abilities_witch ]
obj/gbc/abilities_zerker.rel              [ abilities_zerker ]
obj/gbc/biome_dungeon.rel                 [ biome_dungeon ]
obj/gbc/biome_crypt.rel                   [ biome_crypt ]
obj/gbc/biome_cavern.rel                  [ biome_cavern ]
obj/gbc/items.rel                         [ items ]


Libraries Linked                          [ object file ]

./gbdk/lib/gb/gb.lib                      [ fill_rect_wi.o ]
./gbdk/lib/gb/gb.lib                      [ sfr.o ]
./gbdk/lib/sm83/sm83.lib                  [ div.o ]
./gbdk/lib/sm83/sm83.lib                  [ rand.o ]
./gbdk/lib/gb/gb.lib                      [ font.o ]
./gbdk/lib/gb/gb.lib                      [ cgb_palettes.o ]
./gbdk/lib/gb/gb.lib                      [ font_color.o ]
./gbdk/lib/sm83/sm83.lib                  [ mul.o ]
./gbdk/lib/gb/gb.lib                      [ set_data.o ]
./gbdk/lib/gb/gb.lib                      [ set_tile.o ]
./gbdk/lib/gb/gb.lib                      [ fill_rect.o ]
./gbdk/lib/sm83/sm83.lib                  [ _modulong.o ]
./gbdk/lib/gb/gb.lib                      [ pad.o ]
./gbdk/lib/gb/gb.lib                      [ fill_rect_bk.o ]
./gbdk/lib/gb/gb.lib                      [ color.o ]
./gbdk/lib/sm83/sm83.lib                  [ memcpy.o ]
./gbdk/lib/sm83/sm83.lib                  [ _memset.o ]
./gbdk/lib/gb/gb.lib                      [ drawing_isr.o ]
./gbdk/lib/gb/gb.lib                      [ f_ibm_sh.o ]
./gbdk/lib/gb/gb.lib                      [ lcd.o ]
./gbdk/lib/gb/gb.lib                      [ ___sdcc_bcall_ehl.o ]
./gbdk/lib/sm83/sm83.lib                  [ printf.o ]
./gbdk/lib/gb/gb.lib                      [ cgb.o ]
./gbdk/lib/sm83/sm83.lib                  [ _mullong.o ]
./gbdk/lib/gb/gb.lib                      [ cgb_compat.o ]
./gbdk/lib/gb/gb.lib                      [ set_bk_t.o ]
./gbdk/lib/gb/gb.lib                      [ set_1bit_data.o ]
./gbdk/lib/sm83/sm83.lib                  [ sprintf.o ]
./gbdk/lib/gb/gb.lib                      [ set_xy_t.o ]
./gbdk/lib/sm83/sm83.lib                  [ itoa.o ]
./gbdk/lib/sm83/sm83.lib                  [ __sdcc_call_hl.o ]

ASxxxx Linker V03.00/V05.40 + sdld,  page 45.

User Base Address Definitions

_DATA=0xC0A0
_CODE=0x0200
_HRAM=0xFF80
ASxxxx Linker V03.00/V05.40 + sdld,  page 46.

User Global Definitions

_shadow_OAM=0xC000
.STACK=0xE000

