ASxxxx Linker V03.00/V05.40 + sdld,  page 1.
Hexadecimal  [32-Bits]

Area                       Addr        Size        Decimal Bytes (Attributes)
--------------------       ----        ----        ------- ----- ------------
.  .ABS.               00000000    00000000 =           0. bytes (ABS,CON)

        Value  Global            Value  Global            Value  Global    
        -----  ------            -----  ------            -----  ------    
     00000000  .__.ABS.  |    00000000  _rMBC7_SR |    00000000  _rRAMG   
     00000000  l__BASE   |    00000000  l__BSS    |    00000000  l__CABS  
     00000000  l__CODE_0 |    00000000  l__DABS   |    00000000  l__FONT_H
     00000000  l__HEADER |    00000000  l__HEADER |    00000000  l__HEAP  
     00000000  l__HEAP_E |    00000000  l__LIT    |    00000000  s__CABS  
     00000000  s__DABS   |    00000000  s__FONT_H |    00000000  s__FONT_H
     00000000  s__HEADER |    00000000  s__HEADER |    00000000  s__HEADER
     00000000  s__HEADER |    00000000  s__HEADER |    00000000  s__HEADER
     00000000  s__HEADER |    00000000  s__HEADER |    00000000  s__HEADER
     00000000  s__HEADER |    00000000  s__HEADER |    00000000  s__HEADER
     00000000  s__HEADER |    00000000  s__HEADER |    00000000  s__HEADER
     00000000  s__HEADER |    00000000  s__HEADER |    00000000  s__HEADER
     00000000  s__HEADER |    00000000  s__HEADER |    00000000  s__HEADER
     00000001  ___bank_s |    00000001  ___bank_s |    00000001  ___bank_s
     00000001  ___bank_s |    00000001  ___bank_t |    00000001  b_state_c
     00000001  b_state_g |    00000001  b_state_t |    00000001  b_state_t
     00000001  l__GSFINA |    00000001  l__HEADER |    00000001  l__HEADER
     00000001  l__HEADER |    00000001  l__HEADER |    00000001  l__HEADER
     00000001  l__HEADER |    00000001  l__HEADER |    00000002  ___bank_b
     00000002  ___bank_c |    00000002  ___bank_l |    00000002  ___bank_l
     00000002  ___bank_l |    00000002  ___bank_s |    00000002  ___bank_s
     00000002  b_camera_ |    00000002  b_camera_ |    00000002  b_camera_
     00000002  b_level_g |    00000002  b_level_i |    00000002  b_load_pa
     00000002  b_state_g |    00000002  b_state_g |    00000002  l__HEADER
     00000002  l__HEADER |    00000002  l__HEADER |    00000003  ___bank_s
     00000003  ___bank_s |    00000003  ___bank_s |    00000003  ___bank_s
     00000003  ___bank_s |    00000003  ___bank_s |    00000003  b_state_a
     00000003  b_state_a |    00000003  b_state_i |    00000003  b_state_i
     00000003  b_state_s |    00000003  b_state_s |    00000003  l__FONT_H
     00000003  l__HEADER |    00000003  l__HEADER |    00000005  l__HEADER
     00000006  l__HEADER |    00000007  l__HEADER |    00000008  l__HEADER
     0000000C  l__GSINIT |    00000013  l__HRAM   |    00000029  l__INITIA
     00000029  l__INITIA |    00000030  l__HEADER |    00000060  l__HEADER
     000000AB  l__HEADER |    000001F6  l__CODE_3 |    00000200  s__CODE  
     00000BA6  l__HOME   |    000013F9  l__CODE_1 |    00001ACC  l__DATA  
     00002000  _rROMB0   |    00003000  _rROMB1   |    000031E0  l__CODE  
     000033E0  s__HOME   |    00003F02  l__CODE_2 |    00003F86  s__BASE  
     00003F86  s__CODE_0 |    00003F86  s__INITIA |    00003F86  s__LIT   
     00003FAF  s__GSINIT |    00003FBB  s__GSFINA |    00004000  _rMBC7_SR
     00004000  _rRAMB    |    00008000  __VRAM    |    00008000  __VRAM800
     00008800  __VRAM880 |    00009000  __VRAM900 |    00009800  __SCRN0  
     00009C00  __SCRN1   |    0000A000  __SRAM    |    0000A000  _rMBC7_LA
     0000A010  _rMBC7_LA |    0000A020  _rMBC7_AC |    0000A030  _rMBC7_AC
     0000A040  _rMBC7_AC |    0000A050  _rMBC7_AC |    0000C000  __RAM    
     0000C000  _shadow_O |    0000C0A0  s__DATA   |    0000D000  __RAMBANK
     0000DB6C  s__BSS    |    0000DB6C  s__INITIA |    0000DB95  s__HEAP  
     0000DB95  s__HEAP_E |    0000E000  .STACK    |    0000FE00  __OAMRAM 
     0000FF00  _P1_REG   |    0000FF00  __IO      |    0000FF01  _SB_REG  
     0000FF02  _SC_REG   |    0000FF04  _DIV_REG  |    0000FF05  _TIMA_REG
     0000FF06  _TMA_REG  |    0000FF07  _TAC_REG  |    0000FF0F  _IF_REG  
ASxxxx Linker V03.00/V05.40 + sdld,  page 2.
Hexadecimal  [32-Bits]

Area                       Addr        Size        Decimal Bytes (Attributes)
--------------------       ----        ----        ------- ----- ------------
.  .ABS.               00000000    00000000 =           0. bytes (ABS,CON)

        Value  Global            Value  Global            Value  Global    
        -----  ------            -----  ------            -----  ------    
     0000FF10  _NR10_REG |    0000FF11  _NR11_REG |    0000FF12  _NR12_REG
     0000FF13  _NR13_REG |    0000FF14  _NR14_REG |    0000FF16  _NR21_REG
     0000FF17  _NR22_REG |    0000FF18  _NR23_REG |    0000FF19  _NR24_REG
     0000FF1A  _NR30_REG |    0000FF1B  _NR31_REG |    0000FF1C  _NR32_REG
     0000FF1D  _NR33_REG |    0000FF1E  _NR34_REG |    0000FF20  _NR41_REG
     0000FF21  _NR42_REG |    0000FF22  _NR43_REG |    0000FF23  _NR44_REG
     0000FF24  _NR50_REG |    0000FF25  _NR51_REG |    0000FF26  _NR52_REG
     0000FF30  _AUD3WAVE |    0000FF30  _PCM_SAMP |    0000FF30  __AUD3WAV
     0000FF40  _LCDC_REG |    0000FF41  _STAT_REG |    0000FF42  _SCY_REG 
     0000FF43  _SCX_REG  |    0000FF44  _LY_REG   |    0000FF45  _LYC_REG 
     0000FF46  _DMA_REG  |    0000FF47  _BGP_REG  |    0000FF48  _OBP0_REG
     0000FF49  _OBP1_REG |    0000FF4A  _WY_REG   |    0000FF4B  _WX_REG  
     0000FF4D  _KEY1_REG |    0000FF4F  _VBK_REG  |    0000FF51  _HDMA1_RE
     0000FF52  _HDMA2_RE |    0000FF53  _HDMA3_RE |    0000FF54  _HDMA4_RE
     0000FF55  _HDMA5_RE |    0000FF56  _RP_REG   |    0000FF68  _BCPS_REG
     0000FF69  _BCPD_REG |    0000FF6A  _OCPS_REG |    0000FF6B  _OCPD_REG
     0000FF70  _SVBK_REG |    0000FF76  _PCM12_RE |    0000FF77  _PCM34_RE
     0000FF80  __HRAM    |    0000FF80  s__HRAM   |    0000FFFF  _IE_REG  
     00014000  s__CODE_1 |    00024000  s__CODE_2 |    00034000  s__CODE_3
ASxxxx Linker V03.00/V05.40 + sdld,  page 3.
Hexadecimal  [32-Bits]

Area                       Addr        Size        Decimal Bytes (Attributes)
--------------------       ----        ----        ------- ----- ------------
_CODE                  00000200    000031E0 =       12768. bytes (REL,CON)

        Value  Global            Value  Global            Value  Global    
        -----  ------            -----  ------            -----  ------    
     000003ED  _entity_s |    0000045B  _entity_s |    00000480  _entity_s
     00000661  _entity_s |    000007A4  _entity_s |    000007B1  _entity_s
     000007C2  _entity_s |    000007CC  _entity_s |    000007CF  _entity_s
     00000816  _entity_s |    0000086D  _entity_s |    00000B97  _entity_s
     00000C9C  _entity_s |    00000EC6  _lcd_init |    00000EDD  _lcd_clea
     00000F49  _lighting |    00000F5E  _lighting |    00001136  _lighting
     00001179  _main     |    0000174D  _sfx_lung |    00001750  _music_pl
     00001779  _music_pl |    000017A5  _music_lo |    000017C5  _music_pl
     0000181C  _music_in |    00001846  _seed_ent |    000018C7  _seed_ent
     00001903  _seed_ent |    00001DFC  _ui_comba |    00001E24  _ui_comba
     00001EFA  _seed_wor |    00001F4A  _seed_wor |    00001F9A  _seed_wor
     0000273F  _run_seed |    000027B9  _window_u |    000027ED  _window_u
     000027F4  _ui_loadi |    0000282D  _ui_loadi |    00002881  _ui_loadi
     0000289A  _ui_draw_ |    000028BB  _ui_draw_ |    0000293B  _ui_panel
     00002940  _ui_panel |    00002949  _ui_panel |    00002CF4  _title_sc
     00002E25  __divsuch |    00002E2B  __modsuch |    00002E34  __divusch
     00002E3D  __modusch |    00002E49  __divscha |    00002E4E  __modscha
     00002E55  __divsint |    00002E5E  __modsint |    00002E6A  __divucha
     00002E6F  __moducha |    00002E76  __divuint |    00002E7F  __moduint
     00002E8B  .div8     |    00002E8B  .mod8     |    00002E93  .div16   
     00002E93  .mod16    |    00002EC9  .divu8    |    00002EC9  .modu8   
     00002ECC  .divu16   |    00002ECC  .modu16   |    00002F0C  _set_spri
     00002F11  _set_bkg_ |    00002F14  .set_pale |    00002F33  _set_spri
     00002F38  _set_bkg_ |    00002F3B  .set_pale |    00002F57  __mulsuch
     00002F5A  __mulusch |    00002F63  __mulscha |    00002F6B  __mulint 
     00002F8A  __mulucha |    00002F9C  _set_vram |    00002FA5  _set_win_
     00002FAE  _set_bkg_ |    00002FDD  _printf   |    00002FF2  _cpu_slow
     0000300D  _cpu_fast |    00003014  _cgb_comp |    00003014  _set_defa
     00003064  ___printf |    000033C1  _sprintf 
ASxxxx Linker V03.00/V05.40 + sdld,  page 4.
Hexadecimal  [32-Bits]

Area                       Addr        Size        Decimal Bytes (Attributes)
--------------------       ----        ----        ------- ----- ------------
_HEADER0               00000000    00000001 =           1. bytes (ABS,CON)

        Value  Global            Value  Global            Value  Global    
        -----  ------            -----  ------            -----  ------    
     00000020  .call_hl 
ASxxxx Linker V03.00/V05.40 + sdld,  page 5.
Hexadecimal  [32-Bits]

Area                       Addr        Size        Decimal Bytes (Attributes)
--------------------       ----        ----        ------- ----- ------------
_HEADER1               00000000    00000005 =           5. bytes (ABS,CON)

        Value  Global            Value  Global            Value  Global    
        -----  ------            -----  ------            -----  ------    
     00000028  .MemsetSm
ASxxxx Linker V03.00/V05.40 + sdld,  page 6.
Hexadecimal  [32-Bits]

Area                       Addr        Size        Decimal Bytes (Attributes)
--------------------       ----        ----        ------- ----- ------------
_HEADER2               00000000    00000007 =           7. bytes (ABS,CON)

        Value  Global            Value  Global            Value  Global    
        -----  ------            -----  ------            -----  ------    
     00000030  .MemcpySm
ASxxxx Linker V03.00/V05.40 + sdld,  page 7.
Hexadecimal  [32-Bits]

Area                       Addr        Size        Decimal Bytes (Attributes)
--------------------       ----        ----        ------- ----- ------------
_HEADER3               00000000    00000008 =           8. bytes (ABS,CON)

        Value  Global            Value  Global            Value  Global    
        -----  ------            -----  ------            -----  ------    
ASxxxx Linker V03.00/V05.40 + sdld,  page 8.
Hexadecimal  [32-Bits]

Area                       Addr        Size        Decimal Bytes (Attributes)
--------------------       ----        ----        ------- ----- ------------
_HEADER4               00000000    00000060 =          96. bytes (ABS,CON)

        Value  Global            Value  Global            Value  Global    
        -----  ------            -----  ------            -----  ------    
     00000080  .int      |    0000008F  _wait_int |    0000009C  __standar
     000000AB  _refresh_ |    000000CC  _set_inte
ASxxxx Linker V03.00/V05.40 + sdld,  page 9.
Hexadecimal  [32-Bits]

Area                       Addr        Size        Decimal Bytes (Attributes)
--------------------       ----        ----        ------- ----- ------------
_HEADER5               00000000    00000001 =           1. bytes (ABS,CON)

        Value  Global            Value  Global            Value  Global    
        -----  ------            -----  ------            -----  ------    
ASxxxx Linker V03.00/V05.40 + sdld,  page 10.
Hexadecimal  [32-Bits]

Area                       Addr        Size        Decimal Bytes (Attributes)
--------------------       ----        ----        ------- ----- ------------
_HEADER6               00000000    00000002 =           2. bytes (ABS,CON)

        Value  Global            Value  Global            Value  Global    
        -----  ------            -----  ------            -----  ------    
ASxxxx Linker V03.00/V05.40 + sdld,  page 11.
Hexadecimal  [32-Bits]

Area                       Addr        Size        Decimal Bytes (Attributes)
--------------------       ----        ----        ------- ----- ------------
_HEADER7               00000000    00000030 =          48. bytes (ABS,CON)

        Value  Global            Value  Global            Value  Global    
        -----  ------            -----  ------            -----  ------    
ASxxxx Linker V03.00/V05.40 + sdld,  page 12.
Hexadecimal  [32-Bits]

Area                       Addr        Size        Decimal Bytes (Attributes)
--------------------       ----        ----        ------- ----- ------------
_HEADER8               00000000    00000006 =           6. bytes (ABS,CON)

        Value  Global            Value  Global            Value  Global    
        -----  ------            -----  ------            -----  ------    
ASxxxx Linker V03.00/V05.40 + sdld,  page 13.
Hexadecimal  [32-Bits]

Area                       Addr        Size        Decimal Bytes (Attributes)
--------------------       ----        ----        ------- ----- ------------
_HEADER9               00000000    00000003 =           3. bytes (ABS,CON)

        Value  Global            Value  Global            Value  Global    
        -----  ------            -----  ------            -----  ------    
ASxxxx Linker V03.00/V05.40 + sdld,  page 14.
Hexadecimal  [32-Bits]

Area                       Addr        Size        Decimal Bytes (Attributes)
--------------------       ----        ----        ------- ----- ------------
_HEADERa               00000000    00000001 =           1. bytes (ABS,CON)

        Value  Global            Value  Global            Value  Global    
        -----  ------            -----  ------            -----  ------    
ASxxxx Linker V03.00/V05.40 + sdld,  page 15.
Hexadecimal  [32-Bits]

Area                       Addr        Size        Decimal Bytes (Attributes)
--------------------       ----        ----        ------- ----- ------------
_HEADERb               00000000    00000001 =           1. bytes (ABS,CON)

        Value  Global            Value  Global            Value  Global    
        -----  ------            -----  ------            -----  ------    
ASxxxx Linker V03.00/V05.40 + sdld,  page 16.
Hexadecimal  [32-Bits]

Area                       Addr        Size        Decimal Bytes (Attributes)
--------------------       ----        ----        ------- ----- ------------
_HEADERc               00000000    00000001 =           1. bytes (ABS,CON)

        Value  Global            Value  Global            Value  Global    
        -----  ------            -----  ------            -----  ------    
ASxxxx Linker V03.00/V05.40 + sdld,  page 17.
Hexadecimal  [32-Bits]

Area                       Addr        Size        Decimal Bytes (Attributes)
--------------------       ----        ----        ------- ----- ------------
_HEADERd               00000000    00000002 =           2. bytes (ABS,CON)

        Value  Global            Value  Global            Value  Global    
        -----  ------            -----  ------            -----  ------    
ASxxxx Linker V03.00/V05.40 + sdld,  page 18.
Hexadecimal  [32-Bits]

Area                       Addr        Size        Decimal Bytes (Attributes)
--------------------       ----        ----        ------- ----- ------------
_HEADERe               00000000    00000001 =           1. bytes (ABS,CON)

        Value  Global            Value  Global            Value  Global    
        -----  ------            -----  ------            -----  ------    
ASxxxx Linker V03.00/V05.40 + sdld,  page 19.
Hexadecimal  [32-Bits]

Area                       Addr        Size        Decimal Bytes (Attributes)
--------------------       ----        ----        ------- ----- ------------
_HEADERf               00000000    00000001 =           1. bytes (ABS,CON)

        Value  Global            Value  Global            Value  Global    
        -----  ------            -----  ------            -----  ------    
ASxxxx Linker V03.00/V05.40 + sdld,  page 20.
Hexadecimal  [32-Bits]

Area                       Addr        Size        Decimal Bytes (Attributes)
--------------------       ----        ----        ------- ----- ------------
_HEADER10              00000000    00000002 =           2. bytes (ABS,CON)

        Value  Global            Value  Global            Value  Global    
        -----  ------            -----  ------            -----  ------    
ASxxxx Linker V03.00/V05.40 + sdld,  page 21.
Hexadecimal  [32-Bits]

Area                       Addr        Size        Decimal Bytes (Attributes)
--------------------       ----        ----        ------- ----- ------------
_HEADER11              00000000    000000AB =         171. bytes (ABS,CON)

        Value  Global            Value  Global            Value  Global    
        -----  ------            -----  ------            -----  ------    
     00000150  .reset    |    00000150  _reset    |    00000157  .code_sta
     000001B9  _exit     |    000001BD  .wait_vbl |    000001BD  _vsync   
     000001BD  _wait_vbl |    000001CD  .remove_V |    000001CD  _remove_V
     000001D0  .remove_i |    000001ED  .add_VBL  |    000001ED  _add_VBL 
     000001F0  .add_int 
ASxxxx Linker V03.00/V05.40 + sdld,  page 22.
Hexadecimal  [32-Bits]

Area                       Addr        Size        Decimal Bytes (Attributes)
--------------------       ----        ----        ------- ----- ------------
_HOME                  000033E0    00000BA6 =        2982. bytes (REL,CON)

        Value  Global            Value  Global            Value  Global    
        -----  ------            -----  ------            -----  ------    
     000033E0  .memset_s |    000033E9  .memcpy_s |    00003406  .display_
     00003406  _display_ |    0000341E  _render_s |    00003494  _render_s
     000034A2  _fill_win |    000034B4  _rand     |    000034B4  _randw   
     000034DF  _initrand |    000034E1  .initrand |    000034EA  _font_loa
     000034F1  font_load |    00003539  font_copy |    0000356F  font_set 
     0000357C  .put_char |    00003594  .out_char |    0000359A  .del_char
     000035F0  _putchar  |    000035F9  _setchar  |    00003602  _font_loa
     00003610  _font_set |    0000361F  _font_ini |    0000363E  .cls     
     0000363E  _cls      |    00003660  _gotoxy   |    0000366B  _posx    
     0000367C  _posy     |    000036A4  .cr_curs  |    000036B9  .adv_curs
     00003715  .tmode    |    00003732  .tmode_ou |    0000373B  _font_col
     00003746  .fill_rec |    0000374F  .fill_rec |    0000379C  __modulon
     00003839  .padup    |    00003839  _waitpadu |    00003849  .jpad    
     00003849  _joypad   |    00003871  _waitpad  |    00003872  .wait_pad
     00003879  _fill_bkg |    0000388B  _color    |    0000388B  _set_1bpp
     0000389A  _memset   |    000038CD  .drawing_ |    000038EA  _font_ibm
     00003CCB  .add_LCD  |    00003CCB  _add_LCD  |    00003CD1  .remove_L
     00003CD1  _remove_L |    00003CD7  ___sdcc_b |    00003CEB  _set_tile
     00003CF0  _set_bkg_ |    00003CF0  _set_win_ |    00003CF8  _set_spri
     00003D28  __mullong |    00003E0F  _set_bkg_ |    00003E23  _set_bkg_
     00003E23  _set_win_ |    00003E2B  _set_spri |    00003E83  .set_xy_w
     00003E8C  .set_xy_b |    00003E9B  .set_xy_t |    00003EDF  _uitoa   
     00003EEE  _itoa     |    00003EFD  .itoa     |    00003F11  .utoa    
     00003F85  ___sdcc_c
ASxxxx Linker V03.00/V05.40 + sdld,  page 23.
Hexadecimal  [32-Bits]

Area                       Addr        Size        Decimal Bytes (Attributes)
--------------------       ----        ----        ------- ----- ------------
_INITIALIZER           00003F86    00000029 =          41. bytes (REL,CON)

        Value  Global            Value  Global            Value  Global    
        -----  ------            -----  ------            -----  ------    
ASxxxx Linker V03.00/V05.40 + sdld,  page 24.
Hexadecimal  [32-Bits]

Area                       Addr        Size        Decimal Bytes (Attributes)
--------------------       ----        ----        ------- ----- ------------
_GSINIT                00003FAF    0000000C =          12. bytes (REL,CON)

        Value  Global            Value  Global            Value  Global    
        -----  ------            -----  ------            -----  ------    
     00003FAF  gsinit   
ASxxxx Linker V03.00/V05.40 + sdld,  page 25.
Hexadecimal  [32-Bits]

Area                       Addr        Size        Decimal Bytes (Attributes)
--------------------       ----        ----        ------- ----- ------------
_GSFINAL               00003FBB    00000001 =           1. bytes (REL,CON)

        Value  Global            Value  Global            Value  Global    
        -----  ------            -----  ------            -----  ------    
ASxxxx Linker V03.00/V05.40 + sdld,  page 26.
Hexadecimal  [32-Bits]

Area                       Addr        Size        Decimal Bytes (Attributes)
--------------------       ----        ----        ------- ----- ------------
_DATA                  0000C0A0    00001ACC =        6860. bytes (REL,CON)

        Value  Global            Value  Global            Value  Global    
        -----  ------            -----  ------            -----  ------    
     0000C0A0  __cpu     |    0000C0A1  __is_GBA  |    0000C0A2  .mode    
     0000C0A3  .sys_time |    0000C0A3  _sys_time |    0000C0A5  .int_0x40
     0000C0FF  _g_player |    0000C100  _g_player |    0000C101  _g_prev_j
     0000C102  _g_run_en |    0000C104  _look_cx  |    0000C105  _look_cy 
     0000C106  _enemy_al |    0000C123  _dead_ene |    0000C140  _dead_ene
     0000C1B3  _ui_loadi |    0000C1B5  _floor_bi |    0000C635  _pit_bits
     0000CAB5  _explored |    0000CF35  _nav_node |    0000D055  _num_nav_
     0000D058  _brazier_ |    0000D059  _brazier_ |    0000D06D  _brazier_
     0000D081  _brazier_ |    0000D098  _enemy_x  |    0000D0B5  _enemy_y 
     0000D0D2  _enemy_ty |    0000D0EF  _enemy_hp |    0000D10C  _num_enem
     0000D10D  _corpse_x |    0000D12A  _corpse_y |    0000D147  _corpse_t
     0000D164  _num_corp |    0000D165  _enemy_oc |    0000D5E5  _corpse_o
     0000DB25  _enemy_an |    0000DB26  _enemy_at |    0000DB43  _enemy_at
     0000DB4C  ___rand_s |    0000DB4E  font_curr |    0000DB51  font_firs
     0000DB52  font_tabl |    0000DB64  .int_0x48
ASxxxx Linker V03.00/V05.40 + sdld,  page 27.
Hexadecimal  [32-Bits]

Area                       Addr        Size        Decimal Bytes (Attributes)
--------------------       ----        ----        ------- ----- ------------
_INITIALIZED           0000DB6C    00000029 =          41. bytes (REL,CON)

        Value  Global            Value  Global            Value  Global    
        -----  ------            -----  ------            -----  ------    
     0000DB70  _current_ |    0000DB71  _next_sta |    0000DB72  _pending_
     0000DB73  _gameplay |    0000DB74  _player_h |    0000DB75  _player_h
     0000DB76  _player_l |    0000DB77  _player_d |    0000DB78  _player_x
     0000DB7A  _floor_nu |    0000DB7B  _run_seed |    0000DB7D  _combat_i
     0000DB7E  _player_c |    0000DB7F  _lcd_game |    0000DB80  _lcd_shak
     0000DB81  _lcd_shak |    0000DB82  _ui_panel |    0000DB83  _wall_til
     0000DB84  _wall_pal |    0000DB85  _pillar_p |    0000DB86  _active_m
     0000DB87  _active_m |    0000DB88  _player_s |    0000DB89  _player_s
     0000DB8A  _floor_co |    0000DB8B  _camera_p |    0000DB8D  _camera_p
     0000DB8F  .curx     |    0000DB90  .cury     |    0000DB91  .fg_colou
     0000DB91  __current |    0000DB92  .bg_colou |    0000DB93  .draw_mod
     0000DB94  __map_til
ASxxxx Linker V03.00/V05.40 + sdld,  page 28.
Hexadecimal  [32-Bits]

Area                       Addr        Size        Decimal Bytes (Attributes)
--------------------       ----        ----        ------- ----- ------------
_HRAM                  0000FF80    00000013 =          19. bytes (REL,CON)

        Value  Global            Value  Global            Value  Global    
        -----  ------            -----  ------            -----  ------    
     0000FF80  .refresh_ |    0000FF90  __current |    0000FF91  __vbl_don
     0000FF92  __shadow_
ASxxxx Linker V03.00/V05.40 + sdld,  page 29.
Hexadecimal  [32-Bits]

Area                       Addr        Size        Decimal Bytes (Attributes)
--------------------       ----        ----        ------- ----- ------------
_CODE_1                00014000    000013F9 =        5113. bytes (REL,CON)

        Value  Global            Value  Global            Value  Global    
        -----  ------            -----  ------            -----  ------    
     00014000  ___func_s |    00014000  _state_ch |    0001417D  ___func_s
     0001417D  _state_ga |    0001424E  ___func_s |    0001424E  _state_tr
     000142A5  ___func_s |    000142A5  _state_ti |    000142F1  ___func_t
     000142F1  _tileset_ |    000142F9  _tileset_ |    000152F9  _tileset_
ASxxxx Linker V03.00/V05.40 + sdld,  page 30.
Hexadecimal  [32-Bits]

Area                       Addr        Size        Decimal Bytes (Attributes)
--------------------       ----        ----        ------- ----- ------------
_CODE_2                00024000    00003F02 =       16130. bytes (REL,CON)

        Value  Global            Value  Global            Value  Global    
        -----  ------            -----  ------            -----  ------    
     00024000  _wall_ort |    000241B5  _tile_at  |    00024245  _map_pit_
     00024255  _set_floo |    000242A7  _set_pit  |    00024303  _is_walka
     00024346  _tile_cha |    00024354  _tile_vra |    00024368  _tile_pal
     00024375  _floor_gr |    0002438D  _floor_ti |    0002447A  _floor_ti
     00024863  _nearest_ |    000248EF  _nav_next |    00024A7B  _generate
     00024F7C  ___func_l |    00024F7C  _level_ge |    00025247  ___func_b
     00025247  _bwv1043_ |    00025379  _bwv1043_ |    000258F5  _bwv1043_
     00025DE6  _enemy_de |    00025E0A  _enemy_gr |    00025E4A  _enemy_pl
     00025F8C  _enemy_cl |    00026032  _enemy_ty |    00026082  _enemy_ef
     000260BC  _enemy_ef |    000260F7  _enemy_an |    00026105  _enemy_an
     00026181  _enemy_at |    000261F2  _corpse_s |    00026268  _corpse_a
     00026274  _corpse_d |    00026283  _spawn_en |    00026510  _enemy_re
     000265D8  _move_ene |    000267A6  ___func_c |    000267A6  _camera_i
     00026A16  _camera_s |    00026E73  _camera_s |    00026EC2  ___func_s
     00026EC2  _state_ga |    00026F1A  ___func_s |    00026F1A  _state_ga
     00027484  _apply_wa |    000276DB  ___func_l |    000276DB  _load_pal
     000277BA  _draw_cel |    0002780E  _draw_col |    00027848  _draw_row
     0002787F  _draw_ui_ |    00027882  _draw_scr |    000278F1  _draw_ene
     00027A02  _push_com |    00027B27  _grant_xp |    00027B94  _resolve_
     00027BEF  _combat_p |    00027D71  _wall_pal |    00027EB1  ___func_l
     00027EB1  _level_in
ASxxxx Linker V03.00/V05.40 + sdld,  page 31.
Hexadecimal  [32-Bits]

Area                       Addr        Size        Decimal Bytes (Attributes)
--------------------       ----        ----        ------- ----- ------------
_CODE_3                00034000    000001F6 =         502. bytes (REL,CON)

        Value  Global            Value  Global            Value  Global    
        -----  ------            -----  ------            -----  ------    
     00034000  ___func_s |    00034000  _state_st |    000340CE  ___func_s
     000340CE  _state_st |    000340F9  ___func_s |    000340F9  _state_in
     0003415F  ___func_s |    0003415F  _state_in |    00034180  ___func_s
     00034180  _state_ab |    000341DD  ___func_s |    000341DD  _state_ab
ASxxxx Linker V03.00/V05.40 + sdld,  page 32.
Hexadecimal  [32-Bits]

Area                       Addr        Size        Decimal Bytes (Attributes)
--------------------       ----        ----        ------- ----- ------------
_FONT_HEADER0          00000000    00000003 =           3. bytes (ABS,CON)

        Value  Global            Value  Global            Value  Global    
        -----  ------            -----  ------            -----  ------    
ASxxxx Linker V03.00/V05.40 + sdld,  page 33.
Hexadecimal  [32-Bits]

Area                       Addr        Size        Decimal Bytes (Attributes)
--------------------       ----        ----        ------- ----- ------------
_HEADER_LCD0           00000000    00000003 =           3. bytes (ABS,CON)

        Value  Global            Value  Global            Value  Global    
        -----  ------            -----  ------            -----  ------    
ASxxxx Linker V03.00/V05.40 + sdld,  page 34.

Files Linked                              [ module(s) ]

./gbdk/lib/gb/crt0.o                      [ Runtime ]
obj/gbc/debug_bank.rel                    [ debug_bank ]
obj/gbc/entity_sprites.rel                [ entity_sprites ]
obj/gbc/globals.rel                       [ globals ]
obj/gbc/lcd.rel                           [ lcd ]
obj/gbc/lighting.rel                      [ lighting ]
obj/gbc/main.rel                          [ main ]
obj/gbc/music.rel                         [ music ]
obj/gbc/seed_entropy.rel                  [ seed_entropy ]
obj/gbc/ui.rel                            [ ui ]
obj/gbc/state_char_create.rel             [ state_char_create ]
obj/gbc/state_game_over.rel               [ state_game_over ]
obj/gbc/state_transition.rel              [ state_transition ]
obj/gbc/state_title.rel                   [ state_title ]
obj/gbc/map.rel                           [ map ]
obj/gbc/bwv1043_music.rel                 [ bwv1043_music ]
obj/gbc/enemy.rel                         [ enemy ]
obj/gbc/camera.rel                        [ camera ]
obj/gbc/state_gameplay.rel                [ state_gameplay ]
obj/gbc/render.rel                        [ render ]
obj/gbc/combat.rel                        [ combat ]
obj/gbc/wall_palettes.rel                 [ wall_palettes ]
obj/gbc/level_init.rel                    [ level_init ]
obj/gbc/state_stats.rel                   [ state_stats ]
obj/gbc/state_inventory.rel               [ state_inventory ]
obj/gbc/state_ability.rel                 [ state_ability ]
obj/gbc/tileset.rel                       [ tileset ]


Libraries Linked                          [ object file ]

./gbdk/lib/gb/gb.lib                      [ fill_rect_wi.o ]
./gbdk/lib/gb/gb.lib                      [ sfr.o ]
./gbdk/lib/sm83/sm83.lib                  [ div.o ]
./gbdk/lib/sm83/sm83.lib                  [ rand.o ]
./gbdk/lib/gb/gb.lib                      [ font.o ]
./gbdk/lib/gb/gb.lib                      [ cgb_palettes.o ]
./gbdk/lib/gb/gb.lib                      [ font_color.o ]
./gbdk/lib/sm83/sm83.lib                  [ mul.o ]
./gbdk/lib/gb/gb.lib                      [ set_tile.o ]
./gbdk/lib/gb/gb.lib                      [ fill_rect.o ]
./gbdk/lib/sm83/sm83.lib                  [ _modulong.o ]
./gbdk/lib/gb/gb.lib                      [ pad.o ]
./gbdk/lib/gb/gb.lib                      [ fill_rect_bk.o ]
./gbdk/lib/gb/gb.lib                      [ color.o ]
./gbdk/lib/sm83/sm83.lib                  [ _memset.o ]
./gbdk/lib/gb/gb.lib                      [ drawing_isr.o ]
./gbdk/lib/gb/gb.lib                      [ f_ibm_sh.o ]
./gbdk/lib/gb/gb.lib                      [ lcd.o ]
./gbdk/lib/gb/gb.lib                      [ ___sdcc_bcall_ehl.o ]
./gbdk/lib/sm83/sm83.lib                  [ printf.o ]
./gbdk/lib/gb/gb.lib                      [ cgb.o ]
./gbdk/lib/gb/gb.lib                      [ set_data.o ]
./gbdk/lib/sm83/sm83.lib                  [ _mullong.o ]
./gbdk/lib/gb/gb.lib                      [ cgb_compat.o ]
./gbdk/lib/gb/gb.lib                      [ set_bk_t.o ]
./gbdk/lib/gb/gb.lib                      [ set_1bit_data.o ]
./gbdk/lib/sm83/sm83.lib                  [ sprintf.o ]
./gbdk/lib/gb/gb.lib                      [ set_xy_t.o ]
./gbdk/lib/sm83/sm83.lib                  [ itoa.o ]
./gbdk/lib/sm83/sm83.lib                  [ __sdcc_call_hl.o ]

ASxxxx Linker V03.00/V05.40 + sdld,  page 35.

User Base Address Definitions

_DATA=0xC0A0
_CODE=0x0200
_HRAM=0xFF80
ASxxxx Linker V03.00/V05.40 + sdld,  page 36.

User Global Definitions

_shadow_OAM=0xC000
.STACK=0xE000

