ASxxxx Linker V03.00/V05.40 + sdld,  page 1.
Hexadecimal  [32-Bits]

Area                       Addr        Size        Decimal Bytes (Attributes)
--------------------       ----        ----        ------- ----- ------------
.  .ABS.               00000000    00000000 =           0. bytes (ABS,CON)

        Value  Global            Value  Global            Value  Global    
        -----  ------            -----  ------            -----  ------    
     00000000  .__.ABS.  |    00000000  ___bank_a |    00000000  ___bank_a
     00000000  ___bank_a |    00000000  ___bank_a |    00000000  ___bank_a
     00000000  _rMBC7_SR |    00000000  _rRAMG    |    00000000  l__BASE  
     00000000  l__BSS    |    00000000  l__CABS   |    00000000  l__CODE_0
     00000000  l__DABS   |    00000000  l__FONT_H |    00000000  l__HEADER
     00000000  l__HEADER |    00000000  l__HEAP   |    00000000  l__HEAP_E
     00000000  l__LIT    |    00000000  s__CABS   |    00000000  s__DABS  
     00000000  s__FONT_H |    00000000  s__FONT_H |    00000000  s__HEADER
     00000000  s__HEADER |    00000000  s__HEADER |    00000000  s__HEADER
     00000000  s__HEADER |    00000000  s__HEADER |    00000000  s__HEADER
     00000000  s__HEADER |    00000000  s__HEADER |    00000000  s__HEADER
     00000000  s__HEADER |    00000000  s__HEADER |    00000000  s__HEADER
     00000000  s__HEADER |    00000000  s__HEADER |    00000000  s__HEADER
     00000000  s__HEADER |    00000000  s__HEADER |    00000000  s__HEADER
     00000000  s__HEADER |    00000000  s__HEADER |    00000001  ___bank_t
     00000001  l__GSFINA |    00000001  l__HEADER |    00000001  l__HEADER
     00000001  l__HEADER |    00000001  l__HEADER |    00000001  l__HEADER
     00000001  l__HEADER |    00000001  l__HEADER |    00000002  ___bank_c
     00000002  ___bank_c |    00000002  ___bank_c |    00000002  ___bank_e
     00000002  ___bank_g |    00000002  ___bank_g |    00000002  ___bank_i
     00000002  ___bank_l |    00000002  ___bank_l |    00000002  ___bank_m
     00000002  ___bank_r |    00000002  ___bank_s |    00000002  ___bank_s
     00000002  ___bank_t |    00000002  b_camera_ |    00000002  b_camera_
     00000002  b_camera_ |    00000002  b_combat_ |    00000002  b_combat_
     00000002  b_corpse_ |    00000002  b_corpse_ |    00000002  b_enemy_a
     00000002  b_enemy_c |    00000002  b_enemy_e |    00000002  b_enemy_e
     00000002  b_enemy_r |    00000002  b_enemy_t |    00000002  b_ground_
     00000002  b_ground_ |    00000002  b_is_walk |    00000002  b_level_g
     00000002  b_load_pa |    00000002  b_map_pit |    00000002  b_resolve
     00000002  b_state_g |    00000002  b_state_g |    00000002  b_tile_at
     00000002  l__HEADER |    00000002  l__HEADER |    00000002  l__HEADER
     00000003  ___bank_a |    00000003  ___bank_a |    00000003  ___bank_a
     00000003  ___bank_c |    00000003  ___bank_e |    00000003  ___bank_e
     00000003  ___bank_e |    00000003  ___bank_e |    00000003  ___bank_e
     00000003  ___bank_e |    00000003  ___bank_e |    00000003  ___bank_e
     00000003  ___bank_e |    00000003  ___bank_e |    00000003  ___bank_e
     00000003  ___bank_e |    00000003  ___bank_e |    00000003  ___bank_e
     00000003  ___bank_e |    00000003  ___bank_e |    00000003  ___bank_e
     00000003  ___bank_e |    00000003  ___bank_e |    00000003  ___bank_e
     00000003  ___bank_e |    00000003  ___bank_e |    00000003  ___bank_e
     00000003  ___bank_e |    00000003  ___bank_s |    00000003  ___bank_s
     00000003  ___bank_s |    00000003  ___bank_s |    00000003  ___bank_s
     00000003  ___bank_s |    00000003  ___bank_s |    00000003  ___bank_s
     00000003  ___bank_s |    00000003  ___bank_s |    00000003  ___bank_s
     00000003  ___bank_s |    00000003  ___bank_s |    00000003  ___bank_s
     00000003  b_ally_fo |    00000003  b_ally_fo |    00000003  b_ally_fo
     00000003  b_class_p |    00000003  b_class_p |    00000003  b_entity_
     00000003  b_entity_ |    00000003  b_entity_ |    00000003  b_entity_
     00000003  b_entity_ |    00000003  b_entity_ |    00000003  b_entity_
     00000003  b_entity_ |    00000003  b_entity_ |    00000003  b_entity_
ASxxxx Linker V03.00/V05.40 + sdld,  page 2.
Hexadecimal  [32-Bits]

Area                       Addr        Size        Decimal Bytes (Attributes)
--------------------       ----        ----        ------- ----- ------------
.  .ABS.               00000000    00000000 =           0. bytes (ABS,CON)

        Value  Global            Value  Global            Value  Global    
        -----  ------            -----  ------            -----  ------    
     00000003  b_entity_ |    00000003  b_entity_ |    00000003  b_entity_
     00000003  b_entity_ |    00000003  b_entity_ |    00000003  b_entity_
     00000003  b_entity_ |    00000003  b_entity_ |    00000003  b_entity_
     00000003  b_entity_ |    00000003  b_entity_ |    00000003  b_entity_
     00000003  b_entity_ |    00000003  b_entity_ |    00000003  b_state_a
     00000003  b_state_a |    00000003  b_state_c |    00000003  b_state_g
     00000003  b_state_i |    00000003  b_state_i |    00000003  b_state_m
     00000003  b_state_m |    00000003  b_state_p |    00000003  b_state_p
     00000003  b_state_s |    00000003  b_state_s |    00000003  b_state_t
     00000003  b_state_t |    00000003  l__FONT_H |    00000003  l__HEADER
     00000003  l__HEADER |    00000004  ___bank_b |    00000005  ___bank_b
     00000005  ___bank_u |    00000005  b_run_see |    00000005  b_title_s
     00000005  b_ui_comb |    00000005  b_ui_comb |    00000005  b_ui_comb
     00000005  b_ui_comb |    00000005  b_ui_draw |    00000005  b_ui_draw
     00000005  b_ui_game |    00000005  b_ui_load |    00000005  b_ui_load
     00000005  b_ui_pane |    00000005  b_ui_pane |    00000005  b_ui_pane
     00000005  b_ui_pane |    00000005  b_ui_push |    00000005  b_ui_push
     00000005  b_ui_push |    00000005  b_ui_push |    00000005  b_window_
     00000005  b_window_ |    00000005  l__HEADER |    00000006  ___bank_a
     00000006  b_ability |    00000006  l__HEADER |    00000007  ___bank_a
     00000007  b_ability |    00000007  l__HEADER |    00000008  ___bank_a
     00000008  b_ability |    00000008  l__HEADER |    00000009  ___bank_a
     00000009  b_ability |    0000000A  ___bank_b |    0000000A  ___bank_l
     0000000A  b_biome_d |    0000000A  b_level_i |    0000000B  ___bank_b
     0000000B  b_biome_c |    0000000C  ___bank_b |    0000000C  b_biome_c
     0000000C  l__GSINIT |    0000000D  b_invento |    0000000D  b_invento
     0000000D  b_invento |    0000000D  b_invento |    0000000D  b_invento
     0000000D  b_items_e |    0000000D  b_items_k |    0000000D  b_items_k
     0000000D  b_items_k |    0000000D  b_items_k |    0000000D  b_items_k
     0000000D  b_items_u |    0000000E  ___bank_s |    0000000E  b_story_u
     0000000F  b_scroll_ |    00000010  b_root_ic |    00000010  b_scroll_
     00000013  l__HRAM   |    0000001A  l__INITIA |    0000001A  l__INITIA
     0000002D  l__CODE_1 |    00000030  l__HEADER |    00000034  l__CODE_1
     0000004A  l__CODE_1 |    00000059  l__CODE_7 |    00000060  l__HEADER
     0000007A  l__CODE_6 |    000000AB  l__HEADER |    000000AE  l__CODE_1
     00000165  l__CODE_1 |    00000200  s__CODE   |    0000020E  l__CODE_9
     00000269  l__CODE_8 |    00000626  l__CODE_1 |    00000B9B  l__CODE_4
     00000BC9  l__HOME   |    00000EDC  l__CODE_1 |    00001108  l__CODE_1
     00001D7C  l__DATA   |    00001FDD  l__CODE   |    00002000  _rROMB0  
     000021DD  s__HOME   |    00002DA6  s__BASE   |    00002DA6  s__CODE_0
     00002DA6  s__INITIA |    00002DA6  s__LIT    |    00002DC0  s__GSINIT
     00002DCC  s__GSFINA |    00003000  _rROMB1   |    00003389  l__CODE_3
     00003977  l__CODE_5 |    00003F57  l__CODE_2 |    00004000  _rMBC7_SR
     00004000  _rRAMB    |    00008000  __VRAM    |    00008000  __VRAM800
     00008800  __VRAM880 |    00009000  __VRAM900 |    00009800  __SCRN0  
     00009C00  __SCRN1   |    0000A000  __SRAM    |    0000A000  _rMBC7_LA
     0000A010  _rMBC7_LA |    0000A020  _rMBC7_AC |    0000A030  _rMBC7_AC
     0000A040  _rMBC7_AC |    0000A050  _rMBC7_AC |    0000C000  __RAM    
     0000C000  _shadow_O |    0000C0A0  s__DATA   |    0000D000  __RAMBANK
     0000DE1C  s__BSS    |    0000DE1C  s__INITIA |    0000DE36  s__HEAP  
     0000DE36  s__HEAP_E |    0000E000  .STACK    |    0000FE00  __OAMRAM 
ASxxxx Linker V03.00/V05.40 + sdld,  page 3.
Hexadecimal  [32-Bits]

Area                       Addr        Size        Decimal Bytes (Attributes)
--------------------       ----        ----        ------- ----- ------------
.  .ABS.               00000000    00000000 =           0. bytes (ABS,CON)

        Value  Global            Value  Global            Value  Global    
        -----  ------            -----  ------            -----  ------    
     0000FF00  _P1_REG   |    0000FF00  __IO      |    0000FF01  _SB_REG  
     0000FF02  _SC_REG   |    0000FF04  _DIV_REG  |    0000FF05  _TIMA_REG
     0000FF06  _TMA_REG  |    0000FF07  _TAC_REG  |    0000FF0F  _IF_REG  
     0000FF10  _NR10_REG |    0000FF11  _NR11_REG |    0000FF12  _NR12_REG
     0000FF13  _NR13_REG |    0000FF14  _NR14_REG |    0000FF16  _NR21_REG
     0000FF17  _NR22_REG |    0000FF18  _NR23_REG |    0000FF19  _NR24_REG
     0000FF1A  _NR30_REG |    0000FF1B  _NR31_REG |    0000FF1C  _NR32_REG
     0000FF1D  _NR33_REG |    0000FF1E  _NR34_REG |    0000FF20  _NR41_REG
     0000FF21  _NR42_REG |    0000FF22  _NR43_REG |    0000FF23  _NR44_REG
     0000FF24  _NR50_REG |    0000FF25  _NR51_REG |    0000FF26  _NR52_REG
     0000FF30  _AUD3WAVE |    0000FF30  _PCM_SAMP |    0000FF30  __AUD3WAV
     0000FF40  _LCDC_REG |    0000FF41  _STAT_REG |    0000FF42  _SCY_REG 
     0000FF43  _SCX_REG  |    0000FF44  _LY_REG   |    0000FF45  _LYC_REG 
     0000FF46  _DMA_REG  |    0000FF47  _BGP_REG  |    0000FF48  _OBP0_REG
     0000FF49  _OBP1_REG |    0000FF4A  _WY_REG   |    0000FF4B  _WX_REG  
     0000FF4D  _KEY1_REG |    0000FF4F  _VBK_REG  |    0000FF51  _HDMA1_RE
     0000FF52  _HDMA2_RE |    0000FF53  _HDMA3_RE |    0000FF54  _HDMA4_RE
     0000FF55  _HDMA5_RE |    0000FF56  _RP_REG   |    0000FF68  _BCPS_REG
     0000FF69  _BCPD_REG |    0000FF6A  _OCPS_REG |    0000FF6B  _OCPD_REG
     0000FF70  _SVBK_REG |    0000FF76  _PCM12_RE |    0000FF77  _PCM34_RE
     0000FF80  __HRAM    |    0000FF80  s__HRAM   |    0000FFFF  _IE_REG  
     00014000  s__CODE_1 |    00024000  s__CODE_2 |    00034000  s__CODE_3
     00044000  s__CODE_4 |    00054000  s__CODE_5 |    00064000  s__CODE_6
     00074000  s__CODE_7 |    00084000  s__CODE_8 |    00094000  s__CODE_9
     000A4000  s__CODE_1 |    000B4000  s__CODE_1 |    000C4000  s__CODE_1
     000D4000  s__CODE_1 |    000E4000  s__CODE_1 |    000F4000  s__CODE_1
     00104000  s__CODE_1
ASxxxx Linker V03.00/V05.40 + sdld,  page 4.
Hexadecimal  [32-Bits]

Area                       Addr        Size        Decimal Bytes (Attributes)
--------------------       ----        ----        ------- ----- ------------
_CODE                  00000200    00001FDD =        8157. bytes (REL,CON)

        Value  Global            Value  Global            Value  Global    
        -----  ------            -----  ------            -----  ------    
     00000200  _ability_ |    000002A3  _ability_ |    000002B4  _ability_
     000002BD  _ability_ |    000002C8  _ability_ |    000002D2  _ability_
     000002DD  _ability_ |    00000350  ___func_a |    00000350  _ally_cle
     00000375  ___func_a |    00000375  _ally_cle |    00000384  ___func_a
     00000384  _ally_fin |    0000039F  ___func_a |    0000039F  _ally_has
     000003C1  _ally_wal |    00000442  ___func_a |    00000442  _ally_sum
     00000470  _biome_lo |    000004B7  _biome_pi |    0000052D  _player_l
     0000054D  _lcd_hp_p |    000005F0  _lcd_init |    00000607  _lcd_susp
     00000619  _lcd_resu |    00000630  _lcd_clea |    0000069C  _lighting
     000006A4  _lighting |    000006A8  _lighting |    000006E4  _lighting
     000006E8  _lighting |    00000700  _lighting |    00000908  _lighting
     0000096D  _main     |    000012FC  _sfx_lung |    00001306  _sfx_spel
     00001317  _sfx_whir |    00001326  _sfx_shie |    00001337  _music_pl
     0000136D  _music_pl |    000013BE  _music_se |    000013C8  _music_ge
     000013CC  _music_be |    00001401  _music_lo |    0000142F  _music_pl
     00001486  _music_in |    000014B4  _perf_sta |    000014B7  _perf_sta
     000014BF  _perf_rec |    00001563  _perf_avg |    00001597  _perf_max
     000015A6  _perf_cle |    000015CB  _seed_ent |    0000164C  _seed_ent
     00001688  _seed_ent |    000016E9  _targetin |    00001789  _tileset_
     000017D1  _tileset_ |    0000183B  _title_lo |    000018C5  _title_lo
     00001A9D  _title_lo |    00001AF7  _ui_loadi |    00001B30  __divsuch
     00001B36  __modsuch |    00001B3F  __divusch |    00001B48  __modusch
     00001B54  __divscha |    00001B59  __modscha |    00001B60  __divsint
     00001B69  __modsint |    00001B75  __divucha |    00001B7A  __moducha
     00001B81  __divuint |    00001B8A  __moduint |    00001B96  .div8    
     00001B96  .mod8     |    00001B9E  .div16    |    00001B9E  .mod16   
     00001BD4  .divu8    |    00001BD4  .modu8    |    00001BD7  .divu16  
     00001BD7  .modu16   |    00001C17  _set_spri |    00001C1C  _set_bkg_
     00001C1F  .set_pale |    00001C3E  _set_spri |    00001C43  _set_bkg_
     00001C46  .set_pale |    00001C62  _memmove  |    00001D11  __mulsuch
     00001D14  __mulusch |    00001D1D  __mulscha |    00001D25  __mulint 
     00001D44  __mulucha |    00001D56  _set_vram |    00001D5F  _set_win_
     00001D68  _set_bkg_ |    00001D97  ___memcpy |    00001D97  _memcpy  
     00001DC9  _strcat   |    00001DDA  _printf   |    00001DEF  _cpu_slow
     00001E0A  _cpu_fast |    00001E11  _cgb_comp |    00001E11  _set_defa
     00001E61  ___printf |    000021BE  _sprintf 
ASxxxx Linker V03.00/V05.40 + sdld,  page 5.
Hexadecimal  [32-Bits]

Area                       Addr        Size        Decimal Bytes (Attributes)
--------------------       ----        ----        ------- ----- ------------
_HEADER0               00000000    00000001 =           1. bytes (ABS,CON)

        Value  Global            Value  Global            Value  Global    
        -----  ------            -----  ------            -----  ------    
     00000020  .call_hl 
ASxxxx Linker V03.00/V05.40 + sdld,  page 6.
Hexadecimal  [32-Bits]

Area                       Addr        Size        Decimal Bytes (Attributes)
--------------------       ----        ----        ------- ----- ------------
_HEADER1               00000000    00000005 =           5. bytes (ABS,CON)

        Value  Global            Value  Global            Value  Global    
        -----  ------            -----  ------            -----  ------    
     00000028  .MemsetSm
ASxxxx Linker V03.00/V05.40 + sdld,  page 7.
Hexadecimal  [32-Bits]

Area                       Addr        Size        Decimal Bytes (Attributes)
--------------------       ----        ----        ------- ----- ------------
_HEADER2               00000000    00000007 =           7. bytes (ABS,CON)

        Value  Global            Value  Global            Value  Global    
        -----  ------            -----  ------            -----  ------    
     00000030  .MemcpySm
ASxxxx Linker V03.00/V05.40 + sdld,  page 8.
Hexadecimal  [32-Bits]

Area                       Addr        Size        Decimal Bytes (Attributes)
--------------------       ----        ----        ------- ----- ------------
_HEADER3               00000000    00000008 =           8. bytes (ABS,CON)

        Value  Global            Value  Global            Value  Global    
        -----  ------            -----  ------            -----  ------    
ASxxxx Linker V03.00/V05.40 + sdld,  page 9.
Hexadecimal  [32-Bits]

Area                       Addr        Size        Decimal Bytes (Attributes)
--------------------       ----        ----        ------- ----- ------------
_HEADER4               00000000    00000060 =          96. bytes (ABS,CON)

        Value  Global            Value  Global            Value  Global    
        -----  ------            -----  ------            -----  ------    
     00000080  .int      |    0000008F  _wait_int |    0000009C  __standar
     000000AB  _refresh_ |    000000CC  _set_inte
ASxxxx Linker V03.00/V05.40 + sdld,  page 10.
Hexadecimal  [32-Bits]

Area                       Addr        Size        Decimal Bytes (Attributes)
--------------------       ----        ----        ------- ----- ------------
_HEADER5               00000000    00000001 =           1. bytes (ABS,CON)

        Value  Global            Value  Global            Value  Global    
        -----  ------            -----  ------            -----  ------    
ASxxxx Linker V03.00/V05.40 + sdld,  page 11.
Hexadecimal  [32-Bits]

Area                       Addr        Size        Decimal Bytes (Attributes)
--------------------       ----        ----        ------- ----- ------------
_HEADER6               00000000    00000002 =           2. bytes (ABS,CON)

        Value  Global            Value  Global            Value  Global    
        -----  ------            -----  ------            -----  ------    
ASxxxx Linker V03.00/V05.40 + sdld,  page 12.
Hexadecimal  [32-Bits]

Area                       Addr        Size        Decimal Bytes (Attributes)
--------------------       ----        ----        ------- ----- ------------
_HEADER7               00000000    00000030 =          48. bytes (ABS,CON)

        Value  Global            Value  Global            Value  Global    
        -----  ------            -----  ------            -----  ------    
ASxxxx Linker V03.00/V05.40 + sdld,  page 13.
Hexadecimal  [32-Bits]

Area                       Addr        Size        Decimal Bytes (Attributes)
--------------------       ----        ----        ------- ----- ------------
_HEADER8               00000000    00000006 =           6. bytes (ABS,CON)

        Value  Global            Value  Global            Value  Global    
        -----  ------            -----  ------            -----  ------    
ASxxxx Linker V03.00/V05.40 + sdld,  page 14.
Hexadecimal  [32-Bits]

Area                       Addr        Size        Decimal Bytes (Attributes)
--------------------       ----        ----        ------- ----- ------------
_HEADER9               00000000    00000003 =           3. bytes (ABS,CON)

        Value  Global            Value  Global            Value  Global    
        -----  ------            -----  ------            -----  ------    
ASxxxx Linker V03.00/V05.40 + sdld,  page 15.
Hexadecimal  [32-Bits]

Area                       Addr        Size        Decimal Bytes (Attributes)
--------------------       ----        ----        ------- ----- ------------
_HEADERa               00000000    00000001 =           1. bytes (ABS,CON)

        Value  Global            Value  Global            Value  Global    
        -----  ------            -----  ------            -----  ------    
ASxxxx Linker V03.00/V05.40 + sdld,  page 16.
Hexadecimal  [32-Bits]

Area                       Addr        Size        Decimal Bytes (Attributes)
--------------------       ----        ----        ------- ----- ------------
_HEADERb               00000000    00000001 =           1. bytes (ABS,CON)

        Value  Global            Value  Global            Value  Global    
        -----  ------            -----  ------            -----  ------    
ASxxxx Linker V03.00/V05.40 + sdld,  page 17.
Hexadecimal  [32-Bits]

Area                       Addr        Size        Decimal Bytes (Attributes)
--------------------       ----        ----        ------- ----- ------------
_HEADERc               00000000    00000001 =           1. bytes (ABS,CON)

        Value  Global            Value  Global            Value  Global    
        -----  ------            -----  ------            -----  ------    
ASxxxx Linker V03.00/V05.40 + sdld,  page 18.
Hexadecimal  [32-Bits]

Area                       Addr        Size        Decimal Bytes (Attributes)
--------------------       ----        ----        ------- ----- ------------
_HEADERd               00000000    00000002 =           2. bytes (ABS,CON)

        Value  Global            Value  Global            Value  Global    
        -----  ------            -----  ------            -----  ------    
ASxxxx Linker V03.00/V05.40 + sdld,  page 19.
Hexadecimal  [32-Bits]

Area                       Addr        Size        Decimal Bytes (Attributes)
--------------------       ----        ----        ------- ----- ------------
_HEADERe               00000000    00000001 =           1. bytes (ABS,CON)

        Value  Global            Value  Global            Value  Global    
        -----  ------            -----  ------            -----  ------    
ASxxxx Linker V03.00/V05.40 + sdld,  page 20.
Hexadecimal  [32-Bits]

Area                       Addr        Size        Decimal Bytes (Attributes)
--------------------       ----        ----        ------- ----- ------------
_HEADERf               00000000    00000001 =           1. bytes (ABS,CON)

        Value  Global            Value  Global            Value  Global    
        -----  ------            -----  ------            -----  ------    
ASxxxx Linker V03.00/V05.40 + sdld,  page 21.
Hexadecimal  [32-Bits]

Area                       Addr        Size        Decimal Bytes (Attributes)
--------------------       ----        ----        ------- ----- ------------
_HEADER10              00000000    00000002 =           2. bytes (ABS,CON)

        Value  Global            Value  Global            Value  Global    
        -----  ------            -----  ------            -----  ------    
ASxxxx Linker V03.00/V05.40 + sdld,  page 22.
Hexadecimal  [32-Bits]

Area                       Addr        Size        Decimal Bytes (Attributes)
--------------------       ----        ----        ------- ----- ------------
_HEADER11              00000000    000000AB =         171. bytes (ABS,CON)

        Value  Global            Value  Global            Value  Global    
        -----  ------            -----  ------            -----  ------    
     00000150  .reset    |    00000150  _reset    |    00000157  .code_sta
     000001B9  _exit     |    000001BD  .wait_vbl |    000001BD  _vsync   
     000001BD  _wait_vbl |    000001CD  .remove_V |    000001CD  _remove_V
     000001D0  .remove_i |    000001ED  .add_VBL  |    000001ED  _add_VBL 
     000001F0  .add_int 
ASxxxx Linker V03.00/V05.40 + sdld,  page 23.
Hexadecimal  [32-Bits]

Area                       Addr        Size        Decimal Bytes (Attributes)
--------------------       ----        ----        ------- ----- ------------
_HOME                  000021DD    00000BC9 =        3017. bytes (REL,CON)

        Value  Global            Value  Global            Value  Global    
        -----  ------            -----  ------            -----  ------    
     000021DD  .memset_s |    000021E6  .memcpy_s |    00002203  .display_
     00002203  _display_ |    0000221B  _render_s |    0000227B  _render_s
     000022A2  _fill_win |    000022B4  _strcpy   |    000022C6  _rand    
     000022C6  _randw    |    000022F1  _initrand |    000022F3  .initrand
     000022FC  _font_loa |    00002303  font_load |    0000234B  font_copy
     00002381  font_set  |    0000238E  .put_char |    000023A6  .out_char
     000023AC  .del_char |    00002402  _putchar  |    0000240B  _setchar 
     00002414  _font_loa |    00002422  _font_set |    00002431  _font_ini
     00002450  .cls      |    00002450  _cls      |    00002472  _gotoxy  
     0000247D  _posx     |    0000248E  _posy     |    000024B6  .cr_curs 
     000024CB  .adv_curs |    00002527  .tmode    |    00002544  .tmode_ou
     0000254D  _font_col |    00002558  _set_tile |    0000255D  _set_bkg_
     0000255D  _set_win_ |    00002565  _set_spri |    000025C4  .add_LCD 
     000025C4  _add_LCD  |    000025CA  .remove_L |    000025CA  _remove_L
     000025D0  .fill_rec |    000025D9  .fill_rec |    00002626  __modulon
     000026C3  .padup    |    000026C3  _waitpadu |    000026D3  .jpad    
     000026D3  _joypad   |    000026FB  _waitpad  |    000026FC  .wait_pad
     00002703  _fill_bkg |    00002715  _color    |    00002715  _set_1bpp
     00002724  _memset   |    00002757  .drawing_ |    00002774  _font_ibm
     00002B26  ___sdcc_b |    00002B3A  _strlen   |    00002B3F  .strlen  
     00002B48  __mullong |    00002C2F  _set_bkg_ |    00002C43  _set_bkg_
     00002C43  _set_win_ |    00002C4B  _set_spri |    00002CA3  .set_xy_w
     00002CAC  .set_xy_b |    00002CBB  .set_xy_t |    00002CFF  _uitoa   
     00002D0E  _itoa     |    00002D1D  .itoa     |    00002D31  .utoa    
     00002DA5  ___sdcc_c
ASxxxx Linker V03.00/V05.40 + sdld,  page 24.
Hexadecimal  [32-Bits]

Area                       Addr        Size        Decimal Bytes (Attributes)
--------------------       ----        ----        ------- ----- ------------
_INITIALIZER           00002DA6    0000001A =          26. bytes (REL,CON)

        Value  Global            Value  Global            Value  Global    
        -----  ------            -----  ------            -----  ------    
ASxxxx Linker V03.00/V05.40 + sdld,  page 25.
Hexadecimal  [32-Bits]

Area                       Addr        Size        Decimal Bytes (Attributes)
--------------------       ----        ----        ------- ----- ------------
_GSINIT                00002DC0    0000000C =          12. bytes (REL,CON)

        Value  Global            Value  Global            Value  Global    
        -----  ------            -----  ------            -----  ------    
     00002DC0  gsinit   
ASxxxx Linker V03.00/V05.40 + sdld,  page 26.
Hexadecimal  [32-Bits]

Area                       Addr        Size        Decimal Bytes (Attributes)
--------------------       ----        ----        ------- ----- ------------
_GSFINAL               00002DCC    00000001 =           1. bytes (REL,CON)

        Value  Global            Value  Global            Value  Global    
        -----  ------            -----  ------            -----  ------    
ASxxxx Linker V03.00/V05.40 + sdld,  page 27.
Hexadecimal  [32-Bits]

Area                       Addr        Size        Decimal Bytes (Attributes)
--------------------       ----        ----        ------- ----- ------------
_DATA                  0000C0A0    00001D7C =        7548. bytes (REL,CON)

        Value  Global            Value  Global            Value  Global    
        -----  ------            -----  ------            -----  ------    
     0000C0A0  __cpu     |    0000C0A1  __is_GBA  |    0000C0A2  .mode    
     0000C0A3  .sys_time |    0000C0A3  _sys_time |    0000C0A5  .int_0x40
     0000C0B1  _enemy_de |    0000C0DB  _enemy_de |    0000C0DC  _pending_
     0000C0DD  _gameplay |    0000C0DE  _player_x |    0000C0E0  _player_c
     0000C0E1  _floor_bi |    0000C0E2  _g_player |    0000C0E3  _g_player
     0000C0E4  _g_prev_j |    0000C0E5  _g_run_en |    0000C0E7  _look_cx 
     0000C0E8  _look_cy  |    0000C0E9  _selected |    0000C0EA  _belt_slo
     0000C0EE  _witch_sh |    0000C0EF  _zerker_w |    0000C0F0  _knight_s
     0000C0F1  _player_l |    0000C0F2  _ally_act |    0000C0F6  _ally_x  
     0000C0FA  _ally_y   |    0000C0FE  _ally_typ |    0000C102  _ally_cha
     0000C106  _ally_fli |    0000C10A  _enemy_al |    0000C126  _dead_ene
     0000C142  _dead_ene |    0000C143  _inventor |    0000C161  _inventor
     0000C17F  _ground_i |    0000C187  _ground_i |    0000C18F  _ground_i
     0000C197  _pending_ |    0000C198  _lcd_game |    0000C199  _lcd_shak
     0000C19A  _lcd_shak |    0000C636  _ui_loadi |    0000C637  _ui_load_
     0000C638  _floor_bi |    0000CAB8  _pit_bits |    0000CF38  _explored
     0000D3B8  _nav_node |    0000D4D8  _num_nav_ |    0000D4D9  _wall_til
     0000D4DA  _wall_pal |    0000D4DB  _pillar_p |    0000D4DC  _active_m
     0000D4DD  _active_m |    0000D4DE  _player_s |    0000D4DF  _player_s
     0000D4E0  _floor_co |    0000D4E3  _brazier_ |    0000D4E4  _brazier_
     0000D4F8  _brazier_ |    0000D50C  _brazier_ |    0000D523  _enemy_x 
     0000D53F  _enemy_y  |    0000D55B  _enemy_ty |    0000D577  _enemy_hp
     0000D593  _enemy_st |    0000D5AF  _num_enem |    0000D5B0  _corpse_x
     0000D5CC  _corpse_y |    0000D5E8  _corpse_t |    0000D604  _num_corp
     0000D605  _enemy_oc |    0000DC05  _enemy_an |    0000DC06  _enemy_at
     0000DC22  _enemy_at |    0000DC23  _enemy_fo |    0000DC99  _camera_p
     0000DC9B  _camera_p |    0000DDFC  ___rand_s |    0000DDFE  font_curr
     0000DE01  font_firs |    0000DE02  font_tabl |    0000DE14  .int_0x48
ASxxxx Linker V03.00/V05.40 + sdld,  page 28.
Hexadecimal  [32-Bits]

Area                       Addr        Size        Decimal Bytes (Attributes)
--------------------       ----        ----        ------- ----- ------------
_INITIALIZED           0000DE1C    0000001A =          26. bytes (REL,CON)

        Value  Global            Value  Global            Value  Global    
        -----  ------            -----  ------            -----  ------    
     0000DE1C  _current_ |    0000DE1D  _next_sta |    0000DE1E  _player_h
     0000DE1F  _player_h |    0000DE20  _player_l |    0000DE21  _player_d
     0000DE22  _floor_nu |    0000DE23  _run_seed |    0000DE2F  _ui_panel
     0000DE30  .curx     |    0000DE31  .cury     |    0000DE32  .fg_colou
     0000DE32  __current |    0000DE33  .bg_colou |    0000DE34  .draw_mod
     0000DE35  __map_til
ASxxxx Linker V03.00/V05.40 + sdld,  page 29.
Hexadecimal  [32-Bits]

Area                       Addr        Size        Decimal Bytes (Attributes)
--------------------       ----        ----        ------- ----- ------------
_HRAM                  0000FF80    00000013 =          19. bytes (REL,CON)

        Value  Global            Value  Global            Value  Global    
        -----  ------            -----  ------            -----  ------    
     0000FF80  .refresh_ |    0000FF90  __current |    0000FF91  __vbl_don
     0000FF92  __shadow_
ASxxxx Linker V03.00/V05.40 + sdld,  page 30.
Hexadecimal  [32-Bits]

Area                       Addr        Size        Decimal Bytes (Attributes)
--------------------       ----        ----        ------- ----- ------------
_CODE_1                00014000    00001108 =        4360. bytes (REL,CON)

        Value  Global            Value  Global            Value  Global    
        -----  ------            -----  ------            -----  ------    
     00014000  ___func_t |    00014000  _tileset_ |    00014008  _tileset_
     00015008  _tileset_
ASxxxx Linker V03.00/V05.40 + sdld,  page 31.
Hexadecimal  [32-Bits]

Area                       Addr        Size        Decimal Bytes (Attributes)
--------------------       ----        ----        ------- ----- ------------
_CODE_2                00024000    00003F57 =       16215. bytes (REL,CON)

        Value  Global            Value  Global            Value  Global    
        -----  ------            -----  ------            -----  ------    
     00024000  _wall_ort |    000241B5  ___func_t |    000241B5  _tile_at 
     0002424B  ___func_m |    0002424B  _map_pit_ |    00024264  ___func_g
     00024264  _ground_i |    00024297  ___func_g |    00024297  _ground_i
     000242B9  _set_floo |    0002430B  _set_pit  |    00024367  ___func_i
     00024367  _is_walka |    000243AA  _tile_cha |    000243B8  _tile_vra
     000243CC  _tile_pal |    000243D9  _floor_gr |    000243F1  _floor_ti
     000248EC  _nearest_ |    0002498E  _nav_fill |    00024A75  _generate
     00024F76  ___func_l |    00024F76  _level_ge |    0002539B  _enemy_gr
     000253E7  _enemy_pl |    00025529  _enemy_cl |    000255D6  _corpse_p
     000256E1  _corpse_c |    0002575C  _enemy_ty |    000257ED  _enemy_ef
     00025837  _enemy_ef |    00025882  _enemy_an |    00025890  _enemy_an
     0002590C  ___func_e |    0002590C  _enemy_at |    00025984  _corpse_s
     000259FC  _corpse_a |    00025A08  _corpse_d |    00025A17  _spawn_en
     00025B3F  _enemy_se |    00025B57  _enemy_ge |    00025EC2  _enemy_re
     00025FF5  _move_ene |    0002656C  ___func_s |    0002656C  _state_ga
     000265D2  ___func_s |    000265D2  _state_ga |    00026DDE  ___func_c
     00026DDE  _camera_i |    00027048  _camera_s |    0002751D  _camera_s
     0002756C  _apply_wa |    0002782C  ___func_l |    0002782C  _load_pal
     00027910  _draw_cel |    00027964  _draw_col |    0002799E  _draw_row
     000279D5  _draw_ui_ |    000279DD  _draw_gam |    000279F7  _draw_scr
     00027A76  _draw_gam |    00027A93  _draw_ene |    00027B27  ___func_c
     00027B27  _combat_d |    00027CAF  ___func_c |    00027CAF  _combat_p
     00027D12  ___func_r |    00027D12  _resolve_ |    00027E17  _wall_pal
ASxxxx Linker V03.00/V05.40 + sdld,  page 32.
Hexadecimal  [32-Bits]

Area                       Addr        Size        Decimal Bytes (Attributes)
--------------------       ----        ----        ------- ----- ------------
_CODE_3                00034000    00003389 =       13193. bytes (REL,CON)

        Value  Global            Value  Global            Value  Global    
        -----  ------            -----  ------            -----  ------    
     00034384  ___func_e |    00034384  _entity_s |    000343CD  ___func_e
     000343CD  _entity_s |    000343E8  ___func_e |    000343E8  _entity_s
     00034478  ___func_e |    00034478  _entity_s |    000344A0  ___func_e
     000344A0  _entity_s |    000344A6  ___func_e |    000344A6  _entity_s
     000348D4  ___func_e |    000348D4  _entity_s |    00034B36  ___func_e
     00034B36  _entity_s |    00034B67  ___func_e |    00034B67  _entity_s
     00034B88  ___func_e |    00034B88  _entity_s |    00034B97  ___func_e
     00034B97  _entity_s |    00034B9D  ___func_e |    00034B9D  _entity_s
     00034C05  ___func_e |    00034C05  _entity_s |    00034C2A  ___func_e
     00034C2A  _entity_s |    00034C46  ___func_e |    00034C46  _entity_s
     00034CED  ___func_e |    00034CED  _entity_s |    00034D74  ___func_e
     00034D74  _entity_s |    00034F52  ___func_e |    00034F52  _entity_s
     0003516B  ___func_e |    0003516B  _entity_s |    00035462  ___func_e
     00035462  _entity_s |    0003557E  ___func_e |    0003557E  _entity_s
     00035768  ___func_e |    00035768  _entity_s |    00035794  ___func_e
     00035794  _entity_s |    0003579D  ___func_e |    0003579D  _entity_s
     00035BB0  ___func_a |    00035BB0  _ally_fox |    00035D26  ___func_a
     00035D26  _ally_fox |    00035EF4  ___func_a |    00035EF4  _ally_fox
     00036669  ___func_s |    00036669  _state_in |    00036688  ___func_s
     00036688  _state_in |    00036AEC  ___func_s |    00036AEC  _state_ch
     00036DE9  ___func_s |    00036DE9  _state_pi |    00036E36  ___func_s
     00036E36  _state_pi |    00036ED8  ___func_s |    00036ED8  _state_st
     00036FC7  ___func_s |    00036FC7  _state_st |    00036FE9  ___func_s
     00036FE9  _state_ab |    000370A0  ___func_s |    000370A0  _state_ab
     000370C2  ___func_s |    000370C2  _state_ma |    0003715B  ___func_s
     0003715B  _state_ma |    000371D9  ___func_c |    000371D9  _class_pa
     00037214  _class_pa |    0003722B  ___func_s |    0003722B  _state_ga
     000372D7  ___func_s |    000372D7  _state_tr |    00037336  ___func_s
     00037336  _state_ti
ASxxxx Linker V03.00/V05.40 + sdld,  page 33.
Hexadecimal  [32-Bits]

Area                       Addr        Size        Decimal Bytes (Attributes)
--------------------       ----        ----        ------- ----- ------------
_CODE_4                00044000    00000B9B =        2971. bytes (REL,CON)

        Value  Global            Value  Global            Value  Global    
        -----  ------            -----  ------            -----  ------    
     00044000  ___func_b |    00044000  _bwv1043_ |    00044132  _bwv1043_
     000446AE  _bwv1043_
ASxxxx Linker V03.00/V05.40 + sdld,  page 34.
Hexadecimal  [32-Bits]

Area                       Addr        Size        Decimal Bytes (Attributes)
--------------------       ----        ----        ------- ----- ------------
_CODE_5                00054000    00003977 =       14711. bytes (REL,CON)

        Value  Global            Value  Global            Value  Global    
        -----  ------            -----  ------            -----  ------    
     00054000  ___func_u |    000547B6  _ui_comba |    000547C1  _ui_comba
     000548A1  _ui_comba |    000548B6  _ui_push_ |    00054A9C  _ui_push_
     00054CA5  _ui_push_ |    00054E79  _ui_push_ |    00054F7E  _ui_comba
     00054FC0  _seed_wor |    00055010  _seed_wor |    00055060  _seed_wor
     00055CD3  _run_seed |    00055D50  _ui_game_ |    00055D91  _window_u
     00055DE1  _window_u |    00055DE8  _ui_loadi |    00055E3C  _ui_loadi
     00055E55  _ui_draw_ |    00055E88  _ui_draw_ |    00055F11  _ui_panel
     00055F16  _ui_panel |    00055F26  _ui_panel |    00055F32  _ui_panel
     000562DF  _title_sc |    00056423  ___func_b |    00056423  _bwv527_d
     00056564  _bwv527_m |    00057125  _bwv527_b
ASxxxx Linker V03.00/V05.40 + sdld,  page 35.
Hexadecimal  [32-Bits]

Area                       Addr        Size        Decimal Bytes (Attributes)
--------------------       ----        ----        ------- ----- ------------
_CODE_6                00064000    0000007A =         122. bytes (REL,CON)

        Value  Global            Value  Global            Value  Global    
        -----  ------            -----  ------            -----  ------    
     00064033  ___func_a |    00064033  _ability_
ASxxxx Linker V03.00/V05.40 + sdld,  page 36.
Hexadecimal  [32-Bits]

Area                       Addr        Size        Decimal Bytes (Attributes)
--------------------       ----        ----        ------- ----- ------------
_CODE_7                00074000    00000059 =          89. bytes (REL,CON)

        Value  Global            Value  Global            Value  Global    
        -----  ------            -----  ------            -----  ------    
     00074033  ___func_a |    00074033  _ability_
ASxxxx Linker V03.00/V05.40 + sdld,  page 37.
Hexadecimal  [32-Bits]

Area                       Addr        Size        Decimal Bytes (Attributes)
--------------------       ----        ----        ------- ----- ------------
_CODE_8                00084000    00000269 =         617. bytes (REL,CON)

        Value  Global            Value  Global            Value  Global    
        -----  ------            -----  ------            -----  ------    
     00084233  ___func_a |    00084233  _ability_
ASxxxx Linker V03.00/V05.40 + sdld,  page 38.
Hexadecimal  [32-Bits]

Area                       Addr        Size        Decimal Bytes (Attributes)
--------------------       ----        ----        ------- ----- ------------
_CODE_9                00094000    0000020E =         526. bytes (REL,CON)

        Value  Global            Value  Global            Value  Global    
        -----  ------            -----  ------            -----  ------    
     000941ED  ___func_a |    000941ED  _ability_
ASxxxx Linker V03.00/V05.40 + sdld,  page 39.
Hexadecimal  [32-Bits]

Area                       Addr        Size        Decimal Bytes (Attributes)
--------------------       ----        ----        ------- ----- ------------
_CODE_10               000A4000    000000AE =         174. bytes (REL,CON)

        Value  Global            Value  Global            Value  Global    
        -----  ------            -----  ------            -----  ------    
     000A4000  ___func_l |    000A4000  _level_in |    000A406C  ___func_b
     000A406C  _biome_du
ASxxxx Linker V03.00/V05.40 + sdld,  page 40.
Hexadecimal  [32-Bits]

Area                       Addr        Size        Decimal Bytes (Attributes)
--------------------       ----        ----        ------- ----- ------------
_CODE_11               000B4000    0000002D =          45. bytes (REL,CON)

        Value  Global            Value  Global            Value  Global    
        -----  ------            -----  ------            -----  ------    
     000B4000  ___func_b |    000B4000  _biome_cr
ASxxxx Linker V03.00/V05.40 + sdld,  page 41.
Hexadecimal  [32-Bits]

Area                       Addr        Size        Decimal Bytes (Attributes)
--------------------       ----        ----        ------- ----- ------------
_CODE_12               000C4000    00000034 =          52. bytes (REL,CON)

        Value  Global            Value  Global            Value  Global    
        -----  ------            -----  ------            -----  ------    
     000C4000  ___func_b |    000C4000  _biome_ca
ASxxxx Linker V03.00/V05.40 + sdld,  page 42.
Hexadecimal  [32-Bits]

Area                       Addr        Size        Decimal Bytes (Attributes)
--------------------       ----        ----        ------- ----- ------------
_CODE_13               000D4000    00000626 =        1574. bytes (REL,CON)

        Value  Global            Value  Global            Value  Global    
        -----  ------            -----  ------            -----  ------    
     000D4000  _items_ki |    000D414D  _items_eq |    000D4174  _items_ki
     000D418A  _items_ki |    000D41A1  _items_ki |    000D41F8  _items_ki
     000D4250  _inventor |    000D426F  _inventor |    000D4286  _inventor
     000D42A0  _inventor |    000D42D4  _inventor |    000D4456  _items_us
ASxxxx Linker V03.00/V05.40 + sdld,  page 43.
Hexadecimal  [32-Bits]

Area                       Addr        Size        Decimal Bytes (Attributes)
--------------------       ----        ----        ------- ----- ------------
_CODE_14               000E4000    00000EDC =        3804. bytes (REL,CON)

        Value  Global            Value  Global            Value  Global    
        -----  ------            -----  ------            -----  ------    
     000E4000  ___func_s |    000E4B99  _story_ui
ASxxxx Linker V03.00/V05.40 + sdld,  page 44.
Hexadecimal  [32-Bits]

Area                       Addr        Size        Decimal Bytes (Attributes)
--------------------       ----        ----        ------- ----- ------------
_CODE_15               000F4000    0000004A =          74. bytes (REL,CON)

        Value  Global            Value  Global            Value  Global    
        -----  ------            -----  ------            -----  ------    
     000F4000  _scroll_b
ASxxxx Linker V03.00/V05.40 + sdld,  page 45.
Hexadecimal  [32-Bits]

Area                       Addr        Size        Decimal Bytes (Attributes)
--------------------       ----        ----        ------- ----- ------------
_CODE_16               00104000    00000165 =         357. bytes (REL,CON)

        Value  Global            Value  Global            Value  Global    
        -----  ------            -----  ------            -----  ------    
     00104000  _root_ico |    001040EF  _scroll_r
ASxxxx Linker V03.00/V05.40 + sdld,  page 46.
Hexadecimal  [32-Bits]

Area                       Addr        Size        Decimal Bytes (Attributes)
--------------------       ----        ----        ------- ----- ------------
_FONT_HEADER0          00000000    00000003 =           3. bytes (ABS,CON)

        Value  Global            Value  Global            Value  Global    
        -----  ------            -----  ------            -----  ------    
ASxxxx Linker V03.00/V05.40 + sdld,  page 47.
Hexadecimal  [32-Bits]

Area                       Addr        Size        Decimal Bytes (Attributes)
--------------------       ----        ----        ------- ----- ------------
_HEADER_LCD0           00000000    00000003 =           3. bytes (ABS,CON)

        Value  Global            Value  Global            Value  Global    
        -----  ------            -----  ------            -----  ------    
ASxxxx Linker V03.00/V05.40 + sdld,  page 48.

Files Linked                              [ module(s) ]

./gbdk/lib/gb/crt0.o                      [ Runtime ]
obj/gbc/ability_dispatch.rel              [ ability_dispatch ]
obj/gbc/ally.rel                          [ ally ]
obj/gbc/biome.rel                         [ biome ]
obj/gbc/debug_bank.rel                    [ debug_bank ]
obj/gbc/globals.rel                       [ globals ]
obj/gbc/lcd.rel                           [ lcd ]
obj/gbc/lighting.rel                      [ lighting ]
obj/gbc/main.rel                          [ main ]
obj/gbc/music.rel                         [ music ]
obj/gbc/perf.rel                          [ perf ]
obj/gbc/seed_entropy.rel                  [ seed_entropy ]
obj/gbc/targeting.rel                     [ targeting ]
obj/gbc/tileset_io.rel                    [ tileset_io ]
obj/gbc/title_logo.rel                    [ title_logo ]
obj/gbc/ui_loading_isr.rel                [ ui_loading_isr ]
obj/gbc/tileset.rel                       [ tileset ]
obj/gbc/map.rel                           [ map ]
obj/gbc/enemy.rel                         [ enemy ]
obj/gbc/state_gameplay.rel                [ state_gameplay ]
obj/gbc/camera.rel                        [ camera ]
obj/gbc/render.rel                        [ render ]
obj/gbc/combat.rel                        [ combat ]
obj/gbc/wall_palettes.rel                 [ wall_palettes ]
obj/gbc/entity_sprites.rel                [ entity_sprites ]
obj/gbc/scoundrel_fox.rel                 [ scoundrel_fox ]
obj/gbc/state_inventory.rel               [ state_inventory ]
obj/gbc/state_char_create.rel             [ state_char_create ]
obj/gbc/state_pickup.rel                  [ state_pickup ]
obj/gbc/state_stats.rel                   [ state_stats ]
obj/gbc/state_ability.rel                 [ state_ability ]
obj/gbc/state_map.rel                     [ state_map ]
obj/gbc/class_palettes.rel                [ class_palettes ]
obj/gbc/state_game_over.rel               [ state_game_over ]
obj/gbc/state_transition.rel              [ state_transition ]
obj/gbc/state_title.rel                   [ state_title ]
obj/gbc/bwv1043_music.rel                 [ bwv1043_music ]
obj/gbc/ui.rel                            [ ui ]
obj/gbc/bwv527_music.rel                  [ bwv527_music ]
obj/gbc/abilities_knight.rel              [ abilities_knight ]
obj/gbc/abilities_scoundrel.rel           [ abilities_scoundrel ]
obj/gbc/abilities_witch.rel               [ abilities_witch ]
obj/gbc/abilities_zerker.rel              [ abilities_zerker ]
obj/gbc/level_init.rel                    [ level_init ]
obj/gbc/biome_dungeon.rel                 [ biome_dungeon ]
obj/gbc/biome_crypt.rel                   [ biome_crypt ]
obj/gbc/biome_cavern.rel                  [ biome_cavern ]
obj/gbc/items.rel                         [ items ]
obj/gbc/story_ui.rel                      [ story_ui ]
obj/gbc/scroll_blast.rel                  [ scroll_blast ]
obj/gbc/root_icon.rel                     [ root_icon ]
obj/gbc/scroll_root.rel                   [ scroll_root ]


Libraries Linked                          [ object file ]

./gbdk/lib/gb/gb.lib                      [ fill_rect_wi.o ]
./gbdk/lib/sm83/sm83.lib                  [ div.o ]
./gbdk/lib/gb/gb.lib                      [ sfr.o ]
./gbdk/lib/sm83/sm83.lib                  [ _strcpy.o ]
./gbdk/lib/sm83/sm83.lib                  [ rand.o ]
./gbdk/lib/gb/gb.lib                      [ font.o ]
./gbdk/lib/gb/gb.lib                      [ cgb_palettes.o ]
./gbdk/lib/gb/gb.lib                      [ font_color.o ]
./gbdk/lib/sm83/sm83.lib                  [ _memmove.o ]
./gbdk/lib/sm83/sm83.lib                  [ mul.o ]
./gbdk/lib/gb/gb.lib                      [ set_data.o ]
./gbdk/lib/gb/gb.lib                      [ set_tile.o ]
./gbdk/lib/gb/gb.lib                      [ lcd.o ]
./gbdk/lib/gb/gb.lib                      [ fill_rect.o ]
./gbdk/lib/sm83/sm83.lib                  [ _modulong.o ]
./gbdk/lib/gb/gb.lib                      [ pad.o ]
./gbdk/lib/gb/gb.lib                      [ fill_rect_bk.o ]
./gbdk/lib/gb/gb.lib                      [ color.o ]
./gbdk/lib/sm83/sm83.lib                  [ memcpy.o ]
./gbdk/lib/sm83/sm83.lib                  [ _memset.o ]
./gbdk/lib/gb/gb.lib                      [ drawing_isr.o ]
./gbdk/lib/gb/gb.lib                      [ f_ibm_sh.o ]
./gbdk/lib/gb/gb.lib                      [ ___sdcc_bcall_ehl.o ]
./gbdk/lib/sm83/sm83.lib                  [ strcat.o ]
./gbdk/lib/sm83/sm83.lib                  [ printf.o ]
./gbdk/lib/gb/gb.lib                      [ cgb.o ]
./gbdk/lib/sm83/sm83.lib                  [ strlen.o ]
./gbdk/lib/sm83/sm83.lib                  [ _mullong.o ]
./gbdk/lib/gb/gb.lib                      [ cgb_compat.o ]
./gbdk/lib/gb/gb.lib                      [ set_bk_t.o ]
./gbdk/lib/gb/gb.lib                      [ set_1bit_data.o ]
./gbdk/lib/sm83/sm83.lib                  [ sprintf.o ]
./gbdk/lib/gb/gb.lib                      [ set_xy_t.o ]
./gbdk/lib/sm83/sm83.lib                  [ itoa.o ]
./gbdk/lib/sm83/sm83.lib                  [ __sdcc_call_hl.o ]

ASxxxx Linker V03.00/V05.40 + sdld,  page 49.

User Base Address Definitions

_DATA=0xC0A0
_CODE=0x0200
_HRAM=0xFF80
ASxxxx Linker V03.00/V05.40 + sdld,  page 50.

User Global Definitions

_shadow_OAM=0xC000
.STACK=0xE000

