ASxxxx Linker V03.00/V05.40 + sdld,  page 1.
Hexadecimal  [32-Bits]

Area                       Addr        Size        Decimal Bytes (Attributes)
--------------------       ----        ----        ------- ----- ------------
.  .ABS.               00000000    00000000 =           0. bytes (ABS,CON)

        Value  Global            Value  Global            Value  Global    
        -----  ------            -----  ------            -----  ------    
     00000000  .__.ABS.  |    00000000  ___bank_a |    00000000  ___bank_a
     00000000  ___bank_a |    00000000  ___bank_a |    00000000  ___bank_a
     00000000  ___bank_e |    00000000  ___bank_e |    00000000  ___bank_e
     00000000  ___bank_e |    00000000  _rMBC7_SR |    00000000  _rRAMG   
     00000000  b_enemy_g |    00000000  b_enemy_s |    00000000  b_enemy_s
     00000000  b_enemy_t |    00000000  l__BASE   |    00000000  l__BSS   
     00000000  l__CABS   |    00000000  l__CODE_0 |    00000000  l__DABS  
     00000000  l__FONT_H |    00000000  l__HEADER |    00000000  l__HEADER
     00000000  l__HEAP   |    00000000  l__HEAP_E |    00000000  l__LIT   
     00000000  s__CABS   |    00000000  s__DABS   |    00000000  s__FONT_H
     00000000  s__FONT_H |    00000000  s__HEADER |    00000000  s__HEADER
     00000000  s__HEADER |    00000000  s__HEADER |    00000000  s__HEADER
     00000000  s__HEADER |    00000000  s__HEADER |    00000000  s__HEADER
     00000000  s__HEADER |    00000000  s__HEADER |    00000000  s__HEADER
     00000000  s__HEADER |    00000000  s__HEADER |    00000000  s__HEADER
     00000000  s__HEADER |    00000000  s__HEADER |    00000000  s__HEADER
     00000000  s__HEADER |    00000000  s__HEADER |    00000000  s__HEADER
     00000000  s__HEADER |    00000001  ___bank_t |    00000001  l__GSFINA
     00000001  l__HEADER |    00000001  l__HEADER |    00000001  l__HEADER
     00000001  l__HEADER |    00000001  l__HEADER |    00000001  l__HEADER
     00000001  l__HEADER |    00000002  ___bank_c |    00000002  ___bank_e
     00000002  ___bank_e |    00000002  ___bank_g |    00000002  ___bank_g
     00000002  ___bank_i |    00000002  ___bank_l |    00000002  ___bank_m
     00000002  ___bank_m |    00000002  ___bank_m |    00000002  ___bank_s
     00000002  ___bank_s |    00000002  ___bank_t |    00000002  b_camera_
     00000002  b_camera_ |    00000002  b_camera_ |    00000002  b_corpse_
     00000002  b_corpse_ |    00000002  b_draw_bo |    00000002  b_draw_co
     00000002  b_draw_ga |    00000002  b_enemy_a |    00000002  b_enemy_c
     00000002  b_enemy_e |    00000002  b_enemy_e |    00000002  b_enemy_p
     00000002  b_enemy_r |    00000002  b_ground_ |    00000002  b_ground_
     00000002  b_is_walk |    00000002  b_level_g |    00000002  b_map_pit
     00000002  b_map_til |    00000002  b_map_til |    00000002  b_state_g
     00000002  b_state_g |    00000002  b_tile_at |    00000002  l__HEADER
     00000002  l__HEADER |    00000002  l__HEADER |    00000003  ___bank_c
     00000003  ___bank_s |    00000003  ___bank_s |    00000003  ___bank_s
     00000003  ___bank_s |    00000003  ___bank_s |    00000003  ___bank_s
     00000003  ___bank_s |    00000003  ___bank_s |    00000003  ___bank_s
     00000003  ___bank_s |    00000003  ___bank_s |    00000003  ___bank_s
     00000003  ___bank_s |    00000003  ___bank_s |    00000003  b_class_p
     00000003  b_class_p |    00000003  b_state_a |    00000003  b_state_a
     00000003  b_state_c |    00000003  b_state_g |    00000003  b_state_i
     00000003  b_state_i |    00000003  b_state_m |    00000003  b_state_m
     00000003  b_state_p |    00000003  b_state_p |    00000003  b_state_s
     00000003  b_state_s |    00000003  b_state_t |    00000003  b_state_t
     00000003  l__FONT_H |    00000003  l__HEADER |    00000003  l__HEADER
     00000004  ___bank_b |    00000005  ___bank_u |    00000005  b_run_see
     00000005  b_title_s |    00000005  b_ui_comb |    00000005  b_ui_comb
     00000005  b_ui_comb |    00000005  b_ui_comb |    00000005  b_ui_comb
     00000005  b_ui_conf |    00000005  b_ui_draw |    00000005  b_ui_draw
     00000005  b_ui_game |    00000005  b_ui_load |    00000005  b_ui_load
ASxxxx Linker V03.00/V05.40 + sdld,  page 2.
Hexadecimal  [32-Bits]

Area                       Addr        Size        Decimal Bytes (Attributes)
--------------------       ----        ----        ------- ----- ------------
.  .ABS.               00000000    00000000 =           0. bytes (ABS,CON)

        Value  Global            Value  Global            Value  Global    
        -----  ------            -----  ------            -----  ------    
     00000005  b_ui_map_ |    00000005  b_ui_pane |    00000005  b_ui_pane
     00000005  b_ui_pane |    00000005  b_ui_pane |    00000005  b_ui_push
     00000005  b_ui_push |    00000005  b_ui_push |    00000005  b_ui_push
     00000005  b_window_ |    00000005  b_window_ |    00000005  l__HEADER
     00000006  ___bank_a |    00000006  ___bank_a |    00000006  b_abiliti
     00000006  b_ability |    00000006  l__HEADER |    00000007  ___bank_a
     00000007  ___bank_a |    00000007  b_abiliti |    00000007  b_ability
     00000007  l__HEADER |    00000008  ___bank_a |    00000008  ___bank_a
     00000008  b_abiliti |    00000008  b_ability |    00000008  l__HEADER
     00000009  ___bank_a |    00000009  ___bank_a |    00000009  b_abiliti
     00000009  b_ability |    0000000A  ___bank_b |    0000000A  ___bank_g
     0000000A  ___bank_l |    0000000A  b_generat |    0000000A  b_level_i
     0000000B  ___bank_b |    0000000C  ___bank_b |    0000000D  b_enemy_t
     0000000D  b_invento |    0000000D  b_invento |    0000000D  b_invento
     0000000D  b_invento |    0000000D  b_invento |    0000000D  b_item_ro
     0000000D  b_items_k |    0000000D  b_items_k |    0000000D  b_items_k
     0000000D  b_items_k |    0000000D  b_items_k |    0000000D  b_items_k
     0000000D  b_items_u |    0000000D  b_ring_ro |    0000000E  ___bank_d
     0000000E  ___bank_n |    0000000E  ___bank_s |    0000000E  ___bank_t
     0000000E  b_dungeon |    0000000E  b_npc_nam |    0000000E  b_story_u
     0000000E  b_town_na |    0000000F  b_scroll_ |    00000010  b_bow_sho
     00000010  b_debuff_ |    00000010  b_scroll_ |    00000011  ___bank_a
     00000011  ___bank_a |    00000011  ___bank_a |    00000011  ___bank_e
     00000011  ___bank_e |    00000011  ___bank_e |    00000011  ___bank_e
     00000011  ___bank_e |    00000011  ___bank_e |    00000011  ___bank_e
     00000011  ___bank_e |    00000011  ___bank_e |    00000011  ___bank_e
     00000011  ___bank_e |    00000011  ___bank_e |    00000011  ___bank_e
     00000011  ___bank_e |    00000011  ___bank_e |    00000011  ___bank_e
     00000011  ___bank_e |    00000011  ___bank_e |    00000011  ___bank_e
     00000011  ___bank_e |    00000011  ___bank_e |    00000011  ___bank_e
     00000011  ___bank_e |    00000011  ___bank_e |    00000011  ___bank_e
     00000011  ___bank_e |    00000011  ___bank_e |    00000011  ___bank_e
     00000011  ___bank_e |    00000011  ___bank_e |    00000011  b_ally_fo
     00000011  b_ally_fo |    00000011  b_ally_fo |    00000011  b_entity_
     00000011  b_entity_ |    00000011  b_entity_ |    00000011  b_entity_
     00000011  b_entity_ |    00000011  b_entity_ |    00000011  b_entity_
     00000011  b_entity_ |    00000011  b_entity_ |    00000011  b_entity_
     00000011  b_entity_ |    00000011  b_entity_ |    00000011  b_entity_
     00000011  b_entity_ |    00000011  b_entity_ |    00000011  b_entity_
     00000011  b_entity_ |    00000011  b_entity_ |    00000011  b_entity_
     00000011  b_entity_ |    00000011  b_entity_ |    00000011  b_entity_
     00000011  b_entity_ |    00000011  b_entity_ |    00000011  b_entity_
     00000011  b_entity_ |    00000011  b_entity_ |    00000011  b_entity_
     00000011  b_entity_ |    00000011  b_entity_ |    00000011  l__GSINIT
     00000012  ___bank_b |    00000013  ___bank_c |    00000013  ___bank_c
     00000013  ___bank_c |    00000013  ___bank_c |    00000013  ___bank_r
     00000013  b_combat_ |    00000013  b_combat_ |    00000013  b_combat_
     00000013  b_combat_ |    00000013  b_resolve |    00000013  l__HRAM  
     00000014  b_equippe |    00000014  b_equippe |    00000014  b_items_e
     00000014  b_items_e |    00000015  ___bank_b |    00000015  ___bank_b
     00000016  ___bank_a |    00000016  ___bank_a |    00000016  ___bank_b
ASxxxx Linker V03.00/V05.40 + sdld,  page 3.
Hexadecimal  [32-Bits]

Area                       Addr        Size        Decimal Bytes (Attributes)
--------------------       ----        ----        ------- ----- ------------
.  .ABS.               00000000    00000000 =           0. bytes (ABS,CON)

        Value  Global            Value  Global            Value  Global    
        -----  ------            -----  ------            -----  ------    
     00000016  ___bank_b |    00000016  ___bank_l |    00000016  ___bank_o
     00000016  ___bank_o |    00000016  ___bank_o |    00000016  ___bank_o
     00000016  ___bank_o |    00000016  ___bank_o |    00000016  ___bank_o
     00000016  ___bank_o |    00000016  ___bank_o |    00000016  ___bank_o
     00000016  ___bank_o |    00000016  ___bank_o |    00000016  ___bank_o
     00000016  ___bank_o |    00000016  ___bank_o |    00000016  ___bank_r
     00000016  ___bank_r |    00000016  ___bank_w |    00000016  ___bank_w
     00000016  b_apply_f |    00000016  b_apply_w |    00000016  b_load_pa
     00000016  b_overwor |    00000016  b_overwor |    00000016  b_overwor
     00000016  b_overwor |    00000016  b_overwor |    00000016  b_overwor
     00000016  b_overwor |    00000016  b_overwor |    00000016  b_overwor
     00000016  b_overwor |    00000016  b_overwor |    00000016  b_overwor
     00000016  b_overwor |    00000016  b_overwor |    00000016  b_overwor
     00000016  b_render_ |    00000016  b_render_ |    00000016  b_water_a
     00000016  b_water_a |    00000018  ___bank_b |    00000018  ___bank_b
     00000018  ___bank_b |    00000018  ___bank_s |    00000018  ___bank_s
     00000018  ___bank_s |    00000018  b_sphinx_ |    00000018  b_sphinx_
     00000018  b_sphinx_ |    0000001C  ___bank_d |    0000001C  b_dungeon
     0000001D  ___bank_b |    0000001D  ___bank_b |    0000001D  ___bank_t
     0000001D  ___bank_t |    0000001D  ___bank_t |    0000001D  ___bank_t
     0000001D  ___bank_t |    0000001D  ___bank_t |    0000001D  b_town_ba
     0000001D  b_town_ex |    0000001D  b_town_ge |    0000001D  b_town_np
     0000001D  b_town_np |    0000001D  b_town_ro |    0000001E  ___bank_a
     0000001E  ___bank_a |    0000001E  ___bank_a |    0000001E  ___bank_b
     0000001E  ___bank_p |    0000001E  b_auto_ex |    0000001E  b_auto_ex
     0000001E  b_auto_ex |    0000001E  b_belt_se |    0000001E  b_push_se
     0000002C  l__INITIA |    0000002C  l__INITIA |    00000030  l__HEADER
     00000052  l__CODE_2 |    00000060  l__HEADER |    00000074  l__CODE_7
     00000084  l__CODE_1 |    00000084  l__CODE_1 |    00000088  l__CODE_6
     0000009D  l__CODE_1 |    000000AB  l__HEADER |    000001CB  l__CODE_2
     00000200  s__CODE   |    00000272  l__CODE_9 |    00000284  l__CODE_1
     00000293  l__CODE_8 |    0000045A  l__CODE_2 |    000007C1  l__CODE_1
     00000B71  l__HOME   |    00000B9B  l__CODE_4 |    00000C34  l__CODE_3
     00001108  l__CODE_1 |    00001275  l__CODE_1 |    000012EE  l__CODE_2
     00001399  l__CODE_2 |    00001554  l__CODE_1 |    000016D0  l__CODE_1
     00001D43  l__DATA   |    00001F64  l__CODE_1 |    00002000  _rROMB0  
     00002285  l__CODE_3 |    00002B5E  l__CODE_2 |    00003000  _rROMB1  
     000031D7  l__CODE   |    000032C8  l__CODE_5 |    000033D7  s__HOME  
     000035D6  l__CODE_1 |    00003F48  s__BASE   |    00003F48  s__CODE_0
     00003F48  s__INITIA |    00003F48  s__LIT    |    00003F74  s__GSINIT
     00003F85  s__GSFINA |    00003FDB  l__CODE_2 |    00004000  _rMBC7_SR
     00004000  _rRAMB    |    00008000  __VRAM    |    00008000  __VRAM800
     00008800  __VRAM880 |    00009000  __VRAM900 |    00009800  __SCRN0  
     00009C00  __SCRN1   |    0000A000  __SRAM    |    0000A000  _rMBC7_LA
     0000A010  _rMBC7_LA |    0000A020  _rMBC7_AC |    0000A030  _rMBC7_AC
     0000A040  _rMBC7_AC |    0000A050  _rMBC7_AC |    0000C000  __RAM    
     0000C000  _shadow_O |    0000C0A0  s__DATA   |    0000D000  __RAMBANK
     0000DDE3  s__BSS    |    0000DDE3  s__INITIA |    0000DE0F  s__HEAP  
     0000DE0F  s__HEAP_E |    0000E000  .STACK    |    0000FE00  __OAMRAM 
     0000FF00  _P1_REG   |    0000FF00  __IO      |    0000FF01  _SB_REG  
     0000FF02  _SC_REG   |    0000FF04  _DIV_REG  |    0000FF05  _TIMA_REG
ASxxxx Linker V03.00/V05.40 + sdld,  page 4.
Hexadecimal  [32-Bits]

Area                       Addr        Size        Decimal Bytes (Attributes)
--------------------       ----        ----        ------- ----- ------------
.  .ABS.               00000000    00000000 =           0. bytes (ABS,CON)

        Value  Global            Value  Global            Value  Global    
        -----  ------            -----  ------            -----  ------    
     0000FF06  _TMA_REG  |    0000FF07  _TAC_REG  |    0000FF0F  _IF_REG  
     0000FF10  _NR10_REG |    0000FF11  _NR11_REG |    0000FF12  _NR12_REG
     0000FF13  _NR13_REG |    0000FF14  _NR14_REG |    0000FF16  _NR21_REG
     0000FF17  _NR22_REG |    0000FF18  _NR23_REG |    0000FF19  _NR24_REG
     0000FF1A  _NR30_REG |    0000FF1B  _NR31_REG |    0000FF1C  _NR32_REG
     0000FF1D  _NR33_REG |    0000FF1E  _NR34_REG |    0000FF20  _NR41_REG
     0000FF21  _NR42_REG |    0000FF22  _NR43_REG |    0000FF23  _NR44_REG
     0000FF24  _NR50_REG |    0000FF25  _NR51_REG |    0000FF26  _NR52_REG
     0000FF30  _AUD3WAVE |    0000FF30  _PCM_SAMP |    0000FF30  __AUD3WAV
     0000FF40  _LCDC_REG |    0000FF41  _STAT_REG |    0000FF42  _SCY_REG 
     0000FF43  _SCX_REG  |    0000FF44  _LY_REG   |    0000FF45  _LYC_REG 
     0000FF46  _DMA_REG  |    0000FF47  _BGP_REG  |    0000FF48  _OBP0_REG
     0000FF49  _OBP1_REG |    0000FF4A  _WY_REG   |    0000FF4B  _WX_REG  
     0000FF4D  _KEY1_REG |    0000FF4F  _VBK_REG  |    0000FF51  _HDMA1_RE
     0000FF52  _HDMA2_RE |    0000FF53  _HDMA3_RE |    0000FF54  _HDMA4_RE
     0000FF55  _HDMA5_RE |    0000FF56  _RP_REG   |    0000FF68  _BCPS_REG
     0000FF69  _BCPD_REG |    0000FF6A  _OCPS_REG |    0000FF6B  _OCPD_REG
     0000FF70  _SVBK_REG |    0000FF76  _PCM12_RE |    0000FF77  _PCM34_RE
     0000FF80  __HRAM    |    0000FF80  s__HRAM   |    0000FFFF  _IE_REG  
     00014000  s__CODE_1 |    00024000  s__CODE_2 |    00034000  s__CODE_3
     00044000  s__CODE_4 |    00054000  s__CODE_5 |    00064000  s__CODE_6
     00074000  s__CODE_7 |    00084000  s__CODE_8 |    00094000  s__CODE_9
     000A4000  s__CODE_1 |    000B4000  s__CODE_1 |    000C4000  s__CODE_1
     000D4000  s__CODE_1 |    000E4000  s__CODE_1 |    000F4000  s__CODE_1
     00104000  s__CODE_1 |    00114000  s__CODE_1 |    00124000  s__CODE_1
     00134000  s__CODE_1 |    00144000  s__CODE_2 |    00154000  s__CODE_2
     00164000  s__CODE_2 |    00184000  s__CODE_2 |    001C4000  s__CODE_2
     001D4000  s__CODE_2 |    001E4000  s__CODE_3
ASxxxx Linker V03.00/V05.40 + sdld,  page 5.
Hexadecimal  [32-Bits]

Area                       Addr        Size        Decimal Bytes (Attributes)
--------------------       ----        ----        ------- ----- ------------
_CODE                  00000200    000031D7 =       12759. bytes (REL,CON)

        Value  Global            Value  Global            Value  Global    
        -----  ------            -----  ------            -----  ------    
     00000200  _ability_ |    000002A3  _ability_ |    000002B4  _ability_
     000002BD  _ability_ |    000002C8  _ability_ |    000002D2  _ability_
     000002DD  _ability_ |    00000319  _ability_ |    0000038C  ___func_a
     0000038C  _ally_cle |    000003B1  ___func_a |    000003B1  _ally_cle
     000003C0  ___func_a |    000003C0  _ally_fin |    000003DB  ___func_a
     000003DB  _ally_has |    000003FD  _ally_wal |    0000048B  ___func_a
     0000048B  _ally_sum |    000004D2  _biome_lo |    00000875  _biome_ap
     00000AC0  _biome_pi |    00000BFA  ___func_e |    00000BFA  _enemy_ty
     00000CA9  ___func_e |    00000CA9  _enemy_sl |    00000E51  ___func_e
     00000E51  _enemy_sl |    000010C7  ___func_e |    000010C7  _enemy_go
     000012E3  _player_l |    00001303  _ow_prefa |    0000132B  _lcd_note
     0000136D  _lcd_hp_p |    00001423  _lcd_init |    0000143A  _lcd_susp
     0000144C  _lcd_resu |    00001463  _lcd_clea |    000014FB  _exp2_set
     00001527  _exp2_cle |    0000153F  _overworl |    0000156B  _overworl
     00001597  _overworl |    000015AF  _wram2_re |    000015C1  _road_bit
     000015ED  _road_set |    00001619  _road_cle |    00001631  _lighting
     00001639  _lighting |    0000163D  _lighting |    00001679  _lighting
     0000167D  _lighting |    0000168C  _lighting |    0000185E  _lighting
     000018A3  _main     |    0000237B  _sfx_lung |    00002385  _sfx_dodg
     00002396  _sfx_spel |    000023A7  _sfx_whir |    000023B6  _sfx_shie
     000023C7  _sfx_fox_ |    000023D8  _music_pl |    0000240E  _music_pl
     0000245F  _music_se |    00002469  _music_ge |    0000246D  _music_be
     000024A2  _music_lo |    000024D0  _music_st |    000024E9  _music_pl
     00002540  _music_in |    0000256E  _perf_sta |    00002571  _perf_sta
     00002579  _perf_rec |    0000261D  _perf_avg |    00002651  _perf_max
     00002660  _perf_cle |    00002685  _seed_ent |    00002706  _seed_ent
     00002742  _seed_ent |    000027A3  _targetin |    00002843  _tileset_
     0000288B  _tileset_ |    000028F5  _title_lo |    0000297F  _title_lo
     00002B57  _title_lo |    00002BB1  _ui_loadi |    00002BEA  _wall_pal
     00002D2A  __divsuch |    00002D30  __modsuch |    00002D39  __divusch
     00002D42  __modusch |    00002D4E  __divscha |    00002D53  __modscha
     00002D5A  __divsint |    00002D63  __modsint |    00002D6F  __divucha
     00002D74  __moducha |    00002D7B  __divuint |    00002D84  __moduint
     00002D90  .div8     |    00002D90  .mod8     |    00002D98  .div16   
     00002D98  .mod16    |    00002DCE  .divu8    |    00002DCE  .modu8   
     00002DD1  .divu16   |    00002DD1  .modu16   |    00002E11  _set_spri
     00002E16  _set_bkg_ |    00002E19  .set_pale |    00002E38  _set_spri
     00002E3D  _set_bkg_ |    00002E40  .set_pale |    00002E5C  _memmove 
     00002F0B  __mulsuch |    00002F0E  __mulusch |    00002F17  __mulscha
     00002F1F  __mulint  |    00002F3E  __mulucha |    00002F50  _set_vram
     00002F59  _set_win_ |    00002F62  _set_bkg_ |    00002F91  ___memcpy
     00002F91  _memcpy   |    00002FC3  _strcat   |    00002FD4  _printf  
     00002FE9  _cpu_slow |    00003004  _cpu_fast |    0000300B  _cgb_comp
     0000300B  _set_defa |    0000305B  ___printf |    000033B8  _sprintf 
ASxxxx Linker V03.00/V05.40 + sdld,  page 6.
Hexadecimal  [32-Bits]

Area                       Addr        Size        Decimal Bytes (Attributes)
--------------------       ----        ----        ------- ----- ------------
_HEADER0               00000000    00000001 =           1. bytes (ABS,CON)

        Value  Global            Value  Global            Value  Global    
        -----  ------            -----  ------            -----  ------    
     00000020  .call_hl 
ASxxxx Linker V03.00/V05.40 + sdld,  page 7.
Hexadecimal  [32-Bits]

Area                       Addr        Size        Decimal Bytes (Attributes)
--------------------       ----        ----        ------- ----- ------------
_HEADER1               00000000    00000005 =           5. bytes (ABS,CON)

        Value  Global            Value  Global            Value  Global    
        -----  ------            -----  ------            -----  ------    
     00000028  .MemsetSm
ASxxxx Linker V03.00/V05.40 + sdld,  page 8.
Hexadecimal  [32-Bits]

Area                       Addr        Size        Decimal Bytes (Attributes)
--------------------       ----        ----        ------- ----- ------------
_HEADER2               00000000    00000007 =           7. bytes (ABS,CON)

        Value  Global            Value  Global            Value  Global    
        -----  ------            -----  ------            -----  ------    
     00000030  .MemcpySm
ASxxxx Linker V03.00/V05.40 + sdld,  page 9.
Hexadecimal  [32-Bits]

Area                       Addr        Size        Decimal Bytes (Attributes)
--------------------       ----        ----        ------- ----- ------------
_HEADER3               00000000    00000008 =           8. bytes (ABS,CON)

        Value  Global            Value  Global            Value  Global    
        -----  ------            -----  ------            -----  ------    
ASxxxx Linker V03.00/V05.40 + sdld,  page 10.
Hexadecimal  [32-Bits]

Area                       Addr        Size        Decimal Bytes (Attributes)
--------------------       ----        ----        ------- ----- ------------
_HEADER4               00000000    00000060 =          96. bytes (ABS,CON)

        Value  Global            Value  Global            Value  Global    
        -----  ------            -----  ------            -----  ------    
     00000080  .int      |    0000008F  _wait_int |    0000009C  __standar
     000000AB  _refresh_ |    000000CC  _set_inte
ASxxxx Linker V03.00/V05.40 + sdld,  page 11.
Hexadecimal  [32-Bits]

Area                       Addr        Size        Decimal Bytes (Attributes)
--------------------       ----        ----        ------- ----- ------------
_HEADER5               00000000    00000001 =           1. bytes (ABS,CON)

        Value  Global            Value  Global            Value  Global    
        -----  ------            -----  ------            -----  ------    
ASxxxx Linker V03.00/V05.40 + sdld,  page 12.
Hexadecimal  [32-Bits]

Area                       Addr        Size        Decimal Bytes (Attributes)
--------------------       ----        ----        ------- ----- ------------
_HEADER6               00000000    00000002 =           2. bytes (ABS,CON)

        Value  Global            Value  Global            Value  Global    
        -----  ------            -----  ------            -----  ------    
ASxxxx Linker V03.00/V05.40 + sdld,  page 13.
Hexadecimal  [32-Bits]

Area                       Addr        Size        Decimal Bytes (Attributes)
--------------------       ----        ----        ------- ----- ------------
_HEADER7               00000000    00000030 =          48. bytes (ABS,CON)

        Value  Global            Value  Global            Value  Global    
        -----  ------            -----  ------            -----  ------    
ASxxxx Linker V03.00/V05.40 + sdld,  page 14.
Hexadecimal  [32-Bits]

Area                       Addr        Size        Decimal Bytes (Attributes)
--------------------       ----        ----        ------- ----- ------------
_HEADER8               00000000    00000006 =           6. bytes (ABS,CON)

        Value  Global            Value  Global            Value  Global    
        -----  ------            -----  ------            -----  ------    
ASxxxx Linker V03.00/V05.40 + sdld,  page 15.
Hexadecimal  [32-Bits]

Area                       Addr        Size        Decimal Bytes (Attributes)
--------------------       ----        ----        ------- ----- ------------
_HEADER9               00000000    00000003 =           3. bytes (ABS,CON)

        Value  Global            Value  Global            Value  Global    
        -----  ------            -----  ------            -----  ------    
ASxxxx Linker V03.00/V05.40 + sdld,  page 16.
Hexadecimal  [32-Bits]

Area                       Addr        Size        Decimal Bytes (Attributes)
--------------------       ----        ----        ------- ----- ------------
_HEADERa               00000000    00000001 =           1. bytes (ABS,CON)

        Value  Global            Value  Global            Value  Global    
        -----  ------            -----  ------            -----  ------    
ASxxxx Linker V03.00/V05.40 + sdld,  page 17.
Hexadecimal  [32-Bits]

Area                       Addr        Size        Decimal Bytes (Attributes)
--------------------       ----        ----        ------- ----- ------------
_HEADERb               00000000    00000001 =           1. bytes (ABS,CON)

        Value  Global            Value  Global            Value  Global    
        -----  ------            -----  ------            -----  ------    
ASxxxx Linker V03.00/V05.40 + sdld,  page 18.
Hexadecimal  [32-Bits]

Area                       Addr        Size        Decimal Bytes (Attributes)
--------------------       ----        ----        ------- ----- ------------
_HEADERc               00000000    00000001 =           1. bytes (ABS,CON)

        Value  Global            Value  Global            Value  Global    
        -----  ------            -----  ------            -----  ------    
ASxxxx Linker V03.00/V05.40 + sdld,  page 19.
Hexadecimal  [32-Bits]

Area                       Addr        Size        Decimal Bytes (Attributes)
--------------------       ----        ----        ------- ----- ------------
_HEADERd               00000000    00000002 =           2. bytes (ABS,CON)

        Value  Global            Value  Global            Value  Global    
        -----  ------            -----  ------            -----  ------    
ASxxxx Linker V03.00/V05.40 + sdld,  page 20.
Hexadecimal  [32-Bits]

Area                       Addr        Size        Decimal Bytes (Attributes)
--------------------       ----        ----        ------- ----- ------------
_HEADERe               00000000    00000001 =           1. bytes (ABS,CON)

        Value  Global            Value  Global            Value  Global    
        -----  ------            -----  ------            -----  ------    
ASxxxx Linker V03.00/V05.40 + sdld,  page 21.
Hexadecimal  [32-Bits]

Area                       Addr        Size        Decimal Bytes (Attributes)
--------------------       ----        ----        ------- ----- ------------
_HEADERf               00000000    00000001 =           1. bytes (ABS,CON)

        Value  Global            Value  Global            Value  Global    
        -----  ------            -----  ------            -----  ------    
ASxxxx Linker V03.00/V05.40 + sdld,  page 22.
Hexadecimal  [32-Bits]

Area                       Addr        Size        Decimal Bytes (Attributes)
--------------------       ----        ----        ------- ----- ------------
_HEADER10              00000000    00000002 =           2. bytes (ABS,CON)

        Value  Global            Value  Global            Value  Global    
        -----  ------            -----  ------            -----  ------    
ASxxxx Linker V03.00/V05.40 + sdld,  page 23.
Hexadecimal  [32-Bits]

Area                       Addr        Size        Decimal Bytes (Attributes)
--------------------       ----        ----        ------- ----- ------------
_HEADER11              00000000    000000AB =         171. bytes (ABS,CON)

        Value  Global            Value  Global            Value  Global    
        -----  ------            -----  ------            -----  ------    
     00000150  .reset    |    00000150  _reset    |    00000157  .code_sta
     000001B9  _exit     |    000001BD  .wait_vbl |    000001BD  _vsync   
     000001BD  _wait_vbl |    000001CD  .remove_V |    000001CD  _remove_V
     000001D0  .remove_i |    000001ED  .add_VBL  |    000001ED  _add_VBL 
     000001F0  .add_int 
ASxxxx Linker V03.00/V05.40 + sdld,  page 24.
Hexadecimal  [32-Bits]

Area                       Addr        Size        Decimal Bytes (Attributes)
--------------------       ----        ----        ------- ----- ------------
_HOME                  000033D7    00000B71 =        2929. bytes (REL,CON)

        Value  Global            Value  Global            Value  Global    
        -----  ------            -----  ------            -----  ------    
     000033D7  .memset_s |    000033E0  .memcpy_s |    000033FD  .display_
     000033FD  _display_ |    00003415  _render_s |    0000341D  _render_s
     00003444  _fill_win |    00003456  _strcpy   |    00003468  _rand    
     00003468  _randw    |    00003493  _initrand |    00003495  .initrand
     0000349E  _font_loa |    000034A5  font_load |    000034ED  font_copy
     00003523  font_set  |    00003530  .put_char |    00003548  .out_char
     0000354E  .del_char |    000035A4  _putchar  |    000035AD  _setchar 
     000035B6  _font_loa |    000035C4  _font_set |    000035D3  _font_ini
     000035F2  .cls      |    000035F2  _cls      |    00003614  _gotoxy  
     0000361F  _posx     |    00003630  _posy     |    00003658  .cr_curs 
     0000366D  .adv_curs |    000036C9  .tmode    |    000036E6  .tmode_ou
     000036EF  _font_col |    000036FA  _set_tile |    000036FF  _set_bkg_
     000036FF  _set_win_ |    00003707  _set_spri |    00003766  .add_LCD 
     00003766  _add_LCD  |    0000376C  .remove_L |    0000376C  _remove_L
     00003772  .fill_rec |    0000377B  .fill_rec |    000037C8  __modulon
     00003865  .padup    |    00003865  _waitpadu |    00003875  .jpad    
     00003875  _joypad   |    0000389D  _waitpad  |    0000389E  .wait_pad
     000038A5  _fill_bkg |    000038B7  ___sdcc_c |    000038B8  _color   
     000038B8  _set_1bpp |    000038C7  _memset   |    000038FA  .drawing_
     00003917  _font_ibm |    00003CC9  ___sdcc_b |    00003CDD  _strlen  
     00003CE2  .strlen   |    00003CEB  __mullong |    00003DD2  _set_bkg_
     00003DE6  _set_bkg_ |    00003DE6  _set_win_ |    00003DEE  _set_spri
     00003E46  .set_xy_w |    00003E4F  .set_xy_b |    00003E5E  .set_xy_t
     00003EA2  _uitoa    |    00003EB1  _itoa     |    00003EC0  .itoa    
     00003ED4  .utoa    
ASxxxx Linker V03.00/V05.40 + sdld,  page 25.
Hexadecimal  [32-Bits]

Area                       Addr        Size        Decimal Bytes (Attributes)
--------------------       ----        ----        ------- ----- ------------
_INITIALIZER           00003F48    0000002C =          44. bytes (REL,CON)

        Value  Global            Value  Global            Value  Global    
        -----  ------            -----  ------            -----  ------    
ASxxxx Linker V03.00/V05.40 + sdld,  page 26.
Hexadecimal  [32-Bits]

Area                       Addr        Size        Decimal Bytes (Attributes)
--------------------       ----        ----        ------- ----- ------------
_GSINIT                00003F74    00000011 =          17. bytes (REL,CON)

        Value  Global            Value  Global            Value  Global    
        -----  ------            -----  ------            -----  ------    
     00003F74  gsinit   
ASxxxx Linker V03.00/V05.40 + sdld,  page 27.
Hexadecimal  [32-Bits]

Area                       Addr        Size        Decimal Bytes (Attributes)
--------------------       ----        ----        ------- ----- ------------
_GSFINAL               00003F85    00000001 =           1. bytes (REL,CON)

        Value  Global            Value  Global            Value  Global    
        -----  ------            -----  ------            -----  ------    
ASxxxx Linker V03.00/V05.40 + sdld,  page 28.
Hexadecimal  [32-Bits]

Area                       Addr        Size        Decimal Bytes (Attributes)
--------------------       ----        ----        ------- ----- ------------
_DATA                  0000C0A0    00001D43 =        7491. bytes (REL,CON)

        Value  Global            Value  Global            Value  Global    
        -----  ------            -----  ------            -----  ------    
     0000C0A0  __cpu     |    0000C0A1  __is_GBA  |    0000C0A2  .mode    
     0000C0A3  .sys_time |    0000C0A3  _sys_time |    0000C0A5  .int_0x40
     0000C0B1  _enemy_de |    0000C0F7  _enemy_ac |    0000C101  _enemy_ac
     0000C102  _pending_ |    0000C103  _pending_ |    0000C104  _gameplay
     0000C105  _level_is |    0000C106  _floor_vi |    0000C10D  _entered_
     0000C10E  _floor_ki |    0000C10F  _floor_bo |    0000C110  _elite_ba
     0000C111  _dungeon_ |    0000C113  _hub_land |    0000C114  _player_x
     0000C116  _player_c |    0000C117  _player_a |    0000C118  _player_m
     0000C119  _player_d |    0000C11A  _player_s |    0000C11B  _player_c
     0000C11C  _floor_bi |    0000C11D  _overworl |    0000C11E  _g_player
     0000C11F  _g_player |    0000C120  _g_prev_j |    0000C121  _g_run_en
     0000C123  _g_sphinx |    0000C124  _sphinx_f |    0000C125  _look_cx 
     0000C126  _look_cy  |    0000C127  _selected |    0000C128  _belt_slo
     0000C12C  _player_h |    0000C12D  _witch_sh |    0000C12E  _zerker_w
     0000C12F  _book_hea |    0000C130  _knight_s |    0000C131  _player_l
     0000C132  _ally_act |    0000C136  _ally_x   |    0000C13A  _ally_y  
     0000C13E  _ally_typ |    0000C142  _ally_cha |    0000C146  _ally_fli
     0000C14A  _enemy_al |    0000C161  _dead_ene |    0000C178  _dead_ene
     0000C179  _floor_it |    0000C1AB  _floor_en |    0000C241  _inventor
     0000C25F  _inventor |    0000C27D  _inventor |    0000C29B  _inventor
     0000C2B9  _ground_i |    0000C2C1  _ground_i |    0000C2C9  _ground_i
     0000C2D1  _ground_i |    0000C2D9  _pending_ |    0000C2DA  _inv_desc
     0000C2DB  _ow_featu |    0000C38B  _ow_featu |    0000C38C  _lcd_game
     0000C38D  _lcd_shak |    0000C38E  _lcd_shak |    0000C82F  _ui_loadi
     0000C830  _ui_load_ |    0000C831  _enemy_x  |    0000C848  _enemy_y 
     0000C85F  _enemy_ty |    0000C876  _enemy_hp |    0000C88D  _enemy_st
     0000C8A4  _enemy_st |    0000C8BB  _num_enem |    0000C8BC  _corpse_x
     0000C8D3  _corpse_y |    0000C8EA  _corpse_t |    0000C901  _num_corp
     0000C902  _enemy_oc |    0000CF02  _enemy_an |    0000CF03  _enemy_at
     0000CF1A  _enemy_at |    0000CF1B  _enemy_fo |    0000CF32  _enemy_pe
     0000CF4E  _floor_bi |    0000D3CE  _pit_bits |    0000D84E  _nav_node
     0000D96E  _num_nav_ |    0000D96F  _wall_til |    0000D970  _wall_pal
     0000D971  _pillar_p |    0000D972  _active_m |    0000D973  _active_m
     0000D974  _player_s |    0000D975  _player_s |    0000D976  _floor_co
     0000D977  _floor_vi |    0000D979  _brazier_ |    0000D97A  _brazier_
     0000D98E  _brazier_ |    0000D9A2  _brazier_ |    0000D9B6  _pit_x   
     0000D9B7  _pit_y    |    0000D9B8  _pit_pres |    0000DA03  _camera_p
     0000DA05  _camera_p |    0000DA07  _render_s |    0000DA1C  _render_s
     0000DC51  _water_an |    0000DDC3  ___rand_s |    0000DDC5  font_curr
     0000DDC8  font_firs |    0000DDC9  font_tabl |    0000DDDB  .int_0x48
ASxxxx Linker V03.00/V05.40 + sdld,  page 29.
Hexadecimal  [32-Bits]

Area                       Addr        Size        Decimal Bytes (Attributes)
--------------------       ----        ----        ------- ----- ------------
_INITIALIZED           0000DDE3    0000002C =          44. bytes (REL,CON)

        Value  Global            Value  Global            Value  Global    
        -----  ------            -----  ------            -----  ------    
     0000DDE3  _current_ |    0000DDE4  _next_sta |    0000DDE5  _player_h
     0000DDE6  _player_h |    0000DDE7  _player_l |    0000DDE8  _player_d
     0000DDE9  _floor_nu |    0000DDEA  _run_seed |    0000DDF4  _boss_ali
     0000DDF5  _ui_panel |    0000DE06  _auto_exp |    0000DE09  .curx    
     0000DE0A  .cury     |    0000DE0B  .fg_colou |    0000DE0B  __current
     0000DE0C  .bg_colou |    0000DE0D  .draw_mod |    0000DE0E  __map_til
ASxxxx Linker V03.00/V05.40 + sdld,  page 30.
Hexadecimal  [32-Bits]

Area                       Addr        Size        Decimal Bytes (Attributes)
--------------------       ----        ----        ------- ----- ------------
_HRAM                  0000FF80    00000013 =          19. bytes (REL,CON)

        Value  Global            Value  Global            Value  Global    
        -----  ------            -----  ------            -----  ------    
     0000FF80  .refresh_ |    0000FF90  __current |    0000FF91  __vbl_don
     0000FF92  __shadow_
ASxxxx Linker V03.00/V05.40 + sdld,  page 31.
Hexadecimal  [32-Bits]

Area                       Addr        Size        Decimal Bytes (Attributes)
--------------------       ----        ----        ------- ----- ------------
_CODE_1                00014000    00001108 =        4360. bytes (REL,CON)

        Value  Global            Value  Global            Value  Global    
        -----  ------            -----  ------            -----  ------    
     00014000  ___func_t |    00014000  _tileset_ |    00014008  _tileset_
     00015008  _tileset_
ASxxxx Linker V03.00/V05.40 + sdld,  page 32.
Hexadecimal  [32-Bits]

Area                       Addr        Size        Decimal Bytes (Attributes)
--------------------       ----        ----        ------- ----- ------------
_CODE_2                00024000    00003FDB =       16347. bytes (REL,CON)

        Value  Global            Value  Global            Value  Global    
        -----  ------            -----  ------            -----  ------    
     00024004  _enemy_gr |    00024050  _enemy_pl |    00024192  _enemy_cl
     0002423F  _corpse_p |    0002434A  _corpse_c |    000243C5  ___func_e
     000243C5  _enemy_pl |    00024416  _enemy_ef |    0002444E  _enemy_ef
     00024487  _enemy_an |    00024495  _enemy_an |    00024511  ___func_e
     00024511  _enemy_at |    00024589  _corpse_s |    00024601  _corpse_a
     0002460D  _corpse_d |    0002461C  _spawn_en |    00024A8A  _enemy_se
     00024AA2  _enemy_ge |    00024E0D  _enemy_re |    00024F95  _move_ene
     000254D1  _wall_ort |    00025686  ___func_t |    00025686  _tile_at 
     00025714  ___func_m |    00025714  _map_pit_ |    0002572D  ___func_g
     0002572D  _ground_i |    00025760  ___func_m |    00025760  _map_tile
     00025790  ___func_m |    00025790  _map_tile |    000257CA  ___func_g
     000257CA  _ground_i |    00025810  ___func_i |    00025810  _is_walka
     00025853  _tile_cha |    00025861  _tile_vra |    00025887  _tile_pal
     00025894  _floor_gr |    000258AC  _floor_ti |    000259ED  _nearest_
     00025A8F  _nav_fill |    00025B76  ___func_l |    00025B76  _level_ge
     0002650A  ___func_s |    0002650A  _state_ga |    0002657E  ___func_s
     0002657E  _state_ga |    000270CC  ___func_c |    000270CC  _camera_i
     000273BC  _camera_s |    00027A62  _camera_s |    00027CF3  _draw_cel
     00027D47  _classify |    00027DBB  _classify |    00027E2E  _draw_col
     00027E78  _draw_row |    00027EC2  _draw_ui_ |    00027ECA  _draw_gam
     00027EE4  _draw_scr |    00027F31  _draw_gam |    00027F4E  _draw_gam
     00027F56  _draw_ene |    00027F65  _draw_cor |    00027FAA  _draw_cor
     00027FAD  _draw_bos
ASxxxx Linker V03.00/V05.40 + sdld,  page 33.
Hexadecimal  [32-Bits]

Area                       Addr        Size        Decimal Bytes (Attributes)
--------------------       ----        ----        ------- ----- ------------
_CODE_3                00034000    00002285 =        8837. bytes (REL,CON)

        Value  Global            Value  Global            Value  Global    
        -----  ------            -----  ------            -----  ------    
     00034BD3  ___func_s |    00034BD3  _state_in |    00034C1B  ___func_s
     00034C1B  _state_in |    0003512C  ___func_s |    0003512C  _state_st
     00035307  ___func_s |    00035307  _state_st |    000356CB  ___func_s
     000356CB  _state_ch |    00035B9C  ___func_s |    00035B9C  _state_pi
     00035BED  ___func_s |    00035BED  _state_pi |    00035D1A  ___func_s
     00035D1A  _state_ab |    00035E4E  ___func_s |    00035E4E  _state_ab
     00035E70  ___func_s |    00035E70  _state_ma |    00035F98  ___func_s
     00035F98  _state_ma |    00035FBA  ___func_s |    00035FBA  _state_tr
     0003613C  ___func_c |    0003613C  _class_pa |    00036177  _class_pa
     0003618E  ___func_s |    0003618E  _state_ga |    0003623A  ___func_s
     0003623A  _state_ti
ASxxxx Linker V03.00/V05.40 + sdld,  page 34.
Hexadecimal  [32-Bits]

Area                       Addr        Size        Decimal Bytes (Attributes)
--------------------       ----        ----        ------- ----- ------------
_CODE_4                00044000    00000B9B =        2971. bytes (REL,CON)

        Value  Global            Value  Global            Value  Global    
        -----  ------            -----  ------            -----  ------    
     00044000  ___func_b |    00044000  _bwv1043_ |    00044132  _bwv1043_
     000446AE  _bwv1043_
ASxxxx Linker V03.00/V05.40 + sdld,  page 35.
Hexadecimal  [32-Bits]

Area                       Addr        Size        Decimal Bytes (Attributes)
--------------------       ----        ----        ------- ----- ------------
_CODE_5                00054000    000032C8 =       13000. bytes (REL,CON)

        Value  Global            Value  Global            Value  Global    
        -----  ------            -----  ------            -----  ------    
     00054000  ___func_u |    00054FF7  _ui_comba |    00055002  _ui_comba
     000550E7  _ui_comba |    000550FC  _ui_comba |    00055118  _ui_confi
     00055244  _ui_push_ |    000555C0  _ui_push_ |    000557C9  _ui_push_
     000559A0  _ui_push_ |    00055AA5  _ui_comba |    00055AE7  _seed_wor
     00055B37  _seed_wor |    00055B87  _seed_wor |    00056ACC  _run_seed
     00056B49  _ui_map_p |    00056BCC  _ui_game_ |    00056C0D  _window_u
     00056C5D  _window_u |    00056C64  _ui_loadi |    00056CC9  _ui_loadi
     00056CDA  _ui_draw_ |    00056D47  _ui_draw_ |    00056DD0  _ui_panel
     00056DD5  _ui_panel |    00056DE5  _ui_panel |    00056DF1  _ui_panel
     000571D8  _title_sc
ASxxxx Linker V03.00/V05.40 + sdld,  page 36.
Hexadecimal  [32-Bits]

Area                       Addr        Size        Decimal Bytes (Attributes)
--------------------       ----        ----        ------- ----- ------------
_CODE_6                00064000    00000088 =         136. bytes (REL,CON)

        Value  Global            Value  Global            Value  Global    
        -----  ------            -----  ------            -----  ------    
     00064033  ___func_a |    00064033  _abilitie |    00064041  ___func_a
     00064041  _ability_
ASxxxx Linker V03.00/V05.40 + sdld,  page 37.
Hexadecimal  [32-Bits]

Area                       Addr        Size        Decimal Bytes (Attributes)
--------------------       ----        ----        ------- ----- ------------
_CODE_7                00074000    00000074 =         116. bytes (REL,CON)

        Value  Global            Value  Global            Value  Global    
        -----  ------            -----  ------            -----  ------    
     00074033  ___func_a |    00074033  _abilitie |    0007404E  ___func_a
     0007404E  _ability_
ASxxxx Linker V03.00/V05.40 + sdld,  page 38.
Hexadecimal  [32-Bits]

Area                       Addr        Size        Decimal Bytes (Attributes)
--------------------       ----        ----        ------- ----- ------------
_CODE_8                00084000    00000293 =         659. bytes (REL,CON)

        Value  Global            Value  Global            Value  Global    
        -----  ------            -----  ------            -----  ------    
     00084242  ___func_a |    00084242  _abilitie |    0008425D  ___func_a
     0008425D  _ability_
ASxxxx Linker V03.00/V05.40 + sdld,  page 39.
Hexadecimal  [32-Bits]

Area                       Addr        Size        Decimal Bytes (Attributes)
--------------------       ----        ----        ------- ----- ------------
_CODE_9                00094000    00000272 =         626. bytes (REL,CON)

        Value  Global            Value  Global            Value  Global    
        -----  ------            -----  ------            -----  ------    
     00094243  ___func_a |    00094243  _abilitie |    00094251  ___func_a
     00094251  _ability_
ASxxxx Linker V03.00/V05.40 + sdld,  page 40.
Hexadecimal  [32-Bits]

Area                       Addr        Size        Decimal Bytes (Attributes)
--------------------       ----        ----        ------- ----- ------------
_CODE_10               000A4000    00001F64 =        8036. bytes (REL,CON)

        Value  Global            Value  Global            Value  Global    
        -----  ------            -----  ------            -----  ------    
     000A5256  ___func_g |    000A5256  _generate |    000A5B4C  ___func_l
     000A5B4C  _level_in |    000A5E7F  ___func_b |    000A5E7F  _biome_du
ASxxxx Linker V03.00/V05.40 + sdld,  page 41.
Hexadecimal  [32-Bits]

Area                       Addr        Size        Decimal Bytes (Attributes)
--------------------       ----        ----        ------- ----- ------------
_CODE_11               000B4000    00000084 =         132. bytes (REL,CON)

        Value  Global            Value  Global            Value  Global    
        -----  ------            -----  ------            -----  ------    
     000B4000  ___func_b |    000B4000  _biome_cr
ASxxxx Linker V03.00/V05.40 + sdld,  page 42.
Hexadecimal  [32-Bits]

Area                       Addr        Size        Decimal Bytes (Attributes)
--------------------       ----        ----        ------- ----- ------------
_CODE_12               000C4000    00000084 =         132. bytes (REL,CON)

        Value  Global            Value  Global            Value  Global    
        -----  ------            -----  ------            -----  ------    
     000C4000  ___func_b |    000C4000  _biome_ca
ASxxxx Linker V03.00/V05.40 + sdld,  page 43.
Hexadecimal  [32-Bits]

Area                       Addr        Size        Decimal Bytes (Attributes)
--------------------       ----        ----        ------- ----- ------------
_CODE_13               000D4000    00001275 =        4725. bytes (REL,CON)

        Value  Global            Value  Global            Value  Global    
        -----  ------            -----  ------            -----  ------    
     000D4000  _items_ki |    000D48A3  _items_ki |    000D48B9  _items_ki
     000D48D0  _items_ki |    000D4927  _items_ki |    000D497F  _items_ki
     000D4AE0  _inventor |    000D4AFF  _inventor |    000D4B16  _inventor
     000D4B40  _inventor |    000D4BF5  _inventor |    000D4E3F  _items_us
     000D5100  _item_rol |    000D5173  _ring_rol |    000D51A1  _enemy_tr
ASxxxx Linker V03.00/V05.40 + sdld,  page 44.
Hexadecimal  [32-Bits]

Area                       Addr        Size        Decimal Bytes (Attributes)
--------------------       ----        ----        ------- ----- ------------
_CODE_14               000E4000    000016D0 =        5840. bytes (REL,CON)

        Value  Global            Value  Global            Value  Global    
        -----  ------            -----  ------            -----  ------    
     000E4000  ___func_s |    000E4B99  _story_ui |    000E5590  ___func_t
     000E5590  _town_nam |    000E55E7  ___func_d |    000E55E7  _dungeon_
     000E568C  ___func_n |    000E568C  _npc_name
ASxxxx Linker V03.00/V05.40 + sdld,  page 45.
Hexadecimal  [32-Bits]

Area                       Addr        Size        Decimal Bytes (Attributes)
--------------------       ----        ----        ------- ----- ------------
_CODE_15               000F4000    0000009D =         157. bytes (REL,CON)

        Value  Global            Value  Global            Value  Global    
        -----  ------            -----  ------            -----  ------    
     000F4000  _scroll_b
ASxxxx Linker V03.00/V05.40 + sdld,  page 46.
Hexadecimal  [32-Bits]

Area                       Addr        Size        Decimal Bytes (Attributes)
--------------------       ----        ----        ------- ----- ------------
_CODE_16               00104000    00000284 =         644. bytes (REL,CON)

        Value  Global            Value  Global            Value  Global    
        -----  ------            -----  ------            -----  ------    
     00104024  _debuff_i |    0010413F  _bow_shoo |    0010420E  _scroll_r
ASxxxx Linker V03.00/V05.40 + sdld,  page 47.
Hexadecimal  [32-Bits]

Area                       Addr        Size        Decimal Bytes (Attributes)
--------------------       ----        ----        ------- ----- ------------
_CODE_17               00114000    000035D6 =       13782. bytes (REL,CON)

        Value  Global            Value  Global            Value  Global    
        -----  ------            -----  ------            -----  ------    
     001145CC  ___func_e |    001145CC  _entity_s |    00114615  ___func_e
     00114615  _entity_s |    00114630  ___func_e |    00114630  _entity_s
     001146DD  ___func_e |    001146DD  _entity_s |    00114705  ___func_e
     00114705  _entity_s |    0011470B  ___func_e |    0011470B  _entity_s
     001152AB  ___func_e |    001152AB  _entity_s |    0011567A  ___func_e
     0011567A  _entity_s |    001156AB  ___func_e |    001156AB  _entity_s
     001156CC  ___func_e |    001156CC  _entity_s |    001156DB  ___func_e
     001156DB  _entity_s |    0011571D  ___func_e |    0011571D  _entity_s
     00115812  ___func_e |    00115812  _entity_s |    00115837  ___func_e
     00115837  _entity_s |    0011585F  ___func_e |    0011585F  _entity_s
     00115A89  ___func_e |    00115A89  _entity_s |    00115B2E  ___func_e
     00115B2E  _entity_s |    00115BB5  ___func_e |    00115BB5  _entity_s
     00115E92  ___func_e |    00115E92  _entity_s |    001160AB  ___func_e
     001160AB  _entity_s |    001160EC  ___func_e |    001160EC  _entity_s
     00116133  ___func_e |    00116133  _entity_s |    0011642A  ___func_e
     0011642A  _entity_s |    00116624  ___func_e |    00116624  _entity_s
     00116740  ___func_e |    00116740  _entity_s |    0011692A  ___func_e
     0011692A  _entity_s |    00116A68  ___func_e |    00116A68  _entity_s
     00116A94  ___func_e |    00116A94  _entity_s |    00116A9D  ___func_e
     00116A9D  _entity_s |    00116AB1  ___func_e |    00116AB1  _entity_s
     00116EC4  ___func_a |    00116EC4  _ally_fox |    0011703A  ___func_a
     0011703A  _ally_fox |    00117208  ___func_a |    00117208  _ally_fox
ASxxxx Linker V03.00/V05.40 + sdld,  page 48.
Hexadecimal  [32-Bits]

Area                       Addr        Size        Decimal Bytes (Attributes)
--------------------       ----        ----        ------- ----- ------------
_CODE_18               00124000    00001554 =        5460. bytes (REL,CON)

        Value  Global            Value  Global            Value  Global    
        -----  ------            -----  ------            -----  ------    
     00124000  ___func_b |    00124000  _bwv527_d |    00124141  _bwv527_m
     00124D02  _bwv527_b
ASxxxx Linker V03.00/V05.40 + sdld,  page 49.
Hexadecimal  [32-Bits]

Area                       Addr        Size        Decimal Bytes (Attributes)
--------------------       ----        ----        ------- ----- ------------
_CODE_19               00134000    000007C1 =        1985. bytes (REL,CON)

        Value  Global            Value  Global            Value  Global    
        -----  ------            -----  ------            -----  ------    
     00134093  ___func_c |    00134093  _combat_d |    00134339  ___func_c
     00134339  _combat_c |    00134369  ___func_c |    00134369  _combat_p
     0013448D  ___func_c |    0013448D  _combat_p |    001345E0  ___func_r
     001345E0  _resolve_
ASxxxx Linker V03.00/V05.40 + sdld,  page 50.
Hexadecimal  [32-Bits]

Area                       Addr        Size        Decimal Bytes (Attributes)
--------------------       ----        ----        ------- ----- ------------
_CODE_20               00144000    0000045A =        1114. bytes (REL,CON)

        Value  Global            Value  Global            Value  Global    
        -----  ------            -----  ------            -----  ------    
     00144047  _equip_st |    001441B7  _items_eq |    001443CB  _items_eq
     001443E3  _equipped |    0014441A  _equipped
ASxxxx Linker V03.00/V05.40 + sdld,  page 51.
Hexadecimal  [32-Bits]

Area                       Addr        Size        Decimal Bytes (Attributes)
--------------------       ----        ----        ------- ----- ------------
_CODE_21               00154000    00000052 =          82. bytes (REL,CON)

        Value  Global            Value  Global            Value  Global    
        -----  ------            -----  ------            -----  ------    
     00154000  ___func_b |    00154000  _biome_bo |    00154024  ___func_b
     00154024  _biome_bo
ASxxxx Linker V03.00/V05.40 + sdld,  page 52.
Hexadecimal  [32-Bits]

Area                       Addr        Size        Decimal Bytes (Attributes)
--------------------       ----        ----        ------- ----- ------------
_CODE_22               00164000    00002B5E =       11102. bytes (REL,CON)

        Value  Global            Value  Global            Value  Global    
        -----  ------            -----  ------            -----  ------    
     00164000  ___func_b |    00164000  _biome_ov |    00164099  ___func_b
     00164099  _biome_ov |    00164625  ___func_o |    00164625  _overworl
     00164630  ___func_o |    00164630  _overworl |    00164A02  ___func_o
     00164A02  _overworl |    00164A0D  ___func_o |    00164A0D  _overworl
     00164B7B  ___func_o |    00164B7B  _overworl |    00164D90  ___func_o
     00164D90  _overworl |    00164DF2  ___func_o |    00164DF2  _overworl
     00164E35  ___func_o |    00164E35  _overworl |    00164E8F  ___func_o
     00164E8F  _overworl |    00164F83  ___func_o |    00164F83  _overworl
     0016520B  ___func_o |    0016520B  _overworl |    00165243  ___func_o
     00165243  _overworl |    0016567B  ___func_o |    0016567B  _overworl
     0016604B  ___func_o |    0016604B  _overworl |    001662C6  ___func_o
     001662C6  _overworl |    00166569  ___func_r |    00166569  _render_b
     00166615  ___func_r |    00166615  _render_b |    001666C3  ___func_w
     001666C3  _water_an |    001666D3  ___func_w |    001666D3  _water_an
     00166783  ___func_a |    00166783  _apply_wa |    001669FC  ___func_a
     001669FC  _apply_fi |    00166A91  ___func_l |    00166A91  _load_pal
ASxxxx Linker V03.00/V05.40 + sdld,  page 53.
Hexadecimal  [32-Bits]

Area                       Addr        Size        Decimal Bytes (Attributes)
--------------------       ----        ----        ------- ----- ------------
_CODE_24               00184000    000012EE =        4846. bytes (REL,CON)

        Value  Global            Value  Global            Value  Global    
        -----  ------            -----  ------            -----  ------    
     00184000  ___func_b |    00184000  _bosses_p |    00184008  _bosses_t
     00185008  _bosses_m |    00185108  ___func_b |    00185108  _biome_bo
     0018513A  ___func_b |    0018513A  _biome_bo |    001851EE  ___func_s
     001851EE  _sphinx_l |    0018521B  ___func_s |    0018521B  _sphinx_a
     00185271  ___func_s |    00185271  _sphinx_a
ASxxxx Linker V03.00/V05.40 + sdld,  page 54.
Hexadecimal  [32-Bits]

Area                       Addr        Size        Decimal Bytes (Attributes)
--------------------       ----        ----        ------- ----- ------------
_CODE_28               001C4000    000001CB =         459. bytes (REL,CON)

        Value  Global            Value  Global            Value  Global    
        -----  ------            -----  ------            -----  ------    
     001C4167  ___func_d |    001C4167  _dungeon_
ASxxxx Linker V03.00/V05.40 + sdld,  page 55.
Hexadecimal  [32-Bits]

Area                       Addr        Size        Decimal Bytes (Attributes)
--------------------       ----        ----        ------- ----- ------------
_CODE_29               001D4000    00001399 =        5017. bytes (REL,CON)

        Value  Global            Value  Global            Value  Global    
        -----  ------            -----  ------            -----  ------    
     001D4000  ___func_b |    001D4000  _biome_to |    001D400A  ___func_b
     001D400A  _biome_to |    001D4280  ___func_t |    001D4280  _town_exi
     001D42BE  ___func_t |    001D42BE  _town_npc |    001D4309  ___func_t
     001D4309  _town_npc |    001D4632  ___func_t |    001D4632  _town_bar
     001D4708  ___func_t |    001D4708  _town_roo |    001D4780  ___func_t
     001D4780  _town_gen
ASxxxx Linker V03.00/V05.40 + sdld,  page 56.
Hexadecimal  [32-Bits]

Area                       Addr        Size        Decimal Bytes (Attributes)
--------------------       ----        ----        ------- ----- ------------
_CODE_30               001E4000    00000C34 =        3124. bytes (REL,CON)

        Value  Global            Value  Global            Value  Global    
        -----  ------            -----  ------            -----  ------    
     001E4530  ___func_a |    001E4530  _auto_exp |    001E4622  ___func_a
     001E4622  _auto_exp |    001E4957  ___func_a |    001E4957  _auto_exp
     001E4AA6  ___func_b |    001E4AA6  _belt_sel |    001E4AC6  ___func_p
     001E4AC6  _push_sel
ASxxxx Linker V03.00/V05.40 + sdld,  page 57.
Hexadecimal  [32-Bits]

Area                       Addr        Size        Decimal Bytes (Attributes)
--------------------       ----        ----        ------- ----- ------------
_FONT_HEADER0          00000000    00000003 =           3. bytes (ABS,CON)

        Value  Global            Value  Global            Value  Global    
        -----  ------            -----  ------            -----  ------    
ASxxxx Linker V03.00/V05.40 + sdld,  page 58.
Hexadecimal  [32-Bits]

Area                       Addr        Size        Decimal Bytes (Attributes)
--------------------       ----        ----        ------- ----- ------------
_HEADER_LCD0           00000000    00000003 =           3. bytes (ABS,CON)

        Value  Global            Value  Global            Value  Global    
        -----  ------            -----  ------            -----  ------    
ASxxxx Linker V03.00/V05.40 + sdld,  page 59.

Files Linked                              [ module(s) ]

./gbdk/lib/gb/crt0.o                      [ Runtime ]
obj/gbc/ability_dispatch.rel              [ ability_dispatch ]
obj/gbc/ally.rel                          [ ally ]
obj/gbc/biome.rel                         [ biome ]
obj/gbc/debug_bank.rel                    [ debug_bank ]
obj/gbc/enemy_extras.rel                  [ enemy_extras ]
obj/gbc/globals.rel                       [ globals ]
obj/gbc/lcd.rel                           [ lcd ]
obj/gbc/lighting.rel                      [ lighting ]
obj/gbc/main.rel                          [ main ]
obj/gbc/music.rel                         [ music ]
obj/gbc/perf.rel                          [ perf ]
obj/gbc/seed_entropy.rel                  [ seed_entropy ]
obj/gbc/targeting.rel                     [ targeting ]
obj/gbc/tileset_io.rel                    [ tileset_io ]
obj/gbc/title_logo.rel                    [ title_logo ]
obj/gbc/ui_loading_isr.rel                [ ui_loading_isr ]
obj/gbc/wall_palettes.rel                 [ wall_palettes ]
obj/gbc/tileset.rel                       [ tileset ]
obj/gbc/enemy.rel                         [ enemy ]
obj/gbc/map.rel                           [ map ]
obj/gbc/state_gameplay.rel                [ state_gameplay ]
obj/gbc/camera.rel                        [ camera ]
obj/gbc/render.rel                        [ render ]
obj/gbc/state_inventory.rel               [ state_inventory ]
obj/gbc/state_stats.rel                   [ state_stats ]
obj/gbc/state_char_create.rel             [ state_char_create ]
obj/gbc/state_pickup.rel                  [ state_pickup ]
obj/gbc/state_ability.rel                 [ state_ability ]
obj/gbc/state_map.rel                     [ state_map ]
obj/gbc/state_transition.rel              [ state_transition ]
obj/gbc/class_palettes.rel                [ class_palettes ]
obj/gbc/state_game_over.rel               [ state_game_over ]
obj/gbc/state_title.rel                   [ state_title ]
obj/gbc/bwv1043_music.rel                 [ bwv1043_music ]
obj/gbc/ui.rel                            [ ui ]
obj/gbc/abilities_knight.rel              [ abilities_knight ]
obj/gbc/abilities_scoundrel.rel           [ abilities_scoundrel ]
obj/gbc/abilities_witch.rel               [ abilities_witch ]
obj/gbc/abilities_zerker.rel              [ abilities_zerker ]
obj/gbc/map_gen.rel                       [ map_gen ]
obj/gbc/level_init.rel                    [ level_init ]
obj/gbc/biome_dungeon.rel                 [ biome_dungeon ]
obj/gbc/biome_crypt.rel                   [ biome_crypt ]
obj/gbc/biome_cavern.rel                  [ biome_cavern ]
obj/gbc/items.rel                         [ items ]
obj/gbc/story_ui.rel                      [ story_ui ]
obj/gbc/names.rel                         [ names ]
obj/gbc/scroll_blast.rel                  [ scroll_blast ]
obj/gbc/debuff_icon.rel                   [ debuff_icon ]
obj/gbc/bow_shoot.rel                     [ bow_shoot ]
obj/gbc/scroll_root.rel                   [ scroll_root ]
obj/gbc/entity_sprites.rel                [ entity_sprites ]
obj/gbc/scoundrel_fox.rel                 [ scoundrel_fox ]
obj/gbc/bwv527_music.rel                  [ bwv527_music ]
obj/gbc/combat.rel                        [ combat ]
obj/gbc/equipment.rel                     [ equipment ]
obj/gbc/biome_boss.rel                    [ biome_boss ]
obj/gbc/biome_overworld.rel               [ biome_overworld ]
obj/gbc/render_palettes.rel               [ render_palettes ]
obj/gbc/bosses.rel                        [ bosses ]
obj/gbc/biome_boss2.rel                   [ biome_boss2 ]
obj/gbc/dungeon_floors.rel                [ dungeon_floors ]
obj/gbc/biome_town.rel                    [ biome_town ]
obj/gbc/auto_explore.rel                  [ auto_explore ]
obj/gbc/gameplay_cold.rel                 [ gameplay_cold ]


Libraries Linked                          [ object file ]

./gbdk/lib/gb/gb.lib                      [ fill_rect_wi.o ]
./gbdk/lib/sm83/sm83.lib                  [ div.o ]
./gbdk/lib/gb/gb.lib                      [ sfr.o ]
./gbdk/lib/sm83/sm83.lib                  [ _strcpy.o ]
./gbdk/lib/sm83/sm83.lib                  [ rand.o ]
./gbdk/lib/gb/gb.lib                      [ font.o ]
./gbdk/lib/gb/gb.lib                      [ cgb_palettes.o ]
./gbdk/lib/gb/gb.lib                      [ font_color.o ]
./gbdk/lib/sm83/sm83.lib                  [ _memmove.o ]
./gbdk/lib/sm83/sm83.lib                  [ mul.o ]
./gbdk/lib/gb/gb.lib                      [ set_data.o ]
./gbdk/lib/gb/gb.lib                      [ set_tile.o ]
./gbdk/lib/gb/gb.lib                      [ lcd.o ]
./gbdk/lib/gb/gb.lib                      [ fill_rect.o ]
./gbdk/lib/sm83/sm83.lib                  [ _modulong.o ]
./gbdk/lib/gb/gb.lib                      [ pad.o ]
./gbdk/lib/gb/gb.lib                      [ fill_rect_bk.o ]
./gbdk/lib/sm83/sm83.lib                  [ __sdcc_call_hl.o ]
./gbdk/lib/sm83/sm83.lib                  [ memcpy.o ]
./gbdk/lib/gb/gb.lib                      [ color.o ]
./gbdk/lib/sm83/sm83.lib                  [ _memset.o ]
./gbdk/lib/gb/gb.lib                      [ drawing_isr.o ]
./gbdk/lib/gb/gb.lib                      [ f_ibm_sh.o ]
./gbdk/lib/gb/gb.lib                      [ ___sdcc_bcall_ehl.o ]
./gbdk/lib/sm83/sm83.lib                  [ strcat.o ]
./gbdk/lib/sm83/sm83.lib                  [ printf.o ]
./gbdk/lib/gb/gb.lib                      [ cgb.o ]
./gbdk/lib/sm83/sm83.lib                  [ strlen.o ]
./gbdk/lib/sm83/sm83.lib                  [ _mullong.o ]
./gbdk/lib/gb/gb.lib                      [ cgb_compat.o ]
./gbdk/lib/gb/gb.lib                      [ set_bk_t.o ]
./gbdk/lib/gb/gb.lib                      [ set_1bit_data.o ]
./gbdk/lib/sm83/sm83.lib                  [ sprintf.o ]
./gbdk/lib/gb/gb.lib                      [ set_xy_t.o ]
./gbdk/lib/sm83/sm83.lib                  [ itoa.o ]

ASxxxx Linker V03.00/V05.40 + sdld,  page 60.

User Base Address Definitions

_DATA=0xC0A0
_CODE=0x0200
_HRAM=0xFF80
ASxxxx Linker V03.00/V05.40 + sdld,  page 61.

User Global Definitions

_shadow_OAM=0xC000
.STACK=0xE000

