ASxxxx Linker V03.00/V05.40 + sdld,  page 1.
Hexadecimal  [32-Bits]

Area                       Addr        Size        Decimal Bytes (Attributes)
--------------------       ----        ----        ------- ----- ------------
.  .ABS.               00000000    00000000 =           0. bytes (ABS,CON)

        Value  Global            Value  Global            Value  Global    
        -----  ------            -----  ------            -----  ------    
     00000000  .__.ABS.  |    00000000  _rMBC7_SR |    00000000  _rRAMG   
     00000000  l__BASE   |    00000000  l__BSS    |    00000000  l__CABS  
     00000000  l__CODE_0 |    00000000  l__DABS   |    00000000  l__FONT_H
     00000000  l__HEADER |    00000000  l__HEADER |    00000000  l__HEAP  
     00000000  l__HEAP_E |    00000000  l__LIT    |    00000000  s__CABS  
     00000000  s__DABS   |    00000000  s__FONT_H |    00000000  s__FONT_H
     00000000  s__HEADER |    00000000  s__HEADER |    00000000  s__HEADER
     00000000  s__HEADER |    00000000  s__HEADER |    00000000  s__HEADER
     00000000  s__HEADER |    00000000  s__HEADER |    00000000  s__HEADER
     00000000  s__HEADER |    00000000  s__HEADER |    00000000  s__HEADER
     00000000  s__HEADER |    00000000  s__HEADER |    00000000  s__HEADER
     00000000  s__HEADER |    00000000  s__HEADER |    00000000  s__HEADER
     00000000  s__HEADER |    00000000  s__HEADER |    00000000  s__HEADER
     00000001  ___bank_s |    00000001  ___bank_s |    00000001  ___bank_s
     00000001  ___bank_s |    00000001  ___bank_t |    00000001  b_state_c
     00000001  b_state_g |    00000001  b_state_t |    00000001  b_state_t
     00000001  l__GSFINA |    00000001  l__HEADER |    00000001  l__HEADER
     00000001  l__HEADER |    00000001  l__HEADER |    00000001  l__HEADER
     00000001  l__HEADER |    00000001  l__HEADER |    00000002  ___bank_b
     00000002  ___bank_c |    00000002  ___bank_l |    00000002  ___bank_s
     00000002  ___bank_s |    00000002  b_camera_ |    00000002  b_camera_
     00000002  b_camera_ |    00000002  b_level_i |    00000002  b_state_g
     00000002  b_state_g |    00000002  l__HEADER |    00000002  l__HEADER
     00000002  l__HEADER |    00000003  ___bank_s |    00000003  ___bank_s
     00000003  ___bank_s |    00000003  ___bank_s |    00000003  ___bank_s
     00000003  ___bank_s |    00000003  b_state_a |    00000003  b_state_a
     00000003  b_state_i |    00000003  b_state_i |    00000003  b_state_s
     00000003  b_state_s |    00000003  l__FONT_H |    00000003  l__HEADER
     00000003  l__HEADER |    00000005  l__HEADER |    00000006  l__HEADER
     00000007  l__HEADER |    00000008  l__HEADER |    0000000C  l__GSINIT
     00000013  l__HRAM   |    00000027  l__INITIA |    00000027  l__INITIA
     00000030  l__HEADER |    00000060  l__HEADER |    000000AB  l__HEADER
     00000200  s__CODE   |    00000231  l__CODE_3 |    00000B22  l__HOME  
     00001331  l__CODE_1 |    00001D49  l__DATA   |    00002000  _rROMB0  
     00002E1A  l__CODE   |    00003000  _rROMB1   |    0000301A  s__HOME  
     00003AF5  l__CODE_2 |    00003B3C  s__BASE   |    00003B3C  s__CODE_0
     00003B3C  s__INITIA |    00003B3C  s__LIT    |    00003B63  s__GSINIT
     00003B6F  s__GSFINA |    00004000  _rMBC7_SR |    00004000  _rRAMB   
     00008000  __VRAM    |    00008000  __VRAM800 |    00008800  __VRAM880
     00009000  __VRAM900 |    00009800  __SCRN0   |    00009C00  __SCRN1  
     0000A000  __SRAM    |    0000A000  _rMBC7_LA |    0000A010  _rMBC7_LA
     0000A020  _rMBC7_AC |    0000A030  _rMBC7_AC |    0000A040  _rMBC7_AC
     0000A050  _rMBC7_AC |    0000C000  __RAM     |    0000C000  _shadow_O
     0000C0A0  s__DATA   |    0000D000  __RAMBANK |    0000DDE9  s__BSS   
     0000DDE9  s__INITIA |    0000DE10  s__HEAP   |    0000DE10  s__HEAP_E
     0000E000  .STACK    |    0000FE00  __OAMRAM  |    0000FF00  _P1_REG  
     0000FF00  __IO      |    0000FF01  _SB_REG   |    0000FF02  _SC_REG  
     0000FF04  _DIV_REG  |    0000FF05  _TIMA_REG |    0000FF06  _TMA_REG 
     0000FF07  _TAC_REG  |    0000FF0F  _IF_REG   |    0000FF10  _NR10_REG
     0000FF11  _NR11_REG |    0000FF12  _NR12_REG |    0000FF13  _NR13_REG
ASxxxx Linker V03.00/V05.40 + sdld,  page 2.
Hexadecimal  [32-Bits]

Area                       Addr        Size        Decimal Bytes (Attributes)
--------------------       ----        ----        ------- ----- ------------
.  .ABS.               00000000    00000000 =           0. bytes (ABS,CON)

        Value  Global            Value  Global            Value  Global    
        -----  ------            -----  ------            -----  ------    
     0000FF14  _NR14_REG |    0000FF16  _NR21_REG |    0000FF17  _NR22_REG
     0000FF18  _NR23_REG |    0000FF19  _NR24_REG |    0000FF1A  _NR30_REG
     0000FF1B  _NR31_REG |    0000FF1C  _NR32_REG |    0000FF1D  _NR33_REG
     0000FF1E  _NR34_REG |    0000FF20  _NR41_REG |    0000FF21  _NR42_REG
     0000FF22  _NR43_REG |    0000FF23  _NR44_REG |    0000FF24  _NR50_REG
     0000FF25  _NR51_REG |    0000FF26  _NR52_REG |    0000FF30  _AUD3WAVE
     0000FF30  _PCM_SAMP |    0000FF30  __AUD3WAV |    0000FF40  _LCDC_REG
     0000FF41  _STAT_REG |    0000FF42  _SCY_REG  |    0000FF43  _SCX_REG 
     0000FF44  _LY_REG   |    0000FF45  _LYC_REG  |    0000FF46  _DMA_REG 
     0000FF47  _BGP_REG  |    0000FF48  _OBP0_REG |    0000FF49  _OBP1_REG
     0000FF4A  _WY_REG   |    0000FF4B  _WX_REG   |    0000FF4D  _KEY1_REG
     0000FF4F  _VBK_REG  |    0000FF51  _HDMA1_RE |    0000FF52  _HDMA2_RE
     0000FF53  _HDMA3_RE |    0000FF54  _HDMA4_RE |    0000FF55  _HDMA5_RE
     0000FF56  _RP_REG   |    0000FF68  _BCPS_REG |    0000FF69  _BCPD_REG
     0000FF6A  _OCPS_REG |    0000FF6B  _OCPD_REG |    0000FF70  _SVBK_REG
     0000FF76  _PCM12_RE |    0000FF77  _PCM34_RE |    0000FF80  __HRAM   
     0000FF80  s__HRAM   |    0000FFFF  _IE_REG   |    00014000  s__CODE_1
     00024000  s__CODE_2 |    00034000  s__CODE_3
ASxxxx Linker V03.00/V05.40 + sdld,  page 3.
Hexadecimal  [32-Bits]

Area                       Addr        Size        Decimal Bytes (Attributes)
--------------------       ----        ----        ------- ----- ------------
_CODE                  00000200    00002E1A =       11802. bytes (REL,CON)

        Value  Global            Value  Global            Value  Global    
        -----  ------            -----  ------            -----  ------    
     00000200  _bank_deb |    000002B2  _entity_s |    0000030B  _entity_s
     00000330  _entity_s |    000003DF  _entity_s |    000003EC  _entity_s
     000003F9  _entity_s |    0000040A  _entity_s |    0000054D  _entity_s
     000005A4  _entity_s |    000007C6  _entity_s |    000008B1  _entity_s
     00000A92  _lcd_init |    00000AA9  _lcd_clea |    00000B15  _main    
     00001256  _sfx_lung |    00001259  _music_pl |    00001282  _music_pl
     000012AE  _music_lo |    000012CE  _music_pl |    00001325  _music_in
     0000134F  _seed_ent |    000013D0  _seed_ent |    0000140C  _seed_ent
     0000196D  _ui_comba |    00001995  _ui_comba |    0000232A  _window_u
     0000235E  _window_u |    00002365  _ui_loadi |    0000239E  _ui_loadi
     000023F2  _ui_loadi |    0000240B  _ui_draw_ |    0000242C  _ui_draw_
     000024AC  _ui_panel |    000024B1  _ui_panel |    000024BA  _ui_panel
     00002873  _title_sc |    000029B3  _game_ove |    00002A5F  __divsuch
     00002A65  __modsuch |    00002A6E  __divusch |    00002A77  __modusch
     00002A83  __divscha |    00002A88  __modscha |    00002A8F  __divsint
     00002A98  __modsint |    00002AA4  __divucha |    00002AA9  __moducha
     00002AB0  __divuint |    00002AB9  __moduint |    00002AC5  .div8    
     00002AC5  .mod8     |    00002ACD  .div16    |    00002ACD  .mod16   
     00002B03  .divu8    |    00002B03  .modu8    |    00002B06  .divu16  
     00002B06  .modu16   |    00002B46  _set_spri |    00002B4B  _set_bkg_
     00002B4E  .set_pale |    00002B6D  _set_spri |    00002B72  _set_bkg_
     00002B75  .set_pale |    00002B91  __mulsuch |    00002B94  __mulusch
     00002B9D  __mulscha |    00002BA5  __mulint  |    00002BC4  __mulucha
     00002BD6  _set_vram |    00002BDF  _set_win_ |    00002BE8  _set_bkg_
     00002C17  _printf   |    00002C2C  _cpu_slow |    00002C47  _cpu_fast
     00002C4E  _cgb_comp |    00002C4E  _set_defa |    00002C9E  ___printf
     00002FFB  _sprintf 
ASxxxx Linker V03.00/V05.40 + sdld,  page 4.
Hexadecimal  [32-Bits]

Area                       Addr        Size        Decimal Bytes (Attributes)
--------------------       ----        ----        ------- ----- ------------
_HEADER0               00000000    00000001 =           1. bytes (ABS,CON)

        Value  Global            Value  Global            Value  Global    
        -----  ------            -----  ------            -----  ------    
     00000020  .call_hl 
ASxxxx Linker V03.00/V05.40 + sdld,  page 5.
Hexadecimal  [32-Bits]

Area                       Addr        Size        Decimal Bytes (Attributes)
--------------------       ----        ----        ------- ----- ------------
_HEADER1               00000000    00000005 =           5. bytes (ABS,CON)

        Value  Global            Value  Global            Value  Global    
        -----  ------            -----  ------            -----  ------    
     00000028  .MemsetSm
ASxxxx Linker V03.00/V05.40 + sdld,  page 6.
Hexadecimal  [32-Bits]

Area                       Addr        Size        Decimal Bytes (Attributes)
--------------------       ----        ----        ------- ----- ------------
_HEADER2               00000000    00000007 =           7. bytes (ABS,CON)

        Value  Global            Value  Global            Value  Global    
        -----  ------            -----  ------            -----  ------    
     00000030  .MemcpySm
ASxxxx Linker V03.00/V05.40 + sdld,  page 7.
Hexadecimal  [32-Bits]

Area                       Addr        Size        Decimal Bytes (Attributes)
--------------------       ----        ----        ------- ----- ------------
_HEADER3               00000000    00000008 =           8. bytes (ABS,CON)

        Value  Global            Value  Global            Value  Global    
        -----  ------            -----  ------            -----  ------    
ASxxxx Linker V03.00/V05.40 + sdld,  page 8.
Hexadecimal  [32-Bits]

Area                       Addr        Size        Decimal Bytes (Attributes)
--------------------       ----        ----        ------- ----- ------------
_HEADER4               00000000    00000060 =          96. bytes (ABS,CON)

        Value  Global            Value  Global            Value  Global    
        -----  ------            -----  ------            -----  ------    
     00000080  .int      |    0000008F  _wait_int |    0000009C  __standar
     000000AB  _refresh_ |    000000CC  _set_inte
ASxxxx Linker V03.00/V05.40 + sdld,  page 9.
Hexadecimal  [32-Bits]

Area                       Addr        Size        Decimal Bytes (Attributes)
--------------------       ----        ----        ------- ----- ------------
_HEADER5               00000000    00000001 =           1. bytes (ABS,CON)

        Value  Global            Value  Global            Value  Global    
        -----  ------            -----  ------            -----  ------    
ASxxxx Linker V03.00/V05.40 + sdld,  page 10.
Hexadecimal  [32-Bits]

Area                       Addr        Size        Decimal Bytes (Attributes)
--------------------       ----        ----        ------- ----- ------------
_HEADER6               00000000    00000002 =           2. bytes (ABS,CON)

        Value  Global            Value  Global            Value  Global    
        -----  ------            -----  ------            -----  ------    
ASxxxx Linker V03.00/V05.40 + sdld,  page 11.
Hexadecimal  [32-Bits]

Area                       Addr        Size        Decimal Bytes (Attributes)
--------------------       ----        ----        ------- ----- ------------
_HEADER7               00000000    00000030 =          48. bytes (ABS,CON)

        Value  Global            Value  Global            Value  Global    
        -----  ------            -----  ------            -----  ------    
ASxxxx Linker V03.00/V05.40 + sdld,  page 12.
Hexadecimal  [32-Bits]

Area                       Addr        Size        Decimal Bytes (Attributes)
--------------------       ----        ----        ------- ----- ------------
_HEADER8               00000000    00000006 =           6. bytes (ABS,CON)

        Value  Global            Value  Global            Value  Global    
        -----  ------            -----  ------            -----  ------    
ASxxxx Linker V03.00/V05.40 + sdld,  page 13.
Hexadecimal  [32-Bits]

Area                       Addr        Size        Decimal Bytes (Attributes)
--------------------       ----        ----        ------- ----- ------------
_HEADER9               00000000    00000003 =           3. bytes (ABS,CON)

        Value  Global            Value  Global            Value  Global    
        -----  ------            -----  ------            -----  ------    
ASxxxx Linker V03.00/V05.40 + sdld,  page 14.
Hexadecimal  [32-Bits]

Area                       Addr        Size        Decimal Bytes (Attributes)
--------------------       ----        ----        ------- ----- ------------
_HEADERa               00000000    00000001 =           1. bytes (ABS,CON)

        Value  Global            Value  Global            Value  Global    
        -----  ------            -----  ------            -----  ------    
ASxxxx Linker V03.00/V05.40 + sdld,  page 15.
Hexadecimal  [32-Bits]

Area                       Addr        Size        Decimal Bytes (Attributes)
--------------------       ----        ----        ------- ----- ------------
_HEADERb               00000000    00000001 =           1. bytes (ABS,CON)

        Value  Global            Value  Global            Value  Global    
        -----  ------            -----  ------            -----  ------    
ASxxxx Linker V03.00/V05.40 + sdld,  page 16.
Hexadecimal  [32-Bits]

Area                       Addr        Size        Decimal Bytes (Attributes)
--------------------       ----        ----        ------- ----- ------------
_HEADERc               00000000    00000001 =           1. bytes (ABS,CON)

        Value  Global            Value  Global            Value  Global    
        -----  ------            -----  ------            -----  ------    
ASxxxx Linker V03.00/V05.40 + sdld,  page 17.
Hexadecimal  [32-Bits]

Area                       Addr        Size        Decimal Bytes (Attributes)
--------------------       ----        ----        ------- ----- ------------
_HEADERd               00000000    00000002 =           2. bytes (ABS,CON)

        Value  Global            Value  Global            Value  Global    
        -----  ------            -----  ------            -----  ------    
ASxxxx Linker V03.00/V05.40 + sdld,  page 18.
Hexadecimal  [32-Bits]

Area                       Addr        Size        Decimal Bytes (Attributes)
--------------------       ----        ----        ------- ----- ------------
_HEADERe               00000000    00000001 =           1. bytes (ABS,CON)

        Value  Global            Value  Global            Value  Global    
        -----  ------            -----  ------            -----  ------    
ASxxxx Linker V03.00/V05.40 + sdld,  page 19.
Hexadecimal  [32-Bits]

Area                       Addr        Size        Decimal Bytes (Attributes)
--------------------       ----        ----        ------- ----- ------------
_HEADERf               00000000    00000001 =           1. bytes (ABS,CON)

        Value  Global            Value  Global            Value  Global    
        -----  ------            -----  ------            -----  ------    
ASxxxx Linker V03.00/V05.40 + sdld,  page 20.
Hexadecimal  [32-Bits]

Area                       Addr        Size        Decimal Bytes (Attributes)
--------------------       ----        ----        ------- ----- ------------
_HEADER10              00000000    00000002 =           2. bytes (ABS,CON)

        Value  Global            Value  Global            Value  Global    
        -----  ------            -----  ------            -----  ------    
ASxxxx Linker V03.00/V05.40 + sdld,  page 21.
Hexadecimal  [32-Bits]

Area                       Addr        Size        Decimal Bytes (Attributes)
--------------------       ----        ----        ------- ----- ------------
_HEADER11              00000000    000000AB =         171. bytes (ABS,CON)

        Value  Global            Value  Global            Value  Global    
        -----  ------            -----  ------            -----  ------    
     00000150  .reset    |    00000150  _reset    |    00000157  .code_sta
     000001B9  _exit     |    000001BD  .wait_vbl |    000001BD  _vsync   
     000001BD  _wait_vbl |    000001CD  .remove_V |    000001CD  _remove_V
     000001D0  .remove_i |    000001ED  .add_VBL  |    000001ED  _add_VBL 
     000001F0  .add_int 
ASxxxx Linker V03.00/V05.40 + sdld,  page 22.
Hexadecimal  [32-Bits]

Area                       Addr        Size        Decimal Bytes (Attributes)
--------------------       ----        ----        ------- ----- ------------
_HOME                  0000301A    00000B22 =        2850. bytes (REL,CON)

        Value  Global            Value  Global            Value  Global    
        -----  ------            -----  ------            -----  ------    
     0000301A  .memset_s |    00003023  .memcpy_s |    00003040  .display_
     00003040  _display_ |    00003058  _fill_win |    0000306A  _rand    
     0000306A  _randw    |    00003095  _initrand |    00003097  .initrand
     000030A0  _font_loa |    000030A7  font_load |    000030EF  font_copy
     00003125  font_set  |    00003132  .put_char |    0000314A  .out_char
     00003150  .del_char |    000031A6  _putchar  |    000031AF  _setchar 
     000031B8  _font_loa |    000031C6  _font_set |    000031D5  _font_ini
     000031F4  .cls      |    000031F4  _cls      |    00003216  _gotoxy  
     00003221  _posx     |    00003232  _posy     |    0000325A  .cr_curs 
     0000326F  .adv_curs |    000032CB  .tmode    |    000032E8  .tmode_ou
     000032F1  _font_col |    000032FC  .fill_rec |    00003305  .fill_rec
     00003352  __modulon |    000033EF  .padup    |    000033EF  _waitpadu
     000033FF  .jpad     |    000033FF  _joypad   |    00003427  _waitpad 
     00003428  .wait_pad |    0000342F  _fill_bkg |    00003441  _color   
     00003441  _set_1bpp |    00003450  _memset   |    00003483  .drawing_
     000034A0  _font_ibm |    00003881  .add_LCD  |    00003881  _add_LCD 
     00003887  .remove_L |    00003887  _remove_L |    0000388D  ___sdcc_b
     000038A1  _set_tile |    000038A6  _set_bkg_ |    000038A6  _set_win_
     000038AE  _set_spri |    000038DE  __mullong |    000039C5  _set_bkg_
     000039D9  _set_bkg_ |    000039D9  _set_win_ |    000039E1  _set_spri
     00003A39  .set_xy_w |    00003A42  .set_xy_b |    00003A51  .set_xy_t
     00003A95  _uitoa    |    00003AA4  _itoa     |    00003AB3  .itoa    
     00003AC7  .utoa     |    00003B3B  ___sdcc_c
ASxxxx Linker V03.00/V05.40 + sdld,  page 23.
Hexadecimal  [32-Bits]

Area                       Addr        Size        Decimal Bytes (Attributes)
--------------------       ----        ----        ------- ----- ------------
_INITIALIZER           00003B3C    00000027 =          39. bytes (REL,CON)

        Value  Global            Value  Global            Value  Global    
        -----  ------            -----  ------            -----  ------    
ASxxxx Linker V03.00/V05.40 + sdld,  page 24.
Hexadecimal  [32-Bits]

Area                       Addr        Size        Decimal Bytes (Attributes)
--------------------       ----        ----        ------- ----- ------------
_GSINIT                00003B63    0000000C =          12. bytes (REL,CON)

        Value  Global            Value  Global            Value  Global    
        -----  ------            -----  ------            -----  ------    
     00003B63  gsinit   
ASxxxx Linker V03.00/V05.40 + sdld,  page 25.
Hexadecimal  [32-Bits]

Area                       Addr        Size        Decimal Bytes (Attributes)
--------------------       ----        ----        ------- ----- ------------
_GSFINAL               00003B6F    00000001 =           1. bytes (REL,CON)

        Value  Global            Value  Global            Value  Global    
        -----  ------            -----  ------            -----  ------    
ASxxxx Linker V03.00/V05.40 + sdld,  page 26.
Hexadecimal  [32-Bits]

Area                       Addr        Size        Decimal Bytes (Attributes)
--------------------       ----        ----        ------- ----- ------------
_DATA                  0000C0A0    00001D49 =        7497. bytes (REL,CON)

        Value  Global            Value  Global            Value  Global    
        -----  ------            -----  ------            -----  ------    
     0000C0A0  __cpu     |    0000C0A1  __is_GBA  |    0000C0A2  .mode    
     0000C0A3  .sys_time |    0000C0A3  _sys_time |    0000C0A5  .int_0x40
     0000C0F4  _g_player |    0000C0F5  _g_player |    0000C0F6  _g_prev_j
     0000C0F7  _g_run_en |    0000C0F9  _look_cx  |    0000C0FA  _look_cy 
     0000C0FB  _enemy_al |    0000C119  _dead_ene |    0000C137  _dead_ene
     0000C1AA  _ui_loadi |    0000C1AC  _floor_bi |    0000C3AC  _pit_bits
     0000C5AC  _floor_bl |    0000C7AC  _nav_node |    0000C8CC  _num_nav_
     0000C8CD  _wall_ort |    0000D8CD  _enemy_x  |    0000D8EB  _enemy_y 
     0000D909  _enemy_ty |    0000D927  _enemy_hp |    0000D945  _num_enem
     0000D946  _corpse_x |    0000D964  _corpse_y |    0000D982  _corpse_t
     0000D9A0  _num_corp |    0000D9A1  _enemy_oc |    0000DBA1  _corpse_o
     0000DDA1  _enemy_an |    0000DDA2  _enemy_at |    0000DDC0  _enemy_at
     0000DDC9  ___rand_s |    0000DDCB  font_curr |    0000DDCE  font_firs
     0000DDCF  font_tabl |    0000DDE1  .int_0x48
ASxxxx Linker V03.00/V05.40 + sdld,  page 27.
Hexadecimal  [32-Bits]

Area                       Addr        Size        Decimal Bytes (Attributes)
--------------------       ----        ----        ------- ----- ------------
_INITIALIZED           0000DDE9    00000027 =          39. bytes (REL,CON)

        Value  Global            Value  Global            Value  Global    
        -----  ------            -----  ------            -----  ------    
     0000DDED  _current_ |    0000DDEE  _next_sta |    0000DDEF  _pending_
     0000DDF0  _gameplay |    0000DDF1  _player_h |    0000DDF2  _player_h
     0000DDF3  _player_l |    0000DDF4  _player_d |    0000DDF5  _player_x
     0000DDF7  _floor_nu |    0000DDF8  _run_seed |    0000DDFA  _combat_i
     0000DDFB  _player_c |    0000DDFC  _lcd_game |    0000DDFD  _lcd_shak
     0000DDFE  _lcd_shak |    0000DDFF  _ui_panel |    0000DE00  _wall_til
     0000DE01  _wall_pal |    0000DE02  _pillar_p |    0000DE03  _player_s
     0000DE04  _player_s |    0000DE05  _floor_co |    0000DE06  _camera_p
     0000DE08  _camera_p |    0000DE0A  .curx     |    0000DE0B  .cury    
     0000DE0C  .fg_colou |    0000DE0C  __current |    0000DE0D  .bg_colou
     0000DE0E  .draw_mod |    0000DE0F  __map_til
ASxxxx Linker V03.00/V05.40 + sdld,  page 28.
Hexadecimal  [32-Bits]

Area                       Addr        Size        Decimal Bytes (Attributes)
--------------------       ----        ----        ------- ----- ------------
_HRAM                  0000FF80    00000013 =          19. bytes (REL,CON)

        Value  Global            Value  Global            Value  Global    
        -----  ------            -----  ------            -----  ------    
     0000FF80  .refresh_ |    0000FF90  __current |    0000FF91  __vbl_don
     0000FF92  __shadow_
ASxxxx Linker V03.00/V05.40 + sdld,  page 29.
Hexadecimal  [32-Bits]

Area                       Addr        Size        Decimal Bytes (Attributes)
--------------------       ----        ----        ------- ----- ------------
_CODE_1                00014000    00001331 =        4913. bytes (REL,CON)

        Value  Global            Value  Global            Value  Global    
        -----  ------            -----  ------            -----  ------    
     00014000  ___func_s |    00014000  _state_ch |    00014151  ___func_s
     00014151  _state_tr |    000141B7  ___func_s |    000141B7  _state_ti
     00014212  ___func_s |    00014212  _state_ga |    00014229  ___func_t
     00014229  _tileset_ |    00014231  _tileset_ |    00015231  _tileset_
ASxxxx Linker V03.00/V05.40 + sdld,  page 30.
Hexadecimal  [32-Bits]

Area                       Addr        Size        Decimal Bytes (Attributes)
--------------------       ----        ----        ------- ----- ------------
_CODE_2                00024000    00003AF5 =       15093. bytes (REL,CON)

        Value  Global            Value  Global            Value  Global    
        -----  ------            -----  ------            -----  ------    
     00024000  _tile_at  |    00024051  _set_floo |    00024085  _set_pit 
     000240C1  _is_walka |    000240F5  _tile_cha |    00024103  _tile_vra
     00024117  _tile_pal |    00024124  _floor_gr |    0002412F  _floor_ti
     00024174  _floor_ti |    0002472A  _nearest_ |    000247B6  _nav_next
     00024942  _generate |    00024CEB  _level_ge |    00024F32  ___func_b
     00024F32  _bwv1043_ |    00025064  _bwv1043_ |    000255E0  _bwv1043_
     00025ACD  _enemy_gr |    00025AF0  _enemy_de |    00025B14  _enemy_ty
     00025B5F  _enemy_ef |    00025B8F  _enemy_ef |    00025BC0  _enemy_an
     00025BCE  _enemy_an |    00025C4A  _enemy_at |    00025CBD  _corpse_s
     00025D2F  _corpse_a |    00025D3B  _corpse_d |    00025D4A  _spawn_en
     00025FFD  _enemy_re |    000260C5  _move_ene |    00026408  ___func_c
     00026408  _camera_i |    00026641  _camera_s |    00026A8E  _camera_s
     00026ADD  _render_s |    00026B4B  _render_s |    00026B59  _apply_wa
     00026DB2  _load_pal |    00026E91  _draw_cel |    00026EE5  _draw_col
     00026F1F  _draw_row |    00026F56  _draw_ui_ |    00026F59  _draw_scr
     00026FC8  _draw_ene |    000270D9  ___func_s |    000270D9  _state_ga
     0002715E  ___func_s |    0002715E  _state_ga |    00027614  _push_com
     00027739  _grant_xp |    000277A6  _resolve_ |    00027801  _combat_p
     00027964  _wall_pal |    00027AA4  ___func_l |    00027AA4  _level_in
ASxxxx Linker V03.00/V05.40 + sdld,  page 31.
Hexadecimal  [32-Bits]

Area                       Addr        Size        Decimal Bytes (Attributes)
--------------------       ----        ----        ------- ----- ------------
_CODE_3                00034000    00000231 =         561. bytes (REL,CON)

        Value  Global            Value  Global            Value  Global    
        -----  ------            -----  ------            -----  ------    
     00034000  ___func_s |    00034000  _state_st |    000340EB  ___func_s
     000340EB  _state_st |    00034116  ___func_s |    00034116  _state_in
     0003418B  ___func_s |    0003418B  _state_in |    000341AC  ___func_s
     000341AC  _state_ab |    00034218  ___func_s |    00034218  _state_ab
ASxxxx Linker V03.00/V05.40 + sdld,  page 32.
Hexadecimal  [32-Bits]

Area                       Addr        Size        Decimal Bytes (Attributes)
--------------------       ----        ----        ------- ----- ------------
_FONT_HEADER0          00000000    00000003 =           3. bytes (ABS,CON)

        Value  Global            Value  Global            Value  Global    
        -----  ------            -----  ------            -----  ------    
ASxxxx Linker V03.00/V05.40 + sdld,  page 33.
Hexadecimal  [32-Bits]

Area                       Addr        Size        Decimal Bytes (Attributes)
--------------------       ----        ----        ------- ----- ------------
_HEADER_LCD0           00000000    00000003 =           3. bytes (ABS,CON)

        Value  Global            Value  Global            Value  Global    
        -----  ------            -----  ------            -----  ------    
ASxxxx Linker V03.00/V05.40 + sdld,  page 34.

Files Linked                              [ module(s) ]

./gbdk/lib/gb/crt0.o                      [ Runtime ]
obj/gbc/debug_bank.rel                    [ debug_bank ]
obj/gbc/entity_sprites.rel                [ entity_sprites ]
obj/gbc/globals.rel                       [ globals ]
obj/gbc/lcd.rel                           [ lcd ]
obj/gbc/main.rel                          [ main ]
obj/gbc/music.rel                         [ music ]
obj/gbc/seed_entropy.rel                  [ seed_entropy ]
obj/gbc/ui.rel                            [ ui ]
obj/gbc/state_char_create.rel             [ state_char_create ]
obj/gbc/state_transition.rel              [ state_transition ]
obj/gbc/state_title.rel                   [ state_title ]
obj/gbc/state_game_over.rel               [ state_game_over ]
obj/gbc/map.rel                           [ map ]
obj/gbc/bwv1043_music.rel                 [ bwv1043_music ]
obj/gbc/enemy.rel                         [ enemy ]
obj/gbc/camera.rel                        [ camera ]
obj/gbc/render.rel                        [ render ]
obj/gbc/state_gameplay.rel                [ state_gameplay ]
obj/gbc/combat.rel                        [ combat ]
obj/gbc/wall_palettes.rel                 [ wall_palettes ]
obj/gbc/level_init.rel                    [ level_init ]
obj/gbc/state_stats.rel                   [ state_stats ]
obj/gbc/state_inventory.rel               [ state_inventory ]
obj/gbc/state_ability.rel                 [ state_ability ]
obj/gbc/tileset.rel                       [ tileset ]


Libraries Linked                          [ object file ]

./gbdk/lib/gb/gb.lib                      [ fill_rect_wi.o ]
./gbdk/lib/gb/gb.lib                      [ sfr.o ]
./gbdk/lib/sm83/sm83.lib                  [ div.o ]
./gbdk/lib/sm83/sm83.lib                  [ rand.o ]
./gbdk/lib/gb/gb.lib                      [ font.o ]
./gbdk/lib/gb/gb.lib                      [ cgb_palettes.o ]
./gbdk/lib/gb/gb.lib                      [ font_color.o ]
./gbdk/lib/sm83/sm83.lib                  [ mul.o ]
./gbdk/lib/gb/gb.lib                      [ set_tile.o ]
./gbdk/lib/gb/gb.lib                      [ fill_rect.o ]
./gbdk/lib/sm83/sm83.lib                  [ _modulong.o ]
./gbdk/lib/gb/gb.lib                      [ pad.o ]
./gbdk/lib/gb/gb.lib                      [ fill_rect_bk.o ]
./gbdk/lib/gb/gb.lib                      [ color.o ]
./gbdk/lib/sm83/sm83.lib                  [ _memset.o ]
./gbdk/lib/gb/gb.lib                      [ drawing_isr.o ]
./gbdk/lib/gb/gb.lib                      [ f_ibm_sh.o ]
./gbdk/lib/gb/gb.lib                      [ lcd.o ]
./gbdk/lib/gb/gb.lib                      [ ___sdcc_bcall_ehl.o ]
./gbdk/lib/sm83/sm83.lib                  [ printf.o ]
./gbdk/lib/gb/gb.lib                      [ cgb.o ]
./gbdk/lib/gb/gb.lib                      [ set_data.o ]
./gbdk/lib/sm83/sm83.lib                  [ _mullong.o ]
./gbdk/lib/gb/gb.lib                      [ cgb_compat.o ]
./gbdk/lib/gb/gb.lib                      [ set_bk_t.o ]
./gbdk/lib/gb/gb.lib                      [ set_1bit_data.o ]
./gbdk/lib/sm83/sm83.lib                  [ sprintf.o ]
./gbdk/lib/gb/gb.lib                      [ set_xy_t.o ]
./gbdk/lib/sm83/sm83.lib                  [ itoa.o ]
./gbdk/lib/sm83/sm83.lib                  [ __sdcc_call_hl.o ]

ASxxxx Linker V03.00/V05.40 + sdld,  page 35.

User Base Address Definitions

_DATA=0xC0A0
_CODE=0x0200
_HRAM=0xFF80
ASxxxx Linker V03.00/V05.40 + sdld,  page 36.

User Global Definitions

_shadow_OAM=0xC000
.STACK=0xE000

