ASxxxx Linker V03.00/V05.40 + sdld,  page 1.
Hexadecimal  [32-Bits]

Area                       Addr        Size        Decimal Bytes (Attributes)
--------------------       ----        ----        ------- ----- ------------
.  .ABS.               00000000    00000000 =           0. bytes (ABS,CON)

        Value  Global            Value  Global            Value  Global    
        -----  ------            -----  ------            -----  ------    
     00000000  .__.ABS.  |    00000000  ___bank_t |    00000000  _rMBC7_SR
     00000000  _rRAMG    |    00000000  l__BASE   |    00000000  l__BSS   
     00000000  l__CABS   |    00000000  l__CODE_0 |    00000000  l__DABS  
     00000000  l__FONT_H |    00000000  l__HEADER |    00000000  l__HEADER
     00000000  l__HEAP   |    00000000  l__HEAP_E |    00000000  l__LIT   
     00000000  s__CABS   |    00000000  s__DABS   |    00000000  s__FONT_H
     00000000  s__FONT_H |    00000000  s__HEADER |    00000000  s__HEADER
     00000000  s__HEADER |    00000000  s__HEADER |    00000000  s__HEADER
     00000000  s__HEADER |    00000000  s__HEADER |    00000000  s__HEADER
     00000000  s__HEADER |    00000000  s__HEADER |    00000000  s__HEADER
     00000000  s__HEADER |    00000000  s__HEADER |    00000000  s__HEADER
     00000000  s__HEADER |    00000000  s__HEADER |    00000000  s__HEADER
     00000000  s__HEADER |    00000000  s__HEADER |    00000000  s__HEADER
     00000000  s__HEADER |    00000001  l__GSFINA |    00000001  l__HEADER
     00000001  l__HEADER |    00000001  l__HEADER |    00000001  l__HEADER
     00000001  l__HEADER |    00000001  l__HEADER |    00000001  l__HEADER
     00000002  l__HEADER |    00000002  l__HEADER |    00000002  l__HEADER
     00000003  l__FONT_H |    00000003  l__HEADER |    00000003  l__HEADER
     00000005  l__HEADER |    00000006  l__HEADER |    00000007  l__HEADER
     00000008  l__HEADER |    0000000C  l__GSINIT |    00000010  l__INITIA
     00000010  l__INITIA |    00000013  l__HRAM   |    00000030  l__HEADER
     00000060  l__HEADER |    000000AB  l__HEADER |    00000200  s__CODE  
     000005D4  l__DATA   |    00000909  l__HOME   |    00002000  _rROMB0  
     00002FC7  l__CODE   |    00003000  _rROMB1   |    000031C7  s__HOME  
     00003AD0  s__BASE   |    00003AD0  s__CODE_0 |    00003AD0  s__INITIA
     00003AD0  s__LIT    |    00003AE0  s__GSINIT |    00003AEC  s__GSFINA
     00004000  _rMBC7_SR |    00004000  _rRAMB    |    00008000  __VRAM   
     00008000  __VRAM800 |    00008800  __VRAM880 |    00009000  __VRAM900
     00009800  __SCRN0   |    00009C00  __SCRN1   |    0000A000  __SRAM   
     0000A000  _rMBC7_LA |    0000A010  _rMBC7_LA |    0000A020  _rMBC7_AC
     0000A030  _rMBC7_AC |    0000A040  _rMBC7_AC |    0000A050  _rMBC7_AC
     0000C000  __RAM     |    0000C000  _shadow_O |    0000C0A0  s__DATA  
     0000C674  s__BSS    |    0000C674  s__INITIA |    0000C684  s__HEAP  
     0000C684  s__HEAP_E |    0000D000  __RAMBANK |    0000E000  .STACK   
     0000FE00  __OAMRAM  |    0000FF00  _P1_REG   |    0000FF00  __IO     
     0000FF01  _SB_REG   |    0000FF02  _SC_REG   |    0000FF04  _DIV_REG 
     0000FF05  _TIMA_REG |    0000FF06  _TMA_REG  |    0000FF07  _TAC_REG 
     0000FF0F  _IF_REG   |    0000FF10  _NR10_REG |    0000FF11  _NR11_REG
     0000FF12  _NR12_REG |    0000FF13  _NR13_REG |    0000FF14  _NR14_REG
     0000FF16  _NR21_REG |    0000FF17  _NR22_REG |    0000FF18  _NR23_REG
     0000FF19  _NR24_REG |    0000FF1A  _NR30_REG |    0000FF1B  _NR31_REG
     0000FF1C  _NR32_REG |    0000FF1D  _NR33_REG |    0000FF1E  _NR34_REG
     0000FF20  _NR41_REG |    0000FF21  _NR42_REG |    0000FF22  _NR43_REG
     0000FF23  _NR44_REG |    0000FF24  _NR50_REG |    0000FF25  _NR51_REG
     0000FF26  _NR52_REG |    0000FF30  _AUD3WAVE |    0000FF30  _PCM_SAMP
     0000FF30  __AUD3WAV |    0000FF40  _LCDC_REG |    0000FF41  _STAT_REG
     0000FF42  _SCY_REG  |    0000FF43  _SCX_REG  |    0000FF44  _LY_REG  
     0000FF45  _LYC_REG  |    0000FF46  _DMA_REG  |    0000FF47  _BGP_REG 
     0000FF48  _OBP0_REG |    0000FF49  _OBP1_REG |    0000FF4A  _WY_REG  
     0000FF4B  _WX_REG   |    0000FF4D  _KEY1_REG |    0000FF4F  _VBK_REG 
ASxxxx Linker V03.00/V05.40 + sdld,  page 2.
Hexadecimal  [32-Bits]

Area                       Addr        Size        Decimal Bytes (Attributes)
--------------------       ----        ----        ------- ----- ------------
.  .ABS.               00000000    00000000 =           0. bytes (ABS,CON)

        Value  Global            Value  Global            Value  Global    
        -----  ------            -----  ------            -----  ------    
     0000FF51  _HDMA1_RE |    0000FF52  _HDMA2_RE |    0000FF53  _HDMA3_RE
     0000FF54  _HDMA4_RE |    0000FF55  _HDMA5_RE |    0000FF56  _RP_REG  
     0000FF68  _BCPS_REG |    0000FF69  _BCPD_REG |    0000FF6A  _OCPS_REG
     0000FF6B  _OCPD_REG |    0000FF70  _SVBK_REG |    0000FF76  _PCM12_RE
     0000FF77  _PCM34_RE |    0000FF80  __HRAM    |    0000FF80  s__HRAM  
     0000FFFF  _IE_REG  
ASxxxx Linker V03.00/V05.40 + sdld,  page 3.
Hexadecimal  [32-Bits]

Area                       Addr        Size        Decimal Bytes (Attributes)
--------------------       ----        ----        ------- ----- ------------
_CODE                  00000200    00002FC7 =       12231. bytes (REL,CON)

        Value  Global            Value  Global            Value  Global    
        -----  ------            -----  ------            -----  ------    
     00000200  _enemy_an |    0000020E  _enemy_de |    00000232  _enemy_an
     000002AE  _enemy_at |    000002E8  _corpse_a |    00000316  _spawn_en
     000005B0  _move_ene |    00000A1B  _main     |    00000D02  _tile_at 
     00000D53  _set_floo |    00000D87  _set_pit  |    00000DC3  _is_walka
     00000DF7  _tile_cha |    00000E05  _tile_vra |    00000E10  _tile_pal
     000011BF  _nearest_ |    00001241  _nav_next |    000013CB  _generate
     00001540  _load_pal |    00001744  _draw_cel |    000017A7  _draw_col
     000017F3  _draw_row |    00001A32  _draw_ui_ |    00001A69  _draw_scr
     00001B0B  _draw_bot |    00001B9F  _draw_ene |    00001D2A  _screen_s
     00001D84  _seed_ent |    00001E05  _seed_ent |    00001E41  _seed_ent
     00001E97  ___func_t |    00001E97  _tileset_ |    00001E9F  _tileset_
     000021FF  _tileset_ |    0000226F  _tileset_ |    00002615  _ui_draw_
     00002AE4  _title_sc |    00002C10  _game_ove |    00002C73  __divsuch
     00002C79  __modsuch |    00002C82  __divusch |    00002C8B  __modusch
     00002C97  __divscha |    00002C9C  __modscha |    00002CA3  __divsint
     00002CAC  __modsint |    00002CB8  __divucha |    00002CBD  __moducha
     00002CC4  __divuint |    00002CCD  __moduint |    00002CD9  .div8    
     00002CD9  .mod8     |    00002CE1  .div16    |    00002CE1  .mod16   
     00002D17  .divu8    |    00002D17  .modu8    |    00002D1A  .divu16  
     00002D1A  .modu16   |    00002D5A  _set_spri |    00002D5F  _set_bkg_
     00002D62  .set_pale |    00002D81  _set_spri |    00002D86  _set_bkg_
     00002D89  .set_pale |    00002DA5  _set_vram |    00002DAE  _set_win_
     00002DB7  _set_bkg_ |    00002DE6  _printf   |    00002DFB  _cgb_comp
     00002DFB  _set_defa |    00002E4B  ___printf |    000031A8  _sprintf 
ASxxxx Linker V03.00/V05.40 + sdld,  page 4.
Hexadecimal  [32-Bits]

Area                       Addr        Size        Decimal Bytes (Attributes)
--------------------       ----        ----        ------- ----- ------------
_HEADER0               00000000    00000001 =           1. bytes (ABS,CON)

        Value  Global            Value  Global            Value  Global    
        -----  ------            -----  ------            -----  ------    
     00000020  .call_hl 
ASxxxx Linker V03.00/V05.40 + sdld,  page 5.
Hexadecimal  [32-Bits]

Area                       Addr        Size        Decimal Bytes (Attributes)
--------------------       ----        ----        ------- ----- ------------
_HEADER1               00000000    00000005 =           5. bytes (ABS,CON)

        Value  Global            Value  Global            Value  Global    
        -----  ------            -----  ------            -----  ------    
     00000028  .MemsetSm
ASxxxx Linker V03.00/V05.40 + sdld,  page 6.
Hexadecimal  [32-Bits]

Area                       Addr        Size        Decimal Bytes (Attributes)
--------------------       ----        ----        ------- ----- ------------
_HEADER2               00000000    00000007 =           7. bytes (ABS,CON)

        Value  Global            Value  Global            Value  Global    
        -----  ------            -----  ------            -----  ------    
     00000030  .MemcpySm
ASxxxx Linker V03.00/V05.40 + sdld,  page 7.
Hexadecimal  [32-Bits]

Area                       Addr        Size        Decimal Bytes (Attributes)
--------------------       ----        ----        ------- ----- ------------
_HEADER3               00000000    00000008 =           8. bytes (ABS,CON)

        Value  Global            Value  Global            Value  Global    
        -----  ------            -----  ------            -----  ------    
ASxxxx Linker V03.00/V05.40 + sdld,  page 8.
Hexadecimal  [32-Bits]

Area                       Addr        Size        Decimal Bytes (Attributes)
--------------------       ----        ----        ------- ----- ------------
_HEADER4               00000000    00000060 =          96. bytes (ABS,CON)

        Value  Global            Value  Global            Value  Global    
        -----  ------            -----  ------            -----  ------    
     00000080  .int      |    0000008F  _wait_int |    0000009C  __standar
     000000AB  _refresh_ |    000000CC  _set_inte
ASxxxx Linker V03.00/V05.40 + sdld,  page 9.
Hexadecimal  [32-Bits]

Area                       Addr        Size        Decimal Bytes (Attributes)
--------------------       ----        ----        ------- ----- ------------
_HEADER5               00000000    00000001 =           1. bytes (ABS,CON)

        Value  Global            Value  Global            Value  Global    
        -----  ------            -----  ------            -----  ------    
ASxxxx Linker V03.00/V05.40 + sdld,  page 10.
Hexadecimal  [32-Bits]

Area                       Addr        Size        Decimal Bytes (Attributes)
--------------------       ----        ----        ------- ----- ------------
_HEADER6               00000000    00000002 =           2. bytes (ABS,CON)

        Value  Global            Value  Global            Value  Global    
        -----  ------            -----  ------            -----  ------    
ASxxxx Linker V03.00/V05.40 + sdld,  page 11.
Hexadecimal  [32-Bits]

Area                       Addr        Size        Decimal Bytes (Attributes)
--------------------       ----        ----        ------- ----- ------------
_HEADER7               00000000    00000030 =          48. bytes (ABS,CON)

        Value  Global            Value  Global            Value  Global    
        -----  ------            -----  ------            -----  ------    
ASxxxx Linker V03.00/V05.40 + sdld,  page 12.
Hexadecimal  [32-Bits]

Area                       Addr        Size        Decimal Bytes (Attributes)
--------------------       ----        ----        ------- ----- ------------
_HEADER8               00000000    00000006 =           6. bytes (ABS,CON)

        Value  Global            Value  Global            Value  Global    
        -----  ------            -----  ------            -----  ------    
ASxxxx Linker V03.00/V05.40 + sdld,  page 13.
Hexadecimal  [32-Bits]

Area                       Addr        Size        Decimal Bytes (Attributes)
--------------------       ----        ----        ------- ----- ------------
_HEADER9               00000000    00000003 =           3. bytes (ABS,CON)

        Value  Global            Value  Global            Value  Global    
        -----  ------            -----  ------            -----  ------    
ASxxxx Linker V03.00/V05.40 + sdld,  page 14.
Hexadecimal  [32-Bits]

Area                       Addr        Size        Decimal Bytes (Attributes)
--------------------       ----        ----        ------- ----- ------------
_HEADERa               00000000    00000001 =           1. bytes (ABS,CON)

        Value  Global            Value  Global            Value  Global    
        -----  ------            -----  ------            -----  ------    
ASxxxx Linker V03.00/V05.40 + sdld,  page 15.
Hexadecimal  [32-Bits]

Area                       Addr        Size        Decimal Bytes (Attributes)
--------------------       ----        ----        ------- ----- ------------
_HEADERb               00000000    00000001 =           1. bytes (ABS,CON)

        Value  Global            Value  Global            Value  Global    
        -----  ------            -----  ------            -----  ------    
ASxxxx Linker V03.00/V05.40 + sdld,  page 16.
Hexadecimal  [32-Bits]

Area                       Addr        Size        Decimal Bytes (Attributes)
--------------------       ----        ----        ------- ----- ------------
_HEADERc               00000000    00000001 =           1. bytes (ABS,CON)

        Value  Global            Value  Global            Value  Global    
        -----  ------            -----  ------            -----  ------    
ASxxxx Linker V03.00/V05.40 + sdld,  page 17.
Hexadecimal  [32-Bits]

Area                       Addr        Size        Decimal Bytes (Attributes)
--------------------       ----        ----        ------- ----- ------------
_HEADERd               00000000    00000002 =           2. bytes (ABS,CON)

        Value  Global            Value  Global            Value  Global    
        -----  ------            -----  ------            -----  ------    
ASxxxx Linker V03.00/V05.40 + sdld,  page 18.
Hexadecimal  [32-Bits]

Area                       Addr        Size        Decimal Bytes (Attributes)
--------------------       ----        ----        ------- ----- ------------
_HEADERe               00000000    00000001 =           1. bytes (ABS,CON)

        Value  Global            Value  Global            Value  Global    
        -----  ------            -----  ------            -----  ------    
ASxxxx Linker V03.00/V05.40 + sdld,  page 19.
Hexadecimal  [32-Bits]

Area                       Addr        Size        Decimal Bytes (Attributes)
--------------------       ----        ----        ------- ----- ------------
_HEADERf               00000000    00000001 =           1. bytes (ABS,CON)

        Value  Global            Value  Global            Value  Global    
        -----  ------            -----  ------            -----  ------    
ASxxxx Linker V03.00/V05.40 + sdld,  page 20.
Hexadecimal  [32-Bits]

Area                       Addr        Size        Decimal Bytes (Attributes)
--------------------       ----        ----        ------- ----- ------------
_HEADER10              00000000    00000002 =           2. bytes (ABS,CON)

        Value  Global            Value  Global            Value  Global    
        -----  ------            -----  ------            -----  ------    
ASxxxx Linker V03.00/V05.40 + sdld,  page 21.
Hexadecimal  [32-Bits]

Area                       Addr        Size        Decimal Bytes (Attributes)
--------------------       ----        ----        ------- ----- ------------
_HEADER11              00000000    000000AB =         171. bytes (ABS,CON)

        Value  Global            Value  Global            Value  Global    
        -----  ------            -----  ------            -----  ------    
     00000150  .reset    |    00000150  _reset    |    00000157  .code_sta
     000001B9  _exit     |    000001BD  .wait_vbl |    000001BD  _vsync   
     000001BD  _wait_vbl |    000001CD  .remove_V |    000001CD  _remove_V
     000001D0  .remove_i |    000001ED  .add_VBL  |    000001ED  _add_VBL 
     000001F0  .add_int 
ASxxxx Linker V03.00/V05.40 + sdld,  page 22.
Hexadecimal  [32-Bits]

Area                       Addr        Size        Decimal Bytes (Attributes)
--------------------       ----        ----        ------- ----- ------------
_HOME                  000031C7    00000909 =        2313. bytes (REL,CON)

        Value  Global            Value  Global            Value  Global    
        -----  ------            -----  ------            -----  ------    
     000031C7  .memset_s |    000031D0  .memcpy_s |    000031ED  .display_
     000031ED  _display_ |    00003205  _rand     |    00003205  _randw   
     00003230  _initrand |    00003232  .initrand |    0000323B  _font_loa
     00003242  font_load |    0000328A  font_copy |    000032C0  font_set 
     000032CD  .put_char |    000032E5  .out_char |    000032EB  .del_char
     00003341  _putchar  |    0000334A  _setchar  |    00003353  _font_loa
     00003361  _font_set |    00003370  _font_ini |    0000338F  .cls     
     0000338F  _cls      |    000033B1  _gotoxy   |    000033BC  _posx    
     000033CD  _posy     |    000033F5  .cr_curs  |    0000340A  .adv_curs
     00003466  .tmode    |    00003483  .tmode_ou |    0000348C  _font_col
     00003497  .padup    |    00003497  _waitpadu |    000034A7  .jpad    
     000034A7  _joypad   |    000034CF  _waitpad  |    000034D0  .wait_pad
     000034D7  _color    |    000034D7  _set_1bpp |    000034E6  .drawing_
     00003503  _font_ibm |    000038E4  .add_LCD  |    000038E4  _add_LCD 
     000038EA  .remove_L |    000038EA  _remove_L |    000038F0  .delay   
     000038F0  _delay    |    0000391C  _set_tile |    00003921  _set_bkg_
     00003921  _set_win_ |    00003929  _set_spri |    00003959  _set_bkg_
     0000396D  _set_bkg_ |    0000396D  _set_win_ |    00003975  _set_spri
     000039CD  .set_xy_w |    000039D6  .set_xy_b |    000039E5  .set_xy_t
     00003A29  _uitoa    |    00003A38  _itoa     |    00003A47  .itoa    
     00003A5B  .utoa     |    00003ACF  ___sdcc_c
ASxxxx Linker V03.00/V05.40 + sdld,  page 23.
Hexadecimal  [32-Bits]

Area                       Addr        Size        Decimal Bytes (Attributes)
--------------------       ----        ----        ------- ----- ------------
_INITIALIZER           00003AD0    00000010 =          16. bytes (REL,CON)

        Value  Global            Value  Global            Value  Global    
        -----  ------            -----  ------            -----  ------    
ASxxxx Linker V03.00/V05.40 + sdld,  page 24.
Hexadecimal  [32-Bits]

Area                       Addr        Size        Decimal Bytes (Attributes)
--------------------       ----        ----        ------- ----- ------------
_GSINIT                00003AE0    0000000C =          12. bytes (REL,CON)

        Value  Global            Value  Global            Value  Global    
        -----  ------            -----  ------            -----  ------    
     00003AE0  gsinit   
ASxxxx Linker V03.00/V05.40 + sdld,  page 25.
Hexadecimal  [32-Bits]

Area                       Addr        Size        Decimal Bytes (Attributes)
--------------------       ----        ----        ------- ----- ------------
_GSFINAL               00003AEC    00000001 =           1. bytes (REL,CON)

        Value  Global            Value  Global            Value  Global    
        -----  ------            -----  ------            -----  ------    
ASxxxx Linker V03.00/V05.40 + sdld,  page 26.
Hexadecimal  [32-Bits]

Area                       Addr        Size        Decimal Bytes (Attributes)
--------------------       ----        ----        ------- ----- ------------
_DATA                  0000C0A0    000005D4 =        1492. bytes (REL,CON)

        Value  Global            Value  Global            Value  Global    
        -----  ------            -----  ------            -----  ------    
     0000C0A0  __cpu     |    0000C0A1  __is_GBA  |    0000C0A2  .mode    
     0000C0A3  .sys_time |    0000C0A3  _sys_time |    0000C0A5  .int_0x40
     0000C0B1  _enemy_x  |    0000C0C5  _enemy_y  |    0000C0D9  _enemy_ty
     0000C0ED  _enemy_hp |    0000C101  _num_enem |    0000C102  _corpse_x
     0000C116  _corpse_y |    0000C12A  _num_corp |    0000C12B  _enemy_an
     0000C133  _floor_bi |    0000C333  _pit_bits |    0000C533  _nav_node
     0000C653  _num_nav_ |    0000C654  ___rand_s |    0000C656  font_curr
     0000C659  font_firs |    0000C65A  font_tabl |    0000C66C  .int_0x48
ASxxxx Linker V03.00/V05.40 + sdld,  page 27.
Hexadecimal  [32-Bits]

Area                       Addr        Size        Decimal Bytes (Attributes)
--------------------       ----        ----        ------- ----- ------------
_INITIALIZED           0000C674    00000010 =          16. bytes (REL,CON)

        Value  Global            Value  Global            Value  Global    
        -----  ------            -----  ------            -----  ------    
     0000C674  _player_h |    0000C675  _floor_nu |    0000C676  _run_seed
     0000C678  _camera_p |    0000C67A  _camera_p |    0000C67C  _wall_til
     0000C67D  _wall_pal |    0000C67E  .curx     |    0000C67F  .cury    
     0000C680  .fg_colou |    0000C680  __current |    0000C681  .bg_colou
     0000C682  .draw_mod |    0000C683  __map_til
ASxxxx Linker V03.00/V05.40 + sdld,  page 28.
Hexadecimal  [32-Bits]

Area                       Addr        Size        Decimal Bytes (Attributes)
--------------------       ----        ----        ------- ----- ------------
_HRAM                  0000FF80    00000013 =          19. bytes (REL,CON)

        Value  Global            Value  Global            Value  Global    
        -----  ------            -----  ------            -----  ------    
     0000FF80  .refresh_ |    0000FF90  __current |    0000FF91  __vbl_don
     0000FF92  __shadow_
ASxxxx Linker V03.00/V05.40 + sdld,  page 29.
Hexadecimal  [32-Bits]

Area                       Addr        Size        Decimal Bytes (Attributes)
--------------------       ----        ----        ------- ----- ------------
_FONT_HEADER0          00000000    00000003 =           3. bytes (ABS,CON)

        Value  Global            Value  Global            Value  Global    
        -----  ------            -----  ------            -----  ------    
ASxxxx Linker V03.00/V05.40 + sdld,  page 30.
Hexadecimal  [32-Bits]

Area                       Addr        Size        Decimal Bytes (Attributes)
--------------------       ----        ----        ------- ----- ------------
_HEADER_LCD0           00000000    00000003 =           3. bytes (ABS,CON)

        Value  Global            Value  Global            Value  Global    
        -----  ------            -----  ------            -----  ------    
ASxxxx Linker V03.00/V05.40 + sdld,  page 31.

Files Linked                              [ module(s) ]

./gbdk/lib/gb/crt0.o                      [ Runtime ]
obj/gbc/enemy.o                           [ enemy ]
obj/gbc/main.o                            [ main ]
obj/gbc/map.o                             [ map ]
obj/gbc/render.o                          [ render ]
obj/gbc/seed_entropy.o                    [ seed_entropy ]
obj/gbc/tileset.o                         [ tileset ]
obj/gbc/ui.o                              [ ui ]


Libraries Linked                          [ object file ]

./gbdk/lib/gb/gb.lib                      [ sfr.o ]
./gbdk/lib/sm83/sm83.lib                  [ div.o ]
./gbdk/lib/sm83/sm83.lib                  [ rand.o ]
./gbdk/lib/gb/gb.lib                      [ font.o ]
./gbdk/lib/gb/gb.lib                      [ cgb_palettes.o ]
./gbdk/lib/gb/gb.lib                      [ font_color.o ]
./gbdk/lib/gb/gb.lib                      [ set_tile.o ]
./gbdk/lib/gb/gb.lib                      [ pad.o ]
./gbdk/lib/gb/gb.lib                      [ color.o ]
./gbdk/lib/gb/gb.lib                      [ drawing_isr.o ]
./gbdk/lib/gb/gb.lib                      [ f_ibm_sh.o ]
./gbdk/lib/gb/gb.lib                      [ lcd.o ]
./gbdk/lib/gb/gb.lib                      [ delay.o ]
./gbdk/lib/sm83/sm83.lib                  [ printf.o ]
./gbdk/lib/gb/gb.lib                      [ set_data.o ]
./gbdk/lib/gb/gb.lib                      [ cgb_compat.o ]
./gbdk/lib/gb/gb.lib                      [ set_bk_t.o ]
./gbdk/lib/gb/gb.lib                      [ set_1bit_data.o ]
./gbdk/lib/sm83/sm83.lib                  [ sprintf.o ]
./gbdk/lib/gb/gb.lib                      [ set_xy_t.o ]
./gbdk/lib/sm83/sm83.lib                  [ itoa.o ]
./gbdk/lib/sm83/sm83.lib                  [ __sdcc_call_hl.o ]

ASxxxx Linker V03.00/V05.40 + sdld,  page 32.

User Base Address Definitions

_DATA=0xC0A0
_CODE=0x0200
_HRAM=0xFF80
ASxxxx Linker V03.00/V05.40 + sdld,  page 33.

User Global Definitions

_shadow_OAM=0xC000
.STACK=0xE000

