ASxxxx Linker V03.00/V05.40 + sdld,  page 1.
Hexadecimal  [32-Bits]

Area                       Addr        Size        Decimal Bytes (Attributes)
--------------------       ----        ----        ------- ----- ------------
.  .ABS.               00000000    00000000 =           0. bytes (ABS,CON)

        Value  Global            Value  Global            Value  Global    
        -----  ------            -----  ------            -----  ------    
     00000000  .__.ABS.  |    00000000  ___bank_t |    00000000  _rMBC7_SR
     00000000  _rRAMG    |    00000000  l__BASE   |    00000000  l__BSS   
     00000000  l__CABS   |    00000000  l__CODE_0 |    00000000  l__DABS  
     00000000  l__FONT_H |    00000000  l__HEADER |    00000000  l__HEADER
     00000000  l__HEAP   |    00000000  l__HEAP_E |    00000000  l__LIT   
     00000000  s__CABS   |    00000000  s__DABS   |    00000000  s__FONT_H
     00000000  s__FONT_H |    00000000  s__HEADER |    00000000  s__HEADER
     00000000  s__HEADER |    00000000  s__HEADER |    00000000  s__HEADER
     00000000  s__HEADER |    00000000  s__HEADER |    00000000  s__HEADER
     00000000  s__HEADER |    00000000  s__HEADER |    00000000  s__HEADER
     00000000  s__HEADER |    00000000  s__HEADER |    00000000  s__HEADER
     00000000  s__HEADER |    00000000  s__HEADER |    00000000  s__HEADER
     00000000  s__HEADER |    00000000  s__HEADER |    00000000  s__HEADER
     00000000  s__HEADER |    00000001  l__GSFINA |    00000001  l__HEADER
     00000001  l__HEADER |    00000001  l__HEADER |    00000001  l__HEADER
     00000001  l__HEADER |    00000001  l__HEADER |    00000001  l__HEADER
     00000002  l__HEADER |    00000002  l__HEADER |    00000002  l__HEADER
     00000003  l__FONT_H |    00000003  l__HEADER |    00000003  l__HEADER
     00000005  l__HEADER |    00000006  l__HEADER |    00000007  l__HEADER
     00000008  l__HEADER |    0000000C  l__GSINIT |    00000013  l__HRAM  
     0000001D  l__INITIA |    0000001D  l__INITIA |    00000030  l__HEADER
     00000060  l__HEADER |    000000AB  l__HEADER |    00000200  s__CODE  
     000008E6  l__DATA   |    00000BE5  l__HOME   |    00002000  _rROMB0  
     00003000  _rROMB1   |    00004000  _rMBC7_SR |    00004000  _rRAMB   
     000056D4  l__CODE   |    000058D4  s__HOME   |    000064B9  s__BASE  
     000064B9  s__CODE_0 |    000064B9  s__INITIA |    000064B9  s__LIT   
     000064D6  s__GSINIT |    000064E2  s__GSFINA |    00008000  __VRAM   
     00008000  __VRAM800 |    00008800  __VRAM880 |    00009000  __VRAM900
     00009800  __SCRN0   |    00009C00  __SCRN1   |    0000A000  __SRAM   
     0000A000  _rMBC7_LA |    0000A010  _rMBC7_LA |    0000A020  _rMBC7_AC
     0000A030  _rMBC7_AC |    0000A040  _rMBC7_AC |    0000A050  _rMBC7_AC
     0000C000  __RAM     |    0000C000  _shadow_O |    0000C0A0  s__DATA  
     0000C986  s__BSS    |    0000C986  s__INITIA |    0000C9A3  s__HEAP  
     0000C9A3  s__HEAP_E |    0000D000  __RAMBANK |    0000E000  .STACK   
     0000FE00  __OAMRAM  |    0000FF00  _P1_REG   |    0000FF00  __IO     
     0000FF01  _SB_REG   |    0000FF02  _SC_REG   |    0000FF04  _DIV_REG 
     0000FF05  _TIMA_REG |    0000FF06  _TMA_REG  |    0000FF07  _TAC_REG 
     0000FF0F  _IF_REG   |    0000FF10  _NR10_REG |    0000FF11  _NR11_REG
     0000FF12  _NR12_REG |    0000FF13  _NR13_REG |    0000FF14  _NR14_REG
     0000FF16  _NR21_REG |    0000FF17  _NR22_REG |    0000FF18  _NR23_REG
     0000FF19  _NR24_REG |    0000FF1A  _NR30_REG |    0000FF1B  _NR31_REG
     0000FF1C  _NR32_REG |    0000FF1D  _NR33_REG |    0000FF1E  _NR34_REG
     0000FF20  _NR41_REG |    0000FF21  _NR42_REG |    0000FF22  _NR43_REG
     0000FF23  _NR44_REG |    0000FF24  _NR50_REG |    0000FF25  _NR51_REG
     0000FF26  _NR52_REG |    0000FF30  _AUD3WAVE |    0000FF30  _PCM_SAMP
     0000FF30  __AUD3WAV |    0000FF40  _LCDC_REG |    0000FF41  _STAT_REG
     0000FF42  _SCY_REG  |    0000FF43  _SCX_REG  |    0000FF44  _LY_REG  
     0000FF45  _LYC_REG  |    0000FF46  _DMA_REG  |    0000FF47  _BGP_REG 
     0000FF48  _OBP0_REG |    0000FF49  _OBP1_REG |    0000FF4A  _WY_REG  
     0000FF4B  _WX_REG   |    0000FF4D  _KEY1_REG |    0000FF4F  _VBK_REG 
ASxxxx Linker V03.00/V05.40 + sdld,  page 2.
Hexadecimal  [32-Bits]

Area                       Addr        Size        Decimal Bytes (Attributes)
--------------------       ----        ----        ------- ----- ------------
.  .ABS.               00000000    00000000 =           0. bytes (ABS,CON)

        Value  Global            Value  Global            Value  Global    
        -----  ------            -----  ------            -----  ------    
     0000FF51  _HDMA1_RE |    0000FF52  _HDMA2_RE |    0000FF53  _HDMA3_RE
     0000FF54  _HDMA4_RE |    0000FF55  _HDMA5_RE |    0000FF56  _RP_REG  
     0000FF68  _BCPS_REG |    0000FF69  _BCPD_REG |    0000FF6A  _OCPS_REG
     0000FF6B  _OCPD_REG |    0000FF70  _SVBK_REG |    0000FF76  _PCM12_RE
     0000FF77  _PCM34_RE |    0000FF80  __HRAM    |    0000FF80  s__HRAM  
     0000FFFF  _IE_REG  
ASxxxx Linker V03.00/V05.40 + sdld,  page 3.
Hexadecimal  [32-Bits]

Area                       Addr        Size        Decimal Bytes (Attributes)
--------------------       ----        ----        ------- ----- ------------
_CODE                  00000200    000056D4 =       22228. bytes (REL,CON)

        Value  Global            Value  Global            Value  Global    
        -----  ------            -----  ------            -----  ------    
     00000200  _camera_i |    0000045F  _camera_s |    00000969  _camera_s
     000009CA  _enemy_de |    00000A24  _enemy_an |    00000A32  _enemy_an
     00000AAE  _enemy_at |    00000AE8  _corpse_s |    00000B24  _corpse_a
     00000B30  _corpse_d |    00000B3F  _spawn_en |    00000DD9  _enemy_re
     00000E3B  _move_ene |    00001011  _entity_s |    0000105F  _entity_s
     0000106C  _entity_s |    0000107D  _entity_s |    000012C4  _entity_s
     00001318  _entity_s |    0000154C  _entity_s |    000016A9  _lcd_init
     00001919  _main     |    00001D63  _tile_at  |    00001DB4  _set_floo
     00001DE8  _set_pit  |    00001E24  _is_walka |    00001E58  _tile_cha
     00001E66  _tile_vra |    00001E7A  _tile_pal |    00001E87  _floor_gr
     00001E92  _floor_ti |    00001EC8  _wall_til |    000022CA  _nearest_
     0000234C  _nav_next |    000024D6  _generate |    00002B7E  _music_pl
     00002B91  _music_pl |    00002BA4  _music_in |    00002BB9  _apply_wa
     00002D84  _load_pal |    00002EB0  _draw_cel |    00002F14  _draw_col
     00002F61  _draw_row |    00002FAB  _draw_ui_ |    00002FB1  _draw_scr
     00003022  _draw_ene |    00003120  _seed_ent |    000031A1  _seed_ent
     000031DD  _seed_ent |    00003233  ___func_t |    00003233  _tileset_
     0000323B  _tileset_ |    0000423B  _tileset_ |    0000433B  _ui_comba
     0000436B  _ui_comba |    00004969  _window_u |    0000499C  _window_u
     000049A3  _ui_draw_ |    00004B9A  _ui_draw_ |    00004BAE  _ui_draw_
     0000505E  _title_sc |    00005191  _game_ove |    000051FB  _wall_pal
     0000533B  __divsuch |    00005341  __modsuch |    0000534A  __divusch
     00005353  __modusch |    0000535F  __divscha |    00005364  __modscha
     0000536B  __divsint |    00005374  __modsint |    00005380  __divucha
     00005385  __moducha |    0000538C  __divuint |    00005395  __moduint
     000053A1  .div8     |    000053A1  .mod8     |    000053A9  .div16   
     000053A9  .mod16    |    000053DF  .divu8    |    000053DF  .modu8   
     000053E2  .divu16   |    000053E2  .modu16   |    00005422  _set_spri
     00005427  _set_bkg_ |    0000542A  .set_pale |    00005449  _set_spri
     0000544E  _set_bkg_ |    00005451  .set_pale |    0000546D  _set_vram
     00005476  _set_win_ |    0000547F  _set_bkg_ |    000054AE  __mulsuch
     000054B1  __mulusch |    000054BA  __mulscha |    000054C2  __mulint 
     000054E1  __mulucha |    0000552A  ___printf |    00005887  _sprintf 
     000058A6  _printf   |    000058BB  _cgb_comp |    000058BB  _set_defa
ASxxxx Linker V03.00/V05.40 + sdld,  page 4.
Hexadecimal  [32-Bits]

Area                       Addr        Size        Decimal Bytes (Attributes)
--------------------       ----        ----        ------- ----- ------------
_HEADER0               00000000    00000001 =           1. bytes (ABS,CON)

        Value  Global            Value  Global            Value  Global    
        -----  ------            -----  ------            -----  ------    
     00000020  .call_hl 
ASxxxx Linker V03.00/V05.40 + sdld,  page 5.
Hexadecimal  [32-Bits]

Area                       Addr        Size        Decimal Bytes (Attributes)
--------------------       ----        ----        ------- ----- ------------
_HEADER1               00000000    00000005 =           5. bytes (ABS,CON)

        Value  Global            Value  Global            Value  Global    
        -----  ------            -----  ------            -----  ------    
     00000028  .MemsetSm
ASxxxx Linker V03.00/V05.40 + sdld,  page 6.
Hexadecimal  [32-Bits]

Area                       Addr        Size        Decimal Bytes (Attributes)
--------------------       ----        ----        ------- ----- ------------
_HEADER2               00000000    00000007 =           7. bytes (ABS,CON)

        Value  Global            Value  Global            Value  Global    
        -----  ------            -----  ------            -----  ------    
     00000030  .MemcpySm
ASxxxx Linker V03.00/V05.40 + sdld,  page 7.
Hexadecimal  [32-Bits]

Area                       Addr        Size        Decimal Bytes (Attributes)
--------------------       ----        ----        ------- ----- ------------
_HEADER3               00000000    00000008 =           8. bytes (ABS,CON)

        Value  Global            Value  Global            Value  Global    
        -----  ------            -----  ------            -----  ------    
ASxxxx Linker V03.00/V05.40 + sdld,  page 8.
Hexadecimal  [32-Bits]

Area                       Addr        Size        Decimal Bytes (Attributes)
--------------------       ----        ----        ------- ----- ------------
_HEADER4               00000000    00000060 =          96. bytes (ABS,CON)

        Value  Global            Value  Global            Value  Global    
        -----  ------            -----  ------            -----  ------    
     00000080  .int      |    0000008F  _wait_int |    0000009C  __standar
     000000AB  _refresh_ |    000000CC  _set_inte
ASxxxx Linker V03.00/V05.40 + sdld,  page 9.
Hexadecimal  [32-Bits]

Area                       Addr        Size        Decimal Bytes (Attributes)
--------------------       ----        ----        ------- ----- ------------
_HEADER5               00000000    00000001 =           1. bytes (ABS,CON)

        Value  Global            Value  Global            Value  Global    
        -----  ------            -----  ------            -----  ------    
ASxxxx Linker V03.00/V05.40 + sdld,  page 10.
Hexadecimal  [32-Bits]

Area                       Addr        Size        Decimal Bytes (Attributes)
--------------------       ----        ----        ------- ----- ------------
_HEADER6               00000000    00000002 =           2. bytes (ABS,CON)

        Value  Global            Value  Global            Value  Global    
        -----  ------            -----  ------            -----  ------    
ASxxxx Linker V03.00/V05.40 + sdld,  page 11.
Hexadecimal  [32-Bits]

Area                       Addr        Size        Decimal Bytes (Attributes)
--------------------       ----        ----        ------- ----- ------------
_HEADER7               00000000    00000030 =          48. bytes (ABS,CON)

        Value  Global            Value  Global            Value  Global    
        -----  ------            -----  ------            -----  ------    
ASxxxx Linker V03.00/V05.40 + sdld,  page 12.
Hexadecimal  [32-Bits]

Area                       Addr        Size        Decimal Bytes (Attributes)
--------------------       ----        ----        ------- ----- ------------
_HEADER8               00000000    00000006 =           6. bytes (ABS,CON)

        Value  Global            Value  Global            Value  Global    
        -----  ------            -----  ------            -----  ------    
ASxxxx Linker V03.00/V05.40 + sdld,  page 13.
Hexadecimal  [32-Bits]

Area                       Addr        Size        Decimal Bytes (Attributes)
--------------------       ----        ----        ------- ----- ------------
_HEADER9               00000000    00000003 =           3. bytes (ABS,CON)

        Value  Global            Value  Global            Value  Global    
        -----  ------            -----  ------            -----  ------    
ASxxxx Linker V03.00/V05.40 + sdld,  page 14.
Hexadecimal  [32-Bits]

Area                       Addr        Size        Decimal Bytes (Attributes)
--------------------       ----        ----        ------- ----- ------------
_HEADERa               00000000    00000001 =           1. bytes (ABS,CON)

        Value  Global            Value  Global            Value  Global    
        -----  ------            -----  ------            -----  ------    
ASxxxx Linker V03.00/V05.40 + sdld,  page 15.
Hexadecimal  [32-Bits]

Area                       Addr        Size        Decimal Bytes (Attributes)
--------------------       ----        ----        ------- ----- ------------
_HEADERb               00000000    00000001 =           1. bytes (ABS,CON)

        Value  Global            Value  Global            Value  Global    
        -----  ------            -----  ------            -----  ------    
ASxxxx Linker V03.00/V05.40 + sdld,  page 16.
Hexadecimal  [32-Bits]

Area                       Addr        Size        Decimal Bytes (Attributes)
--------------------       ----        ----        ------- ----- ------------
_HEADERc               00000000    00000001 =           1. bytes (ABS,CON)

        Value  Global            Value  Global            Value  Global    
        -----  ------            -----  ------            -----  ------    
ASxxxx Linker V03.00/V05.40 + sdld,  page 17.
Hexadecimal  [32-Bits]

Area                       Addr        Size        Decimal Bytes (Attributes)
--------------------       ----        ----        ------- ----- ------------
_HEADERd               00000000    00000002 =           2. bytes (ABS,CON)

        Value  Global            Value  Global            Value  Global    
        -----  ------            -----  ------            -----  ------    
ASxxxx Linker V03.00/V05.40 + sdld,  page 18.
Hexadecimal  [32-Bits]

Area                       Addr        Size        Decimal Bytes (Attributes)
--------------------       ----        ----        ------- ----- ------------
_HEADERe               00000000    00000001 =           1. bytes (ABS,CON)

        Value  Global            Value  Global            Value  Global    
        -----  ------            -----  ------            -----  ------    
ASxxxx Linker V03.00/V05.40 + sdld,  page 19.
Hexadecimal  [32-Bits]

Area                       Addr        Size        Decimal Bytes (Attributes)
--------------------       ----        ----        ------- ----- ------------
_HEADERf               00000000    00000001 =           1. bytes (ABS,CON)

        Value  Global            Value  Global            Value  Global    
        -----  ------            -----  ------            -----  ------    
ASxxxx Linker V03.00/V05.40 + sdld,  page 20.
Hexadecimal  [32-Bits]

Area                       Addr        Size        Decimal Bytes (Attributes)
--------------------       ----        ----        ------- ----- ------------
_HEADER10              00000000    00000002 =           2. bytes (ABS,CON)

        Value  Global            Value  Global            Value  Global    
        -----  ------            -----  ------            -----  ------    
ASxxxx Linker V03.00/V05.40 + sdld,  page 21.
Hexadecimal  [32-Bits]

Area                       Addr        Size        Decimal Bytes (Attributes)
--------------------       ----        ----        ------- ----- ------------
_HEADER11              00000000    000000AB =         171. bytes (ABS,CON)

        Value  Global            Value  Global            Value  Global    
        -----  ------            -----  ------            -----  ------    
     00000150  .reset    |    00000150  _reset    |    00000157  .code_sta
     000001B9  _exit     |    000001BD  .wait_vbl |    000001BD  _vsync   
     000001BD  _wait_vbl |    000001CD  .remove_V |    000001CD  _remove_V
     000001D0  .remove_i |    000001ED  .add_VBL  |    000001ED  _add_VBL 
     000001F0  .add_int 
ASxxxx Linker V03.00/V05.40 + sdld,  page 22.
Hexadecimal  [32-Bits]

Area                       Addr        Size        Decimal Bytes (Attributes)
--------------------       ----        ----        ------- ----- ------------
_HOME                  000058D4    00000BE5 =        3045. bytes (REL,CON)

        Value  Global            Value  Global            Value  Global    
        -----  ------            -----  ------            -----  ------    
     000058D4  .memset_s |    000058DD  .memcpy_s |    000058FA  .display_
     000058FA  _display_ |    00005912  _fill_win |    00005924  _rand    
     00005924  _randw    |    0000594F  _initrand |    00005951  .initrand
     0000595A  _font_loa |    00005961  font_load |    000059A9  font_copy
     000059DF  font_set  |    000059EC  .put_char |    00005A04  .out_char
     00005A0A  .del_char |    00005A60  _putchar  |    00005A69  _setchar 
     00005A72  _font_loa |    00005A80  _font_set |    00005A8F  _font_ini
     00005AAE  .cls      |    00005AAE  _cls      |    00005AD0  _gotoxy  
     00005ADB  _posx     |    00005AEC  _posy     |    00005B14  .cr_curs 
     00005B29  .adv_curs |    00005B85  .tmode    |    00005BA2  .tmode_ou
     00005BAB  _font_col |    00005BB6  .fill_rec |    00005BBF  .fill_rec
     00005C0C  __divslon |    00005D0B  __divulon |    00005D92  .padup   
     00005D92  _waitpadu |    00005DA2  .jpad     |    00005DA2  _joypad  
     00005DCA  _waitpad  |    00005DCB  .wait_pad |    00005DD2  ___sdcc_c
     00005DD3  _color    |    00005DD3  _set_1bpp |    00005DE2  _memset  
     00005E15  .drawing_ |    00005E32  _font_ibm |    00006213  .add_LCD 
     00006213  _add_LCD  |    00006219  .remove_L |    00006219  _remove_L
     0000621F  _set_tile |    00006224  _set_bkg_ |    00006224  _set_win_
     0000622C  _set_spri |    0000625C  __mullong |    00006343  _set_bkg_
     00006357  _uitoa    |    00006366  _itoa     |    00006375  .itoa    
     00006389  .utoa     |    000063FD  _set_bkg_ |    000063FD  _set_win_
     00006405  _set_spri |    0000645D  .set_xy_w |    00006466  .set_xy_b
     00006475  .set_xy_t
ASxxxx Linker V03.00/V05.40 + sdld,  page 23.
Hexadecimal  [32-Bits]

Area                       Addr        Size        Decimal Bytes (Attributes)
--------------------       ----        ----        ------- ----- ------------
_INITIALIZER           000064B9    0000001D =          29. bytes (REL,CON)

        Value  Global            Value  Global            Value  Global    
        -----  ------            -----  ------            -----  ------    
ASxxxx Linker V03.00/V05.40 + sdld,  page 24.
Hexadecimal  [32-Bits]

Area                       Addr        Size        Decimal Bytes (Attributes)
--------------------       ----        ----        ------- ----- ------------
_GSINIT                000064D6    0000000C =          12. bytes (REL,CON)

        Value  Global            Value  Global            Value  Global    
        -----  ------            -----  ------            -----  ------    
     000064D6  gsinit   
ASxxxx Linker V03.00/V05.40 + sdld,  page 25.
Hexadecimal  [32-Bits]

Area                       Addr        Size        Decimal Bytes (Attributes)
--------------------       ----        ----        ------- ----- ------------
_GSFINAL               000064E2    00000001 =           1. bytes (REL,CON)

        Value  Global            Value  Global            Value  Global    
        -----  ------            -----  ------            -----  ------    
ASxxxx Linker V03.00/V05.40 + sdld,  page 26.
Hexadecimal  [32-Bits]

Area                       Addr        Size        Decimal Bytes (Attributes)
--------------------       ----        ----        ------- ----- ------------
_DATA                  0000C0A0    000008E6 =        2278. bytes (REL,CON)

        Value  Global            Value  Global            Value  Global    
        -----  ------            -----  ------            -----  ------    
     0000C0A0  __cpu     |    0000C0A1  __is_GBA  |    0000C0A2  .mode    
     0000C0A3  .sys_time |    0000C0A3  _sys_time |    0000C0A5  .int_0x40
     0000C0B1  _enemy_x  |    0000C0CF  _enemy_y  |    0000C0ED  _enemy_ty
     0000C10B  _enemy_hp |    0000C129  _num_enem |    0000C12A  _corpse_x
     0000C148  _corpse_y |    0000C166  _corpse_t |    0000C184  _num_corp
     0000C185  _enemy_an |    0000C186  _enemy_at |    0000C1A4  _enemy_at
     0000C1EA  _floor_bi |    0000C3EA  _pit_bits |    0000C5EA  _floor_bl
     0000C7EA  _nav_node |    0000C90A  _num_nav_ |    0000C966  ___rand_s
     0000C968  font_curr |    0000C96B  font_firs |    0000C96C  font_tabl
     0000C97E  .int_0x48
ASxxxx Linker V03.00/V05.40 + sdld,  page 27.
Hexadecimal  [32-Bits]

Area                       Addr        Size        Decimal Bytes (Attributes)
--------------------       ----        ----        ------- ----- ------------
_INITIALIZED           0000C986    0000001D =          29. bytes (REL,CON)

        Value  Global            Value  Global            Value  Global    
        -----  ------            -----  ------            -----  ------    
     0000C986  _camera_p |    0000C988  _camera_p |    0000C98E  _lcd_game
     0000C98F  _lcd_shak |    0000C990  _lcd_shak |    0000C991  _player_h
     0000C992  _player_h |    0000C993  _player_l |    0000C994  _player_d
     0000C995  _player_x |    0000C997  _floor_nu |    0000C998  _run_seed
     0000C99A  _wall_til |    0000C99B  _wall_pal |    0000C99D  .curx    
     0000C99E  .cury     |    0000C99F  .fg_colou |    0000C99F  __current
     0000C9A0  .bg_colou |    0000C9A1  .draw_mod |    0000C9A2  __map_til
ASxxxx Linker V03.00/V05.40 + sdld,  page 28.
Hexadecimal  [32-Bits]

Area                       Addr        Size        Decimal Bytes (Attributes)
--------------------       ----        ----        ------- ----- ------------
_HRAM                  0000FF80    00000013 =          19. bytes (REL,CON)

        Value  Global            Value  Global            Value  Global    
        -----  ------            -----  ------            -----  ------    
     0000FF80  .refresh_ |    0000FF90  __current |    0000FF91  __vbl_don
     0000FF92  __shadow_
ASxxxx Linker V03.00/V05.40 + sdld,  page 29.
Hexadecimal  [32-Bits]

Area                       Addr        Size        Decimal Bytes (Attributes)
--------------------       ----        ----        ------- ----- ------------
_FONT_HEADER0          00000000    00000003 =           3. bytes (ABS,CON)

        Value  Global            Value  Global            Value  Global    
        -----  ------            -----  ------            -----  ------    
ASxxxx Linker V03.00/V05.40 + sdld,  page 30.
Hexadecimal  [32-Bits]

Area                       Addr        Size        Decimal Bytes (Attributes)
--------------------       ----        ----        ------- ----- ------------
_HEADER_LCD0           00000000    00000003 =           3. bytes (ABS,CON)

        Value  Global            Value  Global            Value  Global    
        -----  ------            -----  ------            -----  ------    
ASxxxx Linker V03.00/V05.40 + sdld,  page 31.

Files Linked                              [ module(s) ]

./gbdk/lib/gb/crt0.o                      [ Runtime ]
obj/gbc/camera.o                          [ camera ]
obj/gbc/enemy.o                           [ enemy ]
obj/gbc/entity_sprites.o                  [ entity_sprites ]
obj/gbc/lcd.o                             [ lcd ]
obj/gbc/main.o                            [ main ]
obj/gbc/map.o                             [ map ]
obj/gbc/music.o                           [ music ]
obj/gbc/render.o                          [ render ]
obj/gbc/seed_entropy.o                    [ seed_entropy ]
obj/gbc/tileset.o                         [ tileset ]
obj/gbc/ui.o                              [ ui ]
obj/gbc/wall_palettes.o                   [ wall_palettes ]


Libraries Linked                          [ object file ]

./gbdk/lib/gb/gb.lib                      [ fill_rect_wi.o ]
./gbdk/lib/gb/gb.lib                      [ sfr.o ]
./gbdk/lib/sm83/sm83.lib                  [ div.o ]
./gbdk/lib/sm83/sm83.lib                  [ rand.o ]
./gbdk/lib/gb/gb.lib                      [ font.o ]
./gbdk/lib/gb/gb.lib                      [ cgb_palettes.o ]
./gbdk/lib/gb/gb.lib                      [ font_color.o ]
./gbdk/lib/gb/gb.lib                      [ set_tile.o ]
./gbdk/lib/sm83/sm83.lib                  [ mul.o ]
./gbdk/lib/gb/gb.lib                      [ fill_rect.o ]
./gbdk/lib/sm83/sm83.lib                  [ _divslong.o ]
./gbdk/lib/sm83/sm83.lib                  [ sprintf.o ]
./gbdk/lib/sm83/sm83.lib                  [ _divulong.o ]
./gbdk/lib/gb/gb.lib                      [ pad.o ]
./gbdk/lib/sm83/sm83.lib                  [ __sdcc_call_hl.o ]
./gbdk/lib/gb/gb.lib                      [ color.o ]
./gbdk/lib/sm83/sm83.lib                  [ _memset.o ]
./gbdk/lib/gb/gb.lib                      [ drawing_isr.o ]
./gbdk/lib/gb/gb.lib                      [ f_ibm_sh.o ]
./gbdk/lib/gb/gb.lib                      [ lcd.o ]
./gbdk/lib/sm83/sm83.lib                  [ printf.o ]
./gbdk/lib/gb/gb.lib                      [ set_data.o ]
./gbdk/lib/sm83/sm83.lib                  [ _mullong.o ]
./gbdk/lib/gb/gb.lib                      [ cgb_compat.o ]
./gbdk/lib/gb/gb.lib                      [ set_bk_t.o ]
./gbdk/lib/sm83/sm83.lib                  [ itoa.o ]
./gbdk/lib/gb/gb.lib                      [ set_1bit_data.o ]
./gbdk/lib/gb/gb.lib                      [ set_xy_t.o ]

ASxxxx Linker V03.00/V05.40 + sdld,  page 32.

User Base Address Definitions

_DATA=0xC0A0
_CODE=0x0200
_HRAM=0xFF80
ASxxxx Linker V03.00/V05.40 + sdld,  page 33.

User Global Definitions

_shadow_OAM=0xC000
.STACK=0xE000

