ASxxxx Linker V03.00/V05.40 + sdld,  page 1.
Hexadecimal  [32-Bits]

Area                       Addr        Size        Decimal Bytes (Attributes)
--------------------       ----        ----        ------- ----- ------------
.  .ABS.               00000000    00000000 =           0. bytes (ABS,CON)

        Value  Global            Value  Global            Value  Global    
        -----  ------            -----  ------            -----  ------    
     00000000  .__.ABS.  |    00000000  ___bank_a |    00000000  ___bank_a
     00000000  ___bank_a |    00000000  ___bank_a |    00000000  ___bank_a
     00000000  _rMBC7_SR |    00000000  _rRAMG    |    00000000  l__BASE  
     00000000  l__BSS    |    00000000  l__CABS   |    00000000  l__CODE_0
     00000000  l__DABS   |    00000000  l__FONT_H |    00000000  l__HEADER
     00000000  l__HEADER |    00000000  l__HEAP   |    00000000  l__HEAP_E
     00000000  l__LIT    |    00000000  s__CABS   |    00000000  s__DABS  
     00000000  s__FONT_H |    00000000  s__FONT_H |    00000000  s__HEADER
     00000000  s__HEADER |    00000000  s__HEADER |    00000000  s__HEADER
     00000000  s__HEADER |    00000000  s__HEADER |    00000000  s__HEADER
     00000000  s__HEADER |    00000000  s__HEADER |    00000000  s__HEADER
     00000000  s__HEADER |    00000000  s__HEADER |    00000000  s__HEADER
     00000000  s__HEADER |    00000000  s__HEADER |    00000000  s__HEADER
     00000000  s__HEADER |    00000000  s__HEADER |    00000000  s__HEADER
     00000000  s__HEADER |    00000000  s__HEADER |    00000001  ___bank_t
     00000001  l__GSFINA |    00000001  l__HEADER |    00000001  l__HEADER
     00000001  l__HEADER |    00000001  l__HEADER |    00000001  l__HEADER
     00000001  l__HEADER |    00000001  l__HEADER |    00000002  ___bank_c
     00000002  ___bank_c |    00000002  ___bank_c |    00000002  ___bank_e
     00000002  ___bank_g |    00000002  ___bank_g |    00000002  ___bank_i
     00000002  ___bank_l |    00000002  ___bank_l |    00000002  ___bank_m
     00000002  ___bank_r |    00000002  ___bank_s |    00000002  ___bank_s
     00000002  ___bank_t |    00000002  b_camera_ |    00000002  b_camera_
     00000002  b_camera_ |    00000002  b_combat_ |    00000002  b_combat_
     00000002  b_corpse_ |    00000002  b_corpse_ |    00000002  b_enemy_a
     00000002  b_enemy_c |    00000002  b_enemy_e |    00000002  b_enemy_e
     00000002  b_enemy_r |    00000002  b_enemy_t |    00000002  b_ground_
     00000002  b_ground_ |    00000002  b_is_walk |    00000002  b_level_g
     00000002  b_load_pa |    00000002  b_map_pit |    00000002  b_resolve
     00000002  b_state_g |    00000002  b_state_g |    00000002  b_tile_at
     00000002  l__HEADER |    00000002  l__HEADER |    00000002  l__HEADER
     00000003  ___bank_a |    00000003  ___bank_a |    00000003  ___bank_a
     00000003  ___bank_c |    00000003  ___bank_e |    00000003  ___bank_e
     00000003  ___bank_e |    00000003  ___bank_e |    00000003  ___bank_e
     00000003  ___bank_e |    00000003  ___bank_e |    00000003  ___bank_e
     00000003  ___bank_e |    00000003  ___bank_e |    00000003  ___bank_e
     00000003  ___bank_e |    00000003  ___bank_e |    00000003  ___bank_e
     00000003  ___bank_e |    00000003  ___bank_e |    00000003  ___bank_e
     00000003  ___bank_e |    00000003  ___bank_e |    00000003  ___bank_e
     00000003  ___bank_e |    00000003  ___bank_e |    00000003  ___bank_e
     00000003  ___bank_e |    00000003  ___bank_s |    00000003  ___bank_s
     00000003  ___bank_s |    00000003  ___bank_s |    00000003  ___bank_s
     00000003  ___bank_s |    00000003  ___bank_s |    00000003  ___bank_s
     00000003  ___bank_s |    00000003  ___bank_s |    00000003  ___bank_s
     00000003  ___bank_s |    00000003  ___bank_s |    00000003  ___bank_s
     00000003  b_ally_fo |    00000003  b_ally_fo |    00000003  b_ally_fo
     00000003  b_class_p |    00000003  b_class_p |    00000003  b_entity_
     00000003  b_entity_ |    00000003  b_entity_ |    00000003  b_entity_
     00000003  b_entity_ |    00000003  b_entity_ |    00000003  b_entity_
     00000003  b_entity_ |    00000003  b_entity_ |    00000003  b_entity_
ASxxxx Linker V03.00/V05.40 + sdld,  page 2.
Hexadecimal  [32-Bits]

Area                       Addr        Size        Decimal Bytes (Attributes)
--------------------       ----        ----        ------- ----- ------------
.  .ABS.               00000000    00000000 =           0. bytes (ABS,CON)

        Value  Global            Value  Global            Value  Global    
        -----  ------            -----  ------            -----  ------    
     00000003  b_entity_ |    00000003  b_entity_ |    00000003  b_entity_
     00000003  b_entity_ |    00000003  b_entity_ |    00000003  b_entity_
     00000003  b_entity_ |    00000003  b_entity_ |    00000003  b_entity_
     00000003  b_entity_ |    00000003  b_entity_ |    00000003  b_entity_
     00000003  b_entity_ |    00000003  b_entity_ |    00000003  b_state_a
     00000003  b_state_a |    00000003  b_state_c |    00000003  b_state_g
     00000003  b_state_i |    00000003  b_state_i |    00000003  b_state_m
     00000003  b_state_m |    00000003  b_state_p |    00000003  b_state_p
     00000003  b_state_s |    00000003  b_state_s |    00000003  b_state_t
     00000003  b_state_t |    00000003  l__FONT_H |    00000003  l__HEADER
     00000003  l__HEADER |    00000004  ___bank_b |    00000005  ___bank_b
     00000005  ___bank_u |    00000005  b_run_see |    00000005  b_title_s
     00000005  b_ui_comb |    00000005  b_ui_comb |    00000005  b_ui_comb
     00000005  b_ui_comb |    00000005  b_ui_draw |    00000005  b_ui_draw
     00000005  b_ui_game |    00000005  b_ui_load |    00000005  b_ui_load
     00000005  b_ui_pane |    00000005  b_ui_pane |    00000005  b_ui_pane
     00000005  b_ui_pane |    00000005  b_ui_push |    00000005  b_ui_push
     00000005  b_ui_push |    00000005  b_ui_push |    00000005  b_window_
     00000005  b_window_ |    00000005  l__HEADER |    00000006  ___bank_a
     00000006  b_ability |    00000006  l__HEADER |    00000007  ___bank_a
     00000007  b_ability |    00000007  l__HEADER |    00000008  ___bank_a
     00000008  b_ability |    00000008  l__HEADER |    00000009  ___bank_a
     00000009  b_ability |    0000000A  ___bank_b |    0000000A  ___bank_l
     0000000A  b_biome_d |    0000000A  b_level_i |    0000000B  ___bank_b
     0000000B  b_biome_c |    0000000C  ___bank_b |    0000000C  b_biome_c
     0000000C  l__GSINIT |    0000000D  b_enemy_t |    0000000D  b_invento
     0000000D  b_invento |    0000000D  b_invento |    0000000D  b_invento
     0000000D  b_invento |    0000000D  b_items_e |    0000000D  b_items_k
     0000000D  b_items_k |    0000000D  b_items_k |    0000000D  b_items_k
     0000000D  b_items_k |    0000000D  b_items_u |    0000000E  ___bank_s
     0000000E  b_story_u |    0000000F  b_scroll_ |    00000010  b_root_ic
     00000010  b_scroll_ |    00000013  l__HRAM   |    0000001A  l__INITIA
     0000001A  l__INITIA |    00000030  l__HEADER |    0000004A  l__CODE_1
     00000059  l__CODE_7 |    00000060  l__HEADER |    0000006F  l__CODE_1
     0000007A  l__CODE_6 |    0000008A  l__CODE_1 |    000000AB  l__HEADER
     00000131  l__CODE_1 |    00000165  l__CODE_1 |    00000200  s__CODE  
     0000020E  l__CODE_9 |    00000269  l__CODE_8 |    00000862  l__CODE_1
     00000B9B  l__CODE_4 |    00000BC9  l__HOME   |    00000EDC  l__CODE_1
     00001108  l__CODE_1 |    00001DA0  l__DATA   |    00002000  _rROMB0  
     0000201D  l__CODE   |    0000221D  s__HOME   |    00002DE6  s__BASE  
     00002DE6  s__CODE_0 |    00002DE6  s__INITIA |    00002DE6  s__LIT   
     00002E00  s__GSINIT |    00002E0C  s__GSFINA |    00003000  _rROMB1  
     00003494  l__CODE_3 |    000039CA  l__CODE_5 |    00003F67  l__CODE_2
     00004000  _rMBC7_SR |    00004000  _rRAMB    |    00008000  __VRAM   
     00008000  __VRAM800 |    00008800  __VRAM880 |    00009000  __VRAM900
     00009800  __SCRN0   |    00009C00  __SCRN1   |    0000A000  __SRAM   
     0000A000  _rMBC7_LA |    0000A010  _rMBC7_LA |    0000A020  _rMBC7_AC
     0000A030  _rMBC7_AC |    0000A040  _rMBC7_AC |    0000A050  _rMBC7_AC
     0000C000  __RAM     |    0000C000  _shadow_O |    0000C0A0  s__DATA  
     0000D000  __RAMBANK |    0000DE40  s__BSS    |    0000DE40  s__INITIA
     0000DE5A  s__HEAP   |    0000DE5A  s__HEAP_E |    0000E000  .STACK   
ASxxxx Linker V03.00/V05.40 + sdld,  page 3.
Hexadecimal  [32-Bits]

Area                       Addr        Size        Decimal Bytes (Attributes)
--------------------       ----        ----        ------- ----- ------------
.  .ABS.               00000000    00000000 =           0. bytes (ABS,CON)

        Value  Global            Value  Global            Value  Global    
        -----  ------            -----  ------            -----  ------    
     0000FE00  __OAMRAM  |    0000FF00  _P1_REG   |    0000FF00  __IO     
     0000FF01  _SB_REG   |    0000FF02  _SC_REG   |    0000FF04  _DIV_REG 
     0000FF05  _TIMA_REG |    0000FF06  _TMA_REG  |    0000FF07  _TAC_REG 
     0000FF0F  _IF_REG   |    0000FF10  _NR10_REG |    0000FF11  _NR11_REG
     0000FF12  _NR12_REG |    0000FF13  _NR13_REG |    0000FF14  _NR14_REG
     0000FF16  _NR21_REG |    0000FF17  _NR22_REG |    0000FF18  _NR23_REG
     0000FF19  _NR24_REG |    0000FF1A  _NR30_REG |    0000FF1B  _NR31_REG
     0000FF1C  _NR32_REG |    0000FF1D  _NR33_REG |    0000FF1E  _NR34_REG
     0000FF20  _NR41_REG |    0000FF21  _NR42_REG |    0000FF22  _NR43_REG
     0000FF23  _NR44_REG |    0000FF24  _NR50_REG |    0000FF25  _NR51_REG
     0000FF26  _NR52_REG |    0000FF30  _AUD3WAVE |    0000FF30  _PCM_SAMP
     0000FF30  __AUD3WAV |    0000FF40  _LCDC_REG |    0000FF41  _STAT_REG
     0000FF42  _SCY_REG  |    0000FF43  _SCX_REG  |    0000FF44  _LY_REG  
     0000FF45  _LYC_REG  |    0000FF46  _DMA_REG  |    0000FF47  _BGP_REG 
     0000FF48  _OBP0_REG |    0000FF49  _OBP1_REG |    0000FF4A  _WY_REG  
     0000FF4B  _WX_REG   |    0000FF4D  _KEY1_REG |    0000FF4F  _VBK_REG 
     0000FF51  _HDMA1_RE |    0000FF52  _HDMA2_RE |    0000FF53  _HDMA3_RE
     0000FF54  _HDMA4_RE |    0000FF55  _HDMA5_RE |    0000FF56  _RP_REG  
     0000FF68  _BCPS_REG |    0000FF69  _BCPD_REG |    0000FF6A  _OCPS_REG
     0000FF6B  _OCPD_REG |    0000FF70  _SVBK_REG |    0000FF76  _PCM12_RE
     0000FF77  _PCM34_RE |    0000FF80  __HRAM    |    0000FF80  s__HRAM  
     0000FFFF  _IE_REG   |    00014000  s__CODE_1 |    00024000  s__CODE_2
     00034000  s__CODE_3 |    00044000  s__CODE_4 |    00054000  s__CODE_5
     00064000  s__CODE_6 |    00074000  s__CODE_7 |    00084000  s__CODE_8
     00094000  s__CODE_9 |    000A4000  s__CODE_1 |    000B4000  s__CODE_1
     000C4000  s__CODE_1 |    000D4000  s__CODE_1 |    000E4000  s__CODE_1
     000F4000  s__CODE_1 |    00104000  s__CODE_1
ASxxxx Linker V03.00/V05.40 + sdld,  page 4.
Hexadecimal  [32-Bits]

Area                       Addr        Size        Decimal Bytes (Attributes)
--------------------       ----        ----        ------- ----- ------------
_CODE                  00000200    0000201D =        8221. bytes (REL,CON)

        Value  Global            Value  Global            Value  Global    
        -----  ------            -----  ------            -----  ------    
     00000200  _ability_ |    000002A3  _ability_ |    000002B4  _ability_
     000002BD  _ability_ |    000002C8  _ability_ |    000002D2  _ability_
     000002DD  _ability_ |    00000350  ___func_a |    00000350  _ally_cle
     00000375  ___func_a |    00000375  _ally_cle |    00000384  ___func_a
     00000384  _ally_fin |    0000039F  ___func_a |    0000039F  _ally_has
     000003C1  _ally_wal |    00000442  ___func_a |    00000442  _ally_sum
     00000470  _biome_lo |    000004C3  _biome_pi |    00000539  _player_l
     00000559  _lcd_hp_p |    000005FC  _lcd_init |    00000613  _lcd_susp
     00000625  _lcd_resu |    0000063C  _lcd_clea |    000006A8  _lighting
     000006B0  _lighting |    000006B4  _lighting |    000006F0  _lighting
     000006F4  _lighting |    0000070C  _lighting |    00000914  _lighting
     00000979  _main     |    0000133C  _sfx_lung |    00001346  _sfx_spel
     00001357  _sfx_whir |    00001366  _sfx_shie |    00001377  _music_pl
     000013AD  _music_pl |    000013FE  _music_se |    00001408  _music_ge
     0000140C  _music_be |    00001441  _music_lo |    0000146F  _music_pl
     000014C6  _music_in |    000014F4  _perf_sta |    000014F7  _perf_sta
     000014FF  _perf_rec |    000015A3  _perf_avg |    000015D7  _perf_max
     000015E6  _perf_cle |    0000160B  _seed_ent |    0000168C  _seed_ent
     000016C8  _seed_ent |    00001729  _targetin |    000017C9  _tileset_
     00001811  _tileset_ |    0000187B  _title_lo |    00001905  _title_lo
     00001ADD  _title_lo |    00001B37  _ui_loadi |    00001B70  __divsuch
     00001B76  __modsuch |    00001B7F  __divusch |    00001B88  __modusch
     00001B94  __divscha |    00001B99  __modscha |    00001BA0  __divsint
     00001BA9  __modsint |    00001BB5  __divucha |    00001BBA  __moducha
     00001BC1  __divuint |    00001BCA  __moduint |    00001BD6  .div8    
     00001BD6  .mod8     |    00001BDE  .div16    |    00001BDE  .mod16   
     00001C14  .divu8    |    00001C14  .modu8    |    00001C17  .divu16  
     00001C17  .modu16   |    00001C57  _set_spri |    00001C5C  _set_bkg_
     00001C5F  .set_pale |    00001C7E  _set_spri |    00001C83  _set_bkg_
     00001C86  .set_pale |    00001CA2  _memmove  |    00001D51  __mulsuch
     00001D54  __mulusch |    00001D5D  __mulscha |    00001D65  __mulint 
     00001D84  __mulucha |    00001D96  _set_vram |    00001D9F  _set_win_
     00001DA8  _set_bkg_ |    00001DD7  ___memcpy |    00001DD7  _memcpy  
     00001E09  _strcat   |    00001E1A  _printf   |    00001E2F  _cpu_slow
     00001E4A  _cpu_fast |    00001E51  _cgb_comp |    00001E51  _set_defa
     00001EA1  ___printf |    000021FE  _sprintf 
ASxxxx Linker V03.00/V05.40 + sdld,  page 5.
Hexadecimal  [32-Bits]

Area                       Addr        Size        Decimal Bytes (Attributes)
--------------------       ----        ----        ------- ----- ------------
_HEADER0               00000000    00000001 =           1. bytes (ABS,CON)

        Value  Global            Value  Global            Value  Global    
        -----  ------            -----  ------            -----  ------    
     00000020  .call_hl 
ASxxxx Linker V03.00/V05.40 + sdld,  page 6.
Hexadecimal  [32-Bits]

Area                       Addr        Size        Decimal Bytes (Attributes)
--------------------       ----        ----        ------- ----- ------------
_HEADER1               00000000    00000005 =           5. bytes (ABS,CON)

        Value  Global            Value  Global            Value  Global    
        -----  ------            -----  ------            -----  ------    
     00000028  .MemsetSm
ASxxxx Linker V03.00/V05.40 + sdld,  page 7.
Hexadecimal  [32-Bits]

Area                       Addr        Size        Decimal Bytes (Attributes)
--------------------       ----        ----        ------- ----- ------------
_HEADER2               00000000    00000007 =           7. bytes (ABS,CON)

        Value  Global            Value  Global            Value  Global    
        -----  ------            -----  ------            -----  ------    
     00000030  .MemcpySm
ASxxxx Linker V03.00/V05.40 + sdld,  page 8.
Hexadecimal  [32-Bits]

Area                       Addr        Size        Decimal Bytes (Attributes)
--------------------       ----        ----        ------- ----- ------------
_HEADER3               00000000    00000008 =           8. bytes (ABS,CON)

        Value  Global            Value  Global            Value  Global    
        -----  ------            -----  ------            -----  ------    
ASxxxx Linker V03.00/V05.40 + sdld,  page 9.
Hexadecimal  [32-Bits]

Area                       Addr        Size        Decimal Bytes (Attributes)
--------------------       ----        ----        ------- ----- ------------
_HEADER4               00000000    00000060 =          96. bytes (ABS,CON)

        Value  Global            Value  Global            Value  Global    
        -----  ------            -----  ------            -----  ------    
     00000080  .int      |    0000008F  _wait_int |    0000009C  __standar
     000000AB  _refresh_ |    000000CC  _set_inte
ASxxxx Linker V03.00/V05.40 + sdld,  page 10.
Hexadecimal  [32-Bits]

Area                       Addr        Size        Decimal Bytes (Attributes)
--------------------       ----        ----        ------- ----- ------------
_HEADER5               00000000    00000001 =           1. bytes (ABS,CON)

        Value  Global            Value  Global            Value  Global    
        -----  ------            -----  ------            -----  ------    
ASxxxx Linker V03.00/V05.40 + sdld,  page 11.
Hexadecimal  [32-Bits]

Area                       Addr        Size        Decimal Bytes (Attributes)
--------------------       ----        ----        ------- ----- ------------
_HEADER6               00000000    00000002 =           2. bytes (ABS,CON)

        Value  Global            Value  Global            Value  Global    
        -----  ------            -----  ------            -----  ------    
ASxxxx Linker V03.00/V05.40 + sdld,  page 12.
Hexadecimal  [32-Bits]

Area                       Addr        Size        Decimal Bytes (Attributes)
--------------------       ----        ----        ------- ----- ------------
_HEADER7               00000000    00000030 =          48. bytes (ABS,CON)

        Value  Global            Value  Global            Value  Global    
        -----  ------            -----  ------            -----  ------    
ASxxxx Linker V03.00/V05.40 + sdld,  page 13.
Hexadecimal  [32-Bits]

Area                       Addr        Size        Decimal Bytes (Attributes)
--------------------       ----        ----        ------- ----- ------------
_HEADER8               00000000    00000006 =           6. bytes (ABS,CON)

        Value  Global            Value  Global            Value  Global    
        -----  ------            -----  ------            -----  ------    
ASxxxx Linker V03.00/V05.40 + sdld,  page 14.
Hexadecimal  [32-Bits]

Area                       Addr        Size        Decimal Bytes (Attributes)
--------------------       ----        ----        ------- ----- ------------
_HEADER9               00000000    00000003 =           3. bytes (ABS,CON)

        Value  Global            Value  Global            Value  Global    
        -----  ------            -----  ------            -----  ------    
ASxxxx Linker V03.00/V05.40 + sdld,  page 15.
Hexadecimal  [32-Bits]

Area                       Addr        Size        Decimal Bytes (Attributes)
--------------------       ----        ----        ------- ----- ------------
_HEADERa               00000000    00000001 =           1. bytes (ABS,CON)

        Value  Global            Value  Global            Value  Global    
        -----  ------            -----  ------            -----  ------    
ASxxxx Linker V03.00/V05.40 + sdld,  page 16.
Hexadecimal  [32-Bits]

Area                       Addr        Size        Decimal Bytes (Attributes)
--------------------       ----        ----        ------- ----- ------------
_HEADERb               00000000    00000001 =           1. bytes (ABS,CON)

        Value  Global            Value  Global            Value  Global    
        -----  ------            -----  ------            -----  ------    
ASxxxx Linker V03.00/V05.40 + sdld,  page 17.
Hexadecimal  [32-Bits]

Area                       Addr        Size        Decimal Bytes (Attributes)
--------------------       ----        ----        ------- ----- ------------
_HEADERc               00000000    00000001 =           1. bytes (ABS,CON)

        Value  Global            Value  Global            Value  Global    
        -----  ------            -----  ------            -----  ------    
ASxxxx Linker V03.00/V05.40 + sdld,  page 18.
Hexadecimal  [32-Bits]

Area                       Addr        Size        Decimal Bytes (Attributes)
--------------------       ----        ----        ------- ----- ------------
_HEADERd               00000000    00000002 =           2. bytes (ABS,CON)

        Value  Global            Value  Global            Value  Global    
        -----  ------            -----  ------            -----  ------    
ASxxxx Linker V03.00/V05.40 + sdld,  page 19.
Hexadecimal  [32-Bits]

Area                       Addr        Size        Decimal Bytes (Attributes)
--------------------       ----        ----        ------- ----- ------------
_HEADERe               00000000    00000001 =           1. bytes (ABS,CON)

        Value  Global            Value  Global            Value  Global    
        -----  ------            -----  ------            -----  ------    
ASxxxx Linker V03.00/V05.40 + sdld,  page 20.
Hexadecimal  [32-Bits]

Area                       Addr        Size        Decimal Bytes (Attributes)
--------------------       ----        ----        ------- ----- ------------
_HEADERf               00000000    00000001 =           1. bytes (ABS,CON)

        Value  Global            Value  Global            Value  Global    
        -----  ------            -----  ------            -----  ------    
ASxxxx Linker V03.00/V05.40 + sdld,  page 21.
Hexadecimal  [32-Bits]

Area                       Addr        Size        Decimal Bytes (Attributes)
--------------------       ----        ----        ------- ----- ------------
_HEADER10              00000000    00000002 =           2. bytes (ABS,CON)

        Value  Global            Value  Global            Value  Global    
        -----  ------            -----  ------            -----  ------    
ASxxxx Linker V03.00/V05.40 + sdld,  page 22.
Hexadecimal  [32-Bits]

Area                       Addr        Size        Decimal Bytes (Attributes)
--------------------       ----        ----        ------- ----- ------------
_HEADER11              00000000    000000AB =         171. bytes (ABS,CON)

        Value  Global            Value  Global            Value  Global    
        -----  ------            -----  ------            -----  ------    
     00000150  .reset    |    00000150  _reset    |    00000157  .code_sta
     000001B9  _exit     |    000001BD  .wait_vbl |    000001BD  _vsync   
     000001BD  _wait_vbl |    000001CD  .remove_V |    000001CD  _remove_V
     000001D0  .remove_i |    000001ED  .add_VBL  |    000001ED  _add_VBL 
     000001F0  .add_int 
ASxxxx Linker V03.00/V05.40 + sdld,  page 23.
Hexadecimal  [32-Bits]

Area                       Addr        Size        Decimal Bytes (Attributes)
--------------------       ----        ----        ------- ----- ------------
_HOME                  0000221D    00000BC9 =        3017. bytes (REL,CON)

        Value  Global            Value  Global            Value  Global    
        -----  ------            -----  ------            -----  ------    
     0000221D  .memset_s |    00002226  .memcpy_s |    00002243  .display_
     00002243  _display_ |    0000225B  _render_s |    000022BB  _render_s
     000022E2  _fill_win |    000022F4  _strcpy   |    00002306  _rand    
     00002306  _randw    |    00002331  _initrand |    00002333  .initrand
     0000233C  _font_loa |    00002343  font_load |    0000238B  font_copy
     000023C1  font_set  |    000023CE  .put_char |    000023E6  .out_char
     000023EC  .del_char |    00002442  _putchar  |    0000244B  _setchar 
     00002454  _font_loa |    00002462  _font_set |    00002471  _font_ini
     00002490  .cls      |    00002490  _cls      |    000024B2  _gotoxy  
     000024BD  _posx     |    000024CE  _posy     |    000024F6  .cr_curs 
     0000250B  .adv_curs |    00002567  .tmode    |    00002584  .tmode_ou
     0000258D  _font_col |    00002598  _set_tile |    0000259D  _set_bkg_
     0000259D  _set_win_ |    000025A5  _set_spri |    00002604  .add_LCD 
     00002604  _add_LCD  |    0000260A  .remove_L |    0000260A  _remove_L
     00002610  .fill_rec |    00002619  .fill_rec |    00002666  __modulon
     00002703  .padup    |    00002703  _waitpadu |    00002713  .jpad    
     00002713  _joypad   |    0000273B  _waitpad  |    0000273C  .wait_pad
     00002743  _fill_bkg |    00002755  _color    |    00002755  _set_1bpp
     00002764  _memset   |    00002797  .drawing_ |    000027B4  _font_ibm
     00002B66  ___sdcc_b |    00002B7A  _strlen   |    00002B7F  .strlen  
     00002B88  __mullong |    00002C6F  _set_bkg_ |    00002C83  _set_bkg_
     00002C83  _set_win_ |    00002C8B  _set_spri |    00002CE3  .set_xy_w
     00002CEC  .set_xy_b |    00002CFB  .set_xy_t |    00002D3F  _uitoa   
     00002D4E  _itoa     |    00002D5D  .itoa     |    00002D71  .utoa    
     00002DE5  ___sdcc_c
ASxxxx Linker V03.00/V05.40 + sdld,  page 24.
Hexadecimal  [32-Bits]

Area                       Addr        Size        Decimal Bytes (Attributes)
--------------------       ----        ----        ------- ----- ------------
_INITIALIZER           00002DE6    0000001A =          26. bytes (REL,CON)

        Value  Global            Value  Global            Value  Global    
        -----  ------            -----  ------            -----  ------    
ASxxxx Linker V03.00/V05.40 + sdld,  page 25.
Hexadecimal  [32-Bits]

Area                       Addr        Size        Decimal Bytes (Attributes)
--------------------       ----        ----        ------- ----- ------------
_GSINIT                00002E00    0000000C =          12. bytes (REL,CON)

        Value  Global            Value  Global            Value  Global    
        -----  ------            -----  ------            -----  ------    
     00002E00  gsinit   
ASxxxx Linker V03.00/V05.40 + sdld,  page 26.
Hexadecimal  [32-Bits]

Area                       Addr        Size        Decimal Bytes (Attributes)
--------------------       ----        ----        ------- ----- ------------
_GSFINAL               00002E0C    00000001 =           1. bytes (REL,CON)

        Value  Global            Value  Global            Value  Global    
        -----  ------            -----  ------            -----  ------    
ASxxxx Linker V03.00/V05.40 + sdld,  page 27.
Hexadecimal  [32-Bits]

Area                       Addr        Size        Decimal Bytes (Attributes)
--------------------       ----        ----        ------- ----- ------------
_DATA                  0000C0A0    00001DA0 =        7584. bytes (REL,CON)

        Value  Global            Value  Global            Value  Global    
        -----  ------            -----  ------            -----  ------    
     0000C0A0  __cpu     |    0000C0A1  __is_GBA  |    0000C0A2  .mode    
     0000C0A3  .sys_time |    0000C0A3  _sys_time |    0000C0A5  .int_0x40
     0000C0B1  _enemy_de |    0000C0DB  _enemy_ac |    0000C0E1  _enemy_ac
     0000C0E2  _pending_ |    0000C0E3  _gameplay |    0000C0E4  _player_x
     0000C0E6  _player_c |    0000C0E7  _floor_bi |    0000C0E8  _g_player
     0000C0E9  _g_player |    0000C0EA  _g_prev_j |    0000C0EB  _g_run_en
     0000C0ED  _look_cx  |    0000C0EE  _look_cy  |    0000C0EF  _selected
     0000C0F0  _belt_slo |    0000C0F4  _witch_sh |    0000C0F5  _zerker_w
     0000C0F6  _knight_s |    0000C0F7  _player_l |    0000C0F8  _ally_act
     0000C0FC  _ally_x   |    0000C100  _ally_y   |    0000C104  _ally_typ
     0000C108  _ally_cha |    0000C10C  _ally_fli |    0000C110  _enemy_al
     0000C12C  _dead_ene |    0000C148  _dead_ene |    0000C149  _inventor
     0000C167  _inventor |    0000C185  _inventor |    0000C1A3  _ground_i
     0000C1AB  _ground_i |    0000C1B3  _ground_i |    0000C1BB  _pending_
     0000C1BC  _lcd_game |    0000C1BD  _lcd_shak |    0000C1BE  _lcd_shak
     0000C65A  _ui_loadi |    0000C65B  _ui_load_ |    0000C65C  _floor_bi
     0000CADC  _pit_bits |    0000CF5C  _explored |    0000D3DC  _nav_node
     0000D4FC  _num_nav_ |    0000D4FD  _wall_til |    0000D4FE  _wall_pal
     0000D4FF  _pillar_p |    0000D500  _active_m |    0000D501  _active_m
     0000D502  _player_s |    0000D503  _player_s |    0000D504  _floor_co
     0000D507  _brazier_ |    0000D508  _brazier_ |    0000D51C  _brazier_
     0000D530  _brazier_ |    0000D547  _enemy_x  |    0000D563  _enemy_y 
     0000D57F  _enemy_ty |    0000D59B  _enemy_hp |    0000D5B7  _enemy_st
     0000D5D3  _num_enem |    0000D5D4  _corpse_x |    0000D5F0  _corpse_y
     0000D60C  _corpse_t |    0000D628  _num_corp |    0000D629  _enemy_oc
     0000DC29  _enemy_an |    0000DC2A  _enemy_at |    0000DC46  _enemy_at
     0000DC47  _enemy_fo |    0000DCBD  _camera_p |    0000DCBF  _camera_p
     0000DE20  ___rand_s |    0000DE22  font_curr |    0000DE25  font_firs
     0000DE26  font_tabl |    0000DE38  .int_0x48
ASxxxx Linker V03.00/V05.40 + sdld,  page 28.
Hexadecimal  [32-Bits]

Area                       Addr        Size        Decimal Bytes (Attributes)
--------------------       ----        ----        ------- ----- ------------
_INITIALIZED           0000DE40    0000001A =          26. bytes (REL,CON)

        Value  Global            Value  Global            Value  Global    
        -----  ------            -----  ------            -----  ------    
     0000DE40  _current_ |    0000DE41  _next_sta |    0000DE42  _player_h
     0000DE43  _player_h |    0000DE44  _player_l |    0000DE45  _player_d
     0000DE46  _floor_nu |    0000DE47  _run_seed |    0000DE53  _ui_panel
     0000DE54  .curx     |    0000DE55  .cury     |    0000DE56  .fg_colou
     0000DE56  __current |    0000DE57  .bg_colou |    0000DE58  .draw_mod
     0000DE59  __map_til
ASxxxx Linker V03.00/V05.40 + sdld,  page 29.
Hexadecimal  [32-Bits]

Area                       Addr        Size        Decimal Bytes (Attributes)
--------------------       ----        ----        ------- ----- ------------
_HRAM                  0000FF80    00000013 =          19. bytes (REL,CON)

        Value  Global            Value  Global            Value  Global    
        -----  ------            -----  ------            -----  ------    
     0000FF80  .refresh_ |    0000FF90  __current |    0000FF91  __vbl_don
     0000FF92  __shadow_
ASxxxx Linker V03.00/V05.40 + sdld,  page 30.
Hexadecimal  [32-Bits]

Area                       Addr        Size        Decimal Bytes (Attributes)
--------------------       ----        ----        ------- ----- ------------
_CODE_1                00014000    00001108 =        4360. bytes (REL,CON)

        Value  Global            Value  Global            Value  Global    
        -----  ------            -----  ------            -----  ------    
     00014000  ___func_t |    00014000  _tileset_ |    00014008  _tileset_
     00015008  _tileset_
ASxxxx Linker V03.00/V05.40 + sdld,  page 31.
Hexadecimal  [32-Bits]

Area                       Addr        Size        Decimal Bytes (Attributes)
--------------------       ----        ----        ------- ----- ------------
_CODE_2                00024000    00003F67 =       16231. bytes (REL,CON)

        Value  Global            Value  Global            Value  Global    
        -----  ------            -----  ------            -----  ------    
     00024000  _wall_ort |    000241B5  ___func_t |    000241B5  _tile_at 
     0002424B  ___func_m |    0002424B  _map_pit_ |    00024264  ___func_g
     00024264  _ground_i |    00024297  ___func_g |    00024297  _ground_i
     000242B9  _set_floo |    0002430B  _set_pit  |    00024367  ___func_i
     00024367  _is_walka |    000243AA  _tile_cha |    000243B8  _tile_vra
     000243CC  _tile_pal |    000243D9  _floor_gr |    000243F1  _floor_ti
     000248EC  _nearest_ |    0002498E  _nav_fill |    00024A75  _generate
     00024F76  ___func_l |    00024F76  _level_ge |    0002539B  _enemy_gr
     000253E7  _enemy_pl |    00025529  _enemy_cl |    000255D6  _corpse_p
     000256E1  _corpse_c |    0002575C  _enemy_ty |    000257E3  _enemy_ef
     0002582D  _enemy_ef |    00025878  _enemy_an |    00025886  _enemy_an
     00025902  ___func_e |    00025902  _enemy_at |    0002597A  _corpse_s
     000259F2  _corpse_a |    000259FE  _corpse_d |    00025A0D  _spawn_en
     00025B3C  _enemy_se |    00025B54  _enemy_ge |    00025EBF  _enemy_re
     00025FF2  _move_ene |    00026569  ___func_s |    00026569  _state_ga
     000265CF  ___func_s |    000265CF  _state_ga |    00026DDB  ___func_c
     00026DDB  _camera_i |    00027045  _camera_s |    0002751A  _camera_s
     00027569  _apply_wa |    00027829  ___func_l |    00027829  _load_pal
     0002790D  _draw_cel |    00027961  _draw_col |    0002799B  _draw_row
     000279D2  _draw_ui_ |    000279DA  _draw_gam |    000279F4  _draw_scr
     00027A73  _draw_gam |    00027A90  _draw_ene |    00027B24  ___func_c
     00027B24  _combat_d |    00027CBF  ___func_c |    00027CBF  _combat_p
     00027D22  ___func_r |    00027D22  _resolve_ |    00027E27  _wall_pal
ASxxxx Linker V03.00/V05.40 + sdld,  page 32.
Hexadecimal  [32-Bits]

Area                       Addr        Size        Decimal Bytes (Attributes)
--------------------       ----        ----        ------- ----- ------------
_CODE_3                00034000    00003494 =       13460. bytes (REL,CON)

        Value  Global            Value  Global            Value  Global    
        -----  ------            -----  ------            -----  ------    
     00034384  ___func_e |    00034384  _entity_s |    000343CD  ___func_e
     000343CD  _entity_s |    000343E8  ___func_e |    000343E8  _entity_s
     00034478  ___func_e |    00034478  _entity_s |    000344A0  ___func_e
     000344A0  _entity_s |    000344A6  ___func_e |    000344A6  _entity_s
     00034905  ___func_e |    00034905  _entity_s |    00034B67  ___func_e
     00034B67  _entity_s |    00034B98  ___func_e |    00034B98  _entity_s
     00034BB9  ___func_e |    00034BB9  _entity_s |    00034BC8  ___func_e
     00034BC8  _entity_s |    00034BCE  ___func_e |    00034BCE  _entity_s
     00034C36  ___func_e |    00034C36  _entity_s |    00034C5B  ___func_e
     00034C5B  _entity_s |    00034C77  ___func_e |    00034C77  _entity_s
     00034D1E  ___func_e |    00034D1E  _entity_s |    00034DA5  ___func_e
     00034DA5  _entity_s |    00034F83  ___func_e |    00034F83  _entity_s
     0003519C  ___func_e |    0003519C  _entity_s |    00035493  ___func_e
     00035493  _entity_s |    000355AF  ___func_e |    000355AF  _entity_s
     00035799  ___func_e |    00035799  _entity_s |    000357C5  ___func_e
     000357C5  _entity_s |    000357CE  ___func_e |    000357CE  _entity_s
     00035BE1  ___func_a |    00035BE1  _ally_fox |    00035D57  ___func_a
     00035D57  _ally_fox |    00035F25  ___func_a |    00035F25  _ally_fox
     0003670A  ___func_s |    0003670A  _state_in |    00036729  ___func_s
     00036729  _state_in |    00036B8D  ___func_s |    00036B8D  _state_ch
     00036E8A  ___func_s |    00036E8A  _state_pi |    00036ED7  ___func_s
     00036ED7  _state_pi |    00036FE3  ___func_s |    00036FE3  _state_st
     000370D2  ___func_s |    000370D2  _state_st |    000370F4  ___func_s
     000370F4  _state_ab |    000371AB  ___func_s |    000371AB  _state_ab
     000371CD  ___func_s |    000371CD  _state_ma |    00037266  ___func_s
     00037266  _state_ma |    000372E4  ___func_c |    000372E4  _class_pa
     0003731F  _class_pa |    00037336  ___func_s |    00037336  _state_ga
     000373E2  ___func_s |    000373E2  _state_tr |    00037441  ___func_s
     00037441  _state_ti
ASxxxx Linker V03.00/V05.40 + sdld,  page 33.
Hexadecimal  [32-Bits]

Area                       Addr        Size        Decimal Bytes (Attributes)
--------------------       ----        ----        ------- ----- ------------
_CODE_4                00044000    00000B9B =        2971. bytes (REL,CON)

        Value  Global            Value  Global            Value  Global    
        -----  ------            -----  ------            -----  ------    
     00044000  ___func_b |    00044000  _bwv1043_ |    00044132  _bwv1043_
     000446AE  _bwv1043_
ASxxxx Linker V03.00/V05.40 + sdld,  page 34.
Hexadecimal  [32-Bits]

Area                       Addr        Size        Decimal Bytes (Attributes)
--------------------       ----        ----        ------- ----- ------------
_CODE_5                00054000    000039CA =       14794. bytes (REL,CON)

        Value  Global            Value  Global            Value  Global    
        -----  ------            -----  ------            -----  ------    
     00054000  ___func_u |    000547B6  _ui_comba |    000547C1  _ui_comba
     000548A1  _ui_comba |    000548B6  _ui_push_ |    00054A9C  _ui_push_
     00054CA5  _ui_push_ |    00054E79  _ui_push_ |    00054F7E  _ui_comba
     00054FC0  _seed_wor |    00055010  _seed_wor |    00055060  _seed_wor
     00055D26  _run_seed |    00055DA3  _ui_game_ |    00055DE4  _window_u
     00055E34  _window_u |    00055E3B  _ui_loadi |    00055E8F  _ui_loadi
     00055EA8  _ui_draw_ |    00055EDB  _ui_draw_ |    00055F64  _ui_panel
     00055F69  _ui_panel |    00055F79  _ui_panel |    00055F85  _ui_panel
     00056332  _title_sc |    00056476  ___func_b |    00056476  _bwv527_d
     000565B7  _bwv527_m |    00057178  _bwv527_b
ASxxxx Linker V03.00/V05.40 + sdld,  page 35.
Hexadecimal  [32-Bits]

Area                       Addr        Size        Decimal Bytes (Attributes)
--------------------       ----        ----        ------- ----- ------------
_CODE_6                00064000    0000007A =         122. bytes (REL,CON)

        Value  Global            Value  Global            Value  Global    
        -----  ------            -----  ------            -----  ------    
     00064033  ___func_a |    00064033  _ability_
ASxxxx Linker V03.00/V05.40 + sdld,  page 36.
Hexadecimal  [32-Bits]

Area                       Addr        Size        Decimal Bytes (Attributes)
--------------------       ----        ----        ------- ----- ------------
_CODE_7                00074000    00000059 =          89. bytes (REL,CON)

        Value  Global            Value  Global            Value  Global    
        -----  ------            -----  ------            -----  ------    
     00074033  ___func_a |    00074033  _ability_
ASxxxx Linker V03.00/V05.40 + sdld,  page 37.
Hexadecimal  [32-Bits]

Area                       Addr        Size        Decimal Bytes (Attributes)
--------------------       ----        ----        ------- ----- ------------
_CODE_8                00084000    00000269 =         617. bytes (REL,CON)

        Value  Global            Value  Global            Value  Global    
        -----  ------            -----  ------            -----  ------    
     00084233  ___func_a |    00084233  _ability_
ASxxxx Linker V03.00/V05.40 + sdld,  page 38.
Hexadecimal  [32-Bits]

Area                       Addr        Size        Decimal Bytes (Attributes)
--------------------       ----        ----        ------- ----- ------------
_CODE_9                00094000    0000020E =         526. bytes (REL,CON)

        Value  Global            Value  Global            Value  Global    
        -----  ------            -----  ------            -----  ------    
     000941ED  ___func_a |    000941ED  _ability_
ASxxxx Linker V03.00/V05.40 + sdld,  page 39.
Hexadecimal  [32-Bits]

Area                       Addr        Size        Decimal Bytes (Attributes)
--------------------       ----        ----        ------- ----- ------------
_CODE_10               000A4000    00000131 =         305. bytes (REL,CON)

        Value  Global            Value  Global            Value  Global    
        -----  ------            -----  ------            -----  ------    
     000A4000  ___func_b |    000A4000  _biome_du |    000A40C5  ___func_l
     000A40C5  _level_in
ASxxxx Linker V03.00/V05.40 + sdld,  page 40.
Hexadecimal  [32-Bits]

Area                       Addr        Size        Decimal Bytes (Attributes)
--------------------       ----        ----        ------- ----- ------------
_CODE_11               000B4000    0000006F =         111. bytes (REL,CON)

        Value  Global            Value  Global            Value  Global    
        -----  ------            -----  ------            -----  ------    
     000B4000  ___func_b |    000B4000  _biome_cr
ASxxxx Linker V03.00/V05.40 + sdld,  page 41.
Hexadecimal  [32-Bits]

Area                       Addr        Size        Decimal Bytes (Attributes)
--------------------       ----        ----        ------- ----- ------------
_CODE_12               000C4000    0000008A =         138. bytes (REL,CON)

        Value  Global            Value  Global            Value  Global    
        -----  ------            -----  ------            -----  ------    
     000C4000  ___func_b |    000C4000  _biome_ca
ASxxxx Linker V03.00/V05.40 + sdld,  page 42.
Hexadecimal  [32-Bits]

Area                       Addr        Size        Decimal Bytes (Attributes)
--------------------       ----        ----        ------- ----- ------------
_CODE_13               000D4000    00000862 =        2146. bytes (REL,CON)

        Value  Global            Value  Global            Value  Global    
        -----  ------            -----  ------            -----  ------    
     000D4000  _items_ki |    000D4225  _items_eq |    000D42EA  _items_ki
     000D4300  _items_ki |    000D4317  _items_ki |    000D436E  _items_ki
     000D43C6  _inventor |    000D43E5  _inventor |    000D43FC  _inventor
     000D441E  _inventor |    000D4495  _inventor |    000D45F9  _items_us
     000D4805  _enemy_tr
ASxxxx Linker V03.00/V05.40 + sdld,  page 43.
Hexadecimal  [32-Bits]

Area                       Addr        Size        Decimal Bytes (Attributes)
--------------------       ----        ----        ------- ----- ------------
_CODE_14               000E4000    00000EDC =        3804. bytes (REL,CON)

        Value  Global            Value  Global            Value  Global    
        -----  ------            -----  ------            -----  ------    
     000E4000  ___func_s |    000E4B99  _story_ui
ASxxxx Linker V03.00/V05.40 + sdld,  page 44.
Hexadecimal  [32-Bits]

Area                       Addr        Size        Decimal Bytes (Attributes)
--------------------       ----        ----        ------- ----- ------------
_CODE_15               000F4000    0000004A =          74. bytes (REL,CON)

        Value  Global            Value  Global            Value  Global    
        -----  ------            -----  ------            -----  ------    
     000F4000  _scroll_b
ASxxxx Linker V03.00/V05.40 + sdld,  page 45.
Hexadecimal  [32-Bits]

Area                       Addr        Size        Decimal Bytes (Attributes)
--------------------       ----        ----        ------- ----- ------------
_CODE_16               00104000    00000165 =         357. bytes (REL,CON)

        Value  Global            Value  Global            Value  Global    
        -----  ------            -----  ------            -----  ------    
     00104000  _root_ico |    001040EF  _scroll_r
ASxxxx Linker V03.00/V05.40 + sdld,  page 46.
Hexadecimal  [32-Bits]

Area                       Addr        Size        Decimal Bytes (Attributes)
--------------------       ----        ----        ------- ----- ------------
_FONT_HEADER0          00000000    00000003 =           3. bytes (ABS,CON)

        Value  Global            Value  Global            Value  Global    
        -----  ------            -----  ------            -----  ------    
ASxxxx Linker V03.00/V05.40 + sdld,  page 47.
Hexadecimal  [32-Bits]

Area                       Addr        Size        Decimal Bytes (Attributes)
--------------------       ----        ----        ------- ----- ------------
_HEADER_LCD0           00000000    00000003 =           3. bytes (ABS,CON)

        Value  Global            Value  Global            Value  Global    
        -----  ------            -----  ------            -----  ------    
ASxxxx Linker V03.00/V05.40 + sdld,  page 48.

Files Linked                              [ module(s) ]

./gbdk/lib/gb/crt0.o                      [ Runtime ]
obj/gbc/ability_dispatch.rel              [ ability_dispatch ]
obj/gbc/ally.rel                          [ ally ]
obj/gbc/biome.rel                         [ biome ]
obj/gbc/debug_bank.rel                    [ debug_bank ]
obj/gbc/globals.rel                       [ globals ]
obj/gbc/lcd.rel                           [ lcd ]
obj/gbc/lighting.rel                      [ lighting ]
obj/gbc/main.rel                          [ main ]
obj/gbc/music.rel                         [ music ]
obj/gbc/perf.rel                          [ perf ]
obj/gbc/seed_entropy.rel                  [ seed_entropy ]
obj/gbc/targeting.rel                     [ targeting ]
obj/gbc/tileset_io.rel                    [ tileset_io ]
obj/gbc/title_logo.rel                    [ title_logo ]
obj/gbc/ui_loading_isr.rel                [ ui_loading_isr ]
obj/gbc/tileset.rel                       [ tileset ]
obj/gbc/map.rel                           [ map ]
obj/gbc/enemy.rel                         [ enemy ]
obj/gbc/state_gameplay.rel                [ state_gameplay ]
obj/gbc/camera.rel                        [ camera ]
obj/gbc/render.rel                        [ render ]
obj/gbc/combat.rel                        [ combat ]
obj/gbc/wall_palettes.rel                 [ wall_palettes ]
obj/gbc/entity_sprites.rel                [ entity_sprites ]
obj/gbc/scoundrel_fox.rel                 [ scoundrel_fox ]
obj/gbc/state_inventory.rel               [ state_inventory ]
obj/gbc/state_char_create.rel             [ state_char_create ]
obj/gbc/state_pickup.rel                  [ state_pickup ]
obj/gbc/state_stats.rel                   [ state_stats ]
obj/gbc/state_ability.rel                 [ state_ability ]
obj/gbc/state_map.rel                     [ state_map ]
obj/gbc/class_palettes.rel                [ class_palettes ]
obj/gbc/state_game_over.rel               [ state_game_over ]
obj/gbc/state_transition.rel              [ state_transition ]
obj/gbc/state_title.rel                   [ state_title ]
obj/gbc/bwv1043_music.rel                 [ bwv1043_music ]
obj/gbc/ui.rel                            [ ui ]
obj/gbc/bwv527_music.rel                  [ bwv527_music ]
obj/gbc/abilities_knight.rel              [ abilities_knight ]
obj/gbc/abilities_scoundrel.rel           [ abilities_scoundrel ]
obj/gbc/abilities_witch.rel               [ abilities_witch ]
obj/gbc/abilities_zerker.rel              [ abilities_zerker ]
obj/gbc/biome_dungeon.rel                 [ biome_dungeon ]
obj/gbc/level_init.rel                    [ level_init ]
obj/gbc/biome_crypt.rel                   [ biome_crypt ]
obj/gbc/biome_cavern.rel                  [ biome_cavern ]
obj/gbc/items.rel                         [ items ]
obj/gbc/story_ui.rel                      [ story_ui ]
obj/gbc/scroll_blast.rel                  [ scroll_blast ]
obj/gbc/root_icon.rel                     [ root_icon ]
obj/gbc/scroll_root.rel                   [ scroll_root ]


Libraries Linked                          [ object file ]

./gbdk/lib/gb/gb.lib                      [ fill_rect_wi.o ]
./gbdk/lib/sm83/sm83.lib                  [ div.o ]
./gbdk/lib/gb/gb.lib                      [ sfr.o ]
./gbdk/lib/sm83/sm83.lib                  [ _strcpy.o ]
./gbdk/lib/sm83/sm83.lib                  [ rand.o ]
./gbdk/lib/gb/gb.lib                      [ font.o ]
./gbdk/lib/gb/gb.lib                      [ cgb_palettes.o ]
./gbdk/lib/gb/gb.lib                      [ font_color.o ]
./gbdk/lib/sm83/sm83.lib                  [ _memmove.o ]
./gbdk/lib/sm83/sm83.lib                  [ mul.o ]
./gbdk/lib/gb/gb.lib                      [ set_data.o ]
./gbdk/lib/gb/gb.lib                      [ set_tile.o ]
./gbdk/lib/gb/gb.lib                      [ lcd.o ]
./gbdk/lib/gb/gb.lib                      [ fill_rect.o ]
./gbdk/lib/sm83/sm83.lib                  [ _modulong.o ]
./gbdk/lib/gb/gb.lib                      [ pad.o ]
./gbdk/lib/gb/gb.lib                      [ fill_rect_bk.o ]
./gbdk/lib/sm83/sm83.lib                  [ memcpy.o ]
./gbdk/lib/gb/gb.lib                      [ color.o ]
./gbdk/lib/sm83/sm83.lib                  [ _memset.o ]
./gbdk/lib/gb/gb.lib                      [ drawing_isr.o ]
./gbdk/lib/gb/gb.lib                      [ f_ibm_sh.o ]
./gbdk/lib/gb/gb.lib                      [ ___sdcc_bcall_ehl.o ]
./gbdk/lib/sm83/sm83.lib                  [ strcat.o ]
./gbdk/lib/sm83/sm83.lib                  [ printf.o ]
./gbdk/lib/gb/gb.lib                      [ cgb.o ]
./gbdk/lib/sm83/sm83.lib                  [ strlen.o ]
./gbdk/lib/sm83/sm83.lib                  [ _mullong.o ]
./gbdk/lib/gb/gb.lib                      [ cgb_compat.o ]
./gbdk/lib/gb/gb.lib                      [ set_bk_t.o ]
./gbdk/lib/gb/gb.lib                      [ set_1bit_data.o ]
./gbdk/lib/sm83/sm83.lib                  [ sprintf.o ]
./gbdk/lib/gb/gb.lib                      [ set_xy_t.o ]
./gbdk/lib/sm83/sm83.lib                  [ itoa.o ]
./gbdk/lib/sm83/sm83.lib                  [ __sdcc_call_hl.o ]

ASxxxx Linker V03.00/V05.40 + sdld,  page 49.

User Base Address Definitions

_DATA=0xC0A0
_CODE=0x0200
_HRAM=0xFF80
ASxxxx Linker V03.00/V05.40 + sdld,  page 50.

User Global Definitions

_shadow_OAM=0xC000
.STACK=0xE000

