ASxxxx Linker V03.00/V05.40 + sdld,  page 1.
Hexadecimal  [32-Bits]

Area                       Addr        Size        Decimal Bytes (Attributes)
--------------------       ----        ----        ------- ----- ------------
.  .ABS.               00000000    00000000 =           0. bytes (ABS,CON)

        Value  Global            Value  Global            Value  Global    
        -----  ------            -----  ------            -----  ------    
     00000000  .__.ABS.  |    00000000  ___bank_t |    00000000  _rMBC7_SR
     00000000  _rRAMG    |    00000000  l__BASE   |    00000000  l__BSS   
     00000000  l__CABS   |    00000000  l__CODE_0 |    00000000  l__DABS  
     00000000  l__FONT_H |    00000000  l__HEADER |    00000000  l__HEADER
     00000000  l__HEAP   |    00000000  l__HEAP_E |    00000000  l__LIT   
     00000000  s__CABS   |    00000000  s__DABS   |    00000000  s__FONT_H
     00000000  s__FONT_H |    00000000  s__HEADER |    00000000  s__HEADER
     00000000  s__HEADER |    00000000  s__HEADER |    00000000  s__HEADER
     00000000  s__HEADER |    00000000  s__HEADER |    00000000  s__HEADER
     00000000  s__HEADER |    00000000  s__HEADER |    00000000  s__HEADER
     00000000  s__HEADER |    00000000  s__HEADER |    00000000  s__HEADER
     00000000  s__HEADER |    00000000  s__HEADER |    00000000  s__HEADER
     00000000  s__HEADER |    00000000  s__HEADER |    00000000  s__HEADER
     00000000  s__HEADER |    00000001  l__GSFINA |    00000001  l__HEADER
     00000001  l__HEADER |    00000001  l__HEADER |    00000001  l__HEADER
     00000001  l__HEADER |    00000001  l__HEADER |    00000001  l__HEADER
     00000002  l__HEADER |    00000002  l__HEADER |    00000002  l__HEADER
     00000003  l__FONT_H |    00000003  l__HEADER |    00000003  l__HEADER
     00000005  l__HEADER |    00000006  l__HEADER |    00000007  l__HEADER
     00000008  l__HEADER |    0000000C  l__GSINIT |    00000013  l__HRAM  
     00000021  l__INITIA |    00000021  l__INITIA |    00000030  l__HEADER
     00000060  l__HEADER |    000000AB  l__HEADER |    00000200  s__CODE  
     00000B0E  l__HOME   |    00000D06  l__DATA   |    00002000  _rROMB0  
     00003000  _rROMB1   |    00004000  _rMBC7_SR |    00004000  _rRAMB   
     000072B2  l__CODE   |    000074B2  s__HOME   |    00007FC0  s__BASE  
     00007FC0  s__CODE_0 |    00007FC0  s__INITIA |    00007FC0  s__LIT   
     00007FE1  s__GSINIT |    00007FED  s__GSFINA |    00008000  __VRAM   
     00008000  __VRAM800 |    00008800  __VRAM880 |    00009000  __VRAM900
     00009800  __SCRN0   |    00009C00  __SCRN1   |    0000A000  __SRAM   
     0000A000  _rMBC7_LA |    0000A010  _rMBC7_LA |    0000A020  _rMBC7_AC
     0000A030  _rMBC7_AC |    0000A040  _rMBC7_AC |    0000A050  _rMBC7_AC
     0000C000  __RAM     |    0000C000  _shadow_O |    0000C0A0  s__DATA  
     0000CDA6  s__BSS    |    0000CDA6  s__INITIA |    0000CDC7  s__HEAP  
     0000CDC7  s__HEAP_E |    0000D000  __RAMBANK |    0000E000  .STACK   
     0000FE00  __OAMRAM  |    0000FF00  _P1_REG   |    0000FF00  __IO     
     0000FF01  _SB_REG   |    0000FF02  _SC_REG   |    0000FF04  _DIV_REG 
     0000FF05  _TIMA_REG |    0000FF06  _TMA_REG  |    0000FF07  _TAC_REG 
     0000FF0F  _IF_REG   |    0000FF10  _NR10_REG |    0000FF11  _NR11_REG
     0000FF12  _NR12_REG |    0000FF13  _NR13_REG |    0000FF14  _NR14_REG
     0000FF16  _NR21_REG |    0000FF17  _NR22_REG |    0000FF18  _NR23_REG
     0000FF19  _NR24_REG |    0000FF1A  _NR30_REG |    0000FF1B  _NR31_REG
     0000FF1C  _NR32_REG |    0000FF1D  _NR33_REG |    0000FF1E  _NR34_REG
     0000FF20  _NR41_REG |    0000FF21  _NR42_REG |    0000FF22  _NR43_REG
     0000FF23  _NR44_REG |    0000FF24  _NR50_REG |    0000FF25  _NR51_REG
     0000FF26  _NR52_REG |    0000FF30  _AUD3WAVE |    0000FF30  _PCM_SAMP
     0000FF30  __AUD3WAV |    0000FF40  _LCDC_REG |    0000FF41  _STAT_REG
     0000FF42  _SCY_REG  |    0000FF43  _SCX_REG  |    0000FF44  _LY_REG  
     0000FF45  _LYC_REG  |    0000FF46  _DMA_REG  |    0000FF47  _BGP_REG 
     0000FF48  _OBP0_REG |    0000FF49  _OBP1_REG |    0000FF4A  _WY_REG  
     0000FF4B  _WX_REG   |    0000FF4D  _KEY1_REG |    0000FF4F  _VBK_REG 
ASxxxx Linker V03.00/V05.40 + sdld,  page 2.
Hexadecimal  [32-Bits]

Area                       Addr        Size        Decimal Bytes (Attributes)
--------------------       ----        ----        ------- ----- ------------
.  .ABS.               00000000    00000000 =           0. bytes (ABS,CON)

        Value  Global            Value  Global            Value  Global    
        -----  ------            -----  ------            -----  ------    
     0000FF51  _HDMA1_RE |    0000FF52  _HDMA2_RE |    0000FF53  _HDMA3_RE
     0000FF54  _HDMA4_RE |    0000FF55  _HDMA5_RE |    0000FF56  _RP_REG  
     0000FF68  _BCPS_REG |    0000FF69  _BCPD_REG |    0000FF6A  _OCPS_REG
     0000FF6B  _OCPD_REG |    0000FF70  _SVBK_REG |    0000FF76  _PCM12_RE
     0000FF77  _PCM34_RE |    0000FF80  __HRAM    |    0000FF80  s__HRAM  
     0000FFFF  _IE_REG  
ASxxxx Linker V03.00/V05.40 + sdld,  page 3.
Hexadecimal  [32-Bits]

Area                       Addr        Size        Decimal Bytes (Attributes)
--------------------       ----        ----        ------- ----- ------------
_CODE                  00000200    000072B2 =       29362. bytes (REL,CON)

        Value  Global            Value  Global            Value  Global    
        -----  ------            -----  ------            -----  ------    
     00000200  _bwv1043_ |    00000332  _bwv1043_ |    000008AE  _bwv1043_
     00000D9B  _camera_i |    00000FCD  _camera_s |    00001411  _camera_s
     00001460  _enemy_gr |    00001483  _enemy_de |    000014A7  _enemy_ty
     000014F2  _enemy_an |    00001500  _enemy_an |    0000157C  _enemy_at
     000015E9  _corpse_s |    0000165B  _corpse_a |    00001667  _corpse_d
     00001676  _spawn_en |    00001924  _enemy_re |    000019EC  _move_ene
     00001D66  _entity_s |    00001DBF  _entity_s |    00001DE4  _entity_s
     00001E93  _entity_s |    00001EA0  _entity_s |    00001EAD  _entity_s
     00001EBE  _entity_s |    00001FFC  _entity_s |    00002053  _entity_s
     00002286  _entity_s |    00002371  _entity_s |    0000254B  _lcd_init
     00002562  _lcd_clea |    000029B9  _main     |    00003013  _tile_at 
     00003064  _set_floo |    00003098  _set_pit  |    000030D4  _is_walka
     00003108  _tile_cha |    00003116  _tile_vra |    0000312A  _tile_pal
     00003137  _floor_gr |    00003142  _floor_ti |    00003187  _floor_ti
     00003189  _wall_til |    0000356E  _nearest_ |    000035FA  _nav_next
     00003786  _generate |    00003F64  _sfx_lung |    00003F67  _music_pl
     00003F90  _music_pl |    00003FBC  _music_lo |    00003FDC  _music_pl
     00004033  _music_in |    0000405D  _render_s |    000040CB  _render_s
     000040D9  _apply_wa |    00004275  _load_pal |    00004354  _draw_cel
     000043A9  _draw_col |    000043E4  _draw_row |    0000441C  _draw_ui_
     00004422  _draw_scr |    00004495  _draw_ene |    000045A0  _seed_ent
     00004621  _seed_ent |    0000465D  _seed_ent |    000046B3  ___func_t
     000046B3  _tileset_ |    000046BB  _tileset_ |    000056BB  _tileset_
     00005C60  _ui_comba |    00005C88  _ui_comba |    00006484  _window_u
     000064B7  _window_u |    000064BE  _ui_loadi |    000064F7  _ui_loadi
     0000654B  _ui_loadi |    00006564  _ui_draw_ |    00006762  _ui_draw_
     00006774  _ui_draw_ |    000067F4  _ui_panel |    000067F9  _ui_panel
     00006802  _ui_panel |    00006BAD  _title_sc |    00006CDE  _ui_start
     00006D2D  _game_ove |    00006DD9  _wall_pal |    00006F19  __divsuch
     00006F1F  __modsuch |    00006F28  __divusch |    00006F31  __modusch
     00006F3D  __divscha |    00006F42  __modscha |    00006F49  __divsint
     00006F52  __modsint |    00006F5E  __divucha |    00006F63  __moducha
     00006F6A  __divuint |    00006F73  __moduint |    00006F7F  .div8    
     00006F7F  .mod8     |    00006F87  .div16    |    00006F87  .mod16   
     00006FBD  .divu8    |    00006FBD  .modu8    |    00006FC0  .divu16  
     00006FC0  .modu16   |    00007000  _set_spri |    00007005  _set_bkg_
     00007008  .set_pale |    00007027  _set_spri |    0000702C  _set_bkg_
     0000702F  .set_pale |    0000704B  _set_vram |    00007054  _set_win_
     0000705D  _set_bkg_ |    0000708C  __mulsuch |    0000708F  __mulusch
     00007098  __mulscha |    000070A0  __mulint  |    000070BF  __mulucha
     000070D1  _printf   |    000070E6  _cgb_comp |    000070E6  _set_defa
     00007136  ___printf |    00007493  _sprintf 
ASxxxx Linker V03.00/V05.40 + sdld,  page 4.
Hexadecimal  [32-Bits]

Area                       Addr        Size        Decimal Bytes (Attributes)
--------------------       ----        ----        ------- ----- ------------
_HEADER0               00000000    00000001 =           1. bytes (ABS,CON)

        Value  Global            Value  Global            Value  Global    
        -----  ------            -----  ------            -----  ------    
     00000020  .call_hl 
ASxxxx Linker V03.00/V05.40 + sdld,  page 5.
Hexadecimal  [32-Bits]

Area                       Addr        Size        Decimal Bytes (Attributes)
--------------------       ----        ----        ------- ----- ------------
_HEADER1               00000000    00000005 =           5. bytes (ABS,CON)

        Value  Global            Value  Global            Value  Global    
        -----  ------            -----  ------            -----  ------    
     00000028  .MemsetSm
ASxxxx Linker V03.00/V05.40 + sdld,  page 6.
Hexadecimal  [32-Bits]

Area                       Addr        Size        Decimal Bytes (Attributes)
--------------------       ----        ----        ------- ----- ------------
_HEADER2               00000000    00000007 =           7. bytes (ABS,CON)

        Value  Global            Value  Global            Value  Global    
        -----  ------            -----  ------            -----  ------    
     00000030  .MemcpySm
ASxxxx Linker V03.00/V05.40 + sdld,  page 7.
Hexadecimal  [32-Bits]

Area                       Addr        Size        Decimal Bytes (Attributes)
--------------------       ----        ----        ------- ----- ------------
_HEADER3               00000000    00000008 =           8. bytes (ABS,CON)

        Value  Global            Value  Global            Value  Global    
        -----  ------            -----  ------            -----  ------    
ASxxxx Linker V03.00/V05.40 + sdld,  page 8.
Hexadecimal  [32-Bits]

Area                       Addr        Size        Decimal Bytes (Attributes)
--------------------       ----        ----        ------- ----- ------------
_HEADER4               00000000    00000060 =          96. bytes (ABS,CON)

        Value  Global            Value  Global            Value  Global    
        -----  ------            -----  ------            -----  ------    
     00000080  .int      |    0000008F  _wait_int |    0000009C  __standar
     000000AB  _refresh_ |    000000CC  _set_inte
ASxxxx Linker V03.00/V05.40 + sdld,  page 9.
Hexadecimal  [32-Bits]

Area                       Addr        Size        Decimal Bytes (Attributes)
--------------------       ----        ----        ------- ----- ------------
_HEADER5               00000000    00000001 =           1. bytes (ABS,CON)

        Value  Global            Value  Global            Value  Global    
        -----  ------            -----  ------            -----  ------    
ASxxxx Linker V03.00/V05.40 + sdld,  page 10.
Hexadecimal  [32-Bits]

Area                       Addr        Size        Decimal Bytes (Attributes)
--------------------       ----        ----        ------- ----- ------------
_HEADER6               00000000    00000002 =           2. bytes (ABS,CON)

        Value  Global            Value  Global            Value  Global    
        -----  ------            -----  ------            -----  ------    
ASxxxx Linker V03.00/V05.40 + sdld,  page 11.
Hexadecimal  [32-Bits]

Area                       Addr        Size        Decimal Bytes (Attributes)
--------------------       ----        ----        ------- ----- ------------
_HEADER7               00000000    00000030 =          48. bytes (ABS,CON)

        Value  Global            Value  Global            Value  Global    
        -----  ------            -----  ------            -----  ------    
ASxxxx Linker V03.00/V05.40 + sdld,  page 12.
Hexadecimal  [32-Bits]

Area                       Addr        Size        Decimal Bytes (Attributes)
--------------------       ----        ----        ------- ----- ------------
_HEADER8               00000000    00000006 =           6. bytes (ABS,CON)

        Value  Global            Value  Global            Value  Global    
        -----  ------            -----  ------            -----  ------    
ASxxxx Linker V03.00/V05.40 + sdld,  page 13.
Hexadecimal  [32-Bits]

Area                       Addr        Size        Decimal Bytes (Attributes)
--------------------       ----        ----        ------- ----- ------------
_HEADER9               00000000    00000003 =           3. bytes (ABS,CON)

        Value  Global            Value  Global            Value  Global    
        -----  ------            -----  ------            -----  ------    
ASxxxx Linker V03.00/V05.40 + sdld,  page 14.
Hexadecimal  [32-Bits]

Area                       Addr        Size        Decimal Bytes (Attributes)
--------------------       ----        ----        ------- ----- ------------
_HEADERa               00000000    00000001 =           1. bytes (ABS,CON)

        Value  Global            Value  Global            Value  Global    
        -----  ------            -----  ------            -----  ------    
ASxxxx Linker V03.00/V05.40 + sdld,  page 15.
Hexadecimal  [32-Bits]

Area                       Addr        Size        Decimal Bytes (Attributes)
--------------------       ----        ----        ------- ----- ------------
_HEADERb               00000000    00000001 =           1. bytes (ABS,CON)

        Value  Global            Value  Global            Value  Global    
        -----  ------            -----  ------            -----  ------    
ASxxxx Linker V03.00/V05.40 + sdld,  page 16.
Hexadecimal  [32-Bits]

Area                       Addr        Size        Decimal Bytes (Attributes)
--------------------       ----        ----        ------- ----- ------------
_HEADERc               00000000    00000001 =           1. bytes (ABS,CON)

        Value  Global            Value  Global            Value  Global    
        -----  ------            -----  ------            -----  ------    
ASxxxx Linker V03.00/V05.40 + sdld,  page 17.
Hexadecimal  [32-Bits]

Area                       Addr        Size        Decimal Bytes (Attributes)
--------------------       ----        ----        ------- ----- ------------
_HEADERd               00000000    00000002 =           2. bytes (ABS,CON)

        Value  Global            Value  Global            Value  Global    
        -----  ------            -----  ------            -----  ------    
ASxxxx Linker V03.00/V05.40 + sdld,  page 18.
Hexadecimal  [32-Bits]

Area                       Addr        Size        Decimal Bytes (Attributes)
--------------------       ----        ----        ------- ----- ------------
_HEADERe               00000000    00000001 =           1. bytes (ABS,CON)

        Value  Global            Value  Global            Value  Global    
        -----  ------            -----  ------            -----  ------    
ASxxxx Linker V03.00/V05.40 + sdld,  page 19.
Hexadecimal  [32-Bits]

Area                       Addr        Size        Decimal Bytes (Attributes)
--------------------       ----        ----        ------- ----- ------------
_HEADERf               00000000    00000001 =           1. bytes (ABS,CON)

        Value  Global            Value  Global            Value  Global    
        -----  ------            -----  ------            -----  ------    
ASxxxx Linker V03.00/V05.40 + sdld,  page 20.
Hexadecimal  [32-Bits]

Area                       Addr        Size        Decimal Bytes (Attributes)
--------------------       ----        ----        ------- ----- ------------
_HEADER10              00000000    00000002 =           2. bytes (ABS,CON)

        Value  Global            Value  Global            Value  Global    
        -----  ------            -----  ------            -----  ------    
ASxxxx Linker V03.00/V05.40 + sdld,  page 21.
Hexadecimal  [32-Bits]

Area                       Addr        Size        Decimal Bytes (Attributes)
--------------------       ----        ----        ------- ----- ------------
_HEADER11              00000000    000000AB =         171. bytes (ABS,CON)

        Value  Global            Value  Global            Value  Global    
        -----  ------            -----  ------            -----  ------    
     00000150  .reset    |    00000150  _reset    |    00000157  .code_sta
     000001B9  _exit     |    000001BD  .wait_vbl |    000001BD  _vsync   
     000001BD  _wait_vbl |    000001CD  .remove_V |    000001CD  _remove_V
     000001D0  .remove_i |    000001ED  .add_VBL  |    000001ED  _add_VBL 
     000001F0  .add_int 
ASxxxx Linker V03.00/V05.40 + sdld,  page 22.
Hexadecimal  [32-Bits]

Area                       Addr        Size        Decimal Bytes (Attributes)
--------------------       ----        ----        ------- ----- ------------
_HOME                  000074B2    00000B0E =        2830. bytes (REL,CON)

        Value  Global            Value  Global            Value  Global    
        -----  ------            -----  ------            -----  ------    
     000074B2  .memset_s |    000074BB  .memcpy_s |    000074D8  .display_
     000074D8  _display_ |    000074F0  _fill_win |    00007502  _rand    
     00007502  _randw    |    0000752D  _initrand |    0000752F  .initrand
     00007538  _font_loa |    0000753F  font_load |    00007587  font_copy
     000075BD  font_set  |    000075CA  .put_char |    000075E2  .out_char
     000075E8  .del_char |    0000763E  _putchar  |    00007647  _setchar 
     00007650  _font_loa |    0000765E  _font_set |    0000766D  _font_ini
     0000768C  .cls      |    0000768C  _cls      |    000076AE  _gotoxy  
     000076B9  _posx     |    000076CA  _posy     |    000076F2  .cr_curs 
     00007707  .adv_curs |    00007763  .tmode    |    00007780  .tmode_ou
     00007789  _font_col |    00007794  .fill_rec |    0000779D  .fill_rec
     000077EA  __modulon |    00007887  .padup    |    00007887  _waitpadu
     00007897  .jpad     |    00007897  _joypad   |    000078BF  _waitpad 
     000078C0  .wait_pad |    000078C7  _fill_bkg |    000078D9  _color   
     000078D9  _set_1bpp |    000078E8  _memset   |    0000791B  .drawing_
     00007938  _font_ibm |    00007D19  .add_LCD  |    00007D19  _add_LCD 
     00007D1F  .remove_L |    00007D1F  _remove_L |    00007D25  _set_tile
     00007D2A  _set_bkg_ |    00007D2A  _set_win_ |    00007D32  _set_spri
     00007D62  __mullong |    00007E49  _set_bkg_ |    00007E5D  _set_bkg_
     00007E5D  _set_win_ |    00007E65  _set_spri |    00007EBD  .set_xy_w
     00007EC6  .set_xy_b |    00007ED5  .set_xy_t |    00007F19  _uitoa   
     00007F28  _itoa     |    00007F37  .itoa     |    00007F4B  .utoa    
     00007FBF  ___sdcc_c
ASxxxx Linker V03.00/V05.40 + sdld,  page 23.
Hexadecimal  [32-Bits]

Area                       Addr        Size        Decimal Bytes (Attributes)
--------------------       ----        ----        ------- ----- ------------
_INITIALIZER           00007FC0    00000021 =          33. bytes (REL,CON)

        Value  Global            Value  Global            Value  Global    
        -----  ------            -----  ------            -----  ------    
ASxxxx Linker V03.00/V05.40 + sdld,  page 24.
Hexadecimal  [32-Bits]

Area                       Addr        Size        Decimal Bytes (Attributes)
--------------------       ----        ----        ------- ----- ------------
_GSINIT                00007FE1    0000000C =          12. bytes (REL,CON)

        Value  Global            Value  Global            Value  Global    
        -----  ------            -----  ------            -----  ------    
     00007FE1  gsinit   
ASxxxx Linker V03.00/V05.40 + sdld,  page 25.
Hexadecimal  [32-Bits]

Area                       Addr        Size        Decimal Bytes (Attributes)
--------------------       ----        ----        ------- ----- ------------
_GSFINAL               00007FED    00000001 =           1. bytes (REL,CON)

        Value  Global            Value  Global            Value  Global    
        -----  ------            -----  ------            -----  ------    
ASxxxx Linker V03.00/V05.40 + sdld,  page 26.
Hexadecimal  [32-Bits]

Area                       Addr        Size        Decimal Bytes (Attributes)
--------------------       ----        ----        ------- ----- ------------
_DATA                  0000C0A0    00000D06 =        3334. bytes (REL,CON)

        Value  Global            Value  Global            Value  Global    
        -----  ------            -----  ------            -----  ------    
     0000C0A0  __cpu     |    0000C0A1  __is_GBA  |    0000C0A2  .mode    
     0000C0A3  .sys_time |    0000C0A3  _sys_time |    0000C0A5  .int_0x40
     0000C0B1  _enemy_x  |    0000C0CF  _enemy_y  |    0000C0ED  _enemy_ty
     0000C10B  _enemy_hp |    0000C129  _num_enem |    0000C12A  _corpse_x
     0000C148  _corpse_y |    0000C166  _corpse_t |    0000C184  _num_corp
     0000C185  _enemy_oc |    0000C385  _corpse_o |    0000C585  _enemy_an
     0000C586  _enemy_at |    0000C5A4  _enemy_at |    0000C5F1  _floor_bi
     0000C7F1  _pit_bits |    0000C9F1  _floor_bl |    0000CBF1  _nav_node
     0000CD11  _num_nav_ |    0000CD84  _ui_loadi |    0000CD86  ___rand_s
     0000CD88  font_curr |    0000CD8B  font_firs |    0000CD8C  font_tabl
     0000CD9E  .int_0x48
ASxxxx Linker V03.00/V05.40 + sdld,  page 27.
Hexadecimal  [32-Bits]

Area                       Addr        Size        Decimal Bytes (Attributes)
--------------------       ----        ----        ------- ----- ------------
_INITIALIZED           0000CDA6    00000021 =          33. bytes (REL,CON)

        Value  Global            Value  Global            Value  Global    
        -----  ------            -----  ------            -----  ------    
     0000CDA6  _camera_p |    0000CDA8  _camera_p |    0000CDAE  _lcd_game
     0000CDAF  _lcd_shak |    0000CDB0  _lcd_shak |    0000CDB1  _player_h
     0000CDB2  _player_h |    0000CDB3  _player_l |    0000CDB4  _player_d
     0000CDB5  _player_x |    0000CDB7  _floor_nu |    0000CDB8  _run_seed
     0000CDBA  _combat_i |    0000CDBB  _wall_til |    0000CDBC  _wall_pal
     0000CDBD  _player_s |    0000CDBE  _player_s |    0000CDC0  _ui_panel
     0000CDC1  .curx     |    0000CDC2  .cury     |    0000CDC3  .fg_colou
     0000CDC3  __current |    0000CDC4  .bg_colou |    0000CDC5  .draw_mod
     0000CDC6  __map_til
ASxxxx Linker V03.00/V05.40 + sdld,  page 28.
Hexadecimal  [32-Bits]

Area                       Addr        Size        Decimal Bytes (Attributes)
--------------------       ----        ----        ------- ----- ------------
_HRAM                  0000FF80    00000013 =          19. bytes (REL,CON)

        Value  Global            Value  Global            Value  Global    
        -----  ------            -----  ------            -----  ------    
     0000FF80  .refresh_ |    0000FF90  __current |    0000FF91  __vbl_don
     0000FF92  __shadow_
ASxxxx Linker V03.00/V05.40 + sdld,  page 29.
Hexadecimal  [32-Bits]

Area                       Addr        Size        Decimal Bytes (Attributes)
--------------------       ----        ----        ------- ----- ------------
_FONT_HEADER0          00000000    00000003 =           3. bytes (ABS,CON)

        Value  Global            Value  Global            Value  Global    
        -----  ------            -----  ------            -----  ------    
ASxxxx Linker V03.00/V05.40 + sdld,  page 30.
Hexadecimal  [32-Bits]

Area                       Addr        Size        Decimal Bytes (Attributes)
--------------------       ----        ----        ------- ----- ------------
_HEADER_LCD0           00000000    00000003 =           3. bytes (ABS,CON)

        Value  Global            Value  Global            Value  Global    
        -----  ------            -----  ------            -----  ------    
ASxxxx Linker V03.00/V05.40 + sdld,  page 31.

Files Linked                              [ module(s) ]

./gbdk/lib/gb/crt0.o                      [ Runtime ]
obj/gbc/bwv1043_music.o                   [ bwv1043_music ]
obj/gbc/camera.o                          [ camera ]
obj/gbc/enemy.o                           [ enemy ]
obj/gbc/entity_sprites.o                  [ entity_sprites ]
obj/gbc/lcd.o                             [ lcd ]
obj/gbc/main.o                            [ main ]
obj/gbc/map.o                             [ map ]
obj/gbc/music.o                           [ music ]
obj/gbc/render.o                          [ render ]
obj/gbc/seed_entropy.o                    [ seed_entropy ]
obj/gbc/tileset.o                         [ tileset ]
obj/gbc/ui.o                              [ ui ]
obj/gbc/wall_palettes.o                   [ wall_palettes ]


Libraries Linked                          [ object file ]

./gbdk/lib/gb/gb.lib                      [ fill_rect_wi.o ]
./gbdk/lib/gb/gb.lib                      [ sfr.o ]
./gbdk/lib/sm83/sm83.lib                  [ div.o ]
./gbdk/lib/sm83/sm83.lib                  [ rand.o ]
./gbdk/lib/gb/gb.lib                      [ font.o ]
./gbdk/lib/gb/gb.lib                      [ cgb_palettes.o ]
./gbdk/lib/gb/gb.lib                      [ font_color.o ]
./gbdk/lib/gb/gb.lib                      [ set_tile.o ]
./gbdk/lib/sm83/sm83.lib                  [ mul.o ]
./gbdk/lib/gb/gb.lib                      [ fill_rect.o ]
./gbdk/lib/sm83/sm83.lib                  [ _modulong.o ]
./gbdk/lib/gb/gb.lib                      [ pad.o ]
./gbdk/lib/gb/gb.lib                      [ fill_rect_bk.o ]
./gbdk/lib/gb/gb.lib                      [ color.o ]
./gbdk/lib/sm83/sm83.lib                  [ _memset.o ]
./gbdk/lib/gb/gb.lib                      [ drawing_isr.o ]
./gbdk/lib/gb/gb.lib                      [ f_ibm_sh.o ]
./gbdk/lib/gb/gb.lib                      [ lcd.o ]
./gbdk/lib/sm83/sm83.lib                  [ printf.o ]
./gbdk/lib/gb/gb.lib                      [ set_data.o ]
./gbdk/lib/sm83/sm83.lib                  [ _mullong.o ]
./gbdk/lib/gb/gb.lib                      [ cgb_compat.o ]
./gbdk/lib/gb/gb.lib                      [ set_bk_t.o ]
./gbdk/lib/gb/gb.lib                      [ set_1bit_data.o ]
./gbdk/lib/sm83/sm83.lib                  [ sprintf.o ]
./gbdk/lib/gb/gb.lib                      [ set_xy_t.o ]
./gbdk/lib/sm83/sm83.lib                  [ itoa.o ]
./gbdk/lib/sm83/sm83.lib                  [ __sdcc_call_hl.o ]

ASxxxx Linker V03.00/V05.40 + sdld,  page 32.

User Base Address Definitions

_DATA=0xC0A0
_CODE=0x0200
_HRAM=0xFF80
ASxxxx Linker V03.00/V05.40 + sdld,  page 33.

User Global Definitions

_shadow_OAM=0xC000
.STACK=0xE000

