ASxxxx Linker V03.00/V05.40 + sdld,  page 1.
Hexadecimal  [32-Bits]

Area                       Addr        Size        Decimal Bytes (Attributes)
--------------------       ----        ----        ------- ----- ------------
.  .ABS.               00000000    00000000 =           0. bytes (ABS,CON)

        Value  Global            Value  Global            Value  Global    
        -----  ------            -----  ------            -----  ------    
     00000000  .__.ABS.  |    00000000  ___bank_a |    00000000  ___bank_a
     00000000  ___bank_a |    00000000  ___bank_a |    00000000  ___bank_a
     00000000  ___bank_e |    00000000  ___bank_e |    00000000  ___bank_e
     00000000  _rMBC7_SR |    00000000  _rRAMG    |    00000000  b_enemy_g
     00000000  b_enemy_s |    00000000  b_enemy_t |    00000000  l__BASE  
     00000000  l__BSS    |    00000000  l__CABS   |    00000000  l__CODE_0
     00000000  l__DABS   |    00000000  l__FONT_H |    00000000  l__HEADER
     00000000  l__HEADER |    00000000  l__HEAP   |    00000000  l__HEAP_E
     00000000  l__LIT    |    00000000  s__CABS   |    00000000  s__DABS  
     00000000  s__FONT_H |    00000000  s__FONT_H |    00000000  s__HEADER
     00000000  s__HEADER |    00000000  s__HEADER |    00000000  s__HEADER
     00000000  s__HEADER |    00000000  s__HEADER |    00000000  s__HEADER
     00000000  s__HEADER |    00000000  s__HEADER |    00000000  s__HEADER
     00000000  s__HEADER |    00000000  s__HEADER |    00000000  s__HEADER
     00000000  s__HEADER |    00000000  s__HEADER |    00000000  s__HEADER
     00000000  s__HEADER |    00000000  s__HEADER |    00000000  s__HEADER
     00000000  s__HEADER |    00000000  s__HEADER |    00000001  ___bank_t
     00000001  l__GSFINA |    00000001  l__HEADER |    00000001  l__HEADER
     00000001  l__HEADER |    00000001  l__HEADER |    00000001  l__HEADER
     00000001  l__HEADER |    00000001  l__HEADER |    00000002  ___bank_c
     00000002  ___bank_e |    00000002  ___bank_e |    00000002  ___bank_g
     00000002  ___bank_g |    00000002  ___bank_i |    00000002  ___bank_l
     00000002  ___bank_l |    00000002  ___bank_m |    00000002  ___bank_s
     00000002  ___bank_s |    00000002  ___bank_t |    00000002  b_camera_
     00000002  b_camera_ |    00000002  b_camera_ |    00000002  b_corpse_
     00000002  b_corpse_ |    00000002  b_draw_bo |    00000002  b_draw_co
     00000002  b_draw_ga |    00000002  b_enemy_a |    00000002  b_enemy_c
     00000002  b_enemy_e |    00000002  b_enemy_e |    00000002  b_enemy_p
     00000002  b_enemy_r |    00000002  b_ground_ |    00000002  b_ground_
     00000002  b_is_walk |    00000002  b_level_g |    00000002  b_load_pa
     00000002  b_map_pit |    00000002  b_state_g |    00000002  b_state_g
     00000002  b_tile_at |    00000002  l__HEADER |    00000002  l__HEADER
     00000002  l__HEADER |    00000003  ___bank_c |    00000003  ___bank_s
     00000003  ___bank_s |    00000003  ___bank_s |    00000003  ___bank_s
     00000003  ___bank_s |    00000003  ___bank_s |    00000003  ___bank_s
     00000003  ___bank_s |    00000003  ___bank_s |    00000003  ___bank_s
     00000003  ___bank_s |    00000003  ___bank_s |    00000003  ___bank_s
     00000003  ___bank_s |    00000003  b_class_p |    00000003  b_class_p
     00000003  b_state_a |    00000003  b_state_a |    00000003  b_state_c
     00000003  b_state_g |    00000003  b_state_i |    00000003  b_state_i
     00000003  b_state_m |    00000003  b_state_m |    00000003  b_state_p
     00000003  b_state_p |    00000003  b_state_s |    00000003  b_state_s
     00000003  b_state_t |    00000003  b_state_t |    00000003  l__FONT_H
     00000003  l__HEADER |    00000003  l__HEADER |    00000004  ___bank_b
     00000005  ___bank_u |    00000005  b_run_see |    00000005  b_title_s
     00000005  b_ui_comb |    00000005  b_ui_comb |    00000005  b_ui_comb
     00000005  b_ui_comb |    00000005  b_ui_comb |    00000005  b_ui_draw
     00000005  b_ui_draw |    00000005  b_ui_game |    00000005  b_ui_load
     00000005  b_ui_load |    00000005  b_ui_pane |    00000005  b_ui_pane
     00000005  b_ui_pane |    00000005  b_ui_pane |    00000005  b_ui_push
ASxxxx Linker V03.00/V05.40 + sdld,  page 2.
Hexadecimal  [32-Bits]

Area                       Addr        Size        Decimal Bytes (Attributes)
--------------------       ----        ----        ------- ----- ------------
.  .ABS.               00000000    00000000 =           0. bytes (ABS,CON)

        Value  Global            Value  Global            Value  Global    
        -----  ------            -----  ------            -----  ------    
     00000005  b_ui_push |    00000005  b_ui_push |    00000005  b_ui_push
     00000005  b_window_ |    00000005  b_window_ |    00000005  l__HEADER
     00000006  ___bank_a |    00000006  ___bank_a |    00000006  b_abiliti
     00000006  b_ability |    00000006  l__HEADER |    00000007  ___bank_a
     00000007  ___bank_a |    00000007  b_abiliti |    00000007  b_ability
     00000007  l__HEADER |    00000008  ___bank_a |    00000008  ___bank_a
     00000008  b_abiliti |    00000008  b_ability |    00000008  l__HEADER
     00000009  ___bank_a |    00000009  ___bank_a |    00000009  b_abiliti
     00000009  b_ability |    0000000A  ___bank_b |    0000000A  ___bank_g
     0000000A  ___bank_l |    0000000A  b_generat |    0000000A  b_level_i
     0000000B  ___bank_b |    0000000C  ___bank_b |    0000000C  l__GSINIT
     0000000D  b_enemy_t |    0000000D  b_invento |    0000000D  b_invento
     0000000D  b_invento |    0000000D  b_invento |    0000000D  b_invento
     0000000D  b_items_k |    0000000D  b_items_k |    0000000D  b_items_k
     0000000D  b_items_k |    0000000D  b_items_k |    0000000D  b_items_u
     0000000E  ___bank_s |    0000000E  b_story_u |    0000000F  b_scroll_
     00000010  b_bow_sho |    00000010  b_root_ic |    00000010  b_scroll_
     00000011  ___bank_a |    00000011  ___bank_a |    00000011  ___bank_a
     00000011  ___bank_e |    00000011  ___bank_e |    00000011  ___bank_e
     00000011  ___bank_e |    00000011  ___bank_e |    00000011  ___bank_e
     00000011  ___bank_e |    00000011  ___bank_e |    00000011  ___bank_e
     00000011  ___bank_e |    00000011  ___bank_e |    00000011  ___bank_e
     00000011  ___bank_e |    00000011  ___bank_e |    00000011  ___bank_e
     00000011  ___bank_e |    00000011  ___bank_e |    00000011  ___bank_e
     00000011  ___bank_e |    00000011  ___bank_e |    00000011  ___bank_e
     00000011  ___bank_e |    00000011  ___bank_e |    00000011  ___bank_e
     00000011  ___bank_e |    00000011  ___bank_e |    00000011  ___bank_e
     00000011  b_ally_fo |    00000011  b_ally_fo |    00000011  b_ally_fo
     00000011  b_entity_ |    00000011  b_entity_ |    00000011  b_entity_
     00000011  b_entity_ |    00000011  b_entity_ |    00000011  b_entity_
     00000011  b_entity_ |    00000011  b_entity_ |    00000011  b_entity_
     00000011  b_entity_ |    00000011  b_entity_ |    00000011  b_entity_
     00000011  b_entity_ |    00000011  b_entity_ |    00000011  b_entity_
     00000011  b_entity_ |    00000011  b_entity_ |    00000011  b_entity_
     00000011  b_entity_ |    00000011  b_entity_ |    00000011  b_entity_
     00000011  b_entity_ |    00000011  b_entity_ |    00000011  b_entity_
     00000011  b_entity_ |    00000011  b_entity_ |    00000011  b_entity_
     00000012  ___bank_b |    00000013  ___bank_c |    00000013  ___bank_c
     00000013  ___bank_c |    00000013  ___bank_r |    00000013  b_combat_
     00000013  b_combat_ |    00000013  b_combat_ |    00000013  b_resolve
     00000013  l__HRAM   |    00000014  b_equippe |    00000014  b_items_e
     00000014  b_items_e |    00000015  ___bank_b |    00000015  ___bank_b
     0000001C  l__INITIA |    0000001C  l__INITIA |    00000030  l__HEADER
     00000052  l__CODE_2 |    00000060  l__HEADER |    00000074  l__CODE_7
     00000084  l__CODE_1 |    00000084  l__CODE_1 |    00000088  l__CODE_6
     0000009D  l__CODE_1 |    000000AB  l__HEADER |    00000172  l__CODE_2
     00000200  s__CODE   |    0000025A  l__CODE_1 |    00000272  l__CODE_9
     00000293  l__CODE_8 |    00000501  l__CODE_1 |    0000096B  l__CODE_1
     00000B9B  l__CODE_4 |    00000BC9  l__HOME   |    00000C0D  l__CODE_1
     00000EDF  l__CODE_1 |    00001108  l__CODE_1 |    00001554  l__CODE_1
     000019EC  l__DATA   |    00001AB1  l__CODE_3 |    00002000  _rROMB0  
ASxxxx Linker V03.00/V05.40 + sdld,  page 3.
Hexadecimal  [32-Bits]

Area                       Addr        Size        Decimal Bytes (Attributes)
--------------------       ----        ----        ------- ----- ------------
.  .ABS.               00000000    00000000 =           0. bytes (ABS,CON)

        Value  Global            Value  Global            Value  Global    
        -----  ------            -----  ------            -----  ------    
     00002701  l__CODE   |    0000285C  l__CODE_5 |    00002901  s__HOME  
     00002A7D  l__CODE_1 |    00003000  _rROMB1   |    000034CA  s__BASE  
     000034CA  s__CODE_0 |    000034CA  s__INITIA |    000034CA  s__LIT   
     000034E6  s__GSINIT |    000034F2  s__GSFINA |    00003961  l__CODE_2
     00004000  _rMBC7_SR |    00004000  _rRAMB    |    00008000  __VRAM   
     00008000  __VRAM800 |    00008800  __VRAM880 |    00009000  __VRAM900
     00009800  __SCRN0   |    00009C00  __SCRN1   |    0000A000  __SRAM   
     0000A000  _rMBC7_LA |    0000A010  _rMBC7_LA |    0000A020  _rMBC7_AC
     0000A030  _rMBC7_AC |    0000A040  _rMBC7_AC |    0000A050  _rMBC7_AC
     0000C000  __RAM     |    0000C000  _shadow_O |    0000C0A0  s__DATA  
     0000D000  __RAMBANK |    0000DA8C  s__BSS    |    0000DA8C  s__INITIA
     0000DAA8  s__HEAP   |    0000DAA8  s__HEAP_E |    0000E000  .STACK   
     0000FE00  __OAMRAM  |    0000FF00  _P1_REG   |    0000FF00  __IO     
     0000FF01  _SB_REG   |    0000FF02  _SC_REG   |    0000FF04  _DIV_REG 
     0000FF05  _TIMA_REG |    0000FF06  _TMA_REG  |    0000FF07  _TAC_REG 
     0000FF0F  _IF_REG   |    0000FF10  _NR10_REG |    0000FF11  _NR11_REG
     0000FF12  _NR12_REG |    0000FF13  _NR13_REG |    0000FF14  _NR14_REG
     0000FF16  _NR21_REG |    0000FF17  _NR22_REG |    0000FF18  _NR23_REG
     0000FF19  _NR24_REG |    0000FF1A  _NR30_REG |    0000FF1B  _NR31_REG
     0000FF1C  _NR32_REG |    0000FF1D  _NR33_REG |    0000FF1E  _NR34_REG
     0000FF20  _NR41_REG |    0000FF21  _NR42_REG |    0000FF22  _NR43_REG
     0000FF23  _NR44_REG |    0000FF24  _NR50_REG |    0000FF25  _NR51_REG
     0000FF26  _NR52_REG |    0000FF30  _AUD3WAVE |    0000FF30  _PCM_SAMP
     0000FF30  __AUD3WAV |    0000FF40  _LCDC_REG |    0000FF41  _STAT_REG
     0000FF42  _SCY_REG  |    0000FF43  _SCX_REG  |    0000FF44  _LY_REG  
     0000FF45  _LYC_REG  |    0000FF46  _DMA_REG  |    0000FF47  _BGP_REG 
     0000FF48  _OBP0_REG |    0000FF49  _OBP1_REG |    0000FF4A  _WY_REG  
     0000FF4B  _WX_REG   |    0000FF4D  _KEY1_REG |    0000FF4F  _VBK_REG 
     0000FF51  _HDMA1_RE |    0000FF52  _HDMA2_RE |    0000FF53  _HDMA3_RE
     0000FF54  _HDMA4_RE |    0000FF55  _HDMA5_RE |    0000FF56  _RP_REG  
     0000FF68  _BCPS_REG |    0000FF69  _BCPD_REG |    0000FF6A  _OCPS_REG
     0000FF6B  _OCPD_REG |    0000FF70  _SVBK_REG |    0000FF76  _PCM12_RE
     0000FF77  _PCM34_RE |    0000FF80  __HRAM    |    0000FF80  s__HRAM  
     0000FFFF  _IE_REG   |    00014000  s__CODE_1 |    00024000  s__CODE_2
     00034000  s__CODE_3 |    00044000  s__CODE_4 |    00054000  s__CODE_5
     00064000  s__CODE_6 |    00074000  s__CODE_7 |    00084000  s__CODE_8
     00094000  s__CODE_9 |    000A4000  s__CODE_1 |    000B4000  s__CODE_1
     000C4000  s__CODE_1 |    000D4000  s__CODE_1 |    000E4000  s__CODE_1
     000F4000  s__CODE_1 |    00104000  s__CODE_1 |    00114000  s__CODE_1
     00124000  s__CODE_1 |    00134000  s__CODE_1 |    00144000  s__CODE_2
     00154000  s__CODE_2
ASxxxx Linker V03.00/V05.40 + sdld,  page 4.
Hexadecimal  [32-Bits]

Area                       Addr        Size        Decimal Bytes (Attributes)
--------------------       ----        ----        ------- ----- ------------
_CODE                  00000200    00002701 =        9985. bytes (REL,CON)

        Value  Global            Value  Global            Value  Global    
        -----  ------            -----  ------            -----  ------    
     00000200  _ability_ |    000002A3  _ability_ |    000002B4  _ability_
     000002BD  _ability_ |    000002C8  _ability_ |    000002D2  _ability_
     000002DD  _ability_ |    00000319  _ability_ |    0000038C  ___func_a
     0000038C  _ally_cle |    000003B1  ___func_a |    000003B1  _ally_cle
     000003C0  ___func_a |    000003C0  _ally_fin |    000003DB  ___func_a
     000003DB  _ally_has |    000003FD  _ally_wal |    0000048B  ___func_a
     0000048B  _ally_sum |    000004B9  _biome_lo |    0000053D  _biome_pi
     000005BB  ___func_e |    000005BB  _enemy_ty |    00000655  ___func_e
     00000655  _enemy_sl |    000007FD  ___func_e |    000007FD  _enemy_go
     00000A19  _player_l |    00000A39  _lcd_hp_p |    00000AFF  _lcd_init
     00000B16  _lcd_susp |    00000B28  _lcd_resu |    00000B3F  _lcd_clea
     00000C1B  _lighting |    00000C23  _lighting |    00000C27  _lighting
     00000C63  _lighting |    00000C67  _lighting |    00000C6D  _lighting
     00000E3E  _lighting |    00000E75  _main     |    000018C7  _sfx_lung
     000018D1  _sfx_spel |    000018E2  _sfx_whir |    000018F1  _sfx_shie
     00001902  _music_pl |    00001938  _music_pl |    00001989  _music_se
     00001993  _music_ge |    00001997  _music_be |    000019CC  _music_lo
     000019FA  _music_st |    00001A13  _music_pl |    00001A6A  _music_in
     00001A98  _perf_sta |    00001A9B  _perf_sta |    00001AA3  _perf_rec
     00001B47  _perf_avg |    00001B7B  _perf_max |    00001B8A  _perf_cle
     00001BAF  _seed_ent |    00001C30  _seed_ent |    00001C6C  _seed_ent
     00001CCD  _targetin |    00001D6D  _tileset_ |    00001DB5  _tileset_
     00001E1F  _title_lo |    00001EA9  _title_lo |    00002081  _title_lo
     000020DB  _ui_loadi |    00002114  _wall_pal |    00002254  __divsuch
     0000225A  __modsuch |    00002263  __divusch |    0000226C  __modusch
     00002278  __divscha |    0000227D  __modscha |    00002284  __divsint
     0000228D  __modsint |    00002299  __divucha |    0000229E  __moducha
     000022A5  __divuint |    000022AE  __moduint |    000022BA  .div8    
     000022BA  .mod8     |    000022C2  .div16    |    000022C2  .mod16   
     000022F8  .divu8    |    000022F8  .modu8    |    000022FB  .divu16  
     000022FB  .modu16   |    0000233B  _set_spri |    00002340  _set_bkg_
     00002343  .set_pale |    00002362  _set_spri |    00002367  _set_bkg_
     0000236A  .set_pale |    00002386  _memmove  |    00002435  __mulsuch
     00002438  __mulusch |    00002441  __mulscha |    00002449  __mulint 
     00002468  __mulucha |    0000247A  _set_vram |    00002483  _set_win_
     0000248C  _set_bkg_ |    000024BB  ___memcpy |    000024BB  _memcpy  
     000024ED  _strcat   |    000024FE  _printf   |    00002513  _cpu_slow
     0000252E  _cpu_fast |    00002535  _cgb_comp |    00002535  _set_defa
     00002585  ___printf |    000028E2  _sprintf 
ASxxxx Linker V03.00/V05.40 + sdld,  page 5.
Hexadecimal  [32-Bits]

Area                       Addr        Size        Decimal Bytes (Attributes)
--------------------       ----        ----        ------- ----- ------------
_HEADER0               00000000    00000001 =           1. bytes (ABS,CON)

        Value  Global            Value  Global            Value  Global    
        -----  ------            -----  ------            -----  ------    
     00000020  .call_hl 
ASxxxx Linker V03.00/V05.40 + sdld,  page 6.
Hexadecimal  [32-Bits]

Area                       Addr        Size        Decimal Bytes (Attributes)
--------------------       ----        ----        ------- ----- ------------
_HEADER1               00000000    00000005 =           5. bytes (ABS,CON)

        Value  Global            Value  Global            Value  Global    
        -----  ------            -----  ------            -----  ------    
     00000028  .MemsetSm
ASxxxx Linker V03.00/V05.40 + sdld,  page 7.
Hexadecimal  [32-Bits]

Area                       Addr        Size        Decimal Bytes (Attributes)
--------------------       ----        ----        ------- ----- ------------
_HEADER2               00000000    00000007 =           7. bytes (ABS,CON)

        Value  Global            Value  Global            Value  Global    
        -----  ------            -----  ------            -----  ------    
     00000030  .MemcpySm
ASxxxx Linker V03.00/V05.40 + sdld,  page 8.
Hexadecimal  [32-Bits]

Area                       Addr        Size        Decimal Bytes (Attributes)
--------------------       ----        ----        ------- ----- ------------
_HEADER3               00000000    00000008 =           8. bytes (ABS,CON)

        Value  Global            Value  Global            Value  Global    
        -----  ------            -----  ------            -----  ------    
ASxxxx Linker V03.00/V05.40 + sdld,  page 9.
Hexadecimal  [32-Bits]

Area                       Addr        Size        Decimal Bytes (Attributes)
--------------------       ----        ----        ------- ----- ------------
_HEADER4               00000000    00000060 =          96. bytes (ABS,CON)

        Value  Global            Value  Global            Value  Global    
        -----  ------            -----  ------            -----  ------    
     00000080  .int      |    0000008F  _wait_int |    0000009C  __standar
     000000AB  _refresh_ |    000000CC  _set_inte
ASxxxx Linker V03.00/V05.40 + sdld,  page 10.
Hexadecimal  [32-Bits]

Area                       Addr        Size        Decimal Bytes (Attributes)
--------------------       ----        ----        ------- ----- ------------
_HEADER5               00000000    00000001 =           1. bytes (ABS,CON)

        Value  Global            Value  Global            Value  Global    
        -----  ------            -----  ------            -----  ------    
ASxxxx Linker V03.00/V05.40 + sdld,  page 11.
Hexadecimal  [32-Bits]

Area                       Addr        Size        Decimal Bytes (Attributes)
--------------------       ----        ----        ------- ----- ------------
_HEADER6               00000000    00000002 =           2. bytes (ABS,CON)

        Value  Global            Value  Global            Value  Global    
        -----  ------            -----  ------            -----  ------    
ASxxxx Linker V03.00/V05.40 + sdld,  page 12.
Hexadecimal  [32-Bits]

Area                       Addr        Size        Decimal Bytes (Attributes)
--------------------       ----        ----        ------- ----- ------------
_HEADER7               00000000    00000030 =          48. bytes (ABS,CON)

        Value  Global            Value  Global            Value  Global    
        -----  ------            -----  ------            -----  ------    
ASxxxx Linker V03.00/V05.40 + sdld,  page 13.
Hexadecimal  [32-Bits]

Area                       Addr        Size        Decimal Bytes (Attributes)
--------------------       ----        ----        ------- ----- ------------
_HEADER8               00000000    00000006 =           6. bytes (ABS,CON)

        Value  Global            Value  Global            Value  Global    
        -----  ------            -----  ------            -----  ------    
ASxxxx Linker V03.00/V05.40 + sdld,  page 14.
Hexadecimal  [32-Bits]

Area                       Addr        Size        Decimal Bytes (Attributes)
--------------------       ----        ----        ------- ----- ------------
_HEADER9               00000000    00000003 =           3. bytes (ABS,CON)

        Value  Global            Value  Global            Value  Global    
        -----  ------            -----  ------            -----  ------    
ASxxxx Linker V03.00/V05.40 + sdld,  page 15.
Hexadecimal  [32-Bits]

Area                       Addr        Size        Decimal Bytes (Attributes)
--------------------       ----        ----        ------- ----- ------------
_HEADERa               00000000    00000001 =           1. bytes (ABS,CON)

        Value  Global            Value  Global            Value  Global    
        -----  ------            -----  ------            -----  ------    
ASxxxx Linker V03.00/V05.40 + sdld,  page 16.
Hexadecimal  [32-Bits]

Area                       Addr        Size        Decimal Bytes (Attributes)
--------------------       ----        ----        ------- ----- ------------
_HEADERb               00000000    00000001 =           1. bytes (ABS,CON)

        Value  Global            Value  Global            Value  Global    
        -----  ------            -----  ------            -----  ------    
ASxxxx Linker V03.00/V05.40 + sdld,  page 17.
Hexadecimal  [32-Bits]

Area                       Addr        Size        Decimal Bytes (Attributes)
--------------------       ----        ----        ------- ----- ------------
_HEADERc               00000000    00000001 =           1. bytes (ABS,CON)

        Value  Global            Value  Global            Value  Global    
        -----  ------            -----  ------            -----  ------    
ASxxxx Linker V03.00/V05.40 + sdld,  page 18.
Hexadecimal  [32-Bits]

Area                       Addr        Size        Decimal Bytes (Attributes)
--------------------       ----        ----        ------- ----- ------------
_HEADERd               00000000    00000002 =           2. bytes (ABS,CON)

        Value  Global            Value  Global            Value  Global    
        -----  ------            -----  ------            -----  ------    
ASxxxx Linker V03.00/V05.40 + sdld,  page 19.
Hexadecimal  [32-Bits]

Area                       Addr        Size        Decimal Bytes (Attributes)
--------------------       ----        ----        ------- ----- ------------
_HEADERe               00000000    00000001 =           1. bytes (ABS,CON)

        Value  Global            Value  Global            Value  Global    
        -----  ------            -----  ------            -----  ------    
ASxxxx Linker V03.00/V05.40 + sdld,  page 20.
Hexadecimal  [32-Bits]

Area                       Addr        Size        Decimal Bytes (Attributes)
--------------------       ----        ----        ------- ----- ------------
_HEADERf               00000000    00000001 =           1. bytes (ABS,CON)

        Value  Global            Value  Global            Value  Global    
        -----  ------            -----  ------            -----  ------    
ASxxxx Linker V03.00/V05.40 + sdld,  page 21.
Hexadecimal  [32-Bits]

Area                       Addr        Size        Decimal Bytes (Attributes)
--------------------       ----        ----        ------- ----- ------------
_HEADER10              00000000    00000002 =           2. bytes (ABS,CON)

        Value  Global            Value  Global            Value  Global    
        -----  ------            -----  ------            -----  ------    
ASxxxx Linker V03.00/V05.40 + sdld,  page 22.
Hexadecimal  [32-Bits]

Area                       Addr        Size        Decimal Bytes (Attributes)
--------------------       ----        ----        ------- ----- ------------
_HEADER11              00000000    000000AB =         171. bytes (ABS,CON)

        Value  Global            Value  Global            Value  Global    
        -----  ------            -----  ------            -----  ------    
     00000150  .reset    |    00000150  _reset    |    00000157  .code_sta
     000001B9  _exit     |    000001BD  .wait_vbl |    000001BD  _vsync   
     000001BD  _wait_vbl |    000001CD  .remove_V |    000001CD  _remove_V
     000001D0  .remove_i |    000001ED  .add_VBL  |    000001ED  _add_VBL 
     000001F0  .add_int 
ASxxxx Linker V03.00/V05.40 + sdld,  page 23.
Hexadecimal  [32-Bits]

Area                       Addr        Size        Decimal Bytes (Attributes)
--------------------       ----        ----        ------- ----- ------------
_HOME                  00002901    00000BC9 =        3017. bytes (REL,CON)

        Value  Global            Value  Global            Value  Global    
        -----  ------            -----  ------            -----  ------    
     00002901  .memset_s |    0000290A  .memcpy_s |    00002927  .display_
     00002927  _display_ |    0000293F  _render_s |    0000299F  _render_s
     000029C6  _fill_win |    000029D8  _strcpy   |    000029EA  _rand    
     000029EA  _randw    |    00002A15  _initrand |    00002A17  .initrand
     00002A20  _font_loa |    00002A27  font_load |    00002A6F  font_copy
     00002AA5  font_set  |    00002AB2  .put_char |    00002ACA  .out_char
     00002AD0  .del_char |    00002B26  _putchar  |    00002B2F  _setchar 
     00002B38  _font_loa |    00002B46  _font_set |    00002B55  _font_ini
     00002B74  .cls      |    00002B74  _cls      |    00002B96  _gotoxy  
     00002BA1  _posx     |    00002BB2  _posy     |    00002BDA  .cr_curs 
     00002BEF  .adv_curs |    00002C4B  .tmode    |    00002C68  .tmode_ou
     00002C71  _font_col |    00002C7C  _set_tile |    00002C81  _set_bkg_
     00002C81  _set_win_ |    00002C89  _set_spri |    00002CE8  .add_LCD 
     00002CE8  _add_LCD  |    00002CEE  .remove_L |    00002CEE  _remove_L
     00002CF4  .fill_rec |    00002CFD  .fill_rec |    00002D4A  __modulon
     00002DE7  .padup    |    00002DE7  _waitpadu |    00002DF7  .jpad    
     00002DF7  _joypad   |    00002E1F  _waitpad  |    00002E20  .wait_pad
     00002E27  _fill_bkg |    00002E39  ___sdcc_c |    00002E3A  _color   
     00002E3A  _set_1bpp |    00002E49  _memset   |    00002E7C  .drawing_
     00002E99  _font_ibm |    0000324B  ___sdcc_b |    0000325F  _strlen  
     00003264  .strlen   |    0000326D  __mullong |    00003354  _set_bkg_
     00003368  _set_bkg_ |    00003368  _set_win_ |    00003370  _set_spri
     000033C8  .set_xy_w |    000033D1  .set_xy_b |    000033E0  .set_xy_t
     00003424  _uitoa    |    00003433  _itoa     |    00003442  .itoa    
     00003456  .utoa    
ASxxxx Linker V03.00/V05.40 + sdld,  page 24.
Hexadecimal  [32-Bits]

Area                       Addr        Size        Decimal Bytes (Attributes)
--------------------       ----        ----        ------- ----- ------------
_INITIALIZER           000034CA    0000001C =          28. bytes (REL,CON)

        Value  Global            Value  Global            Value  Global    
        -----  ------            -----  ------            -----  ------    
ASxxxx Linker V03.00/V05.40 + sdld,  page 25.
Hexadecimal  [32-Bits]

Area                       Addr        Size        Decimal Bytes (Attributes)
--------------------       ----        ----        ------- ----- ------------
_GSINIT                000034E6    0000000C =          12. bytes (REL,CON)

        Value  Global            Value  Global            Value  Global    
        -----  ------            -----  ------            -----  ------    
     000034E6  gsinit   
ASxxxx Linker V03.00/V05.40 + sdld,  page 26.
Hexadecimal  [32-Bits]

Area                       Addr        Size        Decimal Bytes (Attributes)
--------------------       ----        ----        ------- ----- ------------
_GSFINAL               000034F2    00000001 =           1. bytes (REL,CON)

        Value  Global            Value  Global            Value  Global    
        -----  ------            -----  ------            -----  ------    
ASxxxx Linker V03.00/V05.40 + sdld,  page 27.
Hexadecimal  [32-Bits]

Area                       Addr        Size        Decimal Bytes (Attributes)
--------------------       ----        ----        ------- ----- ------------
_DATA                  0000C0A0    000019EC =        6636. bytes (REL,CON)

        Value  Global            Value  Global            Value  Global    
        -----  ------            -----  ------            -----  ------    
     0000C0A0  __cpu     |    0000C0A1  __is_GBA  |    0000C0A2  .mode    
     0000C0A3  .sys_time |    0000C0A3  _sys_time |    0000C0A5  .int_0x40
     0000C0B1  _enemy_de |    0000C0E9  _enemy_ac |    0000C0F1  _enemy_ac
     0000C0F2  _pending_ |    0000C0F3  _gameplay |    0000C0F4  _level_is
     0000C0F5  _deepest_ |    0000C0F6  _entered_ |    0000C0F7  _player_x
     0000C0F9  _player_c |    0000C0FA  _player_c |    0000C0FB  _floor_bi
     0000C0FC  _g_player |    0000C0FD  _g_player |    0000C0FE  _g_prev_j
     0000C0FF  _g_run_en |    0000C101  _look_cx  |    0000C102  _look_cy 
     0000C103  _selected |    0000C104  _belt_slo |    0000C108  _player_h
     0000C109  _witch_sh |    0000C10A  _zerker_w |    0000C10B  _book_hea
     0000C10C  _knight_s |    0000C10D  _player_l |    0000C10E  _ally_act
     0000C112  _ally_x   |    0000C116  _ally_y   |    0000C11A  _ally_typ
     0000C11E  _ally_cha |    0000C122  _ally_fli |    0000C126  _enemy_al
     0000C13E  _dead_ene |    0000C156  _dead_ene |    0000C157  _floor_it
     0000C189  _floor_en |    0000C21F  _inventor |    0000C23D  _inventor
     0000C25B  _inventor |    0000C279  _ground_i |    0000C281  _ground_i
     0000C289  _ground_i |    0000C291  _pending_ |    0000C292  _inv_desc
     0000C293  _lcd_game |    0000C294  _lcd_shak |    0000C295  _lcd_shak
     0000C731  _ui_loadi |    0000C732  _ui_load_ |    0000C733  _enemy_x 
     0000C74B  _enemy_y  |    0000C763  _enemy_ty |    0000C77B  _enemy_hp
     0000C793  _enemy_st |    0000C7AB  _num_enem |    0000C7AC  _corpse_x
     0000C7C4  _corpse_y |    0000C7DC  _corpse_t |    0000C7F4  _num_corp
     0000C7F5  _enemy_oc |    0000CDF5  _enemy_an |    0000CDF6  _enemy_at
     0000CE0E  _enemy_at |    0000CE0F  _enemy_fo |    0000CE27  _enemy_pe
     0000CE8D  _floor_bi |    0000D30D  _pit_bits |    0000D78D  _nav_node
     0000D8AD  _num_nav_ |    0000D8AE  _wall_til |    0000D8AF  _wall_pal
     0000D8B0  _pillar_p |    0000D8B1  _active_m |    0000D8B2  _active_m
     0000D8B3  _player_s |    0000D8B4  _player_s |    0000D8B5  _floor_co
     0000D8B8  _brazier_ |    0000D8B9  _brazier_ |    0000D8CD  _brazier_
     0000D8E1  _brazier_ |    0000D8F5  _pit_x    |    0000D8F6  _pit_y   
     0000D8F7  _pit_pres |    0000D8F8  _camera_p |    0000D8FA  _camera_p
     0000DA6C  ___rand_s |    0000DA6E  font_curr |    0000DA71  font_firs
     0000DA72  font_tabl |    0000DA84  .int_0x48
ASxxxx Linker V03.00/V05.40 + sdld,  page 28.
Hexadecimal  [32-Bits]

Area                       Addr        Size        Decimal Bytes (Attributes)
--------------------       ----        ----        ------- ----- ------------
_INITIALIZED           0000DA8C    0000001C =          28. bytes (REL,CON)

        Value  Global            Value  Global            Value  Global    
        -----  ------            -----  ------            -----  ------    
     0000DA8C  _current_ |    0000DA8D  _next_sta |    0000DA8E  _player_h
     0000DA8F  _player_h |    0000DA90  _player_l |    0000DA91  _player_d
     0000DA92  _floor_nu |    0000DA93  _run_seed |    0000DA95  _boss_ali
     0000DA98  _ui_panel |    0000DAA2  .curx     |    0000DAA3  .cury    
     0000DAA4  .fg_colou |    0000DAA4  __current |    0000DAA5  .bg_colou
     0000DAA6  .draw_mod |    0000DAA7  __map_til
ASxxxx Linker V03.00/V05.40 + sdld,  page 29.
Hexadecimal  [32-Bits]

Area                       Addr        Size        Decimal Bytes (Attributes)
--------------------       ----        ----        ------- ----- ------------
_HRAM                  0000FF80    00000013 =          19. bytes (REL,CON)

        Value  Global            Value  Global            Value  Global    
        -----  ------            -----  ------            -----  ------    
     0000FF80  .refresh_ |    0000FF90  __current |    0000FF91  __vbl_don
     0000FF92  __shadow_
ASxxxx Linker V03.00/V05.40 + sdld,  page 30.
Hexadecimal  [32-Bits]

Area                       Addr        Size        Decimal Bytes (Attributes)
--------------------       ----        ----        ------- ----- ------------
_CODE_1                00014000    00001108 =        4360. bytes (REL,CON)

        Value  Global            Value  Global            Value  Global    
        -----  ------            -----  ------            -----  ------    
     00014000  ___func_t |    00014000  _tileset_ |    00014008  _tileset_
     00015008  _tileset_
ASxxxx Linker V03.00/V05.40 + sdld,  page 31.
Hexadecimal  [32-Bits]

Area                       Addr        Size        Decimal Bytes (Attributes)
--------------------       ----        ----        ------- ----- ------------
_CODE_2                00024000    00003961 =       14689. bytes (REL,CON)

        Value  Global            Value  Global            Value  Global    
        -----  ------            -----  ------            -----  ------    
     00024004  _enemy_gr |    00024050  _enemy_pl |    00024192  _enemy_cl
     0002423F  _corpse_p |    0002434A  _corpse_c |    000243C5  ___func_e
     000243C5  _enemy_pl |    000243D3  _enemy_ef |    0002441D  _enemy_ef
     00024468  _enemy_an |    00024476  _enemy_an |    000244F2  ___func_e
     000244F2  _enemy_at |    0002456A  _corpse_s |    000245E2  _corpse_a
     000245EE  _corpse_d |    000245FD  _spawn_en |    000248BC  _enemy_se
     000248D4  _enemy_ge |    00024C3F  _enemy_re |    00024D72  _move_ene
     00025544  ___func_s |    00025544  _state_ga |    000255B1  ___func_s
     000255B1  _state_ga |    00025FC7  _wall_ort |    0002617C  ___func_t
     0002617C  _tile_at  |    0002620A  ___func_m |    0002620A  _map_pit_
     00026223  ___func_g |    00026223  _ground_i |    00026256  ___func_g
     00026256  _ground_i |    00026294  ___func_i |    00026294  _is_walka
     000262D7  _tile_cha |    000262E5  _tile_vra |    00026308  _tile_pal
     00026315  _floor_gr |    0002632D  _floor_ti |    00026447  _nearest_
     000264E9  _nav_fill |    000265D0  ___func_l |    000265D0  _level_ge
     00026C1F  ___func_c |    00026C1F  _camera_i |    00026E89  _camera_s
     0002735E  _camera_s |    000273AD  _apply_wa |    0002766D  ___func_l
     0002766D  _load_pal |    00027751  _draw_cel |    000277A5  _draw_col
     000277DF  _draw_row |    00027816  _draw_ui_ |    0002781E  _draw_gam
     00027838  _draw_scr |    000278B7  _draw_gam |    000278D4  _draw_gam
     000278DC  _draw_ene |    000278EB  _draw_cor |    00027930  _draw_cor
     00027933  _draw_bos
ASxxxx Linker V03.00/V05.40 + sdld,  page 32.
Hexadecimal  [32-Bits]

Area                       Addr        Size        Decimal Bytes (Attributes)
--------------------       ----        ----        ------- ----- ------------
_CODE_3                00034000    00001AB1 =        6833. bytes (REL,CON)

        Value  Global            Value  Global            Value  Global    
        -----  ------            -----  ------            -----  ------    
     000348FD  ___func_s |    000348FD  _state_in |    0003491C  ___func_s
     0003491C  _state_in |    00034E3F  ___func_s |    00034E3F  _state_ch
     0003529E  ___func_s |    0003529E  _state_pi |    000352EF  ___func_s
     000352EF  _state_pi |    00035406  ___func_s |    00035406  _state_st
     00035613  ___func_s |    00035613  _state_st |    00035635  ___func_s
     00035635  _state_ab |    0003573E  ___func_s |    0003573E  _state_ab
     00035760  ___func_s |    00035760  _state_ma |    0003584B  ___func_s
     0003584B  _state_ma |    000358C9  ___func_c |    000358C9  _class_pa
     00035904  _class_pa |    0003591B  ___func_s |    0003591B  _state_ga
     000359C7  ___func_s |    000359C7  _state_tr |    00035A66  ___func_s
     00035A66  _state_ti
ASxxxx Linker V03.00/V05.40 + sdld,  page 33.
Hexadecimal  [32-Bits]

Area                       Addr        Size        Decimal Bytes (Attributes)
--------------------       ----        ----        ------- ----- ------------
_CODE_4                00044000    00000B9B =        2971. bytes (REL,CON)

        Value  Global            Value  Global            Value  Global    
        -----  ------            -----  ------            -----  ------    
     00044000  ___func_b |    00044000  _bwv1043_ |    00044132  _bwv1043_
     000446AE  _bwv1043_
ASxxxx Linker V03.00/V05.40 + sdld,  page 34.
Hexadecimal  [32-Bits]

Area                       Addr        Size        Decimal Bytes (Attributes)
--------------------       ----        ----        ------- ----- ------------
_CODE_5                00054000    0000285C =       10332. bytes (REL,CON)

        Value  Global            Value  Global            Value  Global    
        -----  ------            -----  ------            -----  ------    
     00054000  ___func_u |    000547B2  _ui_comba |    000547BD  _ui_comba
     000548A2  _ui_comba |    000548B7  _ui_comba |    000548D3  _ui_push_
     00054C4F  _ui_push_ |    00054E58  _ui_push_ |    0005502F  _ui_push_
     00055134  _ui_comba |    00055176  _seed_wor |    000551C6  _seed_wor
     00055216  _seed_wor |    00056103  _run_seed |    00056180  _ui_game_
     000561C1  _window_u |    00056211  _window_u |    00056218  _ui_loadi
     0005627D  _ui_loadi |    0005628E  _ui_draw_ |    000562C1  _ui_draw_
     0005634A  _ui_panel |    0005634F  _ui_panel |    0005635F  _ui_panel
     0005636B  _ui_panel |    00056718  _title_sc
ASxxxx Linker V03.00/V05.40 + sdld,  page 35.
Hexadecimal  [32-Bits]

Area                       Addr        Size        Decimal Bytes (Attributes)
--------------------       ----        ----        ------- ----- ------------
_CODE_6                00064000    00000088 =         136. bytes (REL,CON)

        Value  Global            Value  Global            Value  Global    
        -----  ------            -----  ------            -----  ------    
     00064033  ___func_a |    00064033  _abilitie |    00064041  ___func_a
     00064041  _ability_
ASxxxx Linker V03.00/V05.40 + sdld,  page 36.
Hexadecimal  [32-Bits]

Area                       Addr        Size        Decimal Bytes (Attributes)
--------------------       ----        ----        ------- ----- ------------
_CODE_7                00074000    00000074 =         116. bytes (REL,CON)

        Value  Global            Value  Global            Value  Global    
        -----  ------            -----  ------            -----  ------    
     00074033  ___func_a |    00074033  _abilitie |    0007404E  ___func_a
     0007404E  _ability_
ASxxxx Linker V03.00/V05.40 + sdld,  page 37.
Hexadecimal  [32-Bits]

Area                       Addr        Size        Decimal Bytes (Attributes)
--------------------       ----        ----        ------- ----- ------------
_CODE_8                00084000    00000293 =         659. bytes (REL,CON)

        Value  Global            Value  Global            Value  Global    
        -----  ------            -----  ------            -----  ------    
     00084242  ___func_a |    00084242  _abilitie |    0008425D  ___func_a
     0008425D  _ability_
ASxxxx Linker V03.00/V05.40 + sdld,  page 38.
Hexadecimal  [32-Bits]

Area                       Addr        Size        Decimal Bytes (Attributes)
--------------------       ----        ----        ------- ----- ------------
_CODE_9                00094000    00000272 =         626. bytes (REL,CON)

        Value  Global            Value  Global            Value  Global    
        -----  ------            -----  ------            -----  ------    
     00094243  ___func_a |    00094243  _abilitie |    00094251  ___func_a
     00094251  _ability_
ASxxxx Linker V03.00/V05.40 + sdld,  page 39.
Hexadecimal  [32-Bits]

Area                       Addr        Size        Decimal Bytes (Attributes)
--------------------       ----        ----        ------- ----- ------------
_CODE_10               000A4000    00000C0D =        3085. bytes (REL,CON)

        Value  Global            Value  Global            Value  Global    
        -----  ------            -----  ------            -----  ------    
     000A44E8  ___func_g |    000A44E8  _generate |    000A49FF  ___func_l
     000A49FF  _level_in |    000A4B28  ___func_b |    000A4B28  _biome_du
ASxxxx Linker V03.00/V05.40 + sdld,  page 40.
Hexadecimal  [32-Bits]

Area                       Addr        Size        Decimal Bytes (Attributes)
--------------------       ----        ----        ------- ----- ------------
_CODE_11               000B4000    00000084 =         132. bytes (REL,CON)

        Value  Global            Value  Global            Value  Global    
        -----  ------            -----  ------            -----  ------    
     000B4000  ___func_b |    000B4000  _biome_cr
ASxxxx Linker V03.00/V05.40 + sdld,  page 41.
Hexadecimal  [32-Bits]

Area                       Addr        Size        Decimal Bytes (Attributes)
--------------------       ----        ----        ------- ----- ------------
_CODE_12               000C4000    00000084 =         132. bytes (REL,CON)

        Value  Global            Value  Global            Value  Global    
        -----  ------            -----  ------            -----  ------    
     000C4000  ___func_b |    000C4000  _biome_ca
ASxxxx Linker V03.00/V05.40 + sdld,  page 42.
Hexadecimal  [32-Bits]

Area                       Addr        Size        Decimal Bytes (Attributes)
--------------------       ----        ----        ------- ----- ------------
_CODE_13               000D4000    0000096B =        2411. bytes (REL,CON)

        Value  Global            Value  Global            Value  Global    
        -----  ------            -----  ------            -----  ------    
     000D4000  _items_ki |    000D42E3  _items_ki |    000D42F9  _items_ki
     000D4310  _items_ki |    000D4367  _items_ki |    000D43BF  _inventor
     000D43DE  _inventor |    000D43F5  _inventor |    000D4417  _inventor
     000D44BF  _inventor |    000D468A  _items_us |    000D48CD  _enemy_tr
ASxxxx Linker V03.00/V05.40 + sdld,  page 43.
Hexadecimal  [32-Bits]

Area                       Addr        Size        Decimal Bytes (Attributes)
--------------------       ----        ----        ------- ----- ------------
_CODE_14               000E4000    00000EDF =        3807. bytes (REL,CON)

        Value  Global            Value  Global            Value  Global    
        -----  ------            -----  ------            -----  ------    
     000E4000  ___func_s |    000E4B99  _story_ui
ASxxxx Linker V03.00/V05.40 + sdld,  page 44.
Hexadecimal  [32-Bits]

Area                       Addr        Size        Decimal Bytes (Attributes)
--------------------       ----        ----        ------- ----- ------------
_CODE_15               000F4000    0000009D =         157. bytes (REL,CON)

        Value  Global            Value  Global            Value  Global    
        -----  ------            -----  ------            -----  ------    
     000F4000  _scroll_b
ASxxxx Linker V03.00/V05.40 + sdld,  page 45.
Hexadecimal  [32-Bits]

Area                       Addr        Size        Decimal Bytes (Attributes)
--------------------       ----        ----        ------- ----- ------------
_CODE_16               00104000    0000025A =         602. bytes (REL,CON)

        Value  Global            Value  Global            Value  Global    
        -----  ------            -----  ------            -----  ------    
     00104033  _bow_shoo |    001040F5  _root_ico |    001041E4  _scroll_r
ASxxxx Linker V03.00/V05.40 + sdld,  page 46.
Hexadecimal  [32-Bits]

Area                       Addr        Size        Decimal Bytes (Attributes)
--------------------       ----        ----        ------- ----- ------------
_CODE_17               00114000    00002A7D =       10877. bytes (REL,CON)

        Value  Global            Value  Global            Value  Global    
        -----  ------            -----  ------            -----  ------    
     0011431E  ___func_e |    0011431E  _entity_s |    00114367  ___func_e
     00114367  _entity_s |    00114382  ___func_e |    00114382  _entity_s
     00114429  ___func_e |    00114429  _entity_s |    00114451  ___func_e
     00114451  _entity_s |    00114457  ___func_e |    00114457  _entity_s
     00114C61  ___func_e |    00114C61  _entity_s |    00114F00  ___func_e
     00114F00  _entity_s |    00114F31  ___func_e |    00114F31  _entity_s
     00114F52  ___func_e |    00114F52  _entity_s |    00114F61  ___func_e
     00114F61  _entity_s |    00114FA3  ___func_e |    00114FA3  _entity_s
     0011507A  ___func_e |    0011507A  _entity_s |    0011509F  ___func_e
     0011509F  _entity_s |    001150BB  ___func_e |    001150BB  _entity_s
     00115162  ___func_e |    00115162  _entity_s |    001151E9  ___func_e
     001151E9  _entity_s |    001153C7  ___func_e |    001153C7  _entity_s
     001155E0  ___func_e |    001155E0  _entity_s |    001158D7  ___func_e
     001158D7  _entity_s |    00115AD1  ___func_e |    00115AD1  _entity_s
     00115BED  ___func_e |    00115BED  _entity_s |    00115DD7  ___func_e
     00115DD7  _entity_s |    00115F15  ___func_e |    00115F15  _entity_s
     00115F41  ___func_e |    00115F41  _entity_s |    00115F4A  ___func_e
     00115F4A  _entity_s |    00115F5E  ___func_e |    00115F5E  _entity_s
     00116371  ___func_a |    00116371  _ally_fox |    001164E7  ___func_a
     001164E7  _ally_fox |    001166B5  ___func_a |    001166B5  _ally_fox
ASxxxx Linker V03.00/V05.40 + sdld,  page 47.
Hexadecimal  [32-Bits]

Area                       Addr        Size        Decimal Bytes (Attributes)
--------------------       ----        ----        ------- ----- ------------
_CODE_18               00124000    00001554 =        5460. bytes (REL,CON)

        Value  Global            Value  Global            Value  Global    
        -----  ------            -----  ------            -----  ------    
     00124000  ___func_b |    00124000  _bwv527_d |    00124141  _bwv527_m
     00124D02  _bwv527_b
ASxxxx Linker V03.00/V05.40 + sdld,  page 48.
Hexadecimal  [32-Bits]

Area                       Addr        Size        Decimal Bytes (Attributes)
--------------------       ----        ----        ------- ----- ------------
_CODE_19               00134000    00000501 =        1281. bytes (REL,CON)

        Value  Global            Value  Global            Value  Global    
        -----  ------            -----  ------            -----  ------    
     00134088  ___func_c |    00134088  _combat_d |    001342C8  ___func_c
     001342C8  _combat_c |    001342F8  ___func_c |    001342F8  _combat_p
     001343BA  ___func_r |    001343BA  _resolve_
ASxxxx Linker V03.00/V05.40 + sdld,  page 49.
Hexadecimal  [32-Bits]

Area                       Addr        Size        Decimal Bytes (Attributes)
--------------------       ----        ----        ------- ----- ------------
_CODE_20               00144000    00000172 =         370. bytes (REL,CON)

        Value  Global            Value  Global            Value  Global    
        -----  ------            -----  ------            -----  ------    
     00144000  _items_eq |    001440DD  _equip_st |    0014411E  _items_eq
     00144139  _equipped
ASxxxx Linker V03.00/V05.40 + sdld,  page 50.
Hexadecimal  [32-Bits]

Area                       Addr        Size        Decimal Bytes (Attributes)
--------------------       ----        ----        ------- ----- ------------
_CODE_21               00154000    00000052 =          82. bytes (REL,CON)

        Value  Global            Value  Global            Value  Global    
        -----  ------            -----  ------            -----  ------    
     00154000  ___func_b |    00154000  _biome_bo |    00154024  ___func_b
     00154024  _biome_bo
ASxxxx Linker V03.00/V05.40 + sdld,  page 51.
Hexadecimal  [32-Bits]

Area                       Addr        Size        Decimal Bytes (Attributes)
--------------------       ----        ----        ------- ----- ------------
_FONT_HEADER0          00000000    00000003 =           3. bytes (ABS,CON)

        Value  Global            Value  Global            Value  Global    
        -----  ------            -----  ------            -----  ------    
ASxxxx Linker V03.00/V05.40 + sdld,  page 52.
Hexadecimal  [32-Bits]

Area                       Addr        Size        Decimal Bytes (Attributes)
--------------------       ----        ----        ------- ----- ------------
_HEADER_LCD0           00000000    00000003 =           3. bytes (ABS,CON)

        Value  Global            Value  Global            Value  Global    
        -----  ------            -----  ------            -----  ------    
ASxxxx Linker V03.00/V05.40 + sdld,  page 53.

Files Linked                              [ module(s) ]

./gbdk/lib/gb/crt0.o                      [ Runtime ]
obj/gbc/ability_dispatch.rel              [ ability_dispatch ]
obj/gbc/ally.rel                          [ ally ]
obj/gbc/biome.rel                         [ biome ]
obj/gbc/debug_bank.rel                    [ debug_bank ]
obj/gbc/enemy_extras.rel                  [ enemy_extras ]
obj/gbc/globals.rel                       [ globals ]
obj/gbc/lcd.rel                           [ lcd ]
obj/gbc/lighting.rel                      [ lighting ]
obj/gbc/main.rel                          [ main ]
obj/gbc/music.rel                         [ music ]
obj/gbc/perf.rel                          [ perf ]
obj/gbc/seed_entropy.rel                  [ seed_entropy ]
obj/gbc/targeting.rel                     [ targeting ]
obj/gbc/tileset_io.rel                    [ tileset_io ]
obj/gbc/title_logo.rel                    [ title_logo ]
obj/gbc/ui_loading_isr.rel                [ ui_loading_isr ]
obj/gbc/wall_palettes.rel                 [ wall_palettes ]
obj/gbc/tileset.rel                       [ tileset ]
obj/gbc/enemy.rel                         [ enemy ]
obj/gbc/state_gameplay.rel                [ state_gameplay ]
obj/gbc/map.rel                           [ map ]
obj/gbc/camera.rel                        [ camera ]
obj/gbc/render.rel                        [ render ]
obj/gbc/state_inventory.rel               [ state_inventory ]
obj/gbc/state_char_create.rel             [ state_char_create ]
obj/gbc/state_pickup.rel                  [ state_pickup ]
obj/gbc/state_stats.rel                   [ state_stats ]
obj/gbc/state_ability.rel                 [ state_ability ]
obj/gbc/state_map.rel                     [ state_map ]
obj/gbc/class_palettes.rel                [ class_palettes ]
obj/gbc/state_game_over.rel               [ state_game_over ]
obj/gbc/state_transition.rel              [ state_transition ]
obj/gbc/state_title.rel                   [ state_title ]
obj/gbc/bwv1043_music.rel                 [ bwv1043_music ]
obj/gbc/ui.rel                            [ ui ]
obj/gbc/abilities_knight.rel              [ abilities_knight ]
obj/gbc/abilities_scoundrel.rel           [ abilities_scoundrel ]
obj/gbc/abilities_witch.rel               [ abilities_witch ]
obj/gbc/abilities_zerker.rel              [ abilities_zerker ]
obj/gbc/map_gen.rel                       [ map_gen ]
obj/gbc/level_init.rel                    [ level_init ]
obj/gbc/biome_dungeon.rel                 [ biome_dungeon ]
obj/gbc/biome_crypt.rel                   [ biome_crypt ]
obj/gbc/biome_cavern.rel                  [ biome_cavern ]
obj/gbc/items.rel                         [ items ]
obj/gbc/story_ui.rel                      [ story_ui ]
obj/gbc/scroll_blast.rel                  [ scroll_blast ]
obj/gbc/bow_shoot.rel                     [ bow_shoot ]
obj/gbc/root_icon.rel                     [ root_icon ]
obj/gbc/scroll_root.rel                   [ scroll_root ]
obj/gbc/entity_sprites.rel                [ entity_sprites ]
obj/gbc/scoundrel_fox.rel                 [ scoundrel_fox ]
obj/gbc/bwv527_music.rel                  [ bwv527_music ]
obj/gbc/combat.rel                        [ combat ]
obj/gbc/equipment.rel                     [ equipment ]
obj/gbc/biome_boss.rel                    [ biome_boss ]


Libraries Linked                          [ object file ]

./gbdk/lib/gb/gb.lib                      [ fill_rect_wi.o ]
./gbdk/lib/sm83/sm83.lib                  [ div.o ]
./gbdk/lib/gb/gb.lib                      [ sfr.o ]
./gbdk/lib/sm83/sm83.lib                  [ _strcpy.o ]
./gbdk/lib/sm83/sm83.lib                  [ rand.o ]
./gbdk/lib/gb/gb.lib                      [ font.o ]
./gbdk/lib/gb/gb.lib                      [ cgb_palettes.o ]
./gbdk/lib/gb/gb.lib                      [ font_color.o ]
./gbdk/lib/sm83/sm83.lib                  [ _memmove.o ]
./gbdk/lib/sm83/sm83.lib                  [ mul.o ]
./gbdk/lib/gb/gb.lib                      [ set_data.o ]
./gbdk/lib/gb/gb.lib                      [ set_tile.o ]
./gbdk/lib/gb/gb.lib                      [ lcd.o ]
./gbdk/lib/gb/gb.lib                      [ fill_rect.o ]
./gbdk/lib/sm83/sm83.lib                  [ _modulong.o ]
./gbdk/lib/gb/gb.lib                      [ pad.o ]
./gbdk/lib/gb/gb.lib                      [ fill_rect_bk.o ]
./gbdk/lib/sm83/sm83.lib                  [ memcpy.o ]
./gbdk/lib/sm83/sm83.lib                  [ __sdcc_call_hl.o ]
./gbdk/lib/gb/gb.lib                      [ color.o ]
./gbdk/lib/sm83/sm83.lib                  [ _memset.o ]
./gbdk/lib/gb/gb.lib                      [ drawing_isr.o ]
./gbdk/lib/gb/gb.lib                      [ f_ibm_sh.o ]
./gbdk/lib/gb/gb.lib                      [ ___sdcc_bcall_ehl.o ]
./gbdk/lib/sm83/sm83.lib                  [ strcat.o ]
./gbdk/lib/sm83/sm83.lib                  [ printf.o ]
./gbdk/lib/gb/gb.lib                      [ cgb.o ]
./gbdk/lib/sm83/sm83.lib                  [ strlen.o ]
./gbdk/lib/sm83/sm83.lib                  [ _mullong.o ]
./gbdk/lib/gb/gb.lib                      [ cgb_compat.o ]
./gbdk/lib/gb/gb.lib                      [ set_bk_t.o ]
./gbdk/lib/gb/gb.lib                      [ set_1bit_data.o ]
./gbdk/lib/sm83/sm83.lib                  [ sprintf.o ]
./gbdk/lib/gb/gb.lib                      [ set_xy_t.o ]
./gbdk/lib/sm83/sm83.lib                  [ itoa.o ]

ASxxxx Linker V03.00/V05.40 + sdld,  page 54.

User Base Address Definitions

_DATA=0xC0A0
_CODE=0x0200
_HRAM=0xFF80
ASxxxx Linker V03.00/V05.40 + sdld,  page 55.

User Global Definitions

_shadow_OAM=0xC000
.STACK=0xE000

