ASxxxx Linker V03.00/V05.40 + sdld,  page 1.
Hexadecimal  [32-Bits]

Area                       Addr        Size        Decimal Bytes (Attributes)
--------------------       ----        ----        ------- ----- ------------
.  .ABS.               00000000    00000000 =           0. bytes (ABS,CON)

        Value  Global            Value  Global            Value  Global    
        -----  ------            -----  ------            -----  ------    
     00000000  .__.ABS.  |    00000000  _rMBC7_SR |    00000000  _rRAMG   
     00000000  l__BASE   |    00000000  l__BSS    |    00000000  l__CABS  
     00000000  l__CODE_0 |    00000000  l__DABS   |    00000000  l__FONT_H
     00000000  l__HEADER |    00000000  l__HEADER |    00000000  l__HEAP  
     00000000  l__HEAP_E |    00000000  l__LIT    |    00000000  s__CABS  
     00000000  s__DABS   |    00000000  s__FONT_H |    00000000  s__FONT_H
     00000000  s__HEADER |    00000000  s__HEADER |    00000000  s__HEADER
     00000000  s__HEADER |    00000000  s__HEADER |    00000000  s__HEADER
     00000000  s__HEADER |    00000000  s__HEADER |    00000000  s__HEADER
     00000000  s__HEADER |    00000000  s__HEADER |    00000000  s__HEADER
     00000000  s__HEADER |    00000000  s__HEADER |    00000000  s__HEADER
     00000000  s__HEADER |    00000000  s__HEADER |    00000000  s__HEADER
     00000000  s__HEADER |    00000000  s__HEADER |    00000000  s__HEADER
     00000001  ___bank_t |    00000001  l__CODE_7 |    00000001  l__GSFINA
     00000001  l__HEADER |    00000001  l__HEADER |    00000001  l__HEADER
     00000001  l__HEADER |    00000001  l__HEADER |    00000001  l__HEADER
     00000001  l__HEADER |    00000002  ___bank_c |    00000002  ___bank_c
     00000002  ___bank_l |    00000002  ___bank_l |    00000002  ___bank_l
     00000002  ___bank_s |    00000002  ___bank_s |    00000002  b_camera_
     00000002  b_camera_ |    00000002  b_camera_ |    00000002  b_class_p
     00000002  b_class_p |    00000002  b_corpse_ |    00000002  b_corpse_
     00000002  b_enemy_c |    00000002  b_enemy_e |    00000002  b_enemy_e
     00000002  b_enemy_r |    00000002  b_enemy_t |    00000002  b_level_g
     00000002  b_level_i |    00000002  b_load_pa |    00000002  b_state_g
     00000002  b_state_g |    00000002  l__HEADER |    00000002  l__HEADER
     00000002  l__HEADER |    00000003  ___bank_s |    00000003  ___bank_s
     00000003  ___bank_s |    00000003  ___bank_s |    00000003  ___bank_s
     00000003  ___bank_s |    00000003  ___bank_s |    00000003  ___bank_s
     00000003  ___bank_s |    00000003  ___bank_s |    00000003  b_state_a
     00000003  b_state_a |    00000003  b_state_c |    00000003  b_state_g
     00000003  b_state_i |    00000003  b_state_i |    00000003  b_state_s
     00000003  b_state_s |    00000003  b_state_t |    00000003  b_state_t
     00000003  l__FONT_H |    00000003  l__HEADER |    00000003  l__HEADER
     00000004  ___bank_b |    00000005  ___bank_b |    00000005  ___bank_u
     00000005  b_run_see |    00000005  b_title_s |    00000005  b_ui_comb
     00000005  b_ui_comb |    00000005  b_ui_comb |    00000005  b_ui_comb
     00000005  b_ui_draw |    00000005  b_ui_draw |    00000005  b_ui_game
     00000005  b_ui_load |    00000005  b_ui_load |    00000005  b_ui_pane
     00000005  b_ui_pane |    00000005  b_ui_pane |    00000005  b_ui_pane
     00000005  b_ui_push |    00000005  b_ui_push |    00000005  b_ui_push
     00000005  b_window_ |    00000005  b_window_ |    00000005  l__HEADER
     00000006  ___bank_a |    00000006  b_ability |    00000006  l__HEADER
     00000007  ___bank_a |    00000007  b_ability |    00000007  l__HEADER
     00000008  ___bank_a |    00000008  b_ability |    00000008  l__HEADER
     00000009  ___bank_a |    00000009  b_ability |    0000000A  ___bank_b
     0000000A  b_biome_d |    0000000B  ___bank_b |    0000000B  b_biome_c
     0000000C  ___bank_b |    0000000C  b_biome_c |    0000000C  l__GSINIT
     0000000D  ___bank_i |    0000000D  b_items_c |    00000013  l__HRAM  
     00000021  l__CODE_1 |    0000002D  l__CODE_1 |    00000030  l__HEADER
     00000034  l__CODE_1 |    00000038  l__INITIA |    00000038  l__INITIA
ASxxxx Linker V03.00/V05.40 + sdld,  page 2.
Hexadecimal  [32-Bits]

Area                       Addr        Size        Decimal Bytes (Attributes)
--------------------       ----        ----        ------- ----- ------------
.  .ABS.               00000000    00000000 =           0. bytes (ABS,CON)

        Value  Global            Value  Global            Value  Global    
        -----  ------            -----  ------            -----  ------    
     00000042  l__CODE_1 |    00000060  l__HEADER |    0000007A  l__CODE_6
     000000AB  l__HEADER |    000001AB  l__CODE_8 |    00000200  l__CODE_9
     00000200  s__CODE   |    000007DE  l__CODE_3 |    00000B98  l__HOME  
     00000B9B  l__CODE_4 |    00001108  l__CODE_1 |    00001BDA  l__DATA  
     00002000  _rROMB0   |    00003000  _rROMB1   |    00003012  l__CODE  
     00003212  s__HOME   |    000036A6  l__CODE_5 |    000037D3  l__CODE_2
     00003DAA  s__BASE   |    00003DAA  s__CODE_0 |    00003DAA  s__INITIA
     00003DAA  s__LIT    |    00003DE2  s__GSINIT |    00003DEE  s__GSFINA
     00004000  _rMBC7_SR |    00004000  _rRAMB    |    00008000  __VRAM   
     00008000  __VRAM800 |    00008800  __VRAM880 |    00009000  __VRAM900
     00009800  __SCRN0   |    00009C00  __SCRN1   |    0000A000  __SRAM   
     0000A000  _rMBC7_LA |    0000A010  _rMBC7_LA |    0000A020  _rMBC7_AC
     0000A030  _rMBC7_AC |    0000A040  _rMBC7_AC |    0000A050  _rMBC7_AC
     0000C000  __RAM     |    0000C000  _shadow_O |    0000C0A0  s__DATA  
     0000D000  __RAMBANK |    0000DC7A  s__BSS    |    0000DC7A  s__INITIA
     0000DCB2  s__HEAP   |    0000DCB2  s__HEAP_E |    0000E000  .STACK   
     0000FE00  __OAMRAM  |    0000FF00  _P1_REG   |    0000FF00  __IO     
     0000FF01  _SB_REG   |    0000FF02  _SC_REG   |    0000FF04  _DIV_REG 
     0000FF05  _TIMA_REG |    0000FF06  _TMA_REG  |    0000FF07  _TAC_REG 
     0000FF0F  _IF_REG   |    0000FF10  _NR10_REG |    0000FF11  _NR11_REG
     0000FF12  _NR12_REG |    0000FF13  _NR13_REG |    0000FF14  _NR14_REG
     0000FF16  _NR21_REG |    0000FF17  _NR22_REG |    0000FF18  _NR23_REG
     0000FF19  _NR24_REG |    0000FF1A  _NR30_REG |    0000FF1B  _NR31_REG
     0000FF1C  _NR32_REG |    0000FF1D  _NR33_REG |    0000FF1E  _NR34_REG
     0000FF20  _NR41_REG |    0000FF21  _NR42_REG |    0000FF22  _NR43_REG
     0000FF23  _NR44_REG |    0000FF24  _NR50_REG |    0000FF25  _NR51_REG
     0000FF26  _NR52_REG |    0000FF30  _AUD3WAVE |    0000FF30  _PCM_SAMP
     0000FF30  __AUD3WAV |    0000FF40  _LCDC_REG |    0000FF41  _STAT_REG
     0000FF42  _SCY_REG  |    0000FF43  _SCX_REG  |    0000FF44  _LY_REG  
     0000FF45  _LYC_REG  |    0000FF46  _DMA_REG  |    0000FF47  _BGP_REG 
     0000FF48  _OBP0_REG |    0000FF49  _OBP1_REG |    0000FF4A  _WY_REG  
     0000FF4B  _WX_REG   |    0000FF4D  _KEY1_REG |    0000FF4F  _VBK_REG 
     0000FF51  _HDMA1_RE |    0000FF52  _HDMA2_RE |    0000FF53  _HDMA3_RE
     0000FF54  _HDMA4_RE |    0000FF55  _HDMA5_RE |    0000FF56  _RP_REG  
     0000FF68  _BCPS_REG |    0000FF69  _BCPD_REG |    0000FF6A  _OCPS_REG
     0000FF6B  _OCPD_REG |    0000FF70  _SVBK_REG |    0000FF76  _PCM12_RE
     0000FF77  _PCM34_RE |    0000FF80  __HRAM    |    0000FF80  s__HRAM  
     0000FFFF  _IE_REG   |    00014000  s__CODE_1 |    00024000  s__CODE_2
     00034000  s__CODE_3 |    00044000  s__CODE_4 |    00054000  s__CODE_5
     00064000  s__CODE_6 |    00074000  s__CODE_7 |    00084000  s__CODE_8
     00094000  s__CODE_9 |    000A4000  s__CODE_1 |    000B4000  s__CODE_1
     000C4000  s__CODE_1 |    000D4000  s__CODE_1
ASxxxx Linker V03.00/V05.40 + sdld,  page 3.
Hexadecimal  [32-Bits]

Area                       Addr        Size        Decimal Bytes (Attributes)
--------------------       ----        ----        ------- ----- ------------
_CODE                  00000200    00003012 =       12306. bytes (REL,CON)

        Value  Global            Value  Global            Value  Global    
        -----  ------            -----  ------            -----  ------    
     00000200  _ability_ |    000002A3  _ability_ |    000002EC  _biome_lo
     00000333  _biome_pi |    0000035F  _grant_xp |    000003DA  _resolve_
     000004CB  _combat_d |    000005E9  _combat_p |    0000088B  _entity_s
     000008AE  _entity_s |    000008BC  _entity_s |    00000944  _entity_s
     00000969  _entity_s |    00000D62  _entity_s |    00000F5F  _entity_s
     00000F87  _entity_s |    00000FA8  _entity_s |    00000FB2  _entity_s
     00000FB5  _entity_s |    00001004  _entity_s |    00001017  _entity_s
     00001025  _entity_s |    000010B9  _entity_s |    000013E3  _entity_s
     000014E8  _entity_s |    000016B7  _entity_s |    00001781  _lcd_hp_p
     0000181F  _lcd_init |    00001836  _lcd_clea |    000018A2  _lighting
     000018AA  _lighting |    000018AE  _lighting |    000018EA  _lighting
     000018EE  _lighting |    00001906  _lighting |    00001B0B  _lighting
     00001B4E  _main     |    00002405  _sfx_lung |    0000240F  _sfx_spel
     00002420  _sfx_whir |    0000242F  _sfx_shie |    00002440  _music_pl
     00002476  _music_pl |    000024C7  _music_se |    000024D1  _music_ge
     000024D5  _music_be |    0000250A  _music_lo |    00002538  _music_pl
     0000258F  _music_in |    000025BD  _perf_sta |    000025C0  _perf_sta
     000025C8  _perf_rec |    0000266C  _perf_avg |    000026A0  _perf_max
     000026AF  _perf_cle |    000026D4  _seed_ent |    00002755  _seed_ent
     00002791  _seed_ent |    000027F2  _targetin |    00002892  _tileset_
     000028DA  _tileset_ |    00002944  _title_lo |    000029CE  _title_lo
     00002BA6  _title_lo |    00002BEC  _ui_loadi |    00002C25  __divsuch
     00002C2B  __modsuch |    00002C34  __divusch |    00002C3D  __modusch
     00002C49  __divscha |    00002C4E  __modscha |    00002C55  __divsint
     00002C5E  __modsint |    00002C6A  __divucha |    00002C6F  __moducha
     00002C76  __divuint |    00002C7F  __moduint |    00002C8B  .div8    
     00002C8B  .mod8     |    00002C93  .div16    |    00002C93  .mod16   
     00002CC9  .divu8    |    00002CC9  .modu8    |    00002CCC  .divu16  
     00002CCC  .modu16   |    00002D0C  _set_spri |    00002D11  _set_bkg_
     00002D14  .set_pale |    00002D33  _set_spri |    00002D38  _set_bkg_
     00002D3B  .set_pale |    00002D57  __mulsuch |    00002D5A  __mulusch
     00002D63  __mulscha |    00002D6B  __mulint  |    00002D8A  __mulucha
     00002D9C  _set_vram |    00002DA5  _set_win_ |    00002DAE  _set_bkg_
     00002DDD  ___memcpy |    00002DDD  _memcpy   |    00002E0F  _printf  
     00002E24  _cpu_slow |    00002E3F  _cpu_fast |    00002E46  _cgb_comp
     00002E46  _set_defa |    00002E96  ___printf |    000031F3  _sprintf 
ASxxxx Linker V03.00/V05.40 + sdld,  page 4.
Hexadecimal  [32-Bits]

Area                       Addr        Size        Decimal Bytes (Attributes)
--------------------       ----        ----        ------- ----- ------------
_HEADER0               00000000    00000001 =           1. bytes (ABS,CON)

        Value  Global            Value  Global            Value  Global    
        -----  ------            -----  ------            -----  ------    
     00000020  .call_hl 
ASxxxx Linker V03.00/V05.40 + sdld,  page 5.
Hexadecimal  [32-Bits]

Area                       Addr        Size        Decimal Bytes (Attributes)
--------------------       ----        ----        ------- ----- ------------
_HEADER1               00000000    00000005 =           5. bytes (ABS,CON)

        Value  Global            Value  Global            Value  Global    
        -----  ------            -----  ------            -----  ------    
     00000028  .MemsetSm
ASxxxx Linker V03.00/V05.40 + sdld,  page 6.
Hexadecimal  [32-Bits]

Area                       Addr        Size        Decimal Bytes (Attributes)
--------------------       ----        ----        ------- ----- ------------
_HEADER2               00000000    00000007 =           7. bytes (ABS,CON)

        Value  Global            Value  Global            Value  Global    
        -----  ------            -----  ------            -----  ------    
     00000030  .MemcpySm
ASxxxx Linker V03.00/V05.40 + sdld,  page 7.
Hexadecimal  [32-Bits]

Area                       Addr        Size        Decimal Bytes (Attributes)
--------------------       ----        ----        ------- ----- ------------
_HEADER3               00000000    00000008 =           8. bytes (ABS,CON)

        Value  Global            Value  Global            Value  Global    
        -----  ------            -----  ------            -----  ------    
ASxxxx Linker V03.00/V05.40 + sdld,  page 8.
Hexadecimal  [32-Bits]

Area                       Addr        Size        Decimal Bytes (Attributes)
--------------------       ----        ----        ------- ----- ------------
_HEADER4               00000000    00000060 =          96. bytes (ABS,CON)

        Value  Global            Value  Global            Value  Global    
        -----  ------            -----  ------            -----  ------    
     00000080  .int      |    0000008F  _wait_int |    0000009C  __standar
     000000AB  _refresh_ |    000000CC  _set_inte
ASxxxx Linker V03.00/V05.40 + sdld,  page 9.
Hexadecimal  [32-Bits]

Area                       Addr        Size        Decimal Bytes (Attributes)
--------------------       ----        ----        ------- ----- ------------
_HEADER5               00000000    00000001 =           1. bytes (ABS,CON)

        Value  Global            Value  Global            Value  Global    
        -----  ------            -----  ------            -----  ------    
ASxxxx Linker V03.00/V05.40 + sdld,  page 10.
Hexadecimal  [32-Bits]

Area                       Addr        Size        Decimal Bytes (Attributes)
--------------------       ----        ----        ------- ----- ------------
_HEADER6               00000000    00000002 =           2. bytes (ABS,CON)

        Value  Global            Value  Global            Value  Global    
        -----  ------            -----  ------            -----  ------    
ASxxxx Linker V03.00/V05.40 + sdld,  page 11.
Hexadecimal  [32-Bits]

Area                       Addr        Size        Decimal Bytes (Attributes)
--------------------       ----        ----        ------- ----- ------------
_HEADER7               00000000    00000030 =          48. bytes (ABS,CON)

        Value  Global            Value  Global            Value  Global    
        -----  ------            -----  ------            -----  ------    
ASxxxx Linker V03.00/V05.40 + sdld,  page 12.
Hexadecimal  [32-Bits]

Area                       Addr        Size        Decimal Bytes (Attributes)
--------------------       ----        ----        ------- ----- ------------
_HEADER8               00000000    00000006 =           6. bytes (ABS,CON)

        Value  Global            Value  Global            Value  Global    
        -----  ------            -----  ------            -----  ------    
ASxxxx Linker V03.00/V05.40 + sdld,  page 13.
Hexadecimal  [32-Bits]

Area                       Addr        Size        Decimal Bytes (Attributes)
--------------------       ----        ----        ------- ----- ------------
_HEADER9               00000000    00000003 =           3. bytes (ABS,CON)

        Value  Global            Value  Global            Value  Global    
        -----  ------            -----  ------            -----  ------    
ASxxxx Linker V03.00/V05.40 + sdld,  page 14.
Hexadecimal  [32-Bits]

Area                       Addr        Size        Decimal Bytes (Attributes)
--------------------       ----        ----        ------- ----- ------------
_HEADERa               00000000    00000001 =           1. bytes (ABS,CON)

        Value  Global            Value  Global            Value  Global    
        -----  ------            -----  ------            -----  ------    
ASxxxx Linker V03.00/V05.40 + sdld,  page 15.
Hexadecimal  [32-Bits]

Area                       Addr        Size        Decimal Bytes (Attributes)
--------------------       ----        ----        ------- ----- ------------
_HEADERb               00000000    00000001 =           1. bytes (ABS,CON)

        Value  Global            Value  Global            Value  Global    
        -----  ------            -----  ------            -----  ------    
ASxxxx Linker V03.00/V05.40 + sdld,  page 16.
Hexadecimal  [32-Bits]

Area                       Addr        Size        Decimal Bytes (Attributes)
--------------------       ----        ----        ------- ----- ------------
_HEADERc               00000000    00000001 =           1. bytes (ABS,CON)

        Value  Global            Value  Global            Value  Global    
        -----  ------            -----  ------            -----  ------    
ASxxxx Linker V03.00/V05.40 + sdld,  page 17.
Hexadecimal  [32-Bits]

Area                       Addr        Size        Decimal Bytes (Attributes)
--------------------       ----        ----        ------- ----- ------------
_HEADERd               00000000    00000002 =           2. bytes (ABS,CON)

        Value  Global            Value  Global            Value  Global    
        -----  ------            -----  ------            -----  ------    
ASxxxx Linker V03.00/V05.40 + sdld,  page 18.
Hexadecimal  [32-Bits]

Area                       Addr        Size        Decimal Bytes (Attributes)
--------------------       ----        ----        ------- ----- ------------
_HEADERe               00000000    00000001 =           1. bytes (ABS,CON)

        Value  Global            Value  Global            Value  Global    
        -----  ------            -----  ------            -----  ------    
ASxxxx Linker V03.00/V05.40 + sdld,  page 19.
Hexadecimal  [32-Bits]

Area                       Addr        Size        Decimal Bytes (Attributes)
--------------------       ----        ----        ------- ----- ------------
_HEADERf               00000000    00000001 =           1. bytes (ABS,CON)

        Value  Global            Value  Global            Value  Global    
        -----  ------            -----  ------            -----  ------    
ASxxxx Linker V03.00/V05.40 + sdld,  page 20.
Hexadecimal  [32-Bits]

Area                       Addr        Size        Decimal Bytes (Attributes)
--------------------       ----        ----        ------- ----- ------------
_HEADER10              00000000    00000002 =           2. bytes (ABS,CON)

        Value  Global            Value  Global            Value  Global    
        -----  ------            -----  ------            -----  ------    
ASxxxx Linker V03.00/V05.40 + sdld,  page 21.
Hexadecimal  [32-Bits]

Area                       Addr        Size        Decimal Bytes (Attributes)
--------------------       ----        ----        ------- ----- ------------
_HEADER11              00000000    000000AB =         171. bytes (ABS,CON)

        Value  Global            Value  Global            Value  Global    
        -----  ------            -----  ------            -----  ------    
     00000150  .reset    |    00000150  _reset    |    00000157  .code_sta
     000001B9  _exit     |    000001BD  .wait_vbl |    000001BD  _vsync   
     000001BD  _wait_vbl |    000001CD  .remove_V |    000001CD  _remove_V
     000001D0  .remove_i |    000001ED  .add_VBL  |    000001ED  _add_VBL 
     000001F0  .add_int 
ASxxxx Linker V03.00/V05.40 + sdld,  page 22.
Hexadecimal  [32-Bits]

Area                       Addr        Size        Decimal Bytes (Attributes)
--------------------       ----        ----        ------- ----- ------------
_HOME                  00003212    00000B98 =        2968. bytes (REL,CON)

        Value  Global            Value  Global            Value  Global    
        -----  ------            -----  ------            -----  ------    
     00003212  .memset_s |    0000321B  .memcpy_s |    00003238  .display_
     00003238  _display_ |    00003250  _render_s |    000032B8  _render_s
     000032C6  _fill_win |    000032D8  _rand     |    000032D8  _randw   
     00003303  _initrand |    00003305  .initrand |    0000330E  _font_loa
     00003315  font_load |    0000335D  font_copy |    00003393  font_set 
     000033A0  .put_char |    000033B8  .out_char |    000033BE  .del_char
     00003414  _putchar  |    0000341D  _setchar  |    00003426  _font_loa
     00003434  _font_set |    00003443  _font_ini |    00003462  .cls     
     00003462  _cls      |    00003484  _gotoxy   |    0000348F  _posx    
     000034A0  _posy     |    000034C8  .cr_curs  |    000034DD  .adv_curs
     00003539  .tmode    |    00003556  .tmode_ou |    0000355F  _font_col
     0000356A  _set_tile |    0000356F  _set_bkg_ |    0000356F  _set_win_
     00003577  _set_spri |    000035A7  .fill_rec |    000035B0  .fill_rec
     000035FD  __modulon |    0000369A  .padup    |    0000369A  _waitpadu
     000036AA  .jpad     |    000036AA  _joypad   |    000036D2  _waitpad 
     000036D3  .wait_pad |    000036DA  _fill_bkg |    000036EC  _color   
     000036EC  _set_1bpp |    000036FB  _memset   |    0000372E  .drawing_
     0000374B  _font_ibm |    00003B2C  .add_LCD  |    00003B2C  _add_LCD 
     00003B32  .remove_L |    00003B32  _remove_L |    00003B38  ___sdcc_b
     00003B4C  __mullong |    00003C33  _set_bkg_ |    00003C47  _set_bkg_
     00003C47  _set_win_ |    00003C4F  _set_spri |    00003CA7  .set_xy_w
     00003CB0  .set_xy_b |    00003CBF  .set_xy_t |    00003D03  _uitoa   
     00003D12  _itoa     |    00003D21  .itoa     |    00003D35  .utoa    
     00003DA9  ___sdcc_c
ASxxxx Linker V03.00/V05.40 + sdld,  page 23.
Hexadecimal  [32-Bits]

Area                       Addr        Size        Decimal Bytes (Attributes)
--------------------       ----        ----        ------- ----- ------------
_INITIALIZER           00003DAA    00000038 =          56. bytes (REL,CON)

        Value  Global            Value  Global            Value  Global    
        -----  ------            -----  ------            -----  ------    
ASxxxx Linker V03.00/V05.40 + sdld,  page 24.
Hexadecimal  [32-Bits]

Area                       Addr        Size        Decimal Bytes (Attributes)
--------------------       ----        ----        ------- ----- ------------
_GSINIT                00003DE2    0000000C =          12. bytes (REL,CON)

        Value  Global            Value  Global            Value  Global    
        -----  ------            -----  ------            -----  ------    
     00003DE2  gsinit   
ASxxxx Linker V03.00/V05.40 + sdld,  page 25.
Hexadecimal  [32-Bits]

Area                       Addr        Size        Decimal Bytes (Attributes)
--------------------       ----        ----        ------- ----- ------------
_GSFINAL               00003DEE    00000001 =           1. bytes (REL,CON)

        Value  Global            Value  Global            Value  Global    
        -----  ------            -----  ------            -----  ------    
ASxxxx Linker V03.00/V05.40 + sdld,  page 26.
Hexadecimal  [32-Bits]

Area                       Addr        Size        Decimal Bytes (Attributes)
--------------------       ----        ----        ------- ----- ------------
_DATA                  0000C0A0    00001BDA =        7130. bytes (REL,CON)

        Value  Global            Value  Global            Value  Global    
        -----  ------            -----  ------            -----  ------    
     0000C0A0  __cpu     |    0000C0A1  __is_GBA  |    0000C0A2  .mode    
     0000C0A3  .sys_time |    0000C0A3  _sys_time |    0000C0A5  .int_0x40
     0000C0B1  _enemy_de |    0000C161  _g_player |    0000C162  _g_player
     0000C163  _g_prev_j |    0000C164  _g_run_en |    0000C166  _look_cx 
     0000C167  _look_cy  |    0000C168  _enemy_al |    0000C184  _dead_ene
     0000C1A0  _dead_ene |    0000C5FC  _ui_loadi |    0000C5FD  _ui_load_
     0000C5FE  _floor_bi |    0000CA7E  _pit_bits |    0000CEFE  _explored
     0000D37E  _nav_node |    0000D49E  _num_nav_ |    0000D4A1  _brazier_
     0000D4A2  _brazier_ |    0000D4B6  _brazier_ |    0000D4CA  _brazier_
     0000D4E1  _enemy_x  |    0000D4FD  _enemy_y  |    0000D519  _enemy_ty
     0000D535  _enemy_hp |    0000D551  _num_enem |    0000D552  _corpse_x
     0000D56E  _corpse_y |    0000D58A  _corpse_t |    0000D5A6  _num_corp
     0000D5A7  _enemy_oc |    0000DBA7  _enemy_an |    0000DBA8  _enemy_at
     0000DBC4  _enemy_at |    0000DBC5  _enemy_fo |    0000DC5A  ___rand_s
     0000DC5C  font_curr |    0000DC5F  font_firs |    0000DC60  font_tabl
     0000DC72  .int_0x48
ASxxxx Linker V03.00/V05.40 + sdld,  page 27.
Hexadecimal  [32-Bits]

Area                       Addr        Size        Decimal Bytes (Attributes)
--------------------       ----        ----        ------- ----- ------------
_INITIALIZED           0000DC7A    00000038 =          56. bytes (REL,CON)

        Value  Global            Value  Global            Value  Global    
        -----  ------            -----  ------            -----  ------    
     0000DC7A  _enemy_de |    0000DC83  _current_ |    0000DC84  _next_sta
     0000DC85  _pending_ |    0000DC86  _gameplay |    0000DC87  _player_h
     0000DC88  _player_h |    0000DC89  _player_l |    0000DC8A  _player_d
     0000DC8B  _player_x |    0000DC8D  _floor_nu |    0000DC8E  _run_seed
     0000DC90  _player_c |    0000DC91  _floor_bi |    0000DC92  _selected
     0000DC93  _belt_slo |    0000DC97  _witch_sh |    0000DC98  _zerker_w
     0000DC99  _knight_s |    0000DC9A  _lcd_game |    0000DC9B  _lcd_shak
     0000DC9C  _lcd_shak |    0000DC9D  _wall_til |    0000DC9E  _wall_pal
     0000DC9F  _pillar_p |    0000DCA0  _active_m |    0000DCA1  _active_m
     0000DCA2  _player_s |    0000DCA3  _player_s |    0000DCA4  _floor_co
     0000DCA5  _camera_p |    0000DCA7  _camera_p |    0000DCAB  _ui_panel
     0000DCAC  .curx     |    0000DCAD  .cury     |    0000DCAE  .fg_colou
     0000DCAE  __current |    0000DCAF  .bg_colou |    0000DCB0  .draw_mod
     0000DCB1  __map_til
ASxxxx Linker V03.00/V05.40 + sdld,  page 28.
Hexadecimal  [32-Bits]

Area                       Addr        Size        Decimal Bytes (Attributes)
--------------------       ----        ----        ------- ----- ------------
_HRAM                  0000FF80    00000013 =          19. bytes (REL,CON)

        Value  Global            Value  Global            Value  Global    
        -----  ------            -----  ------            -----  ------    
     0000FF80  .refresh_ |    0000FF90  __current |    0000FF91  __vbl_don
     0000FF92  __shadow_
ASxxxx Linker V03.00/V05.40 + sdld,  page 29.
Hexadecimal  [32-Bits]

Area                       Addr        Size        Decimal Bytes (Attributes)
--------------------       ----        ----        ------- ----- ------------
_CODE_1                00014000    00001108 =        4360. bytes (REL,CON)

        Value  Global            Value  Global            Value  Global    
        -----  ------            -----  ------            -----  ------    
     00014000  ___func_t |    00014000  _tileset_ |    00014008  _tileset_
     00015008  _tileset_
ASxxxx Linker V03.00/V05.40 + sdld,  page 30.
Hexadecimal  [32-Bits]

Area                       Addr        Size        Decimal Bytes (Attributes)
--------------------       ----        ----        ------- ----- ------------
_CODE_2                00024000    000037D3 =       14291. bytes (REL,CON)

        Value  Global            Value  Global            Value  Global    
        -----  ------            -----  ------            -----  ------    
     00024000  _wall_ort |    000241B5  _tile_at  |    00024245  _map_pit_
     00024255  _set_floo |    000242A7  _set_pit  |    00024303  _is_walka
     00024346  _tile_cha |    00024354  _tile_vra |    00024368  _tile_pal
     00024375  _floor_gr |    0002438D  _floor_ti |    0002447A  _floor_ti
     00024863  _nearest_ |    000248EF  _nav_next |    00024A7B  _generate
     00024F7C  ___func_l |    00024F7C  _level_ge |    00025279  _enemy_gr
     000252C5  _enemy_pl |    00025407  _enemy_cl |    000254B4  _corpse_p
     000255BF  _corpse_c |    0002563A  _enemy_ty |    000256CB  _enemy_ef
     00025715  _enemy_ef |    00025760  _enemy_an |    0002576E  _enemy_an
     000257EA  _enemy_at |    0002585B  _corpse_s |    000258D3  _corpse_a
     000258DF  _corpse_d |    000258EE  _spawn_en |    00025A00  _enemy_se
     00025A18  _enemy_ge |    00025D7B  _enemy_re |    00025EAE  _move_ene
     00026205  ___func_s |    00026205  _state_ga |    00026263  ___func_s
     00026263  _state_ga |    0002695E  ___func_c |    0002695E  _camera_i
     00026BD8  _camera_s |    00027061  _camera_s |    000270B0  _apply_wa
     00027322  ___func_l |    00027322  _load_pal |    00027406  _draw_cel
     0002745A  _draw_col |    00027494  _draw_row |    000274CB  _draw_ui_
     000274D3  _draw_gam |    000274E2  _draw_scr |    00027561  _draw_gam
     0002757E  _draw_ene |    00027581  _wall_pal |    0002771D  ___func_c
     0002771D  _class_pa |    00027758  _class_pa |    0002776F  ___func_l
     0002776F  _level_in
ASxxxx Linker V03.00/V05.40 + sdld,  page 31.
Hexadecimal  [32-Bits]

Area                       Addr        Size        Decimal Bytes (Attributes)
--------------------       ----        ----        ------- ----- ------------
_CODE_3                00034000    000007DE =        2014. bytes (REL,CON)

        Value  Global            Value  Global            Value  Global    
        -----  ------            -----  ------            -----  ------    
     000342E7  ___func_s |    000342E7  _state_ch |    0003447B  ___func_s
     0003447B  _state_st |    0003454E  ___func_s |    0003454E  _state_st
     00034579  ___func_s |    00034579  _state_ga |    00034625  ___func_s
     00034625  _state_in |    00034690  ___func_s |    00034690  _state_in
     000346B1  ___func_s |    000346B1  _state_ab |    00034713  ___func_s
     00034713  _state_ab |    0003472C  ___func_s |    0003472C  _state_tr
     0003478B  ___func_s |    0003478B  _state_ti
ASxxxx Linker V03.00/V05.40 + sdld,  page 32.
Hexadecimal  [32-Bits]

Area                       Addr        Size        Decimal Bytes (Attributes)
--------------------       ----        ----        ------- ----- ------------
_CODE_4                00044000    00000B9B =        2971. bytes (REL,CON)

        Value  Global            Value  Global            Value  Global    
        -----  ------            -----  ------            -----  ------    
     00044000  ___func_b |    00044000  _bwv1043_ |    00044132  _bwv1043_
     000446AE  _bwv1043_
ASxxxx Linker V03.00/V05.40 + sdld,  page 33.
Hexadecimal  [32-Bits]

Area                       Addr        Size        Decimal Bytes (Attributes)
--------------------       ----        ----        ------- ----- ------------
_CODE_5                00054000    000036A6 =       13990. bytes (REL,CON)

        Value  Global            Value  Global            Value  Global    
        -----  ------            -----  ------            -----  ------    
     00054000  ___func_u |    000547B6  _ui_comba |    000547C1  _ui_comba
     000548A1  _ui_comba |    000548B6  _ui_push_ |    00054A9C  _ui_push_
     00054C70  _ui_push_ |    00054D75  _ui_comba |    00054DB7  _seed_wor
     00054E07  _seed_wor |    00054E57  _seed_wor |    00055A02  _run_seed
     00055A7F  _ui_game_ |    00055AC0  _window_u |    00055B10  _window_u
     00055B17  _ui_loadi |    00055B6B  _ui_loadi |    00055B84  _ui_draw_
     00055BB7  _ui_draw_ |    00055C40  _ui_panel |    00055C45  _ui_panel
     00055C55  _ui_panel |    00055C61  _ui_panel |    0005600E  _title_sc
     00056152  ___func_b |    00056152  _bwv527_d |    00056293  _bwv527_m
     00056E54  _bwv527_b
ASxxxx Linker V03.00/V05.40 + sdld,  page 34.
Hexadecimal  [32-Bits]

Area                       Addr        Size        Decimal Bytes (Attributes)
--------------------       ----        ----        ------- ----- ------------
_CODE_6                00064000    0000007A =         122. bytes (REL,CON)

        Value  Global            Value  Global            Value  Global    
        -----  ------            -----  ------            -----  ------    
     00064033  ___func_a |    00064033  _ability_
ASxxxx Linker V03.00/V05.40 + sdld,  page 35.
Hexadecimal  [32-Bits]

Area                       Addr        Size        Decimal Bytes (Attributes)
--------------------       ----        ----        ------- ----- ------------
_CODE_7                00074000    00000001 =           1. bytes (REL,CON)

        Value  Global            Value  Global            Value  Global    
        -----  ------            -----  ------            -----  ------    
     00074000  ___func_a |    00074000  _ability_
ASxxxx Linker V03.00/V05.40 + sdld,  page 36.
Hexadecimal  [32-Bits]

Area                       Addr        Size        Decimal Bytes (Attributes)
--------------------       ----        ----        ------- ----- ------------
_CODE_8                00084000    000001AB =         427. bytes (REL,CON)

        Value  Global            Value  Global            Value  Global    
        -----  ------            -----  ------            -----  ------    
     0008418A  ___func_a |    0008418A  _ability_
ASxxxx Linker V03.00/V05.40 + sdld,  page 37.
Hexadecimal  [32-Bits]

Area                       Addr        Size        Decimal Bytes (Attributes)
--------------------       ----        ----        ------- ----- ------------
_CODE_9                00094000    00000200 =         512. bytes (REL,CON)

        Value  Global            Value  Global            Value  Global    
        -----  ------            -----  ------            -----  ------    
     000941DF  ___func_a |    000941DF  _ability_
ASxxxx Linker V03.00/V05.40 + sdld,  page 38.
Hexadecimal  [32-Bits]

Area                       Addr        Size        Decimal Bytes (Attributes)
--------------------       ----        ----        ------- ----- ------------
_CODE_10               000A4000    00000042 =          66. bytes (REL,CON)

        Value  Global            Value  Global            Value  Global    
        -----  ------            -----  ------            -----  ------    
     000A4000  ___func_b |    000A4000  _biome_du
ASxxxx Linker V03.00/V05.40 + sdld,  page 39.
Hexadecimal  [32-Bits]

Area                       Addr        Size        Decimal Bytes (Attributes)
--------------------       ----        ----        ------- ----- ------------
_CODE_11               000B4000    0000002D =          45. bytes (REL,CON)

        Value  Global            Value  Global            Value  Global    
        -----  ------            -----  ------            -----  ------    
     000B4000  ___func_b |    000B4000  _biome_cr
ASxxxx Linker V03.00/V05.40 + sdld,  page 40.
Hexadecimal  [32-Bits]

Area                       Addr        Size        Decimal Bytes (Attributes)
--------------------       ----        ----        ------- ----- ------------
_CODE_12               000C4000    00000034 =          52. bytes (REL,CON)

        Value  Global            Value  Global            Value  Global    
        -----  ------            -----  ------            -----  ------    
     000C4000  ___func_b |    000C4000  _biome_ca
ASxxxx Linker V03.00/V05.40 + sdld,  page 41.
Hexadecimal  [32-Bits]

Area                       Addr        Size        Decimal Bytes (Attributes)
--------------------       ----        ----        ------- ----- ------------
_CODE_13               000D4000    00000021 =          33. bytes (REL,CON)

        Value  Global            Value  Global            Value  Global    
        -----  ------            -----  ------            -----  ------    
     000D4000  ___func_i |    000D4000  _items_co
ASxxxx Linker V03.00/V05.40 + sdld,  page 42.
Hexadecimal  [32-Bits]

Area                       Addr        Size        Decimal Bytes (Attributes)
--------------------       ----        ----        ------- ----- ------------
_FONT_HEADER0          00000000    00000003 =           3. bytes (ABS,CON)

        Value  Global            Value  Global            Value  Global    
        -----  ------            -----  ------            -----  ------    
ASxxxx Linker V03.00/V05.40 + sdld,  page 43.
Hexadecimal  [32-Bits]

Area                       Addr        Size        Decimal Bytes (Attributes)
--------------------       ----        ----        ------- ----- ------------
_HEADER_LCD0           00000000    00000003 =           3. bytes (ABS,CON)

        Value  Global            Value  Global            Value  Global    
        -----  ------            -----  ------            -----  ------    
ASxxxx Linker V03.00/V05.40 + sdld,  page 44.

Files Linked                              [ module(s) ]

./gbdk/lib/gb/crt0.o                      [ Runtime ]
obj/gbc/ability_dispatch.rel              [ ability_dispatch ]
obj/gbc/biome.rel                         [ biome ]
obj/gbc/combat.rel                        [ combat ]
obj/gbc/debug_bank.rel                    [ debug_bank ]
obj/gbc/entity_sprites.rel                [ entity_sprites ]
obj/gbc/globals.rel                       [ globals ]
obj/gbc/lcd.rel                           [ lcd ]
obj/gbc/lighting.rel                      [ lighting ]
obj/gbc/main.rel                          [ main ]
obj/gbc/music.rel                         [ music ]
obj/gbc/perf.rel                          [ perf ]
obj/gbc/seed_entropy.rel                  [ seed_entropy ]
obj/gbc/targeting.rel                     [ targeting ]
obj/gbc/tileset_io.rel                    [ tileset_io ]
obj/gbc/title_logo.rel                    [ title_logo ]
obj/gbc/ui_loading_isr.rel                [ ui_loading_isr ]
obj/gbc/tileset.rel                       [ tileset ]
obj/gbc/map.rel                           [ map ]
obj/gbc/enemy.rel                         [ enemy ]
obj/gbc/state_gameplay.rel                [ state_gameplay ]
obj/gbc/camera.rel                        [ camera ]
obj/gbc/render.rel                        [ render ]
obj/gbc/wall_palettes.rel                 [ wall_palettes ]
obj/gbc/class_palettes.rel                [ class_palettes ]
obj/gbc/level_init.rel                    [ level_init ]
obj/gbc/state_char_create.rel             [ state_char_create ]
obj/gbc/state_stats.rel                   [ state_stats ]
obj/gbc/state_game_over.rel               [ state_game_over ]
obj/gbc/state_inventory.rel               [ state_inventory ]
obj/gbc/state_ability.rel                 [ state_ability ]
obj/gbc/state_transition.rel              [ state_transition ]
obj/gbc/state_title.rel                   [ state_title ]
obj/gbc/bwv1043_music.rel                 [ bwv1043_music ]
obj/gbc/ui.rel                            [ ui ]
obj/gbc/bwv527_music.rel                  [ bwv527_music ]
obj/gbc/abilities_knight.rel              [ abilities_knight ]
obj/gbc/abilities_scoundrel.rel           [ abilities_scoundrel ]
obj/gbc/abilities_witch.rel               [ abilities_witch ]
obj/gbc/abilities_zerker.rel              [ abilities_zerker ]
obj/gbc/biome_dungeon.rel                 [ biome_dungeon ]
obj/gbc/biome_crypt.rel                   [ biome_crypt ]
obj/gbc/biome_cavern.rel                  [ biome_cavern ]
obj/gbc/items.rel                         [ items ]


Libraries Linked                          [ object file ]

./gbdk/lib/gb/gb.lib                      [ fill_rect_wi.o ]
./gbdk/lib/gb/gb.lib                      [ sfr.o ]
./gbdk/lib/sm83/sm83.lib                  [ div.o ]
./gbdk/lib/sm83/sm83.lib                  [ rand.o ]
./gbdk/lib/gb/gb.lib                      [ font.o ]
./gbdk/lib/gb/gb.lib                      [ cgb_palettes.o ]
./gbdk/lib/gb/gb.lib                      [ font_color.o ]
./gbdk/lib/sm83/sm83.lib                  [ mul.o ]
./gbdk/lib/gb/gb.lib                      [ set_data.o ]
./gbdk/lib/gb/gb.lib                      [ set_tile.o ]
./gbdk/lib/gb/gb.lib                      [ fill_rect.o ]
./gbdk/lib/sm83/sm83.lib                  [ _modulong.o ]
./gbdk/lib/gb/gb.lib                      [ pad.o ]
./gbdk/lib/gb/gb.lib                      [ fill_rect_bk.o ]
./gbdk/lib/gb/gb.lib                      [ color.o ]
./gbdk/lib/sm83/sm83.lib                  [ memcpy.o ]
./gbdk/lib/sm83/sm83.lib                  [ _memset.o ]
./gbdk/lib/gb/gb.lib                      [ drawing_isr.o ]
./gbdk/lib/gb/gb.lib                      [ f_ibm_sh.o ]
./gbdk/lib/gb/gb.lib                      [ lcd.o ]
./gbdk/lib/gb/gb.lib                      [ ___sdcc_bcall_ehl.o ]
./gbdk/lib/sm83/sm83.lib                  [ printf.o ]
./gbdk/lib/gb/gb.lib                      [ cgb.o ]
./gbdk/lib/sm83/sm83.lib                  [ _mullong.o ]
./gbdk/lib/gb/gb.lib                      [ cgb_compat.o ]
./gbdk/lib/gb/gb.lib                      [ set_bk_t.o ]
./gbdk/lib/gb/gb.lib                      [ set_1bit_data.o ]
./gbdk/lib/sm83/sm83.lib                  [ sprintf.o ]
./gbdk/lib/gb/gb.lib                      [ set_xy_t.o ]
./gbdk/lib/sm83/sm83.lib                  [ itoa.o ]
./gbdk/lib/sm83/sm83.lib                  [ __sdcc_call_hl.o ]

ASxxxx Linker V03.00/V05.40 + sdld,  page 45.

User Base Address Definitions

_DATA=0xC0A0
_CODE=0x0200
_HRAM=0xFF80
ASxxxx Linker V03.00/V05.40 + sdld,  page 46.

User Global Definitions

_shadow_OAM=0xC000
.STACK=0xE000

