ASxxxx Linker V03.00/V05.40 + sdld,  page 1.
Hexadecimal  [32-Bits]

Area                       Addr        Size        Decimal Bytes (Attributes)
--------------------       ----        ----        ------- ----- ------------
.  .ABS.               00000000    00000000 =           0. bytes (ABS,CON)

        Value  Global            Value  Global            Value  Global    
        -----  ------            -----  ------            -----  ------    
     00000000  .__.ABS.  |    00000000  _rMBC7_SR |    00000000  _rRAMG   
     00000000  l__BASE   |    00000000  l__BSS    |    00000000  l__CABS  
     00000000  l__CODE_0 |    00000000  l__DABS   |    00000000  l__FONT_H
     00000000  l__HEADER |    00000000  l__HEADER |    00000000  l__HEAP  
     00000000  l__HEAP_E |    00000000  l__LIT    |    00000000  s__CABS  
     00000000  s__DABS   |    00000000  s__FONT_H |    00000000  s__FONT_H
     00000000  s__HEADER |    00000000  s__HEADER |    00000000  s__HEADER
     00000000  s__HEADER |    00000000  s__HEADER |    00000000  s__HEADER
     00000000  s__HEADER |    00000000  s__HEADER |    00000000  s__HEADER
     00000000  s__HEADER |    00000000  s__HEADER |    00000000  s__HEADER
     00000000  s__HEADER |    00000000  s__HEADER |    00000000  s__HEADER
     00000000  s__HEADER |    00000000  s__HEADER |    00000000  s__HEADER
     00000000  s__HEADER |    00000000  s__HEADER |    00000000  s__HEADER
     00000001  ___bank_s |    00000001  ___bank_s |    00000001  ___bank_s
     00000001  ___bank_s |    00000001  ___bank_t |    00000001  b_state_c
     00000001  b_state_g |    00000001  b_state_t |    00000001  b_state_t
     00000001  l__GSFINA |    00000001  l__HEADER |    00000001  l__HEADER
     00000001  l__HEADER |    00000001  l__HEADER |    00000001  l__HEADER
     00000001  l__HEADER |    00000001  l__HEADER |    00000002  ___bank_c
     00000002  ___bank_c |    00000002  ___bank_l |    00000002  ___bank_l
     00000002  ___bank_l |    00000002  ___bank_s |    00000002  ___bank_s
     00000002  b_camera_ |    00000002  b_camera_ |    00000002  b_camera_
     00000002  b_class_p |    00000002  b_class_p |    00000002  b_level_g
     00000002  b_level_i |    00000002  b_load_pa |    00000002  b_state_g
     00000002  b_state_g |    00000002  l__HEADER |    00000002  l__HEADER
     00000002  l__HEADER |    00000003  ___bank_s |    00000003  ___bank_s
     00000003  ___bank_s |    00000003  ___bank_s |    00000003  ___bank_s
     00000003  ___bank_s |    00000003  b_state_a |    00000003  b_state_a
     00000003  b_state_i |    00000003  b_state_i |    00000003  b_state_s
     00000003  b_state_s |    00000003  l__FONT_H |    00000003  l__HEADER
     00000003  l__HEADER |    00000004  ___bank_b |    00000005  ___bank_u
     00000005  b_run_see |    00000005  b_title_s |    00000005  b_ui_comb
     00000005  b_ui_comb |    00000005  b_ui_comb |    00000005  b_ui_comb
     00000005  b_ui_draw |    00000005  b_ui_draw |    00000005  b_ui_game
     00000005  b_ui_load |    00000005  b_ui_load |    00000005  b_ui_pane
     00000005  b_ui_pane |    00000005  b_ui_pane |    00000005  b_ui_pane
     00000005  b_window_ |    00000005  b_window_ |    00000005  l__HEADER
     00000006  l__HEADER |    00000007  l__HEADER |    00000008  l__HEADER
     0000000C  l__GSINIT |    00000013  l__HRAM   |    00000030  l__HEADER
     00000033  l__INITIA |    00000033  l__INITIA |    00000060  l__HEADER
     000000AB  l__HEADER |    00000200  s__CODE   |    00000205  l__CODE_3
     00000B98  l__HOME   |    00000B9B  l__CODE_4 |    0000173C  l__CODE_1
     000019BC  l__CODE_5 |    00001B99  l__DATA   |    00002000  _rROMB0  
     000026BF  l__CODE   |    000028BF  s__HOME   |    00003000  _rROMB1  
     00003457  s__BASE   |    00003457  s__CODE_0 |    00003457  s__INITIA
     00003457  s__LIT    |    0000348A  s__GSINIT |    00003496  s__GSFINA
     00003AA4  l__CODE_2 |    00004000  _rMBC7_SR |    00004000  _rRAMB   
     00008000  __VRAM    |    00008000  __VRAM800 |    00008800  __VRAM880
     00009000  __VRAM900 |    00009800  __SCRN0   |    00009C00  __SCRN1  
     0000A000  __SRAM    |    0000A000  _rMBC7_LA |    0000A010  _rMBC7_LA
ASxxxx Linker V03.00/V05.40 + sdld,  page 2.
Hexadecimal  [32-Bits]

Area                       Addr        Size        Decimal Bytes (Attributes)
--------------------       ----        ----        ------- ----- ------------
.  .ABS.               00000000    00000000 =           0. bytes (ABS,CON)

        Value  Global            Value  Global            Value  Global    
        -----  ------            -----  ------            -----  ------    
     0000A020  _rMBC7_AC |    0000A030  _rMBC7_AC |    0000A040  _rMBC7_AC
     0000A050  _rMBC7_AC |    0000C000  __RAM     |    0000C000  _shadow_O
     0000C0A0  s__DATA   |    0000D000  __RAMBANK |    0000DC39  s__BSS   
     0000DC39  s__INITIA |    0000DC6C  s__HEAP   |    0000DC6C  s__HEAP_E
     0000E000  .STACK    |    0000FE00  __OAMRAM  |    0000FF00  _P1_REG  
     0000FF00  __IO      |    0000FF01  _SB_REG   |    0000FF02  _SC_REG  
     0000FF04  _DIV_REG  |    0000FF05  _TIMA_REG |    0000FF06  _TMA_REG 
     0000FF07  _TAC_REG  |    0000FF0F  _IF_REG   |    0000FF10  _NR10_REG
     0000FF11  _NR11_REG |    0000FF12  _NR12_REG |    0000FF13  _NR13_REG
     0000FF14  _NR14_REG |    0000FF16  _NR21_REG |    0000FF17  _NR22_REG
     0000FF18  _NR23_REG |    0000FF19  _NR24_REG |    0000FF1A  _NR30_REG
     0000FF1B  _NR31_REG |    0000FF1C  _NR32_REG |    0000FF1D  _NR33_REG
     0000FF1E  _NR34_REG |    0000FF20  _NR41_REG |    0000FF21  _NR42_REG
     0000FF22  _NR43_REG |    0000FF23  _NR44_REG |    0000FF24  _NR50_REG
     0000FF25  _NR51_REG |    0000FF26  _NR52_REG |    0000FF30  _AUD3WAVE
     0000FF30  _PCM_SAMP |    0000FF30  __AUD3WAV |    0000FF40  _LCDC_REG
     0000FF41  _STAT_REG |    0000FF42  _SCY_REG  |    0000FF43  _SCX_REG 
     0000FF44  _LY_REG   |    0000FF45  _LYC_REG  |    0000FF46  _DMA_REG 
     0000FF47  _BGP_REG  |    0000FF48  _OBP0_REG |    0000FF49  _OBP1_REG
     0000FF4A  _WY_REG   |    0000FF4B  _WX_REG   |    0000FF4D  _KEY1_REG
     0000FF4F  _VBK_REG  |    0000FF51  _HDMA1_RE |    0000FF52  _HDMA2_RE
     0000FF53  _HDMA3_RE |    0000FF54  _HDMA4_RE |    0000FF55  _HDMA5_RE
     0000FF56  _RP_REG   |    0000FF68  _BCPS_REG |    0000FF69  _BCPD_REG
     0000FF6A  _OCPS_REG |    0000FF6B  _OCPD_REG |    0000FF70  _SVBK_REG
     0000FF76  _PCM12_RE |    0000FF77  _PCM34_RE |    0000FF80  __HRAM   
     0000FF80  s__HRAM   |    0000FFFF  _IE_REG   |    00014000  s__CODE_1
     00024000  s__CODE_2 |    00034000  s__CODE_3 |    00044000  s__CODE_4
     00054000  s__CODE_5
ASxxxx Linker V03.00/V05.40 + sdld,  page 3.
Hexadecimal  [32-Bits]

Area                       Addr        Size        Decimal Bytes (Attributes)
--------------------       ----        ----        ------- ----- ------------
_CODE                  00000200    000026BF =        9919. bytes (REL,CON)

        Value  Global            Value  Global            Value  Global    
        -----  ------            -----  ------            -----  ------    
     0000042C  _entity_s |    0000044F  _entity_s |    0000045D  _entity_s
     000004E5  _entity_s |    0000050A  _entity_s |    00000902  _entity_s
     00000AFF  _entity_s |    00000B27  _entity_s |    00000B48  _entity_s
     00000B52  _entity_s |    00000B55  _entity_s |    00000B9D  _entity_s
     00000BB0  _entity_s |    00000BBE  _entity_s |    00000C52  _entity_s
     00000F7C  _entity_s |    00001081  _entity_s |    00001250  _lcd_hp_p
     000012EE  _lcd_init |    00001305  _lcd_clea |    00001371  _lighting
     00001379  _lighting |    0000137D  _lighting |    000013B9  _lighting
     000013BD  _lighting |    000013D5  _lighting |    000015DA  _lighting
     0000161D  _main     |    00001C8E  _sfx_lung |    00001C91  _music_pl
     00001CC0  _music_pl |    00001CF2  _music_lo |    00001D12  _music_pl
     00001D69  _music_in |    00001D93  _perf_sta |    00001D96  _perf_sta
     00001D9E  _perf_rec |    00001E42  _perf_avg |    00001E76  _perf_max
     00001E85  _perf_cle |    00001EAA  _seed_ent |    00001F2B  _seed_ent
     00001F67  _seed_ent |    00001FF1  _title_lo |    0000207B  _title_lo
     00002253  _title_lo |    00002299  _ui_loadi |    000022D2  __divsuch
     000022D8  __modsuch |    000022E1  __divusch |    000022EA  __modusch
     000022F6  __divscha |    000022FB  __modscha |    00002302  __divsint
     0000230B  __modsint |    00002317  __divucha |    0000231C  __moducha
     00002323  __divuint |    0000232C  __moduint |    00002338  .div8    
     00002338  .mod8     |    00002340  .div16    |    00002340  .mod16   
     00002376  .divu8    |    00002376  .modu8    |    00002379  .divu16  
     00002379  .modu16   |    000023B9  _set_spri |    000023BE  _set_bkg_
     000023C1  .set_pale |    000023E0  _set_spri |    000023E5  _set_bkg_
     000023E8  .set_pale |    00002404  __mulsuch |    00002407  __mulusch
     00002410  __mulscha |    00002418  __mulint  |    00002437  __mulucha
     00002449  _set_vram |    00002452  _set_win_ |    0000245B  _set_bkg_
     0000248A  ___memcpy |    0000248A  _memcpy   |    000024BC  _printf  
     000024D1  _cpu_slow |    000024EC  _cpu_fast |    000024F3  _cgb_comp
     000024F3  _set_defa |    00002543  ___printf |    000028A0  _sprintf 
ASxxxx Linker V03.00/V05.40 + sdld,  page 4.
Hexadecimal  [32-Bits]

Area                       Addr        Size        Decimal Bytes (Attributes)
--------------------       ----        ----        ------- ----- ------------
_HEADER0               00000000    00000001 =           1. bytes (ABS,CON)

        Value  Global            Value  Global            Value  Global    
        -----  ------            -----  ------            -----  ------    
     00000020  .call_hl 
ASxxxx Linker V03.00/V05.40 + sdld,  page 5.
Hexadecimal  [32-Bits]

Area                       Addr        Size        Decimal Bytes (Attributes)
--------------------       ----        ----        ------- ----- ------------
_HEADER1               00000000    00000005 =           5. bytes (ABS,CON)

        Value  Global            Value  Global            Value  Global    
        -----  ------            -----  ------            -----  ------    
     00000028  .MemsetSm
ASxxxx Linker V03.00/V05.40 + sdld,  page 6.
Hexadecimal  [32-Bits]

Area                       Addr        Size        Decimal Bytes (Attributes)
--------------------       ----        ----        ------- ----- ------------
_HEADER2               00000000    00000007 =           7. bytes (ABS,CON)

        Value  Global            Value  Global            Value  Global    
        -----  ------            -----  ------            -----  ------    
     00000030  .MemcpySm
ASxxxx Linker V03.00/V05.40 + sdld,  page 7.
Hexadecimal  [32-Bits]

Area                       Addr        Size        Decimal Bytes (Attributes)
--------------------       ----        ----        ------- ----- ------------
_HEADER3               00000000    00000008 =           8. bytes (ABS,CON)

        Value  Global            Value  Global            Value  Global    
        -----  ------            -----  ------            -----  ------    
ASxxxx Linker V03.00/V05.40 + sdld,  page 8.
Hexadecimal  [32-Bits]

Area                       Addr        Size        Decimal Bytes (Attributes)
--------------------       ----        ----        ------- ----- ------------
_HEADER4               00000000    00000060 =          96. bytes (ABS,CON)

        Value  Global            Value  Global            Value  Global    
        -----  ------            -----  ------            -----  ------    
     00000080  .int      |    0000008F  _wait_int |    0000009C  __standar
     000000AB  _refresh_ |    000000CC  _set_inte
ASxxxx Linker V03.00/V05.40 + sdld,  page 9.
Hexadecimal  [32-Bits]

Area                       Addr        Size        Decimal Bytes (Attributes)
--------------------       ----        ----        ------- ----- ------------
_HEADER5               00000000    00000001 =           1. bytes (ABS,CON)

        Value  Global            Value  Global            Value  Global    
        -----  ------            -----  ------            -----  ------    
ASxxxx Linker V03.00/V05.40 + sdld,  page 10.
Hexadecimal  [32-Bits]

Area                       Addr        Size        Decimal Bytes (Attributes)
--------------------       ----        ----        ------- ----- ------------
_HEADER6               00000000    00000002 =           2. bytes (ABS,CON)

        Value  Global            Value  Global            Value  Global    
        -----  ------            -----  ------            -----  ------    
ASxxxx Linker V03.00/V05.40 + sdld,  page 11.
Hexadecimal  [32-Bits]

Area                       Addr        Size        Decimal Bytes (Attributes)
--------------------       ----        ----        ------- ----- ------------
_HEADER7               00000000    00000030 =          48. bytes (ABS,CON)

        Value  Global            Value  Global            Value  Global    
        -----  ------            -----  ------            -----  ------    
ASxxxx Linker V03.00/V05.40 + sdld,  page 12.
Hexadecimal  [32-Bits]

Area                       Addr        Size        Decimal Bytes (Attributes)
--------------------       ----        ----        ------- ----- ------------
_HEADER8               00000000    00000006 =           6. bytes (ABS,CON)

        Value  Global            Value  Global            Value  Global    
        -----  ------            -----  ------            -----  ------    
ASxxxx Linker V03.00/V05.40 + sdld,  page 13.
Hexadecimal  [32-Bits]

Area                       Addr        Size        Decimal Bytes (Attributes)
--------------------       ----        ----        ------- ----- ------------
_HEADER9               00000000    00000003 =           3. bytes (ABS,CON)

        Value  Global            Value  Global            Value  Global    
        -----  ------            -----  ------            -----  ------    
ASxxxx Linker V03.00/V05.40 + sdld,  page 14.
Hexadecimal  [32-Bits]

Area                       Addr        Size        Decimal Bytes (Attributes)
--------------------       ----        ----        ------- ----- ------------
_HEADERa               00000000    00000001 =           1. bytes (ABS,CON)

        Value  Global            Value  Global            Value  Global    
        -----  ------            -----  ------            -----  ------    
ASxxxx Linker V03.00/V05.40 + sdld,  page 15.
Hexadecimal  [32-Bits]

Area                       Addr        Size        Decimal Bytes (Attributes)
--------------------       ----        ----        ------- ----- ------------
_HEADERb               00000000    00000001 =           1. bytes (ABS,CON)

        Value  Global            Value  Global            Value  Global    
        -----  ------            -----  ------            -----  ------    
ASxxxx Linker V03.00/V05.40 + sdld,  page 16.
Hexadecimal  [32-Bits]

Area                       Addr        Size        Decimal Bytes (Attributes)
--------------------       ----        ----        ------- ----- ------------
_HEADERc               00000000    00000001 =           1. bytes (ABS,CON)

        Value  Global            Value  Global            Value  Global    
        -----  ------            -----  ------            -----  ------    
ASxxxx Linker V03.00/V05.40 + sdld,  page 17.
Hexadecimal  [32-Bits]

Area                       Addr        Size        Decimal Bytes (Attributes)
--------------------       ----        ----        ------- ----- ------------
_HEADERd               00000000    00000002 =           2. bytes (ABS,CON)

        Value  Global            Value  Global            Value  Global    
        -----  ------            -----  ------            -----  ------    
ASxxxx Linker V03.00/V05.40 + sdld,  page 18.
Hexadecimal  [32-Bits]

Area                       Addr        Size        Decimal Bytes (Attributes)
--------------------       ----        ----        ------- ----- ------------
_HEADERe               00000000    00000001 =           1. bytes (ABS,CON)

        Value  Global            Value  Global            Value  Global    
        -----  ------            -----  ------            -----  ------    
ASxxxx Linker V03.00/V05.40 + sdld,  page 19.
Hexadecimal  [32-Bits]

Area                       Addr        Size        Decimal Bytes (Attributes)
--------------------       ----        ----        ------- ----- ------------
_HEADERf               00000000    00000001 =           1. bytes (ABS,CON)

        Value  Global            Value  Global            Value  Global    
        -----  ------            -----  ------            -----  ------    
ASxxxx Linker V03.00/V05.40 + sdld,  page 20.
Hexadecimal  [32-Bits]

Area                       Addr        Size        Decimal Bytes (Attributes)
--------------------       ----        ----        ------- ----- ------------
_HEADER10              00000000    00000002 =           2. bytes (ABS,CON)

        Value  Global            Value  Global            Value  Global    
        -----  ------            -----  ------            -----  ------    
ASxxxx Linker V03.00/V05.40 + sdld,  page 21.
Hexadecimal  [32-Bits]

Area                       Addr        Size        Decimal Bytes (Attributes)
--------------------       ----        ----        ------- ----- ------------
_HEADER11              00000000    000000AB =         171. bytes (ABS,CON)

        Value  Global            Value  Global            Value  Global    
        -----  ------            -----  ------            -----  ------    
     00000150  .reset    |    00000150  _reset    |    00000157  .code_sta
     000001B9  _exit     |    000001BD  .wait_vbl |    000001BD  _vsync   
     000001BD  _wait_vbl |    000001CD  .remove_V |    000001CD  _remove_V
     000001D0  .remove_i |    000001ED  .add_VBL  |    000001ED  _add_VBL 
     000001F0  .add_int 
ASxxxx Linker V03.00/V05.40 + sdld,  page 22.
Hexadecimal  [32-Bits]

Area                       Addr        Size        Decimal Bytes (Attributes)
--------------------       ----        ----        ------- ----- ------------
_HOME                  000028BF    00000B98 =        2968. bytes (REL,CON)

        Value  Global            Value  Global            Value  Global    
        -----  ------            -----  ------            -----  ------    
     000028BF  .memset_s |    000028C8  .memcpy_s |    000028E5  .display_
     000028E5  _display_ |    000028FD  _render_s |    00002965  _render_s
     00002973  _fill_win |    00002985  _rand     |    00002985  _randw   
     000029B0  _initrand |    000029B2  .initrand |    000029BB  _font_loa
     000029C2  font_load |    00002A0A  font_copy |    00002A40  font_set 
     00002A4D  .put_char |    00002A65  .out_char |    00002A6B  .del_char
     00002AC1  _putchar  |    00002ACA  _setchar  |    00002AD3  _font_loa
     00002AE1  _font_set |    00002AF0  _font_ini |    00002B0F  .cls     
     00002B0F  _cls      |    00002B31  _gotoxy   |    00002B3C  _posx    
     00002B4D  _posy     |    00002B75  .cr_curs  |    00002B8A  .adv_curs
     00002BE6  .tmode    |    00002C03  .tmode_ou |    00002C0C  _font_col
     00002C17  _set_tile |    00002C1C  _set_bkg_ |    00002C1C  _set_win_
     00002C24  _set_spri |    00002C54  .fill_rec |    00002C5D  .fill_rec
     00002CAA  __modulon |    00002D47  .padup    |    00002D47  _waitpadu
     00002D57  .jpad     |    00002D57  _joypad   |    00002D7F  _waitpad 
     00002D80  .wait_pad |    00002D87  _fill_bkg |    00002D99  _color   
     00002D99  _set_1bpp |    00002DA8  _memset   |    00002DDB  .drawing_
     00002DF8  _font_ibm |    000031D9  .add_LCD  |    000031D9  _add_LCD 
     000031DF  .remove_L |    000031DF  _remove_L |    000031E5  ___sdcc_b
     000031F9  __mullong |    000032E0  _set_bkg_ |    000032F4  _set_bkg_
     000032F4  _set_win_ |    000032FC  _set_spri |    00003354  .set_xy_w
     0000335D  .set_xy_b |    0000336C  .set_xy_t |    000033B0  _uitoa   
     000033BF  _itoa     |    000033CE  .itoa     |    000033E2  .utoa    
     00003456  ___sdcc_c
ASxxxx Linker V03.00/V05.40 + sdld,  page 23.
Hexadecimal  [32-Bits]

Area                       Addr        Size        Decimal Bytes (Attributes)
--------------------       ----        ----        ------- ----- ------------
_INITIALIZER           00003457    00000033 =          51. bytes (REL,CON)

        Value  Global            Value  Global            Value  Global    
        -----  ------            -----  ------            -----  ------    
ASxxxx Linker V03.00/V05.40 + sdld,  page 24.
Hexadecimal  [32-Bits]

Area                       Addr        Size        Decimal Bytes (Attributes)
--------------------       ----        ----        ------- ----- ------------
_GSINIT                0000348A    0000000C =          12. bytes (REL,CON)

        Value  Global            Value  Global            Value  Global    
        -----  ------            -----  ------            -----  ------    
     0000348A  gsinit   
ASxxxx Linker V03.00/V05.40 + sdld,  page 25.
Hexadecimal  [32-Bits]

Area                       Addr        Size        Decimal Bytes (Attributes)
--------------------       ----        ----        ------- ----- ------------
_GSFINAL               00003496    00000001 =           1. bytes (REL,CON)

        Value  Global            Value  Global            Value  Global    
        -----  ------            -----  ------            -----  ------    
ASxxxx Linker V03.00/V05.40 + sdld,  page 26.
Hexadecimal  [32-Bits]

Area                       Addr        Size        Decimal Bytes (Attributes)
--------------------       ----        ----        ------- ----- ------------
_DATA                  0000C0A0    00001B99 =        7065. bytes (REL,CON)

        Value  Global            Value  Global            Value  Global    
        -----  ------            -----  ------            -----  ------    
     0000C0A0  __cpu     |    0000C0A1  __is_GBA  |    0000C0A2  .mode    
     0000C0A3  .sys_time |    0000C0A3  _sys_time |    0000C0A5  .int_0x40
     0000C137  _g_player |    0000C138  _g_player |    0000C139  _g_prev_j
     0000C13A  _g_run_en |    0000C13C  _look_cx  |    0000C13D  _look_cy 
     0000C13E  _enemy_al |    0000C15A  _dead_ene |    0000C176  _dead_ene
     0000C5CF  _ui_loadi |    0000C5D0  _ui_load_ |    0000C5D1  _floor_bi
     0000CA51  _pit_bits |    0000CED1  _explored |    0000D351  _nav_node
     0000D471  _num_nav_ |    0000D474  _brazier_ |    0000D475  _brazier_
     0000D489  _brazier_ |    0000D49D  _brazier_ |    0000D4B4  _enemy_x 
     0000D4D0  _enemy_y  |    0000D4EC  _enemy_ty |    0000D508  _enemy_hp
     0000D524  _num_enem |    0000D525  _corpse_x |    0000D541  _corpse_y
     0000D55D  _corpse_t |    0000D579  _num_corp |    0000D57A  _enemy_oc
     0000DB7A  _enemy_an |    0000DB7B  _enemy_at |    0000DB97  _enemy_at
     0000DB98  _enemy_fo |    0000DC19  ___rand_s |    0000DC1B  font_curr
     0000DC1E  font_firs |    0000DC1F  font_tabl |    0000DC31  .int_0x48
ASxxxx Linker V03.00/V05.40 + sdld,  page 27.
Hexadecimal  [32-Bits]

Area                       Addr        Size        Decimal Bytes (Attributes)
--------------------       ----        ----        ------- ----- ------------
_INITIALIZED           0000DC39    00000033 =          51. bytes (REL,CON)

        Value  Global            Value  Global            Value  Global    
        -----  ------            -----  ------            -----  ------    
     0000DC41  _current_ |    0000DC42  _next_sta |    0000DC43  _pending_
     0000DC44  _gameplay |    0000DC45  _player_h |    0000DC46  _player_h
     0000DC47  _player_l |    0000DC48  _player_d |    0000DC49  _player_x
     0000DC4B  _floor_nu |    0000DC4C  _run_seed |    0000DC4E  _player_c
     0000DC4F  _selected |    0000DC50  _belt_slo |    0000DC54  _lcd_game
     0000DC55  _lcd_shak |    0000DC56  _lcd_shak |    0000DC57  _wall_til
     0000DC58  _wall_pal |    0000DC59  _pillar_p |    0000DC5A  _active_m
     0000DC5B  _active_m |    0000DC5C  _player_s |    0000DC5D  _player_s
     0000DC5E  _floor_co |    0000DC5F  _camera_p |    0000DC61  _camera_p
     0000DC65  _ui_panel |    0000DC66  .curx     |    0000DC67  .cury    
     0000DC68  .fg_colou |    0000DC68  __current |    0000DC69  .bg_colou
     0000DC6A  .draw_mod |    0000DC6B  __map_til
ASxxxx Linker V03.00/V05.40 + sdld,  page 28.
Hexadecimal  [32-Bits]

Area                       Addr        Size        Decimal Bytes (Attributes)
--------------------       ----        ----        ------- ----- ------------
_HRAM                  0000FF80    00000013 =          19. bytes (REL,CON)

        Value  Global            Value  Global            Value  Global    
        -----  ------            -----  ------            -----  ------    
     0000FF80  .refresh_ |    0000FF90  __current |    0000FF91  __vbl_don
     0000FF92  __shadow_
ASxxxx Linker V03.00/V05.40 + sdld,  page 29.
Hexadecimal  [32-Bits]

Area                       Addr        Size        Decimal Bytes (Attributes)
--------------------       ----        ----        ------- ----- ------------
_CODE_1                00014000    0000173C =        5948. bytes (REL,CON)

        Value  Global            Value  Global            Value  Global    
        -----  ------            -----  ------            -----  ------    
     00014342  ___func_s |    00014342  _state_ch |    000144D6  ___func_s
     000144D6  _state_ga |    00014582  ___func_s |    00014582  _state_tr
     000145E1  ___func_s |    000145E1  _state_ti |    00014634  ___func_t
     00014634  _tileset_ |    0001463C  _tileset_ |    0001563C  _tileset_
ASxxxx Linker V03.00/V05.40 + sdld,  page 30.
Hexadecimal  [32-Bits]

Area                       Addr        Size        Decimal Bytes (Attributes)
--------------------       ----        ----        ------- ----- ------------
_CODE_2                00024000    00003AA4 =       15012. bytes (REL,CON)

        Value  Global            Value  Global            Value  Global    
        -----  ------            -----  ------            -----  ------    
     00024000  _wall_ort |    000241B5  _tile_at  |    00024245  _map_pit_
     00024255  _set_floo |    000242A7  _set_pit  |    00024303  _is_walka
     00024346  _tile_cha |    00024354  _tile_vra |    00024368  _tile_pal
     00024375  _floor_gr |    0002438D  _floor_ti |    0002447A  _floor_ti
     00024863  _nearest_ |    000248EF  _nav_next |    00024A7B  _generate
     00024F7C  ___func_l |    00024F7C  _level_ge |    00025264  _enemy_de
     00025288  _enemy_gr |    000252D4  _enemy_pl |    00025416  _enemy_cl
     000254BC  _corpse_p |    000255CD  _corpse_c |    00025648  _enemy_ty
     00025698  _enemy_ef |    000256D2  _enemy_ef |    0002570D  _enemy_an
     0002571B  _enemy_an |    00025797  _enemy_at |    00025808  _corpse_s
     00025880  _corpse_a |    0002588C  _corpse_d |    0002589B  _spawn_en
     0002599A  _enemy_se |    000259B2  _enemy_ge |    00025B6E  _enemy_re
     00025C95  _move_ene |    00025EDC  ___func_c |    00025EDC  _camera_i
     00026156  _camera_s |    000265DF  _camera_s |    00026987  _push_com
     00026B48  _grant_xp |    00026BBB  _resolve_ |    00026C29  _combat_p
     00026D5C  ___func_s |    00026D5C  _state_ga |    00026DB3  ___func_s
     00026DB3  _state_ga |    00027381  _apply_wa |    000275F3  ___func_l
     000275F3  _load_pal |    000276D7  _draw_cel |    0002772B  _draw_col
     00027765  _draw_row |    0002779C  _draw_ui_ |    000277A4  _draw_gam
     000277B3  _draw_scr |    00027832  _draw_gam |    0002784F  _draw_ene
     00027852  _wall_pal |    000279EE  ___func_c |    000279EE  _class_pa
     00027A29  _class_pa |    00027A40  ___func_l |    00027A40  _level_in
ASxxxx Linker V03.00/V05.40 + sdld,  page 31.
Hexadecimal  [32-Bits]

Area                       Addr        Size        Decimal Bytes (Attributes)
--------------------       ----        ----        ------- ----- ------------
_CODE_3                00034000    00000205 =         517. bytes (REL,CON)

        Value  Global            Value  Global            Value  Global    
        -----  ------            -----  ------            -----  ------    
     00034000  ___func_s |    00034000  _state_st |    000340D3  ___func_s
     000340D3  _state_st |    000340FE  ___func_s |    000340FE  _state_in
     00034169  ___func_s |    00034169  _state_in |    0003418A  ___func_s
     0003418A  _state_ab |    000341EC  ___func_s |    000341EC  _state_ab
ASxxxx Linker V03.00/V05.40 + sdld,  page 32.
Hexadecimal  [32-Bits]

Area                       Addr        Size        Decimal Bytes (Attributes)
--------------------       ----        ----        ------- ----- ------------
_CODE_4                00044000    00000B9B =        2971. bytes (REL,CON)

        Value  Global            Value  Global            Value  Global    
        -----  ------            -----  ------            -----  ------    
     00044000  ___func_b |    00044000  _bwv1043_ |    00044132  _bwv1043_
     000446AE  _bwv1043_
ASxxxx Linker V03.00/V05.40 + sdld,  page 33.
Hexadecimal  [32-Bits]

Area                       Addr        Size        Decimal Bytes (Attributes)
--------------------       ----        ----        ------- ----- ------------
_CODE_5                00054000    000019BC =        6588. bytes (REL,CON)

        Value  Global            Value  Global            Value  Global    
        -----  ------            -----  ------            -----  ------    
     00054000  ___func_u |    00054561  _ui_comba |    0005456C  _ui_comba
     0005464C  _ui_comba |    00054661  _ui_comba |    000546A3  _seed_wor
     000546F3  _seed_wor |    00054743  _seed_wor |    0005526C  _run_seed
     000552E9  _ui_game_ |    0005532A  _window_u |    0005537A  _window_u
     00055381  _ui_loadi |    000553D5  _ui_loadi |    000553EE  _ui_draw_
     00055421  _ui_draw_ |    000554AA  _ui_panel |    000554AF  _ui_panel
     000554BF  _ui_panel |    000554CB  _ui_panel |    00055878  _title_sc
ASxxxx Linker V03.00/V05.40 + sdld,  page 34.
Hexadecimal  [32-Bits]

Area                       Addr        Size        Decimal Bytes (Attributes)
--------------------       ----        ----        ------- ----- ------------
_FONT_HEADER0          00000000    00000003 =           3. bytes (ABS,CON)

        Value  Global            Value  Global            Value  Global    
        -----  ------            -----  ------            -----  ------    
ASxxxx Linker V03.00/V05.40 + sdld,  page 35.
Hexadecimal  [32-Bits]

Area                       Addr        Size        Decimal Bytes (Attributes)
--------------------       ----        ----        ------- ----- ------------
_HEADER_LCD0           00000000    00000003 =           3. bytes (ABS,CON)

        Value  Global            Value  Global            Value  Global    
        -----  ------            -----  ------            -----  ------    
ASxxxx Linker V03.00/V05.40 + sdld,  page 36.

Files Linked                              [ module(s) ]

./gbdk/lib/gb/crt0.o                      [ Runtime ]
obj/gbc/debug_bank.rel                    [ debug_bank ]
obj/gbc/entity_sprites.rel                [ entity_sprites ]
obj/gbc/globals.rel                       [ globals ]
obj/gbc/lcd.rel                           [ lcd ]
obj/gbc/lighting.rel                      [ lighting ]
obj/gbc/main.rel                          [ main ]
obj/gbc/music.rel                         [ music ]
obj/gbc/perf.rel                          [ perf ]
obj/gbc/seed_entropy.rel                  [ seed_entropy ]
obj/gbc/title_logo.rel                    [ title_logo ]
obj/gbc/ui_loading_isr.rel                [ ui_loading_isr ]
obj/gbc/state_char_create.rel             [ state_char_create ]
obj/gbc/state_game_over.rel               [ state_game_over ]
obj/gbc/state_transition.rel              [ state_transition ]
obj/gbc/state_title.rel                   [ state_title ]
obj/gbc/map.rel                           [ map ]
obj/gbc/enemy.rel                         [ enemy ]
obj/gbc/camera.rel                        [ camera ]
obj/gbc/combat.rel                        [ combat ]
obj/gbc/state_gameplay.rel                [ state_gameplay ]
obj/gbc/render.rel                        [ render ]
obj/gbc/wall_palettes.rel                 [ wall_palettes ]
obj/gbc/class_palettes.rel                [ class_palettes ]
obj/gbc/level_init.rel                    [ level_init ]
obj/gbc/state_stats.rel                   [ state_stats ]
obj/gbc/state_inventory.rel               [ state_inventory ]
obj/gbc/state_ability.rel                 [ state_ability ]
obj/gbc/bwv1043_music.rel                 [ bwv1043_music ]
obj/gbc/ui.rel                            [ ui ]
obj/gbc/tileset.rel                       [ tileset ]


Libraries Linked                          [ object file ]

./gbdk/lib/gb/gb.lib                      [ fill_rect_wi.o ]
./gbdk/lib/gb/gb.lib                      [ sfr.o ]
./gbdk/lib/sm83/sm83.lib                  [ div.o ]
./gbdk/lib/sm83/sm83.lib                  [ rand.o ]
./gbdk/lib/gb/gb.lib                      [ font.o ]
./gbdk/lib/gb/gb.lib                      [ cgb_palettes.o ]
./gbdk/lib/gb/gb.lib                      [ font_color.o ]
./gbdk/lib/sm83/sm83.lib                  [ mul.o ]
./gbdk/lib/gb/gb.lib                      [ set_data.o ]
./gbdk/lib/gb/gb.lib                      [ set_tile.o ]
./gbdk/lib/gb/gb.lib                      [ fill_rect.o ]
./gbdk/lib/sm83/sm83.lib                  [ _modulong.o ]
./gbdk/lib/gb/gb.lib                      [ pad.o ]
./gbdk/lib/gb/gb.lib                      [ fill_rect_bk.o ]
./gbdk/lib/gb/gb.lib                      [ color.o ]
./gbdk/lib/sm83/sm83.lib                  [ memcpy.o ]
./gbdk/lib/sm83/sm83.lib                  [ _memset.o ]
./gbdk/lib/gb/gb.lib                      [ drawing_isr.o ]
./gbdk/lib/gb/gb.lib                      [ f_ibm_sh.o ]
./gbdk/lib/gb/gb.lib                      [ lcd.o ]
./gbdk/lib/gb/gb.lib                      [ ___sdcc_bcall_ehl.o ]
./gbdk/lib/sm83/sm83.lib                  [ printf.o ]
./gbdk/lib/gb/gb.lib                      [ cgb.o ]
./gbdk/lib/sm83/sm83.lib                  [ _mullong.o ]
./gbdk/lib/gb/gb.lib                      [ cgb_compat.o ]
./gbdk/lib/gb/gb.lib                      [ set_bk_t.o ]
./gbdk/lib/gb/gb.lib                      [ set_1bit_data.o ]
./gbdk/lib/sm83/sm83.lib                  [ sprintf.o ]
./gbdk/lib/gb/gb.lib                      [ set_xy_t.o ]
./gbdk/lib/sm83/sm83.lib                  [ itoa.o ]
./gbdk/lib/sm83/sm83.lib                  [ __sdcc_call_hl.o ]

ASxxxx Linker V03.00/V05.40 + sdld,  page 37.

User Base Address Definitions

_DATA=0xC0A0
_CODE=0x0200
_HRAM=0xFF80
ASxxxx Linker V03.00/V05.40 + sdld,  page 38.

User Global Definitions

_shadow_OAM=0xC000
.STACK=0xE000

