ASxxxx Linker V03.00/V05.40 + sdld,  page 1.
Hexadecimal  [32-Bits]

Area                       Addr        Size        Decimal Bytes (Attributes)
--------------------       ----        ----        ------- ----- ------------
.  .ABS.               00000000    00000000 =           0. bytes (ABS,CON)

        Value  Global            Value  Global            Value  Global    
        -----  ------            -----  ------            -----  ------    
     00000000  .__.ABS.  |    00000000  ___bank_a |    00000000  ___bank_a
     00000000  ___bank_a |    00000000  ___bank_a |    00000000  ___bank_a
     00000000  _rMBC7_SR |    00000000  _rRAMG    |    00000000  l__BASE  
     00000000  l__BSS    |    00000000  l__CABS   |    00000000  l__CODE_0
     00000000  l__DABS   |    00000000  l__FONT_H |    00000000  l__HEADER
     00000000  l__HEADER |    00000000  l__HEAP   |    00000000  l__HEAP_E
     00000000  l__LIT    |    00000000  s__CABS   |    00000000  s__DABS  
     00000000  s__FONT_H |    00000000  s__FONT_H |    00000000  s__HEADER
     00000000  s__HEADER |    00000000  s__HEADER |    00000000  s__HEADER
     00000000  s__HEADER |    00000000  s__HEADER |    00000000  s__HEADER
     00000000  s__HEADER |    00000000  s__HEADER |    00000000  s__HEADER
     00000000  s__HEADER |    00000000  s__HEADER |    00000000  s__HEADER
     00000000  s__HEADER |    00000000  s__HEADER |    00000000  s__HEADER
     00000000  s__HEADER |    00000000  s__HEADER |    00000000  s__HEADER
     00000000  s__HEADER |    00000000  s__HEADER |    00000001  ___bank_t
     00000001  l__GSFINA |    00000001  l__HEADER |    00000001  l__HEADER
     00000001  l__HEADER |    00000001  l__HEADER |    00000001  l__HEADER
     00000001  l__HEADER |    00000001  l__HEADER |    00000002  ___bank_c
     00000002  ___bank_c |    00000002  ___bank_c |    00000002  ___bank_c
     00000002  ___bank_e |    00000002  ___bank_g |    00000002  ___bank_g
     00000002  ___bank_i |    00000002  ___bank_l |    00000002  ___bank_l
     00000002  ___bank_r |    00000002  ___bank_s |    00000002  ___bank_s
     00000002  ___bank_t |    00000002  b_camera_ |    00000002  b_camera_
     00000002  b_camera_ |    00000002  b_class_p |    00000002  b_class_p
     00000002  b_combat_ |    00000002  b_combat_ |    00000002  b_corpse_
     00000002  b_corpse_ |    00000002  b_enemy_a |    00000002  b_enemy_c
     00000002  b_enemy_e |    00000002  b_enemy_e |    00000002  b_enemy_r
     00000002  b_enemy_t |    00000002  b_ground_ |    00000002  b_ground_
     00000002  b_is_walk |    00000002  b_level_g |    00000002  b_load_pa
     00000002  b_resolve |    00000002  b_state_g |    00000002  b_state_g
     00000002  b_tile_at |    00000002  l__HEADER |    00000002  l__HEADER
     00000002  l__HEADER |    00000003  ___bank_a |    00000003  ___bank_a
     00000003  ___bank_a |    00000003  ___bank_s |    00000003  ___bank_s
     00000003  ___bank_s |    00000003  ___bank_s |    00000003  ___bank_s
     00000003  ___bank_s |    00000003  ___bank_s |    00000003  ___bank_s
     00000003  ___bank_s |    00000003  ___bank_s |    00000003  ___bank_s
     00000003  ___bank_s |    00000003  b_ally_fo |    00000003  b_ally_fo
     00000003  b_ally_fo |    00000003  b_state_a |    00000003  b_state_a
     00000003  b_state_c |    00000003  b_state_g |    00000003  b_state_i
     00000003  b_state_i |    00000003  b_state_p |    00000003  b_state_p
     00000003  b_state_s |    00000003  b_state_s |    00000003  b_state_t
     00000003  b_state_t |    00000003  l__FONT_H |    00000003  l__HEADER
     00000003  l__HEADER |    00000004  ___bank_b |    00000005  ___bank_b
     00000005  ___bank_u |    00000005  b_run_see |    00000005  b_title_s
     00000005  b_ui_comb |    00000005  b_ui_comb |    00000005  b_ui_comb
     00000005  b_ui_comb |    00000005  b_ui_draw |    00000005  b_ui_draw
     00000005  b_ui_game |    00000005  b_ui_load |    00000005  b_ui_load
     00000005  b_ui_pane |    00000005  b_ui_pane |    00000005  b_ui_pane
     00000005  b_ui_pane |    00000005  b_ui_push |    00000005  b_ui_push
     00000005  b_ui_push |    00000005  b_ui_push |    00000005  b_window_
ASxxxx Linker V03.00/V05.40 + sdld,  page 2.
Hexadecimal  [32-Bits]

Area                       Addr        Size        Decimal Bytes (Attributes)
--------------------       ----        ----        ------- ----- ------------
.  .ABS.               00000000    00000000 =           0. bytes (ABS,CON)

        Value  Global            Value  Global            Value  Global    
        -----  ------            -----  ------            -----  ------    
     00000005  b_window_ |    00000005  l__HEADER |    00000006  ___bank_a
     00000006  b_ability |    00000006  l__HEADER |    00000007  ___bank_a
     00000007  b_ability |    00000007  l__HEADER |    00000008  ___bank_a
     00000008  b_ability |    00000008  l__HEADER |    00000009  ___bank_a
     00000009  b_ability |    0000000A  ___bank_b |    0000000A  ___bank_l
     0000000A  b_biome_d |    0000000A  b_level_i |    0000000B  ___bank_b
     0000000B  b_biome_c |    0000000C  ___bank_b |    0000000C  b_biome_c
     0000000C  l__GSINIT |    0000000D  b_invento |    0000000D  b_invento
     0000000D  b_invento |    0000000D  b_invento |    0000000D  b_invento
     0000000D  b_items_k |    0000000D  b_items_k |    0000000D  b_items_k
     0000000D  b_items_u |    0000000E  ___bank_s |    0000000E  b_story_u
     0000000F  b_scroll_ |    00000010  b_root_ic |    00000010  b_scroll_
     00000013  l__HRAM   |    0000001A  l__INITIA |    0000001A  l__INITIA
     0000002D  l__CODE_1 |    00000030  l__HEADER |    00000034  l__CODE_1
     0000004A  l__CODE_1 |    00000059  l__CODE_7 |    00000060  l__HEADER
     0000007A  l__CODE_6 |    000000AB  l__HEADER |    000000AE  l__CODE_1
     00000165  l__CODE_1 |    00000200  s__CODE   |    0000020E  l__CODE_9
     00000260  l__CODE_8 |    00000320  l__CODE_1 |    00000B9B  l__CODE_4
     00000BB8  l__HOME   |    00000EDC  l__CODE_1 |    00001108  l__CODE_1
     000014B9  l__CODE_3 |    00001CCD  l__DATA   |    00002000  _rROMB0  
     00003000  _rROMB1   |    00003213  l__CODE   |    00003413  s__HOME  
     00003977  l__CODE_5 |    00003FCB  s__BASE   |    00003FCB  s__CODE_0
     00003FCB  s__INITIA |    00003FCB  s__LIT    |    00003FE5  s__GSINIT
     00003FE9  l__CODE_2 |    00003FF1  s__GSFINA |    00004000  _rMBC7_SR
     00004000  _rRAMB    |    00008000  __VRAM    |    00008000  __VRAM800
     00008800  __VRAM880 |    00009000  __VRAM900 |    00009800  __SCRN0  
     00009C00  __SCRN1   |    0000A000  __SRAM    |    0000A000  _rMBC7_LA
     0000A010  _rMBC7_LA |    0000A020  _rMBC7_AC |    0000A030  _rMBC7_AC
     0000A040  _rMBC7_AC |    0000A050  _rMBC7_AC |    0000C000  __RAM    
     0000C000  _shadow_O |    0000C0A0  s__DATA   |    0000D000  __RAMBANK
     0000DD6D  s__BSS    |    0000DD6D  s__INITIA |    0000DD87  s__HEAP  
     0000DD87  s__HEAP_E |    0000E000  .STACK    |    0000FE00  __OAMRAM 
     0000FF00  _P1_REG   |    0000FF00  __IO      |    0000FF01  _SB_REG  
     0000FF02  _SC_REG   |    0000FF04  _DIV_REG  |    0000FF05  _TIMA_REG
     0000FF06  _TMA_REG  |    0000FF07  _TAC_REG  |    0000FF0F  _IF_REG  
     0000FF10  _NR10_REG |    0000FF11  _NR11_REG |    0000FF12  _NR12_REG
     0000FF13  _NR13_REG |    0000FF14  _NR14_REG |    0000FF16  _NR21_REG
     0000FF17  _NR22_REG |    0000FF18  _NR23_REG |    0000FF19  _NR24_REG
     0000FF1A  _NR30_REG |    0000FF1B  _NR31_REG |    0000FF1C  _NR32_REG
     0000FF1D  _NR33_REG |    0000FF1E  _NR34_REG |    0000FF20  _NR41_REG
     0000FF21  _NR42_REG |    0000FF22  _NR43_REG |    0000FF23  _NR44_REG
     0000FF24  _NR50_REG |    0000FF25  _NR51_REG |    0000FF26  _NR52_REG
     0000FF30  _AUD3WAVE |    0000FF30  _PCM_SAMP |    0000FF30  __AUD3WAV
     0000FF40  _LCDC_REG |    0000FF41  _STAT_REG |    0000FF42  _SCY_REG 
     0000FF43  _SCX_REG  |    0000FF44  _LY_REG   |    0000FF45  _LYC_REG 
     0000FF46  _DMA_REG  |    0000FF47  _BGP_REG  |    0000FF48  _OBP0_REG
     0000FF49  _OBP1_REG |    0000FF4A  _WY_REG   |    0000FF4B  _WX_REG  
     0000FF4D  _KEY1_REG |    0000FF4F  _VBK_REG  |    0000FF51  _HDMA1_RE
     0000FF52  _HDMA2_RE |    0000FF53  _HDMA3_RE |    0000FF54  _HDMA4_RE
     0000FF55  _HDMA5_RE |    0000FF56  _RP_REG   |    0000FF68  _BCPS_REG
     0000FF69  _BCPD_REG |    0000FF6A  _OCPS_REG |    0000FF6B  _OCPD_REG
ASxxxx Linker V03.00/V05.40 + sdld,  page 3.
Hexadecimal  [32-Bits]

Area                       Addr        Size        Decimal Bytes (Attributes)
--------------------       ----        ----        ------- ----- ------------
.  .ABS.               00000000    00000000 =           0. bytes (ABS,CON)

        Value  Global            Value  Global            Value  Global    
        -----  ------            -----  ------            -----  ------    
     0000FF70  _SVBK_REG |    0000FF76  _PCM12_RE |    0000FF77  _PCM34_RE
     0000FF80  __HRAM    |    0000FF80  s__HRAM   |    0000FFFF  _IE_REG  
     00014000  s__CODE_1 |    00024000  s__CODE_2 |    00034000  s__CODE_3
     00044000  s__CODE_4 |    00054000  s__CODE_5 |    00064000  s__CODE_6
     00074000  s__CODE_7 |    00084000  s__CODE_8 |    00094000  s__CODE_9
     000A4000  s__CODE_1 |    000B4000  s__CODE_1 |    000C4000  s__CODE_1
     000D4000  s__CODE_1 |    000E4000  s__CODE_1 |    000F4000  s__CODE_1
     00104000  s__CODE_1
ASxxxx Linker V03.00/V05.40 + sdld,  page 4.
Hexadecimal  [32-Bits]

Area                       Addr        Size        Decimal Bytes (Attributes)
--------------------       ----        ----        ------- ----- ------------
_CODE                  00000200    00003213 =       12819. bytes (REL,CON)

        Value  Global            Value  Global            Value  Global    
        -----  ------            -----  ------            -----  ------    
     00000200  _ability_ |    000002A3  _ability_ |    000002B4  _ability_
     000002BD  _ability_ |    000002C8  _ability_ |    000002D2  _ability_
     000002DD  _ability_ |    00000350  ___func_a |    00000350  _ally_cle
     00000375  ___func_a |    00000375  _ally_cle |    00000384  ___func_a
     00000384  _ally_fin |    0000039F  ___func_a |    0000039F  _ally_has
     000003C1  ___func_a |    000003C1  _ally_sum |    000003DA  _biome_lo
     00000421  _biome_pi |    000007F6  _entity_s |    0000081D  _entity_s
     00000836  _entity_s |    000008C1  _entity_s |    000008E6  _entity_s
     000008EC  _entity_s |    00000D1A  _entity_s |    00000F3B  _entity_s
     00000F63  _entity_s |    00000F84  _entity_s |    00000F8E  _entity_s
     00000F91  _entity_s |    00000FEC  _entity_s |    00000FFF  _entity_s
     00001017  _entity_s |    000010B6  _entity_s |    000013F0  _entity_s
     000014F5  _entity_s |    000016C4  _entity_s |    0000179A  _player_l
     000017BA  _lcd_hp_p |    00001858  _lcd_init |    0000186F  _lcd_susp
     00001881  _lcd_resu |    00001898  _lcd_clea |    00001904  _lighting
     0000190C  _lighting |    00001910  _lighting |    0000194C  _lighting
     00001950  _lighting |    00001968  _lighting |    00001B6D  _lighting
     00001BD2  _main     |    00002532  _sfx_lung |    0000253C  _sfx_spel
     0000254D  _sfx_whir |    0000255C  _sfx_shie |    0000256D  _music_pl
     000025A3  _music_pl |    000025F4  _music_se |    000025FE  _music_ge
     00002602  _music_be |    00002637  _music_lo |    00002665  _music_pl
     000026BC  _music_in |    000026EA  _perf_sta |    000026ED  _perf_sta
     000026F5  _perf_rec |    00002799  _perf_avg |    000027CD  _perf_max
     000027DC  _perf_cle |    00002801  _seed_ent |    00002882  _seed_ent
     000028BE  _seed_ent |    0000291F  _targetin |    000029BF  _tileset_
     00002A07  _tileset_ |    00002A71  _title_lo |    00002AFB  _title_lo
     00002CD3  _title_lo |    00002D2D  _ui_loadi |    00002D66  __divsuch
     00002D6C  __modsuch |    00002D75  __divusch |    00002D7E  __modusch
     00002D8A  __divscha |    00002D8F  __modscha |    00002D96  __divsint
     00002D9F  __modsint |    00002DAB  __divucha |    00002DB0  __moducha
     00002DB7  __divuint |    00002DC0  __moduint |    00002DCC  .div8    
     00002DCC  .mod8     |    00002DD4  .div16    |    00002DD4  .mod16   
     00002E0A  .divu8    |    00002E0A  .modu8    |    00002E0D  .divu16  
     00002E0D  .modu16   |    00002E4D  _set_spri |    00002E52  _set_bkg_
     00002E55  .set_pale |    00002E74  _set_spri |    00002E79  _set_bkg_
     00002E7C  .set_pale |    00002E98  _memmove  |    00002F47  __mulsuch
     00002F4A  __mulusch |    00002F53  __mulscha |    00002F5B  __mulint 
     00002F7A  __mulucha |    00002F8C  _set_vram |    00002F95  _set_win_
     00002F9E  _set_bkg_ |    00002FCD  ___memcpy |    00002FCD  _memcpy  
     00002FFF  _strcat   |    00003010  _printf   |    00003025  _cpu_slow
     00003040  _cpu_fast |    00003047  _cgb_comp |    00003047  _set_defa
     00003097  ___printf |    000033F4  _sprintf 
ASxxxx Linker V03.00/V05.40 + sdld,  page 5.
Hexadecimal  [32-Bits]

Area                       Addr        Size        Decimal Bytes (Attributes)
--------------------       ----        ----        ------- ----- ------------
_HEADER0               00000000    00000001 =           1. bytes (ABS,CON)

        Value  Global            Value  Global            Value  Global    
        -----  ------            -----  ------            -----  ------    
     00000020  .call_hl 
ASxxxx Linker V03.00/V05.40 + sdld,  page 6.
Hexadecimal  [32-Bits]

Area                       Addr        Size        Decimal Bytes (Attributes)
--------------------       ----        ----        ------- ----- ------------
_HEADER1               00000000    00000005 =           5. bytes (ABS,CON)

        Value  Global            Value  Global            Value  Global    
        -----  ------            -----  ------            -----  ------    
     00000028  .MemsetSm
ASxxxx Linker V03.00/V05.40 + sdld,  page 7.
Hexadecimal  [32-Bits]

Area                       Addr        Size        Decimal Bytes (Attributes)
--------------------       ----        ----        ------- ----- ------------
_HEADER2               00000000    00000007 =           7. bytes (ABS,CON)

        Value  Global            Value  Global            Value  Global    
        -----  ------            -----  ------            -----  ------    
     00000030  .MemcpySm
ASxxxx Linker V03.00/V05.40 + sdld,  page 8.
Hexadecimal  [32-Bits]

Area                       Addr        Size        Decimal Bytes (Attributes)
--------------------       ----        ----        ------- ----- ------------
_HEADER3               00000000    00000008 =           8. bytes (ABS,CON)

        Value  Global            Value  Global            Value  Global    
        -----  ------            -----  ------            -----  ------    
ASxxxx Linker V03.00/V05.40 + sdld,  page 9.
Hexadecimal  [32-Bits]

Area                       Addr        Size        Decimal Bytes (Attributes)
--------------------       ----        ----        ------- ----- ------------
_HEADER4               00000000    00000060 =          96. bytes (ABS,CON)

        Value  Global            Value  Global            Value  Global    
        -----  ------            -----  ------            -----  ------    
     00000080  .int      |    0000008F  _wait_int |    0000009C  __standar
     000000AB  _refresh_ |    000000CC  _set_inte
ASxxxx Linker V03.00/V05.40 + sdld,  page 10.
Hexadecimal  [32-Bits]

Area                       Addr        Size        Decimal Bytes (Attributes)
--------------------       ----        ----        ------- ----- ------------
_HEADER5               00000000    00000001 =           1. bytes (ABS,CON)

        Value  Global            Value  Global            Value  Global    
        -----  ------            -----  ------            -----  ------    
ASxxxx Linker V03.00/V05.40 + sdld,  page 11.
Hexadecimal  [32-Bits]

Area                       Addr        Size        Decimal Bytes (Attributes)
--------------------       ----        ----        ------- ----- ------------
_HEADER6               00000000    00000002 =           2. bytes (ABS,CON)

        Value  Global            Value  Global            Value  Global    
        -----  ------            -----  ------            -----  ------    
ASxxxx Linker V03.00/V05.40 + sdld,  page 12.
Hexadecimal  [32-Bits]

Area                       Addr        Size        Decimal Bytes (Attributes)
--------------------       ----        ----        ------- ----- ------------
_HEADER7               00000000    00000030 =          48. bytes (ABS,CON)

        Value  Global            Value  Global            Value  Global    
        -----  ------            -----  ------            -----  ------    
ASxxxx Linker V03.00/V05.40 + sdld,  page 13.
Hexadecimal  [32-Bits]

Area                       Addr        Size        Decimal Bytes (Attributes)
--------------------       ----        ----        ------- ----- ------------
_HEADER8               00000000    00000006 =           6. bytes (ABS,CON)

        Value  Global            Value  Global            Value  Global    
        -----  ------            -----  ------            -----  ------    
ASxxxx Linker V03.00/V05.40 + sdld,  page 14.
Hexadecimal  [32-Bits]

Area                       Addr        Size        Decimal Bytes (Attributes)
--------------------       ----        ----        ------- ----- ------------
_HEADER9               00000000    00000003 =           3. bytes (ABS,CON)

        Value  Global            Value  Global            Value  Global    
        -----  ------            -----  ------            -----  ------    
ASxxxx Linker V03.00/V05.40 + sdld,  page 15.
Hexadecimal  [32-Bits]

Area                       Addr        Size        Decimal Bytes (Attributes)
--------------------       ----        ----        ------- ----- ------------
_HEADERa               00000000    00000001 =           1. bytes (ABS,CON)

        Value  Global            Value  Global            Value  Global    
        -----  ------            -----  ------            -----  ------    
ASxxxx Linker V03.00/V05.40 + sdld,  page 16.
Hexadecimal  [32-Bits]

Area                       Addr        Size        Decimal Bytes (Attributes)
--------------------       ----        ----        ------- ----- ------------
_HEADERb               00000000    00000001 =           1. bytes (ABS,CON)

        Value  Global            Value  Global            Value  Global    
        -----  ------            -----  ------            -----  ------    
ASxxxx Linker V03.00/V05.40 + sdld,  page 17.
Hexadecimal  [32-Bits]

Area                       Addr        Size        Decimal Bytes (Attributes)
--------------------       ----        ----        ------- ----- ------------
_HEADERc               00000000    00000001 =           1. bytes (ABS,CON)

        Value  Global            Value  Global            Value  Global    
        -----  ------            -----  ------            -----  ------    
ASxxxx Linker V03.00/V05.40 + sdld,  page 18.
Hexadecimal  [32-Bits]

Area                       Addr        Size        Decimal Bytes (Attributes)
--------------------       ----        ----        ------- ----- ------------
_HEADERd               00000000    00000002 =           2. bytes (ABS,CON)

        Value  Global            Value  Global            Value  Global    
        -----  ------            -----  ------            -----  ------    
ASxxxx Linker V03.00/V05.40 + sdld,  page 19.
Hexadecimal  [32-Bits]

Area                       Addr        Size        Decimal Bytes (Attributes)
--------------------       ----        ----        ------- ----- ------------
_HEADERe               00000000    00000001 =           1. bytes (ABS,CON)

        Value  Global            Value  Global            Value  Global    
        -----  ------            -----  ------            -----  ------    
ASxxxx Linker V03.00/V05.40 + sdld,  page 20.
Hexadecimal  [32-Bits]

Area                       Addr        Size        Decimal Bytes (Attributes)
--------------------       ----        ----        ------- ----- ------------
_HEADERf               00000000    00000001 =           1. bytes (ABS,CON)

        Value  Global            Value  Global            Value  Global    
        -----  ------            -----  ------            -----  ------    
ASxxxx Linker V03.00/V05.40 + sdld,  page 21.
Hexadecimal  [32-Bits]

Area                       Addr        Size        Decimal Bytes (Attributes)
--------------------       ----        ----        ------- ----- ------------
_HEADER10              00000000    00000002 =           2. bytes (ABS,CON)

        Value  Global            Value  Global            Value  Global    
        -----  ------            -----  ------            -----  ------    
ASxxxx Linker V03.00/V05.40 + sdld,  page 22.
Hexadecimal  [32-Bits]

Area                       Addr        Size        Decimal Bytes (Attributes)
--------------------       ----        ----        ------- ----- ------------
_HEADER11              00000000    000000AB =         171. bytes (ABS,CON)

        Value  Global            Value  Global            Value  Global    
        -----  ------            -----  ------            -----  ------    
     00000150  .reset    |    00000150  _reset    |    00000157  .code_sta
     000001B9  _exit     |    000001BD  .wait_vbl |    000001BD  _vsync   
     000001BD  _wait_vbl |    000001CD  .remove_V |    000001CD  _remove_V
     000001D0  .remove_i |    000001ED  .add_VBL  |    000001ED  _add_VBL 
     000001F0  .add_int 
ASxxxx Linker V03.00/V05.40 + sdld,  page 23.
Hexadecimal  [32-Bits]

Area                       Addr        Size        Decimal Bytes (Attributes)
--------------------       ----        ----        ------- ----- ------------
_HOME                  00003413    00000BB8 =        3000. bytes (REL,CON)

        Value  Global            Value  Global            Value  Global    
        -----  ------            -----  ------            -----  ------    
     00003413  .memset_s |    0000341C  .memcpy_s |    00003439  .display_
     00003439  _display_ |    00003451  _render_s |    000034B9  _render_s
     000034C7  _fill_win |    000034D9  _strcpy   |    000034EB  _rand    
     000034EB  _randw    |    00003516  _initrand |    00003518  .initrand
     00003521  _font_loa |    00003528  font_load |    00003570  font_copy
     000035A6  font_set  |    000035B3  .put_char |    000035CB  .out_char
     000035D1  .del_char |    00003627  _putchar  |    00003630  _setchar 
     00003639  _font_loa |    00003647  _font_set |    00003656  _font_ini
     00003675  .cls      |    00003675  _cls      |    00003697  _gotoxy  
     000036A2  _posx     |    000036B3  _posy     |    000036DB  .cr_curs 
     000036F0  .adv_curs |    0000374C  .tmode    |    00003769  .tmode_ou
     00003772  _font_col |    0000377D  _set_tile |    00003782  _set_bkg_
     00003782  _set_win_ |    0000378A  _set_spri |    000037E9  .add_LCD 
     000037E9  _add_LCD  |    000037EF  .remove_L |    000037EF  _remove_L
     000037F5  .fill_rec |    000037FE  .fill_rec |    0000384B  __modulon
     000038E8  .padup    |    000038E8  _waitpadu |    000038F8  .jpad    
     000038F8  _joypad   |    00003920  _waitpad  |    00003921  .wait_pad
     00003928  _fill_bkg |    0000393A  _color    |    0000393A  _set_1bpp
     00003949  _memset   |    0000397C  .drawing_ |    00003999  _font_ibm
     00003D4B  ___sdcc_b |    00003D5F  _strlen   |    00003D64  .strlen  
     00003D6D  __mullong |    00003E54  _set_bkg_ |    00003E68  _set_bkg_
     00003E68  _set_win_ |    00003E70  _set_spri |    00003EC8  .set_xy_w
     00003ED1  .set_xy_b |    00003EE0  .set_xy_t |    00003F24  _uitoa   
     00003F33  _itoa     |    00003F42  .itoa     |    00003F56  .utoa    
     00003FCA  ___sdcc_c
ASxxxx Linker V03.00/V05.40 + sdld,  page 24.
Hexadecimal  [32-Bits]

Area                       Addr        Size        Decimal Bytes (Attributes)
--------------------       ----        ----        ------- ----- ------------
_INITIALIZER           00003FCB    0000001A =          26. bytes (REL,CON)

        Value  Global            Value  Global            Value  Global    
        -----  ------            -----  ------            -----  ------    
ASxxxx Linker V03.00/V05.40 + sdld,  page 25.
Hexadecimal  [32-Bits]

Area                       Addr        Size        Decimal Bytes (Attributes)
--------------------       ----        ----        ------- ----- ------------
_GSINIT                00003FE5    0000000C =          12. bytes (REL,CON)

        Value  Global            Value  Global            Value  Global    
        -----  ------            -----  ------            -----  ------    
     00003FE5  gsinit   
ASxxxx Linker V03.00/V05.40 + sdld,  page 26.
Hexadecimal  [32-Bits]

Area                       Addr        Size        Decimal Bytes (Attributes)
--------------------       ----        ----        ------- ----- ------------
_GSFINAL               00003FF1    00000001 =           1. bytes (REL,CON)

        Value  Global            Value  Global            Value  Global    
        -----  ------            -----  ------            -----  ------    
ASxxxx Linker V03.00/V05.40 + sdld,  page 27.
Hexadecimal  [32-Bits]

Area                       Addr        Size        Decimal Bytes (Attributes)
--------------------       ----        ----        ------- ----- ------------
_DATA                  0000C0A0    00001CCD =        7373. bytes (REL,CON)

        Value  Global            Value  Global            Value  Global    
        -----  ------            -----  ------            -----  ------    
     0000C0A0  __cpu     |    0000C0A1  __is_GBA  |    0000C0A2  .mode    
     0000C0A3  .sys_time |    0000C0A3  _sys_time |    0000C0A5  .int_0x40
     0000C0B1  _enemy_de |    0000C0DB  _enemy_de |    0000C165  _pending_
     0000C166  _gameplay |    0000C167  _player_x |    0000C169  _player_c
     0000C16A  _floor_bi |    0000C16B  _g_player |    0000C16C  _g_player
     0000C16D  _g_prev_j |    0000C16E  _g_run_en |    0000C170  _look_cx 
     0000C171  _look_cy  |    0000C172  _selected |    0000C173  _belt_slo
     0000C177  _witch_sh |    0000C178  _zerker_w |    0000C179  _knight_s
     0000C17A  _player_l |    0000C17B  _ally_act |    0000C17F  _ally_x  
     0000C183  _ally_y   |    0000C187  _ally_typ |    0000C18B  _ally_cha
     0000C18F  _ally_fli |    0000C193  _enemy_al |    0000C1AF  _dead_ene
     0000C1CB  _dead_ene |    0000C1CC  _inventor |    0000C1DC  _ground_i
     0000C1E4  _ground_i |    0000C1EC  _ground_i |    0000C1F4  _pending_
     0000C1F5  _lcd_game |    0000C1F6  _lcd_shak |    0000C1F7  _lcd_shak
     0000C653  _ui_loadi |    0000C654  _ui_load_ |    0000C655  _floor_bi
     0000CAD5  _pit_bits |    0000CF55  _explored |    0000D3D5  _nav_node
     0000D4F5  _num_nav_ |    0000D4F6  _wall_til |    0000D4F7  _wall_pal
     0000D4F8  _pillar_p |    0000D4F9  _active_m |    0000D4FA  _active_m
     0000D4FB  _player_s |    0000D4FC  _player_s |    0000D4FD  _floor_co
     0000D500  _brazier_ |    0000D501  _brazier_ |    0000D515  _brazier_
     0000D529  _brazier_ |    0000D540  _enemy_x  |    0000D55C  _enemy_y 
     0000D578  _enemy_ty |    0000D594  _enemy_hp |    0000D5B0  _enemy_st
     0000D5CC  _num_enem |    0000D5CD  _corpse_x |    0000D5E9  _corpse_y
     0000D605  _corpse_t |    0000D621  _num_corp |    0000D622  _enemy_oc
     0000DC22  _enemy_an |    0000DC23  _enemy_at |    0000DC3F  _enemy_at
     0000DC40  _enemy_fo |    0000DCB6  _camera_p |    0000DCB8  _camera_p
     0000DD4D  ___rand_s |    0000DD4F  font_curr |    0000DD52  font_firs
     0000DD53  font_tabl |    0000DD65  .int_0x48
ASxxxx Linker V03.00/V05.40 + sdld,  page 28.
Hexadecimal  [32-Bits]

Area                       Addr        Size        Decimal Bytes (Attributes)
--------------------       ----        ----        ------- ----- ------------
_INITIALIZED           0000DD6D    0000001A =          26. bytes (REL,CON)

        Value  Global            Value  Global            Value  Global    
        -----  ------            -----  ------            -----  ------    
     0000DD75  _current_ |    0000DD76  _next_sta |    0000DD77  _player_h
     0000DD78  _player_h |    0000DD79  _player_l |    0000DD7A  _player_d
     0000DD7B  _floor_nu |    0000DD7C  _run_seed |    0000DD80  _ui_panel
     0000DD81  .curx     |    0000DD82  .cury     |    0000DD83  .fg_colou
     0000DD83  __current |    0000DD84  .bg_colou |    0000DD85  .draw_mod
     0000DD86  __map_til
ASxxxx Linker V03.00/V05.40 + sdld,  page 29.
Hexadecimal  [32-Bits]

Area                       Addr        Size        Decimal Bytes (Attributes)
--------------------       ----        ----        ------- ----- ------------
_HRAM                  0000FF80    00000013 =          19. bytes (REL,CON)

        Value  Global            Value  Global            Value  Global    
        -----  ------            -----  ------            -----  ------    
     0000FF80  .refresh_ |    0000FF90  __current |    0000FF91  __vbl_don
     0000FF92  __shadow_
ASxxxx Linker V03.00/V05.40 + sdld,  page 30.
Hexadecimal  [32-Bits]

Area                       Addr        Size        Decimal Bytes (Attributes)
--------------------       ----        ----        ------- ----- ------------
_CODE_1                00014000    00001108 =        4360. bytes (REL,CON)

        Value  Global            Value  Global            Value  Global    
        -----  ------            -----  ------            -----  ------    
     00014000  ___func_t |    00014000  _tileset_ |    00014008  _tileset_
     00015008  _tileset_
ASxxxx Linker V03.00/V05.40 + sdld,  page 31.
Hexadecimal  [32-Bits]

Area                       Addr        Size        Decimal Bytes (Attributes)
--------------------       ----        ----        ------- ----- ------------
_CODE_2                00024000    00003FE9 =       16361. bytes (REL,CON)

        Value  Global            Value  Global            Value  Global    
        -----  ------            -----  ------            -----  ------    
     00024000  _wall_ort |    000241B5  ___func_t |    000241B5  _tile_at 
     0002424B  _map_pit_ |    0002425B  ___func_g |    0002425B  _ground_i
     0002428E  ___func_g |    0002428E  _ground_i |    000242B0  _set_floo
     00024302  _set_pit  |    0002435E  ___func_i |    0002435E  _is_walka
     000243A1  _tile_cha |    000243AF  _tile_vra |    000243C3  _tile_pal
     000243D0  _floor_gr |    000243E8  _floor_ti |    000244ED  _floor_ti
     00024920  _nearest_ |    000249AC  _nav_next |    00024B38  _generate
     00025039  ___func_l |    00025039  _level_ge |    00025459  _enemy_gr
     000254A5  _enemy_pl |    000255E7  _enemy_cl |    00025694  _corpse_p
     0002579F  _corpse_c |    0002581A  _enemy_ty |    000258AB  _enemy_ef
     000258F5  _enemy_ef |    00025940  _enemy_an |    0002594E  _enemy_an
     000259CA  ___func_e |    000259CA  _enemy_at |    00025A42  _corpse_s
     00025ABA  _corpse_a |    00025AC6  _corpse_d |    00025AD5  _spawn_en
     00025BFD  _enemy_se |    00025C15  _enemy_ge |    00025F96  _enemy_re
     000260C9  _move_ene |    0002663D  ___func_s |    0002663D  _state_ga
     000266A3  ___func_s |    000266A3  _state_ga |    00026E62  ___func_c
     00026E62  _camera_i |    000270DC  _camera_s |    00027565  _camera_s
     000275B4  _apply_wa |    0002785C  ___func_l |    0002785C  _load_pal
     00027940  _draw_cel |    00027994  _draw_col |    000279CE  _draw_row
     00027A05  _draw_ui_ |    00027A0D  _draw_gam |    00027A1C  _draw_scr
     00027A9B  _draw_gam |    00027AB8  _draw_ene |    00027B3B  ___func_c
     00027B3B  _combat_d |    00027CB3  ___func_c |    00027CB3  _combat_p
     00027D0E  ___func_r |    00027D0E  _resolve_ |    00027DFB  _wall_pal
     00027F97  ___func_c |    00027F97  _class_pa |    00027FD2  _class_pa
ASxxxx Linker V03.00/V05.40 + sdld,  page 32.
Hexadecimal  [32-Bits]

Area                       Addr        Size        Decimal Bytes (Attributes)
--------------------       ----        ----        ------- ----- ------------
_CODE_3                00034000    000014B9 =        5305. bytes (REL,CON)

        Value  Global            Value  Global            Value  Global    
        -----  ------            -----  ------            -----  ------    
     00034327  ___func_a |    00034327  _ally_fox |    000344AD  ___func_a
     000344AD  _ally_fox |    0003467F  ___func_a |    0003467F  _ally_fox
     00034B7B  ___func_s |    00034B7B  _state_ch |    00034E91  ___func_s
     00034E91  _state_in |    00034F0D  ___func_s |    00034F0D  _state_in
     000350EC  ___func_s |    000350EC  _state_pi |    00035139  ___func_s
     00035139  _state_pi |    000351DB  ___func_s |    000351DB  _state_st
     000352B5  ___func_s |    000352B5  _state_st |    000352E0  ___func_s
     000352E0  _state_ga |    0003538C  ___func_s |    0003538C  _state_ab
     000353EE  ___func_s |    000353EE  _state_ab |    00035407  ___func_s
     00035407  _state_tr |    00035466  ___func_s |    00035466  _state_ti
ASxxxx Linker V03.00/V05.40 + sdld,  page 33.
Hexadecimal  [32-Bits]

Area                       Addr        Size        Decimal Bytes (Attributes)
--------------------       ----        ----        ------- ----- ------------
_CODE_4                00044000    00000B9B =        2971. bytes (REL,CON)

        Value  Global            Value  Global            Value  Global    
        -----  ------            -----  ------            -----  ------    
     00044000  ___func_b |    00044000  _bwv1043_ |    00044132  _bwv1043_
     000446AE  _bwv1043_
ASxxxx Linker V03.00/V05.40 + sdld,  page 34.
Hexadecimal  [32-Bits]

Area                       Addr        Size        Decimal Bytes (Attributes)
--------------------       ----        ----        ------- ----- ------------
_CODE_5                00054000    00003977 =       14711. bytes (REL,CON)

        Value  Global            Value  Global            Value  Global    
        -----  ------            -----  ------            -----  ------    
     00054000  ___func_u |    000547B6  _ui_comba |    000547C1  _ui_comba
     000548A1  _ui_comba |    000548B6  _ui_push_ |    00054A9C  _ui_push_
     00054CA5  _ui_push_ |    00054E79  _ui_push_ |    00054F7E  _ui_comba
     00054FC0  _seed_wor |    00055010  _seed_wor |    00055060  _seed_wor
     00055CD3  _run_seed |    00055D50  _ui_game_ |    00055D91  _window_u
     00055DE1  _window_u |    00055DE8  _ui_loadi |    00055E3C  _ui_loadi
     00055E55  _ui_draw_ |    00055E88  _ui_draw_ |    00055F11  _ui_panel
     00055F16  _ui_panel |    00055F26  _ui_panel |    00055F32  _ui_panel
     000562DF  _title_sc |    00056423  ___func_b |    00056423  _bwv527_d
     00056564  _bwv527_m |    00057125  _bwv527_b
ASxxxx Linker V03.00/V05.40 + sdld,  page 35.
Hexadecimal  [32-Bits]

Area                       Addr        Size        Decimal Bytes (Attributes)
--------------------       ----        ----        ------- ----- ------------
_CODE_6                00064000    0000007A =         122. bytes (REL,CON)

        Value  Global            Value  Global            Value  Global    
        -----  ------            -----  ------            -----  ------    
     00064033  ___func_a |    00064033  _ability_
ASxxxx Linker V03.00/V05.40 + sdld,  page 36.
Hexadecimal  [32-Bits]

Area                       Addr        Size        Decimal Bytes (Attributes)
--------------------       ----        ----        ------- ----- ------------
_CODE_7                00074000    00000059 =          89. bytes (REL,CON)

        Value  Global            Value  Global            Value  Global    
        -----  ------            -----  ------            -----  ------    
     00074033  ___func_a |    00074033  _ability_
ASxxxx Linker V03.00/V05.40 + sdld,  page 37.
Hexadecimal  [32-Bits]

Area                       Addr        Size        Decimal Bytes (Attributes)
--------------------       ----        ----        ------- ----- ------------
_CODE_8                00084000    00000260 =         608. bytes (REL,CON)

        Value  Global            Value  Global            Value  Global    
        -----  ------            -----  ------            -----  ------    
     0008422A  ___func_a |    0008422A  _ability_
ASxxxx Linker V03.00/V05.40 + sdld,  page 38.
Hexadecimal  [32-Bits]

Area                       Addr        Size        Decimal Bytes (Attributes)
--------------------       ----        ----        ------- ----- ------------
_CODE_9                00094000    0000020E =         526. bytes (REL,CON)

        Value  Global            Value  Global            Value  Global    
        -----  ------            -----  ------            -----  ------    
     000941ED  ___func_a |    000941ED  _ability_
ASxxxx Linker V03.00/V05.40 + sdld,  page 39.
Hexadecimal  [32-Bits]

Area                       Addr        Size        Decimal Bytes (Attributes)
--------------------       ----        ----        ------- ----- ------------
_CODE_10               000A4000    000000AE =         174. bytes (REL,CON)

        Value  Global            Value  Global            Value  Global    
        -----  ------            -----  ------            -----  ------    
     000A4000  ___func_l |    000A4000  _level_in |    000A406C  ___func_b
     000A406C  _biome_du
ASxxxx Linker V03.00/V05.40 + sdld,  page 40.
Hexadecimal  [32-Bits]

Area                       Addr        Size        Decimal Bytes (Attributes)
--------------------       ----        ----        ------- ----- ------------
_CODE_11               000B4000    0000002D =          45. bytes (REL,CON)

        Value  Global            Value  Global            Value  Global    
        -----  ------            -----  ------            -----  ------    
     000B4000  ___func_b |    000B4000  _biome_cr
ASxxxx Linker V03.00/V05.40 + sdld,  page 41.
Hexadecimal  [32-Bits]

Area                       Addr        Size        Decimal Bytes (Attributes)
--------------------       ----        ----        ------- ----- ------------
_CODE_12               000C4000    00000034 =          52. bytes (REL,CON)

        Value  Global            Value  Global            Value  Global    
        -----  ------            -----  ------            -----  ------    
     000C4000  ___func_b |    000C4000  _biome_ca
ASxxxx Linker V03.00/V05.40 + sdld,  page 42.
Hexadecimal  [32-Bits]

Area                       Addr        Size        Decimal Bytes (Attributes)
--------------------       ----        ----        ------- ----- ------------
_CODE_13               000D4000    00000320 =         800. bytes (REL,CON)

        Value  Global            Value  Global            Value  Global    
        -----  ------            -----  ------            -----  ------    
     000D4000  _items_ki |    000D4065  _items_ki |    000D407C  _items_ki
     000D40D4  _inventor |    000D40F3  _inventor |    000D410A  _inventor
     000D411C  _inventor |    000D4137  _inventor |    000D4161  _items_us
ASxxxx Linker V03.00/V05.40 + sdld,  page 43.
Hexadecimal  [32-Bits]

Area                       Addr        Size        Decimal Bytes (Attributes)
--------------------       ----        ----        ------- ----- ------------
_CODE_14               000E4000    00000EDC =        3804. bytes (REL,CON)

        Value  Global            Value  Global            Value  Global    
        -----  ------            -----  ------            -----  ------    
     000E4000  ___func_s |    000E4B99  _story_ui
ASxxxx Linker V03.00/V05.40 + sdld,  page 44.
Hexadecimal  [32-Bits]

Area                       Addr        Size        Decimal Bytes (Attributes)
--------------------       ----        ----        ------- ----- ------------
_CODE_15               000F4000    0000004A =          74. bytes (REL,CON)

        Value  Global            Value  Global            Value  Global    
        -----  ------            -----  ------            -----  ------    
     000F4000  _scroll_b
ASxxxx Linker V03.00/V05.40 + sdld,  page 45.
Hexadecimal  [32-Bits]

Area                       Addr        Size        Decimal Bytes (Attributes)
--------------------       ----        ----        ------- ----- ------------
_CODE_16               00104000    00000165 =         357. bytes (REL,CON)

        Value  Global            Value  Global            Value  Global    
        -----  ------            -----  ------            -----  ------    
     00104000  _root_ico |    001040EF  _scroll_r
ASxxxx Linker V03.00/V05.40 + sdld,  page 46.
Hexadecimal  [32-Bits]

Area                       Addr        Size        Decimal Bytes (Attributes)
--------------------       ----        ----        ------- ----- ------------
_FONT_HEADER0          00000000    00000003 =           3. bytes (ABS,CON)

        Value  Global            Value  Global            Value  Global    
        -----  ------            -----  ------            -----  ------    
ASxxxx Linker V03.00/V05.40 + sdld,  page 47.
Hexadecimal  [32-Bits]

Area                       Addr        Size        Decimal Bytes (Attributes)
--------------------       ----        ----        ------- ----- ------------
_HEADER_LCD0           00000000    00000003 =           3. bytes (ABS,CON)

        Value  Global            Value  Global            Value  Global    
        -----  ------            -----  ------            -----  ------    
ASxxxx Linker V03.00/V05.40 + sdld,  page 48.

Files Linked                              [ module(s) ]

./gbdk/lib/gb/crt0.o                      [ Runtime ]
obj/gbc/ability_dispatch.rel              [ ability_dispatch ]
obj/gbc/ally.rel                          [ ally ]
obj/gbc/biome.rel                         [ biome ]
obj/gbc/debug_bank.rel                    [ debug_bank ]
obj/gbc/entity_sprites.rel                [ entity_sprites ]
obj/gbc/globals.rel                       [ globals ]
obj/gbc/lcd.rel                           [ lcd ]
obj/gbc/lighting.rel                      [ lighting ]
obj/gbc/main.rel                          [ main ]
obj/gbc/music.rel                         [ music ]
obj/gbc/perf.rel                          [ perf ]
obj/gbc/seed_entropy.rel                  [ seed_entropy ]
obj/gbc/targeting.rel                     [ targeting ]
obj/gbc/tileset_io.rel                    [ tileset_io ]
obj/gbc/title_logo.rel                    [ title_logo ]
obj/gbc/ui_loading_isr.rel                [ ui_loading_isr ]
obj/gbc/tileset.rel                       [ tileset ]
obj/gbc/map.rel                           [ map ]
obj/gbc/enemy.rel                         [ enemy ]
obj/gbc/state_gameplay.rel                [ state_gameplay ]
obj/gbc/camera.rel                        [ camera ]
obj/gbc/render.rel                        [ render ]
obj/gbc/combat.rel                        [ combat ]
obj/gbc/wall_palettes.rel                 [ wall_palettes ]
obj/gbc/class_palettes.rel                [ class_palettes ]
obj/gbc/scoundrel_fox.rel                 [ scoundrel_fox ]
obj/gbc/state_char_create.rel             [ state_char_create ]
obj/gbc/state_inventory.rel               [ state_inventory ]
obj/gbc/state_pickup.rel                  [ state_pickup ]
obj/gbc/state_stats.rel                   [ state_stats ]
obj/gbc/state_game_over.rel               [ state_game_over ]
obj/gbc/state_ability.rel                 [ state_ability ]
obj/gbc/state_transition.rel              [ state_transition ]
obj/gbc/state_title.rel                   [ state_title ]
obj/gbc/bwv1043_music.rel                 [ bwv1043_music ]
obj/gbc/ui.rel                            [ ui ]
obj/gbc/bwv527_music.rel                  [ bwv527_music ]
obj/gbc/abilities_knight.rel              [ abilities_knight ]
obj/gbc/abilities_scoundrel.rel           [ abilities_scoundrel ]
obj/gbc/abilities_witch.rel               [ abilities_witch ]
obj/gbc/abilities_zerker.rel              [ abilities_zerker ]
obj/gbc/level_init.rel                    [ level_init ]
obj/gbc/biome_dungeon.rel                 [ biome_dungeon ]
obj/gbc/biome_crypt.rel                   [ biome_crypt ]
obj/gbc/biome_cavern.rel                  [ biome_cavern ]
obj/gbc/items.rel                         [ items ]
obj/gbc/story_ui.rel                      [ story_ui ]
obj/gbc/scroll_blast.rel                  [ scroll_blast ]
obj/gbc/root_icon.rel                     [ root_icon ]
obj/gbc/scroll_root.rel                   [ scroll_root ]


Libraries Linked                          [ object file ]

./gbdk/lib/gb/gb.lib                      [ fill_rect_wi.o ]
./gbdk/lib/gb/gb.lib                      [ sfr.o ]
./gbdk/lib/sm83/sm83.lib                  [ div.o ]
./gbdk/lib/sm83/sm83.lib                  [ _strcpy.o ]
./gbdk/lib/sm83/sm83.lib                  [ rand.o ]
./gbdk/lib/gb/gb.lib                      [ font.o ]
./gbdk/lib/gb/gb.lib                      [ cgb_palettes.o ]
./gbdk/lib/gb/gb.lib                      [ font_color.o ]
./gbdk/lib/sm83/sm83.lib                  [ _memmove.o ]
./gbdk/lib/sm83/sm83.lib                  [ mul.o ]
./gbdk/lib/gb/gb.lib                      [ set_data.o ]
./gbdk/lib/gb/gb.lib                      [ set_tile.o ]
./gbdk/lib/gb/gb.lib                      [ lcd.o ]
./gbdk/lib/gb/gb.lib                      [ fill_rect.o ]
./gbdk/lib/sm83/sm83.lib                  [ _modulong.o ]
./gbdk/lib/gb/gb.lib                      [ pad.o ]
./gbdk/lib/gb/gb.lib                      [ fill_rect_bk.o ]
./gbdk/lib/gb/gb.lib                      [ color.o ]
./gbdk/lib/sm83/sm83.lib                  [ memcpy.o ]
./gbdk/lib/sm83/sm83.lib                  [ _memset.o ]
./gbdk/lib/gb/gb.lib                      [ drawing_isr.o ]
./gbdk/lib/gb/gb.lib                      [ f_ibm_sh.o ]
./gbdk/lib/gb/gb.lib                      [ ___sdcc_bcall_ehl.o ]
./gbdk/lib/sm83/sm83.lib                  [ strcat.o ]
./gbdk/lib/sm83/sm83.lib                  [ printf.o ]
./gbdk/lib/gb/gb.lib                      [ cgb.o ]
./gbdk/lib/sm83/sm83.lib                  [ strlen.o ]
./gbdk/lib/sm83/sm83.lib                  [ _mullong.o ]
./gbdk/lib/gb/gb.lib                      [ cgb_compat.o ]
./gbdk/lib/gb/gb.lib                      [ set_bk_t.o ]
./gbdk/lib/gb/gb.lib                      [ set_1bit_data.o ]
./gbdk/lib/sm83/sm83.lib                  [ sprintf.o ]
./gbdk/lib/gb/gb.lib                      [ set_xy_t.o ]
./gbdk/lib/sm83/sm83.lib                  [ itoa.o ]
./gbdk/lib/sm83/sm83.lib                  [ __sdcc_call_hl.o ]

ASxxxx Linker V03.00/V05.40 + sdld,  page 49.

User Base Address Definitions

_DATA=0xC0A0
_CODE=0x0200
_HRAM=0xFF80
ASxxxx Linker V03.00/V05.40 + sdld,  page 50.

User Global Definitions

_shadow_OAM=0xC000
.STACK=0xE000

