ASxxxx Linker V03.00/V05.40 + sdld,  page 1.
Hexadecimal  [32-Bits]

Area                       Addr        Size        Decimal Bytes (Attributes)
--------------------       ----        ----        ------- ----- ------------
.  .ABS.               00000000    00000000 =           0. bytes (ABS,CON)

        Value  Global            Value  Global            Value  Global    
        -----  ------            -----  ------            -----  ------    
     00000000  .__.ABS.  |    00000000  ___bank_a |    00000000  ___bank_a
     00000000  ___bank_a |    00000000  ___bank_a |    00000000  ___bank_a
     00000000  _rMBC7_SR |    00000000  _rRAMG    |    00000000  l__BASE  
     00000000  l__BSS    |    00000000  l__CABS   |    00000000  l__CODE_0
     00000000  l__DABS   |    00000000  l__FONT_H |    00000000  l__HEADER
     00000000  l__HEADER |    00000000  l__HEAP   |    00000000  l__HEAP_E
     00000000  l__LIT    |    00000000  s__CABS   |    00000000  s__DABS  
     00000000  s__FONT_H |    00000000  s__FONT_H |    00000000  s__HEADER
     00000000  s__HEADER |    00000000  s__HEADER |    00000000  s__HEADER
     00000000  s__HEADER |    00000000  s__HEADER |    00000000  s__HEADER
     00000000  s__HEADER |    00000000  s__HEADER |    00000000  s__HEADER
     00000000  s__HEADER |    00000000  s__HEADER |    00000000  s__HEADER
     00000000  s__HEADER |    00000000  s__HEADER |    00000000  s__HEADER
     00000000  s__HEADER |    00000000  s__HEADER |    00000000  s__HEADER
     00000000  s__HEADER |    00000000  s__HEADER |    00000001  ___bank_t
     00000001  l__GSFINA |    00000001  l__HEADER |    00000001  l__HEADER
     00000001  l__HEADER |    00000001  l__HEADER |    00000001  l__HEADER
     00000001  l__HEADER |    00000001  l__HEADER |    00000002  ___bank_c
     00000002  ___bank_e |    00000002  ___bank_e |    00000002  ___bank_g
     00000002  ___bank_g |    00000002  ___bank_i |    00000002  ___bank_l
     00000002  ___bank_m |    00000002  ___bank_m |    00000002  ___bank_m
     00000002  ___bank_s |    00000002  ___bank_s |    00000002  ___bank_t
     00000002  b_camera_ |    00000002  b_camera_ |    00000002  b_camera_
     00000002  b_corpse_ |    00000002  b_corpse_ |    00000002  b_draw_bo
     00000002  b_draw_co |    00000002  b_draw_ga |    00000002  b_enemy_a
     00000002  b_enemy_c |    00000002  b_enemy_e |    00000002  b_enemy_e
     00000002  b_enemy_p |    00000002  b_ground_ |    00000002  b_ground_
     00000002  b_is_walk |    00000002  b_level_g |    00000002  b_map_pit
     00000002  b_map_til |    00000002  b_map_til |    00000002  b_state_g
     00000002  b_state_g |    00000002  b_tile_at |    00000002  l__HEADER
     00000002  l__HEADER |    00000002  l__HEADER |    00000003  ___bank_c
     00000003  ___bank_s |    00000003  ___bank_s |    00000003  ___bank_s
     00000003  ___bank_s |    00000003  ___bank_s |    00000003  ___bank_s
     00000003  ___bank_s |    00000003  ___bank_s |    00000003  ___bank_s
     00000003  ___bank_s |    00000003  ___bank_s |    00000003  ___bank_s
     00000003  ___bank_s |    00000003  ___bank_s |    00000003  ___bank_s
     00000003  ___bank_s |    00000003  b_class_p |    00000003  b_class_p
     00000003  b_state_a |    00000003  b_state_a |    00000003  b_state_c
     00000003  b_state_g |    00000003  b_state_i |    00000003  b_state_i
     00000003  b_state_m |    00000003  b_state_m |    00000003  b_state_p
     00000003  b_state_p |    00000003  b_state_s |    00000003  b_state_s
     00000003  b_state_t |    00000003  b_state_t |    00000003  b_state_t
     00000003  b_state_t |    00000003  l__FONT_H |    00000003  l__HEADER
     00000003  l__HEADER |    00000004  ___bank_b |    00000005  ___bank_u
     00000005  b_run_see |    00000005  b_title_s |    00000005  b_ui_comb
     00000005  b_ui_comb |    00000005  b_ui_comb |    00000005  b_ui_comb
     00000005  b_ui_comb |    00000005  b_ui_conf |    00000005  b_ui_draw
     00000005  b_ui_draw |    00000005  b_ui_draw |    00000005  b_ui_game
     00000005  b_ui_load |    00000005  b_ui_load |    00000005  b_ui_map_
     00000005  b_ui_pane |    00000005  b_ui_pane |    00000005  b_ui_pane
ASxxxx Linker V03.00/V05.40 + sdld,  page 2.
Hexadecimal  [32-Bits]

Area                       Addr        Size        Decimal Bytes (Attributes)
--------------------       ----        ----        ------- ----- ------------
.  .ABS.               00000000    00000000 =           0. bytes (ABS,CON)

        Value  Global            Value  Global            Value  Global    
        -----  ------            -----  ------            -----  ------    
     00000005  b_ui_pane |    00000005  b_ui_push |    00000005  b_ui_push
     00000005  b_ui_push |    00000005  b_ui_push |    00000005  b_window_
     00000005  b_window_ |    00000005  l__HEADER |    00000006  ___bank_a
     00000006  ___bank_a |    00000006  b_abiliti |    00000006  b_ability
     00000006  l__HEADER |    00000007  ___bank_a |    00000007  ___bank_a
     00000007  b_abiliti |    00000007  b_ability |    00000007  l__HEADER
     00000008  ___bank_a |    00000008  ___bank_a |    00000008  b_abiliti
     00000008  b_ability |    00000008  l__HEADER |    00000009  ___bank_a
     00000009  ___bank_a |    00000009  b_abiliti |    00000009  b_ability
     0000000A  ___bank_b |    0000000A  ___bank_g |    0000000A  ___bank_l
     0000000A  b_generat |    0000000A  b_level_i |    0000000B  ___bank_b
     0000000C  ___bank_b |    0000000C  l__GSINIT |    0000000D  b_encount
     0000000D  b_enemy_t |    0000000D  b_invento |    0000000D  b_invento
     0000000D  b_invento |    0000000D  b_invento |    0000000D  b_invento
     0000000D  b_item_ro |    0000000D  b_items_d |    0000000D  b_items_k
     0000000D  b_items_k |    0000000D  b_items_k |    0000000D  b_items_k
     0000000D  b_items_k |    0000000D  b_items_k |    0000000D  b_items_u
     0000000D  b_ring_ro |    0000000D  b_town_ba |    0000000E  ___bank_d
     0000000E  ___bank_n |    0000000E  ___bank_s |    0000000E  ___bank_t
     0000000E  b_dungeon |    0000000E  b_npc_nam |    0000000E  b_story_u
     0000000E  b_town_na |    0000000F  b_scroll_ |    00000010  b_bow_sho
     00000010  b_debuff_ |    00000010  b_scroll_ |    00000011  ___bank_a
     00000011  ___bank_a |    00000011  ___bank_a |    00000011  ___bank_e
     00000011  ___bank_e |    00000011  ___bank_e |    00000011  ___bank_e
     00000011  ___bank_e |    00000011  ___bank_e |    00000011  ___bank_e
     00000011  ___bank_e |    00000011  ___bank_e |    00000011  ___bank_e
     00000011  ___bank_e |    00000011  ___bank_e |    00000011  ___bank_e
     00000011  ___bank_e |    00000011  ___bank_e |    00000011  ___bank_e
     00000011  ___bank_e |    00000011  ___bank_e |    00000011  ___bank_e
     00000011  ___bank_e |    00000011  ___bank_e |    00000011  ___bank_e
     00000011  ___bank_e |    00000011  ___bank_e |    00000011  ___bank_e
     00000011  ___bank_e |    00000011  ___bank_e |    00000011  ___bank_e
     00000011  ___bank_e |    00000011  ___bank_e |    00000011  b_ally_fo
     00000011  b_ally_fo |    00000011  b_ally_fo |    00000011  b_entity_
     00000011  b_entity_ |    00000011  b_entity_ |    00000011  b_entity_
     00000011  b_entity_ |    00000011  b_entity_ |    00000011  b_entity_
     00000011  b_entity_ |    00000011  b_entity_ |    00000011  b_entity_
     00000011  b_entity_ |    00000011  b_entity_ |    00000011  b_entity_
     00000011  b_entity_ |    00000011  b_entity_ |    00000011  b_entity_
     00000011  b_entity_ |    00000011  b_entity_ |    00000011  b_entity_
     00000011  b_entity_ |    00000011  b_entity_ |    00000011  b_entity_
     00000011  b_entity_ |    00000011  b_entity_ |    00000011  b_entity_
     00000011  b_entity_ |    00000011  b_entity_ |    00000011  b_entity_
     00000011  b_entity_ |    00000011  b_entity_ |    00000012  ___bank_b
     00000013  ___bank_c |    00000013  ___bank_c |    00000013  ___bank_c
     00000013  ___bank_c |    00000013  ___bank_c |    00000013  ___bank_r
     00000013  b_combat_ |    00000013  b_combat_ |    00000013  b_combat_
     00000013  b_combat_ |    00000013  b_combat_ |    00000013  b_resolve
     00000013  l__HRAM   |    00000014  b_equippe |    00000014  b_equippe
     00000014  b_items_e |    00000014  b_items_e |    00000015  ___bank_b
     00000015  ___bank_b |    00000016  ___bank_a |    00000016  ___bank_a
ASxxxx Linker V03.00/V05.40 + sdld,  page 3.
Hexadecimal  [32-Bits]

Area                       Addr        Size        Decimal Bytes (Attributes)
--------------------       ----        ----        ------- ----- ------------
.  .ABS.               00000000    00000000 =           0. bytes (ABS,CON)

        Value  Global            Value  Global            Value  Global    
        -----  ------            -----  ------            -----  ------    
     00000016  ___bank_b |    00000016  ___bank_b |    00000016  ___bank_e
     00000016  ___bank_l |    00000016  ___bank_o |    00000016  ___bank_o
     00000016  ___bank_o |    00000016  ___bank_o |    00000016  ___bank_o
     00000016  ___bank_o |    00000016  ___bank_o |    00000016  ___bank_o
     00000016  ___bank_o |    00000016  ___bank_o |    00000016  ___bank_o
     00000016  ___bank_o |    00000016  ___bank_o |    00000016  ___bank_o
     00000016  ___bank_o |    00000016  ___bank_r |    00000016  ___bank_r
     00000016  ___bank_w |    00000016  ___bank_w |    00000016  b_apply_f
     00000016  b_apply_w |    00000016  b_encount |    00000016  b_load_pa
     00000016  b_overwor |    00000016  b_overwor |    00000016  b_overwor
     00000016  b_overwor |    00000016  b_overwor |    00000016  b_overwor
     00000016  b_overwor |    00000016  b_overwor |    00000016  b_overwor
     00000016  b_overwor |    00000016  b_overwor |    00000016  b_overwor
     00000016  b_overwor |    00000016  b_overwor |    00000016  b_overwor
     00000016  b_render_ |    00000016  b_render_ |    00000016  b_water_a
     00000016  b_water_a |    00000017  ___bank_b |    00000017  ___bank_b
     00000017  ___bank_e |    00000017  ___bank_e |    00000017  ___bank_e
     00000017  ___bank_e |    00000017  ___bank_e |    00000017  ___bank_e
     00000017  ___bank_e |    00000017  b_encount |    00000017  b_encount
     00000017  b_encount |    00000017  b_encount |    00000017  b_encount
     00000017  b_encount |    00000017  b_encount |    00000018  ___bank_b
     00000018  ___bank_b |    00000018  ___bank_b |    00000018  ___bank_s
     00000018  ___bank_s |    00000018  ___bank_s |    00000018  b_sphinx_
     00000018  b_sphinx_ |    00000018  b_sphinx_ |    00000019  ___bank_e
     00000019  ___bank_e |    00000019  ___bank_e |    00000019  ___bank_e
     00000019  ___bank_e |    00000019  ___bank_e |    00000019  b_enemy_g
     00000019  b_enemy_g |    00000019  b_enemy_r |    00000019  b_enemy_s
     00000019  b_enemy_s |    00000019  b_enemy_t |    0000001B  b_spells_
     0000001B  b_spells_ |    0000001B  b_spells_ |    0000001B  b_spells_
     0000001B  b_spells_ |    0000001B  b_spells_ |    0000001B  b_spells_
     0000001B  b_spells_ |    0000001B  b_spells_ |    0000001B  b_spells_
     0000001B  b_spells_ |    0000001B  b_spells_ |    0000001B  b_spells_
     0000001C  ___bank_d |    0000001C  b_dungeon |    0000001D  ___bank_b
     0000001D  ___bank_b |    0000001D  ___bank_t |    0000001D  ___bank_t
     0000001D  ___bank_t |    0000001D  ___bank_t |    0000001D  ___bank_t
     0000001D  ___bank_t |    0000001D  b_town_ba |    0000001D  b_town_ex
     0000001D  b_town_ge |    0000001D  b_town_np |    0000001D  b_town_np
     0000001D  b_town_ro |    0000001E  ___bank_a |    0000001E  ___bank_a
     0000001E  ___bank_a |    0000001E  ___bank_b |    0000001E  ___bank_p
     0000001E  ___bank_z |    0000001E  ___bank_z |    0000001E  b_auto_ex
     0000001E  b_auto_ex |    0000001E  b_auto_ex |    0000001E  b_belt_se
     0000001E  b_push_se |    0000001E  b_zone_bu |    0000001E  b_zone_co
     0000002F  l__INITIA |    0000002F  l__INITIA |    00000030  l__HEADER
     00000052  l__CODE_2 |    00000060  l__HEADER |    00000084  l__CODE_1
     000000A7  l__CODE_1 |    000000AB  l__HEADER |    000000DB  l__CODE_1
     000001CB  l__CODE_2 |    00000200  s__CODE   |    00000298  l__CODE_1
     000002D4  l__CODE_7 |    000004C5  l__CODE_6 |    000004F1  l__CODE_8
     00000527  l__CODE_9 |    00000621  l__CODE_2 |    00000666  l__CODE_2
     00000861  l__CODE_1 |    00000A23  l__CODE_2 |    00000B71  l__HOME  
     00000B9B  l__CODE_4 |    00000D7E  l__CODE_3 |    00000E29  l__CODE_2
     00001108  l__CODE_1 |    000012EE  l__CODE_2 |    00001554  l__CODE_1
ASxxxx Linker V03.00/V05.40 + sdld,  page 4.
Hexadecimal  [32-Bits]

Area                       Addr        Size        Decimal Bytes (Attributes)
--------------------       ----        ----        ------- ----- ------------
.  .ABS.               00000000    00000000 =           0. bytes (ABS,CON)

        Value  Global            Value  Global            Value  Global    
        -----  ------            -----  ------            -----  ------    
     000015BB  l__CODE_2 |    00001681  l__CODE_1 |    000016D0  l__CODE_1
     00001DA6  l__DATA   |    00002000  _rROMB0   |    000020BF  l__CODE_1
     00002B4F  l__CODE   |    00002D4F  s__HOME   |    00002E18  l__CODE_2
     00003000  _rROMB1   |    000030A3  l__CODE_3 |    00003458  l__CODE_5
     000036E3  l__CODE_1 |    000038C0  s__BASE   |    000038C0  s__CODE_0
     000038C0  s__INITIA |    000038C0  s__LIT    |    000038EF  s__GSINIT
     000038FB  s__GSFINA |    00003E41  l__CODE_2 |    00004000  _rMBC7_SR
     00004000  _rRAMB    |    00008000  __VRAM    |    00008000  __VRAM800
     00008800  __VRAM880 |    00009000  __VRAM900 |    00009800  __SCRN0  
     00009C00  __SCRN1   |    0000A000  __SRAM    |    0000A000  _rMBC7_LA
     0000A010  _rMBC7_LA |    0000A020  _rMBC7_AC |    0000A030  _rMBC7_AC
     0000A040  _rMBC7_AC |    0000A050  _rMBC7_AC |    0000C000  __RAM    
     0000C000  _shadow_O |    0000C0A0  s__DATA   |    0000D000  __RAMBANK
     0000DE46  s__BSS    |    0000DE46  s__INITIA |    0000DE75  s__HEAP  
     0000DE75  s__HEAP_E |    0000E000  .STACK    |    0000FE00  __OAMRAM 
     0000FF00  _P1_REG   |    0000FF00  __IO      |    0000FF01  _SB_REG  
     0000FF02  _SC_REG   |    0000FF04  _DIV_REG  |    0000FF05  _TIMA_REG
     0000FF06  _TMA_REG  |    0000FF07  _TAC_REG  |    0000FF0F  _IF_REG  
     0000FF10  _NR10_REG |    0000FF11  _NR11_REG |    0000FF12  _NR12_REG
     0000FF13  _NR13_REG |    0000FF14  _NR14_REG |    0000FF16  _NR21_REG
     0000FF17  _NR22_REG |    0000FF18  _NR23_REG |    0000FF19  _NR24_REG
     0000FF1A  _NR30_REG |    0000FF1B  _NR31_REG |    0000FF1C  _NR32_REG
     0000FF1D  _NR33_REG |    0000FF1E  _NR34_REG |    0000FF20  _NR41_REG
     0000FF21  _NR42_REG |    0000FF22  _NR43_REG |    0000FF23  _NR44_REG
     0000FF24  _NR50_REG |    0000FF25  _NR51_REG |    0000FF26  _NR52_REG
     0000FF30  _AUD3WAVE |    0000FF30  _PCM_SAMP |    0000FF30  __AUD3WAV
     0000FF40  _LCDC_REG |    0000FF41  _STAT_REG |    0000FF42  _SCY_REG 
     0000FF43  _SCX_REG  |    0000FF44  _LY_REG   |    0000FF45  _LYC_REG 
     0000FF46  _DMA_REG  |    0000FF47  _BGP_REG  |    0000FF48  _OBP0_REG
     0000FF49  _OBP1_REG |    0000FF4A  _WY_REG   |    0000FF4B  _WX_REG  
     0000FF4D  _KEY1_REG |    0000FF4F  _VBK_REG  |    0000FF51  _HDMA1_RE
     0000FF52  _HDMA2_RE |    0000FF53  _HDMA3_RE |    0000FF54  _HDMA4_RE
     0000FF55  _HDMA5_RE |    0000FF56  _RP_REG   |    0000FF68  _BCPS_REG
     0000FF69  _BCPD_REG |    0000FF6A  _OCPS_REG |    0000FF6B  _OCPD_REG
     0000FF70  _SVBK_REG |    0000FF76  _PCM12_RE |    0000FF77  _PCM34_RE
     0000FF80  __HRAM    |    0000FF80  s__HRAM   |    0000FFFF  _IE_REG  
     00014000  s__CODE_1 |    00024000  s__CODE_2 |    00034000  s__CODE_3
     00044000  s__CODE_4 |    00054000  s__CODE_5 |    00064000  s__CODE_6
     00074000  s__CODE_7 |    00084000  s__CODE_8 |    00094000  s__CODE_9
     000A4000  s__CODE_1 |    000B4000  s__CODE_1 |    000C4000  s__CODE_1
     000D4000  s__CODE_1 |    000E4000  s__CODE_1 |    000F4000  s__CODE_1
     00104000  s__CODE_1 |    00114000  s__CODE_1 |    00124000  s__CODE_1
     00134000  s__CODE_1 |    00144000  s__CODE_2 |    00154000  s__CODE_2
     00164000  s__CODE_2 |    00174000  s__CODE_2 |    00184000  s__CODE_2
     00194000  s__CODE_2 |    001B4000  s__CODE_2 |    001C4000  s__CODE_2
     001D4000  s__CODE_2 |    001E4000  s__CODE_3
ASxxxx Linker V03.00/V05.40 + sdld,  page 5.
Hexadecimal  [32-Bits]

Area                       Addr        Size        Decimal Bytes (Attributes)
--------------------       ----        ----        ------- ----- ------------
_CODE                  00000200    00002B4F =       11087. bytes (REL,CON)

        Value  Global            Value  Global            Value  Global    
        -----  ------            -----  ------            -----  ------    
     00000200  _ability_ |    000002B6  _ability_ |    00000347  _ability_
     00000383  ___func_a |    00000383  _ally_cle |    000003A8  ___func_a
     000003A8  _ally_cle |    000003B7  ___func_a |    000003B7  _ally_fin
     000003D2  ___func_a |    000003D2  _ally_has |    000003F4  _ally_wal
     00000482  ___func_a |    00000482  _ally_sum |    000004C9  _biome_lo
     0000087E  _biome_ap |    00000AC9  _biome_pi |    00000C0F  _player_l
     00000C2F  _ow_prefa |    00000C5C  _lcd_note |    00000C9E  _lcd_hp_p
     00000D54  _lcd_init |    00000D6B  _lcd_susp |    00000D7D  _lcd_resu
     00000D94  _lcd_clea |    00000E2C  _exp2_set |    00000E58  _exp2_cle
     00000E70  _overworl |    00000E9C  _overworl |    00000EC8  _overworl
     00000EE0  _wram2_re |    00000EF2  _road_bit |    00000F1E  _road_set
     00000F4A  _road_cle |    00000F62  _lighting |    00000F6A  _lighting
     00000F6E  _lighting |    00000FAA  _lighting |    00000FAE  _lighting
     00000FBE  _lighting |    00001191  _lighting |    000011D7  _main    
     00001CE8  _sfx_lung |    00001CF2  _sfx_dodg |    00001D03  _sfx_spel
     00001D14  _sfx_whir |    00001D23  _sfx_shie |    00001D34  _sfx_fox_
     00001D45  _music_pl |    00001D7B  _music_pl |    00001DCC  _music_se
     00001DD6  _music_ge |    00001DDA  _music_be |    00001E0F  _music_lo
     00001E3D  _music_st |    00001E56  _music_pl |    00001EAD  _music_in
     00001EDB  _perf_sta |    00001EDE  _perf_sta |    00001EE6  _perf_rec
     00001F8A  _perf_avg |    00001FBE  _perf_max |    00001FCD  _perf_cle
     00001FF2  _seed_ent |    00002073  _seed_ent |    000020AF  _seed_ent
     00002110  _targetin |    000021BB  _tileset_ |    00002203  _tileset_
     0000226D  _title_lo |    000022F7  _title_lo |    000024CF  _title_lo
     00002529  _ui_loadi |    00002562  _wall_pal |    000026A2  __divsuch
     000026A8  __modsuch |    000026B1  __divusch |    000026BA  __modusch
     000026C6  __divscha |    000026CB  __modscha |    000026D2  __divsint
     000026DB  __modsint |    000026E7  __divucha |    000026EC  __moducha
     000026F3  __divuint |    000026FC  __moduint |    00002708  .div8    
     00002708  .mod8     |    00002710  .div16    |    00002710  .mod16   
     00002746  .divu8    |    00002746  .modu8    |    00002749  .divu16  
     00002749  .modu16   |    00002789  _set_spri |    0000278E  _set_bkg_
     00002791  .set_pale |    000027B0  _set_spri |    000027B5  _set_bkg_
     000027B8  .set_pale |    000027D4  _memmove  |    00002883  __mulsuch
     00002886  __mulusch |    0000288F  __mulscha |    00002897  __mulint 
     000028B6  __mulucha |    000028C8  _set_vram |    000028D1  _set_win_
     000028DA  _set_bkg_ |    00002909  ___memcpy |    00002909  _memcpy  
     0000293B  _strcat   |    0000294C  _printf   |    00002961  _cpu_slow
     0000297C  _cpu_fast |    00002983  _cgb_comp |    00002983  _set_defa
     000029D3  ___printf |    00002D30  _sprintf 
ASxxxx Linker V03.00/V05.40 + sdld,  page 6.
Hexadecimal  [32-Bits]

Area                       Addr        Size        Decimal Bytes (Attributes)
--------------------       ----        ----        ------- ----- ------------
_HEADER0               00000000    00000001 =           1. bytes (ABS,CON)

        Value  Global            Value  Global            Value  Global    
        -----  ------            -----  ------            -----  ------    
     00000020  .call_hl 
ASxxxx Linker V03.00/V05.40 + sdld,  page 7.
Hexadecimal  [32-Bits]

Area                       Addr        Size        Decimal Bytes (Attributes)
--------------------       ----        ----        ------- ----- ------------
_HEADER1               00000000    00000005 =           5. bytes (ABS,CON)

        Value  Global            Value  Global            Value  Global    
        -----  ------            -----  ------            -----  ------    
     00000028  .MemsetSm
ASxxxx Linker V03.00/V05.40 + sdld,  page 8.
Hexadecimal  [32-Bits]

Area                       Addr        Size        Decimal Bytes (Attributes)
--------------------       ----        ----        ------- ----- ------------
_HEADER2               00000000    00000007 =           7. bytes (ABS,CON)

        Value  Global            Value  Global            Value  Global    
        -----  ------            -----  ------            -----  ------    
     00000030  .MemcpySm
ASxxxx Linker V03.00/V05.40 + sdld,  page 9.
Hexadecimal  [32-Bits]

Area                       Addr        Size        Decimal Bytes (Attributes)
--------------------       ----        ----        ------- ----- ------------
_HEADER3               00000000    00000008 =           8. bytes (ABS,CON)

        Value  Global            Value  Global            Value  Global    
        -----  ------            -----  ------            -----  ------    
ASxxxx Linker V03.00/V05.40 + sdld,  page 10.
Hexadecimal  [32-Bits]

Area                       Addr        Size        Decimal Bytes (Attributes)
--------------------       ----        ----        ------- ----- ------------
_HEADER4               00000000    00000060 =          96. bytes (ABS,CON)

        Value  Global            Value  Global            Value  Global    
        -----  ------            -----  ------            -----  ------    
     00000080  .int      |    0000008F  _wait_int |    0000009C  __standar
     000000AB  _refresh_ |    000000CC  _set_inte
ASxxxx Linker V03.00/V05.40 + sdld,  page 11.
Hexadecimal  [32-Bits]

Area                       Addr        Size        Decimal Bytes (Attributes)
--------------------       ----        ----        ------- ----- ------------
_HEADER5               00000000    00000001 =           1. bytes (ABS,CON)

        Value  Global            Value  Global            Value  Global    
        -----  ------            -----  ------            -----  ------    
ASxxxx Linker V03.00/V05.40 + sdld,  page 12.
Hexadecimal  [32-Bits]

Area                       Addr        Size        Decimal Bytes (Attributes)
--------------------       ----        ----        ------- ----- ------------
_HEADER6               00000000    00000002 =           2. bytes (ABS,CON)

        Value  Global            Value  Global            Value  Global    
        -----  ------            -----  ------            -----  ------    
ASxxxx Linker V03.00/V05.40 + sdld,  page 13.
Hexadecimal  [32-Bits]

Area                       Addr        Size        Decimal Bytes (Attributes)
--------------------       ----        ----        ------- ----- ------------
_HEADER7               00000000    00000030 =          48. bytes (ABS,CON)

        Value  Global            Value  Global            Value  Global    
        -----  ------            -----  ------            -----  ------    
ASxxxx Linker V03.00/V05.40 + sdld,  page 14.
Hexadecimal  [32-Bits]

Area                       Addr        Size        Decimal Bytes (Attributes)
--------------------       ----        ----        ------- ----- ------------
_HEADER8               00000000    00000006 =           6. bytes (ABS,CON)

        Value  Global            Value  Global            Value  Global    
        -----  ------            -----  ------            -----  ------    
ASxxxx Linker V03.00/V05.40 + sdld,  page 15.
Hexadecimal  [32-Bits]

Area                       Addr        Size        Decimal Bytes (Attributes)
--------------------       ----        ----        ------- ----- ------------
_HEADER9               00000000    00000003 =           3. bytes (ABS,CON)

        Value  Global            Value  Global            Value  Global    
        -----  ------            -----  ------            -----  ------    
ASxxxx Linker V03.00/V05.40 + sdld,  page 16.
Hexadecimal  [32-Bits]

Area                       Addr        Size        Decimal Bytes (Attributes)
--------------------       ----        ----        ------- ----- ------------
_HEADERa               00000000    00000001 =           1. bytes (ABS,CON)

        Value  Global            Value  Global            Value  Global    
        -----  ------            -----  ------            -----  ------    
ASxxxx Linker V03.00/V05.40 + sdld,  page 17.
Hexadecimal  [32-Bits]

Area                       Addr        Size        Decimal Bytes (Attributes)
--------------------       ----        ----        ------- ----- ------------
_HEADERb               00000000    00000001 =           1. bytes (ABS,CON)

        Value  Global            Value  Global            Value  Global    
        -----  ------            -----  ------            -----  ------    
ASxxxx Linker V03.00/V05.40 + sdld,  page 18.
Hexadecimal  [32-Bits]

Area                       Addr        Size        Decimal Bytes (Attributes)
--------------------       ----        ----        ------- ----- ------------
_HEADERc               00000000    00000001 =           1. bytes (ABS,CON)

        Value  Global            Value  Global            Value  Global    
        -----  ------            -----  ------            -----  ------    
ASxxxx Linker V03.00/V05.40 + sdld,  page 19.
Hexadecimal  [32-Bits]

Area                       Addr        Size        Decimal Bytes (Attributes)
--------------------       ----        ----        ------- ----- ------------
_HEADERd               00000000    00000002 =           2. bytes (ABS,CON)

        Value  Global            Value  Global            Value  Global    
        -----  ------            -----  ------            -----  ------    
ASxxxx Linker V03.00/V05.40 + sdld,  page 20.
Hexadecimal  [32-Bits]

Area                       Addr        Size        Decimal Bytes (Attributes)
--------------------       ----        ----        ------- ----- ------------
_HEADERe               00000000    00000001 =           1. bytes (ABS,CON)

        Value  Global            Value  Global            Value  Global    
        -----  ------            -----  ------            -----  ------    
ASxxxx Linker V03.00/V05.40 + sdld,  page 21.
Hexadecimal  [32-Bits]

Area                       Addr        Size        Decimal Bytes (Attributes)
--------------------       ----        ----        ------- ----- ------------
_HEADERf               00000000    00000001 =           1. bytes (ABS,CON)

        Value  Global            Value  Global            Value  Global    
        -----  ------            -----  ------            -----  ------    
ASxxxx Linker V03.00/V05.40 + sdld,  page 22.
Hexadecimal  [32-Bits]

Area                       Addr        Size        Decimal Bytes (Attributes)
--------------------       ----        ----        ------- ----- ------------
_HEADER10              00000000    00000002 =           2. bytes (ABS,CON)

        Value  Global            Value  Global            Value  Global    
        -----  ------            -----  ------            -----  ------    
ASxxxx Linker V03.00/V05.40 + sdld,  page 23.
Hexadecimal  [32-Bits]

Area                       Addr        Size        Decimal Bytes (Attributes)
--------------------       ----        ----        ------- ----- ------------
_HEADER11              00000000    000000AB =         171. bytes (ABS,CON)

        Value  Global            Value  Global            Value  Global    
        -----  ------            -----  ------            -----  ------    
     00000150  .reset    |    00000150  _reset    |    00000157  .code_sta
     000001B9  _exit     |    000001BD  .wait_vbl |    000001BD  _vsync   
     000001BD  _wait_vbl |    000001CD  .remove_V |    000001CD  _remove_V
     000001D0  .remove_i |    000001ED  .add_VBL  |    000001ED  _add_VBL 
     000001F0  .add_int 
ASxxxx Linker V03.00/V05.40 + sdld,  page 24.
Hexadecimal  [32-Bits]

Area                       Addr        Size        Decimal Bytes (Attributes)
--------------------       ----        ----        ------- ----- ------------
_HOME                  00002D4F    00000B71 =        2929. bytes (REL,CON)

        Value  Global            Value  Global            Value  Global    
        -----  ------            -----  ------            -----  ------    
     00002D4F  .memset_s |    00002D58  .memcpy_s |    00002D75  .display_
     00002D75  _display_ |    00002D8D  _render_s |    00002D95  _render_s
     00002DBC  _fill_win |    00002DCE  _strcpy   |    00002DE0  _rand    
     00002DE0  _randw    |    00002E0B  _initrand |    00002E0D  .initrand
     00002E16  _font_loa |    00002E1D  font_load |    00002E65  font_copy
     00002E9B  font_set  |    00002EA8  .put_char |    00002EC0  .out_char
     00002EC6  .del_char |    00002F1C  _putchar  |    00002F25  _setchar 
     00002F2E  _font_loa |    00002F3C  _font_set |    00002F4B  _font_ini
     00002F6A  .cls      |    00002F6A  _cls      |    00002F8C  _gotoxy  
     00002F97  _posx     |    00002FA8  _posy     |    00002FD0  .cr_curs 
     00002FE5  .adv_curs |    00003041  .tmode    |    0000305E  .tmode_ou
     00003067  _font_col |    00003072  _set_tile |    00003077  _set_bkg_
     00003077  _set_win_ |    0000307F  _set_spri |    000030DE  .add_LCD 
     000030DE  _add_LCD  |    000030E4  .remove_L |    000030E4  _remove_L
     000030EA  .fill_rec |    000030F3  .fill_rec |    00003140  __modulon
     000031DD  .padup    |    000031DD  _waitpadu |    000031ED  .jpad    
     000031ED  _joypad   |    00003215  _waitpad  |    00003216  .wait_pad
     0000321D  _fill_bkg |    0000322F  ___sdcc_c |    00003230  _color   
     00003230  _set_1bpp |    0000323F  _memset   |    00003272  .drawing_
     0000328F  _font_ibm |    00003641  ___sdcc_b |    00003655  _strlen  
     0000365A  .strlen   |    00003663  __mullong |    0000374A  _set_bkg_
     0000375E  _set_bkg_ |    0000375E  _set_win_ |    00003766  _set_spri
     000037BE  .set_xy_w |    000037C7  .set_xy_b |    000037D6  .set_xy_t
     0000381A  _uitoa    |    00003829  _itoa     |    00003838  .itoa    
     0000384C  .utoa    
ASxxxx Linker V03.00/V05.40 + sdld,  page 25.
Hexadecimal  [32-Bits]

Area                       Addr        Size        Decimal Bytes (Attributes)
--------------------       ----        ----        ------- ----- ------------
_INITIALIZER           000038C0    0000002F =          47. bytes (REL,CON)

        Value  Global            Value  Global            Value  Global    
        -----  ------            -----  ------            -----  ------    
ASxxxx Linker V03.00/V05.40 + sdld,  page 26.
Hexadecimal  [32-Bits]

Area                       Addr        Size        Decimal Bytes (Attributes)
--------------------       ----        ----        ------- ----- ------------
_GSINIT                000038EF    0000000C =          12. bytes (REL,CON)

        Value  Global            Value  Global            Value  Global    
        -----  ------            -----  ------            -----  ------    
     000038EF  gsinit   
ASxxxx Linker V03.00/V05.40 + sdld,  page 27.
Hexadecimal  [32-Bits]

Area                       Addr        Size        Decimal Bytes (Attributes)
--------------------       ----        ----        ------- ----- ------------
_GSFINAL               000038FB    00000001 =           1. bytes (REL,CON)

        Value  Global            Value  Global            Value  Global    
        -----  ------            -----  ------            -----  ------    
ASxxxx Linker V03.00/V05.40 + sdld,  page 28.
Hexadecimal  [32-Bits]

Area                       Addr        Size        Decimal Bytes (Attributes)
--------------------       ----        ----        ------- ----- ------------
_DATA                  0000C0A0    00001DA6 =        7590. bytes (REL,CON)

        Value  Global            Value  Global            Value  Global    
        -----  ------            -----  ------            -----  ------    
     0000C0A0  __cpu     |    0000C0A1  __is_GBA  |    0000C0A2  .mode    
     0000C0A3  .sys_time |    0000C0A3  _sys_time |    0000C0A5  .int_0x40
     0000C0B1  _enemy_de |    0000C0FE  _enemy_ac |    0000C109  _enemy_ac
     0000C10A  _pending_ |    0000C10B  _pending_ |    0000C10C  _gameplay
     0000C10D  _level_is |    0000C10E  _floor_vi |    0000C115  _entered_
     0000C116  _floor_ki |    0000C117  _floor_bo |    0000C118  _elite_ba
     0000C119  _dungeon_ |    0000C11B  _hub_land |    0000C11C  _player_x
     0000C11E  _player_c |    0000C11F  _player_a |    0000C120  _player_m
     0000C121  _player_d |    0000C122  _player_s |    0000C123  _player_c
     0000C124  _floor_bi |    0000C125  _overworl |    0000C126  _g_player
     0000C127  _g_player |    0000C128  _g_prev_j |    0000C129  _g_run_en
     0000C12B  _g_sphinx |    0000C12C  _sphinx_f |    0000C12D  _look_cx 
     0000C12E  _look_cy  |    0000C12F  _selected |    0000C130  _belt_slo
     0000C132  _player_h |    0000C134  _book_hea |    0000C135  _player_s
     0000C136  _spell_ra |    0000C13C  _spell_cd |    0000C142  _belt_spe
     0000C144  _knight_s |    0000C145  _player_l |    0000C146  _ally_act
     0000C14A  _ally_x   |    0000C14E  _ally_y   |    0000C152  _ally_typ
     0000C156  _ally_cha |    0000C15A  _ally_fli |    0000C15E  _enemy_al
     0000C175  _dead_ene |    0000C18C  _dead_ene |    0000C18D  _floor_it
     0000C1BF  _floor_en |    0000C255  _inventor |    0000C273  _inventor
     0000C291  _inventor |    0000C2AF  _inventor |    0000C2CD  _ground_i
     0000C2D5  _ground_i |    0000C2DD  _ground_i |    0000C2E5  _ground_i
     0000C2ED  _pending_ |    0000C2EE  _player_t |    0000C2EF  _town_sho
     0000C2F2  _pending_ |    0000C2F3  _town_bar |    0000C2FC  _world_ti
     0000C2FD  _enc_mark |    0000C2FE  _enc_temp |    0000C2FF  _enc_regi
     0000C300  _enc_retu |    0000C301  _enc_retu |    0000C302  _monster_
     0000C303  _inv_desc |    0000C304  _ow_featu |    0000C3B4  _ow_featu
     0000C3B5  _lcd_game |    0000C3B6  _lcd_shak |    0000C3B7  _lcd_shak
     0000C858  _ui_loadi |    0000C859  _ui_load_ |    0000C85A  _enemy_x 
     0000C871  _enemy_y  |    0000C888  _enemy_ty |    0000C89F  _enemy_hp
     0000C8CD  _enemy_st |    0000C8E4  _enemy_st |    0000C8FB  _enemy_hi
     0000C912  _num_enem |    0000C913  _corpse_x |    0000C92A  _corpse_y
     0000C941  _corpse_t |    0000C958  _num_corp |    0000C959  _enemy_oc
     0000CF59  _enemy_an |    0000CF5A  _enemy_at |    0000CF71  _enemy_at
     0000CF72  _enemy_fo |    0000CF89  _enemy_pe |    0000CFA5  _floor_bi
     0000D425  _pit_bits |    0000D8A5  _nav_node |    0000D9C5  _num_nav_
     0000D9C6  _wall_til |    0000D9C7  _wall_pal |    0000D9C8  _pillar_p
     0000D9C9  _active_m |    0000D9CA  _active_m |    0000D9CB  _player_s
     0000D9CC  _player_s |    0000D9CD  _floor_co |    0000D9CE  _floor_vi
     0000D9D0  _brazier_ |    0000D9D1  _brazier_ |    0000D9E5  _brazier_
     0000D9F9  _brazier_ |    0000DA0D  _pit_x    |    0000DA0E  _pit_y   
     0000DA0F  _pit_pres |    0000DA5A  _camera_p |    0000DA5C  _camera_p
     0000DA5E  _render_s |    0000DA73  _render_s |    0000DCB2  _water_an
     0000DE26  ___rand_s |    0000DE28  font_curr |    0000DE2B  font_firs
     0000DE2C  font_tabl |    0000DE3E  .int_0x48
ASxxxx Linker V03.00/V05.40 + sdld,  page 29.
Hexadecimal  [32-Bits]

Area                       Addr        Size        Decimal Bytes (Attributes)
--------------------       ----        ----        ------- ----- ------------
_INITIALIZED           0000DE46    0000002F =          47. bytes (REL,CON)

        Value  Global            Value  Global            Value  Global    
        -----  ------            -----  ------            -----  ------    
     0000DE46  _current_ |    0000DE47  _next_sta |    0000DE48  _player_h
     0000DE4A  _player_h |    0000DE4C  _player_l |    0000DE4D  _player_d
     0000DE4E  _floor_nu |    0000DE4F  _run_seed |    0000DE59  _boss_ali
     0000DE5A  _ui_panel |    0000DE6C  _auto_exp |    0000DE6F  .curx    
     0000DE70  .cury     |    0000DE71  .fg_colou |    0000DE71  __current
     0000DE72  .bg_colou |    0000DE73  .draw_mod |    0000DE74  __map_til
ASxxxx Linker V03.00/V05.40 + sdld,  page 30.
Hexadecimal  [32-Bits]

Area                       Addr        Size        Decimal Bytes (Attributes)
--------------------       ----        ----        ------- ----- ------------
_HRAM                  0000FF80    00000013 =          19. bytes (REL,CON)

        Value  Global            Value  Global            Value  Global    
        -----  ------            -----  ------            -----  ------    
     0000FF80  .refresh_ |    0000FF90  __current |    0000FF91  __vbl_don
     0000FF92  __shadow_
ASxxxx Linker V03.00/V05.40 + sdld,  page 31.
Hexadecimal  [32-Bits]

Area                       Addr        Size        Decimal Bytes (Attributes)
--------------------       ----        ----        ------- ----- ------------
_CODE_1                00014000    00001108 =        4360. bytes (REL,CON)

        Value  Global            Value  Global            Value  Global    
        -----  ------            -----  ------            -----  ------    
     00014000  ___func_t |    00014000  _tileset_ |    00014008  _tileset_
     00015008  _tileset_
ASxxxx Linker V03.00/V05.40 + sdld,  page 32.
Hexadecimal  [32-Bits]

Area                       Addr        Size        Decimal Bytes (Attributes)
--------------------       ----        ----        ------- ----- ------------
_CODE_2                00024000    00003E41 =       15937. bytes (REL,CON)

        Value  Global            Value  Global            Value  Global    
        -----  ------            -----  ------            -----  ------    
     00024004  _enemy_gr |    00024050  _enemy_pl |    00024192  _enemy_cl
     0002423F  _corpse_p |    0002434A  _corpse_c |    000243C5  ___func_e
     000243C5  _enemy_pl |    000243D3  _enemy_ef |    00024429  _enemy_ef
     00024460  _enemy_an |    0002446E  _enemy_an |    000244EA  ___func_e
     000244EA  _enemy_at |    00024562  _corpse_s |    000245DA  _corpse_a
     000245E6  _corpse_d |    000245F5  _spawn_en |    00024AAB  _enemy_se
     00024AC3  _enemy_ge |    00024E2E  _move_ene |    000253C5  _wall_ort
     0002557A  ___func_t |    0002557A  _tile_at  |    00025608  ___func_m
     00025608  _map_pit_ |    00025621  ___func_g |    00025621  _ground_i
     00025654  ___func_m |    00025654  _map_tile |    00025684  ___func_m
     00025684  _map_tile |    000256D4  ___func_g |    000256D4  _ground_i
     0002571A  ___func_i |    0002571A  _is_walka |    0002575D  _tile_cha
     0002576B  _tile_vra |    00025791  _tile_pal |    0002579E  _floor_gr
     000257B6  _floor_ti |    000258F7  _nearest_ |    00025999  _nav_fill
     00025A80  ___func_l |    00025A80  _level_ge |    00026429  ___func_s
     00026429  _state_ga |    0002649F  ___func_s |    0002649F  _state_ga
     00026F31  ___func_c |    00026F31  _camera_i |    00027221  _camera_s
     000278C7  _camera_s |    00027B59  _draw_cel |    00027BAD  _classify
     00027C21  _classify |    00027C94  _draw_col |    00027CDE  _draw_row
     00027D28  _draw_ui_ |    00027D30  _draw_gam |    00027D4A  _draw_scr
     00027D97  _draw_gam |    00027DB4  _draw_gam |    00027DBC  _draw_ene
     00027DCB  _draw_cor |    00027E10  _draw_cor |    00027E13  _draw_bos
ASxxxx Linker V03.00/V05.40 + sdld,  page 33.
Hexadecimal  [32-Bits]

Area                       Addr        Size        Decimal Bytes (Attributes)
--------------------       ----        ----        ------- ----- ------------
_CODE_3                00034000    000030A3 =       12451. bytes (REL,CON)

        Value  Global            Value  Global            Value  Global    
        -----  ------            -----  ------            -----  ------    
     00034C26  ___func_s |    00034C26  _state_in |    00034C6E  ___func_s
     00034C6E  _state_in |    00035676  ___func_s |    00035676  _state_ta
     000356B4  ___func_s |    000356B4  _state_ta |    00035C51  ___func_s
     00035C51  _state_ab |    00035DD0  ___func_s |    00035DD0  _state_ab
     0003608C  ___func_s |    0003608C  _state_st |    00036292  ___func_s
     00036292  _state_st |    00036681  ___func_s |    00036681  _state_pi
     000366FB  ___func_s |    000366FB  _state_pi |    00036A9C  ___func_s
     00036A9C  _state_ch |    00036C63  ___func_s |    00036C63  _state_ma
     00036DB6  ___func_s |    00036DB6  _state_ma |    00036DD8  ___func_s
     00036DD8  _state_tr |    00036F5A  ___func_c |    00036F5A  _class_pa
     00036F95  _class_pa |    00036FAC  ___func_s |    00036FAC  _state_ga
     00037058  ___func_s |    00037058  _state_ti
ASxxxx Linker V03.00/V05.40 + sdld,  page 34.
Hexadecimal  [32-Bits]

Area                       Addr        Size        Decimal Bytes (Attributes)
--------------------       ----        ----        ------- ----- ------------
_CODE_4                00044000    00000B9B =        2971. bytes (REL,CON)

        Value  Global            Value  Global            Value  Global    
        -----  ------            -----  ------            -----  ------    
     00044000  ___func_b |    00044000  _bwv1043_ |    00044132  _bwv1043_
     000446AE  _bwv1043_
ASxxxx Linker V03.00/V05.40 + sdld,  page 35.
Hexadecimal  [32-Bits]

Area                       Addr        Size        Decimal Bytes (Attributes)
--------------------       ----        ----        ------- ----- ------------
_CODE_5                00054000    00003458 =       13400. bytes (REL,CON)

        Value  Global            Value  Global            Value  Global    
        -----  ------            -----  ------            -----  ------    
     00054000  ___func_u |    00054FF7  _ui_comba |    00055002  _ui_comba
     000550E7  _ui_comba |    000550FC  _ui_comba |    00055118  _ui_confi
     000552A4  _ui_push_ |    00055639  _ui_push_ |    00055825  _ui_push_
     000559FC  _ui_push_ |    00055B01  _ui_comba |    00055B43  _seed_wor
     00055B93  _seed_wor |    00055BE3  _seed_wor |    000560FD  _ui_draw_
     00056C54  _run_seed |    00056CD1  _ui_map_p |    00056D54  _ui_game_
     00056D95  _window_u |    00056DEA  _window_u |    00056DF1  _ui_loadi
     00056E56  _ui_loadi |    00056E67  _ui_draw_ |    00056ED0  _ui_draw_
     00056F57  _ui_panel |    00056F5C  _ui_panel |    00056F6C  _ui_panel
     00056F78  _ui_panel |    00057368  _title_sc
ASxxxx Linker V03.00/V05.40 + sdld,  page 36.
Hexadecimal  [32-Bits]

Area                       Addr        Size        Decimal Bytes (Attributes)
--------------------       ----        ----        ------- ----- ------------
_CODE_6                00064000    000004C5 =        1221. bytes (REL,CON)

        Value  Global            Value  Global            Value  Global    
        -----  ------            -----  ------            -----  ------    
     000643FC  ___func_a |    000643FC  _abilitie |    00064448  ___func_a
     00064448  _ability_
ASxxxx Linker V03.00/V05.40 + sdld,  page 37.
Hexadecimal  [32-Bits]

Area                       Addr        Size        Decimal Bytes (Attributes)
--------------------       ----        ----        ------- ----- ------------
_CODE_7                00074000    000002D4 =         724. bytes (REL,CON)

        Value  Global            Value  Global            Value  Global    
        -----  ------            -----  ------            -----  ------    
     00074033  ___func_a |    00074033  _abilitie |    00074261  ___func_a
     00074261  _ability_
ASxxxx Linker V03.00/V05.40 + sdld,  page 38.
Hexadecimal  [32-Bits]

Area                       Addr        Size        Decimal Bytes (Attributes)
--------------------       ----        ----        ------- ----- ------------
_CODE_8                00084000    000004F1 =        1265. bytes (REL,CON)

        Value  Global            Value  Global            Value  Global    
        -----  ------            -----  ------            -----  ------    
     00084452  ___func_a |    00084452  _abilitie |    0008446D  ___func_a
     0008446D  _ability_
ASxxxx Linker V03.00/V05.40 + sdld,  page 39.
Hexadecimal  [32-Bits]

Area                       Addr        Size        Decimal Bytes (Attributes)
--------------------       ----        ----        ------- ----- ------------
_CODE_9                00094000    00000527 =        1319. bytes (REL,CON)

        Value  Global            Value  Global            Value  Global    
        -----  ------            -----  ------            -----  ------    
     00094495  ___func_a |    00094495  _abilitie |    000944A3  ___func_a
     000944A3  _ability_
ASxxxx Linker V03.00/V05.40 + sdld,  page 40.
Hexadecimal  [32-Bits]

Area                       Addr        Size        Decimal Bytes (Attributes)
--------------------       ----        ----        ------- ----- ------------
_CODE_10               000A4000    000020BF =        8383. bytes (REL,CON)

        Value  Global            Value  Global            Value  Global    
        -----  ------            -----  ------            -----  ------    
     000A5256  ___func_g |    000A5256  _generate |    000A5C14  ___func_l
     000A5C14  _level_in |    000A5FDA  ___func_b |    000A5FDA  _biome_du
ASxxxx Linker V03.00/V05.40 + sdld,  page 41.
Hexadecimal  [32-Bits]

Area                       Addr        Size        Decimal Bytes (Attributes)
--------------------       ----        ----        ------- ----- ------------
_CODE_11               000B4000    000000DB =         219. bytes (REL,CON)

        Value  Global            Value  Global            Value  Global    
        -----  ------            -----  ------            -----  ------    
     000B4000  ___func_b |    000B4000  _biome_cr
ASxxxx Linker V03.00/V05.40 + sdld,  page 42.
Hexadecimal  [32-Bits]

Area                       Addr        Size        Decimal Bytes (Attributes)
--------------------       ----        ----        ------- ----- ------------
_CODE_12               000C4000    00000084 =         132. bytes (REL,CON)

        Value  Global            Value  Global            Value  Global    
        -----  ------            -----  ------            -----  ------    
     000C4000  ___func_b |    000C4000  _biome_ca
ASxxxx Linker V03.00/V05.40 + sdld,  page 43.
Hexadecimal  [32-Bits]

Area                       Addr        Size        Decimal Bytes (Attributes)
--------------------       ----        ----        ------- ----- ------------
_CODE_13               000D4000    00001681 =        5761. bytes (REL,CON)

        Value  Global            Value  Global            Value  Global    
        -----  ------            -----  ------            -----  ------    
     000D4000  _items_ki |    000D4A20  _items_ki |    000D4A36  _items_ki
     000D4A4D  _items_ki |    000D4AA4  _items_ki |    000D4AFC  _items_ki
     000D4C5D  _inventor |    000D4C7C  _inventor |    000D4C93  _inventor
     000D4CBD  _inventor |    000D4D72  _inventor |    000D4FBC  _items_us
     000D5327  _items_dr |    000D5376  _item_rol |    000D53AF  _ring_rol
     000D53DD  _enemy_tr |    000D54C5  _encounte |    000D55AD  _town_bar
ASxxxx Linker V03.00/V05.40 + sdld,  page 44.
Hexadecimal  [32-Bits]

Area                       Addr        Size        Decimal Bytes (Attributes)
--------------------       ----        ----        ------- ----- ------------
_CODE_14               000E4000    000016D0 =        5840. bytes (REL,CON)

        Value  Global            Value  Global            Value  Global    
        -----  ------            -----  ------            -----  ------    
     000E4000  ___func_s |    000E4B99  _story_ui |    000E5590  ___func_t
     000E5590  _town_nam |    000E55E7  ___func_d |    000E55E7  _dungeon_
     000E568C  ___func_n |    000E568C  _npc_name
ASxxxx Linker V03.00/V05.40 + sdld,  page 45.
Hexadecimal  [32-Bits]

Area                       Addr        Size        Decimal Bytes (Attributes)
--------------------       ----        ----        ------- ----- ------------
_CODE_15               000F4000    000000A7 =         167. bytes (REL,CON)

        Value  Global            Value  Global            Value  Global    
        -----  ------            -----  ------            -----  ------    
     000F4000  _scroll_b
ASxxxx Linker V03.00/V05.40 + sdld,  page 46.
Hexadecimal  [32-Bits]

Area                       Addr        Size        Decimal Bytes (Attributes)
--------------------       ----        ----        ------- ----- ------------
_CODE_16               00104000    00000298 =         664. bytes (REL,CON)

        Value  Global            Value  Global            Value  Global    
        -----  ------            -----  ------            -----  ------    
     0010402E  _debuff_i |    00104149  _bow_shoo |    00104218  _scroll_r
ASxxxx Linker V03.00/V05.40 + sdld,  page 47.
Hexadecimal  [32-Bits]

Area                       Addr        Size        Decimal Bytes (Attributes)
--------------------       ----        ----        ------- ----- ------------
_CODE_17               00114000    000036E3 =       14051. bytes (REL,CON)

        Value  Global            Value  Global            Value  Global    
        -----  ------            -----  ------            -----  ------    
     0011466C  ___func_e |    0011466C  _entity_s |    001146B5  ___func_e
     001146B5  _entity_s |    001146D0  ___func_e |    001146D0  _entity_s
     00114788  ___func_e |    00114788  _entity_s |    001147B0  ___func_e
     001147B0  _entity_s |    001147B6  ___func_e |    001147B6  _entity_s
     00115358  ___func_e |    00115358  _entity_s |    00115754  ___func_e
     00115754  _entity_s |    0011578A  ___func_e |    0011578A  _entity_s
     001157AB  ___func_e |    001157AB  _entity_s |    001157BA  ___func_e
     001157BA  _entity_s |    001157FC  ___func_e |    001157FC  _entity_s
     001158F3  ___func_e |    001158F3  _entity_s |    00115918  ___func_e
     00115918  _entity_s |    00115940  ___func_e |    00115940  _entity_s
     00115B6A  ___func_e |    00115B6A  _entity_s |    00115C0F  ___func_e
     00115C0F  _entity_s |    00115C96  ___func_e |    00115C96  _entity_s
     00115F73  ___func_e |    00115F73  _entity_s |    0011618C  ___func_e
     0011618C  _entity_s |    001161CD  ___func_e |    001161CD  _entity_s
     00116214  ___func_e |    00116214  _entity_s |    0011650B  ___func_e
     0011650B  _entity_s |    00116705  ___func_e |    00116705  _entity_s
     00116821  ___func_e |    00116821  _entity_s |    00116A0B  ___func_e
     00116A0B  _entity_s |    00116B49  ___func_e |    00116B49  _entity_s
     00116B75  ___func_e |    00116B75  _entity_s |    00116B7E  ___func_e
     00116B7E  _entity_s |    00116B92  ___func_e |    00116B92  _entity_s
     00116FB4  ___func_a |    00116FB4  _ally_fox |    0011712A  ___func_a
     0011712A  _ally_fox |    001172F8  ___func_a |    001172F8  _ally_fox
ASxxxx Linker V03.00/V05.40 + sdld,  page 48.
Hexadecimal  [32-Bits]

Area                       Addr        Size        Decimal Bytes (Attributes)
--------------------       ----        ----        ------- ----- ------------
_CODE_18               00124000    00001554 =        5460. bytes (REL,CON)

        Value  Global            Value  Global            Value  Global    
        -----  ------            -----  ------            -----  ------    
     00124000  ___func_b |    00124000  _bwv527_d |    00124141  _bwv527_m
     00124D02  _bwv527_b
ASxxxx Linker V03.00/V05.40 + sdld,  page 49.
Hexadecimal  [32-Bits]

Area                       Addr        Size        Decimal Bytes (Attributes)
--------------------       ----        ----        ------- ----- ------------
_CODE_19               00134000    00000861 =        2145. bytes (REL,CON)

        Value  Global            Value  Global            Value  Global    
        -----  ------            -----  ------            -----  ------    
     001340BF  ___func_c |    001340BF  _combat_g |    001340F2  ___func_c
     001340F2  _combat_d |    001343BA  ___func_c |    001343BA  _combat_c
     001343EA  ___func_c |    001343EA  _combat_p |    0013450E  ___func_c
     0013450E  _combat_p |    00134671  ___func_r |    00134671  _resolve_
ASxxxx Linker V03.00/V05.40 + sdld,  page 50.
Hexadecimal  [32-Bits]

Area                       Addr        Size        Decimal Bytes (Attributes)
--------------------       ----        ----        ------- ----- ------------
_CODE_20               00144000    00000621 =        1569. bytes (REL,CON)

        Value  Global            Value  Global            Value  Global    
        -----  ------            -----  ------            -----  ------    
     00144047  _equip_st |    001442BF  _items_eq |    00144592  _items_eq
     001445AA  _equipped |    001445E1  _equipped
ASxxxx Linker V03.00/V05.40 + sdld,  page 51.
Hexadecimal  [32-Bits]

Area                       Addr        Size        Decimal Bytes (Attributes)
--------------------       ----        ----        ------- ----- ------------
_CODE_21               00154000    00000052 =          82. bytes (REL,CON)

        Value  Global            Value  Global            Value  Global    
        -----  ------            -----  ------            -----  ------    
     00154000  ___func_b |    00154000  _biome_bo |    00154024  ___func_b
     00154024  _biome_bo
ASxxxx Linker V03.00/V05.40 + sdld,  page 52.
Hexadecimal  [32-Bits]

Area                       Addr        Size        Decimal Bytes (Attributes)
--------------------       ----        ----        ------- ----- ------------
_CODE_22               00164000    00002E18 =       11800. bytes (REL,CON)

        Value  Global            Value  Global            Value  Global    
        -----  ------            -----  ------            -----  ------    
     00164000  ___func_b |    00164000  _biome_ov |    00164099  ___func_b
     00164099  _biome_ov |    00164625  ___func_o |    00164625  _overworl
     00164630  ___func_o |    00164630  _overworl |    00164A02  ___func_o
     00164A02  _overworl |    00164A0D  ___func_o |    00164A0D  _overworl
     00164B7B  ___func_o |    00164B7B  _overworl |    00164D90  ___func_o
     00164D90  _overworl |    00164DF2  ___func_o |    00164DF2  _overworl
     00164E35  ___func_o |    00164E35  _overworl |    00164E8F  ___func_o
     00164E8F  _overworl |    00164F89  ___func_o |    00164F89  _overworl
     00165211  ___func_o |    00165211  _overworl |    00165249  ___func_o
     00165249  _overworl |    0016565E  ___func_o |    0016565E  _overworl
     00166181  ___func_o |    00166181  _overworl |    001663FC  ___func_o
     001663FC  _overworl |    0016669F  ___func_r |    0016669F  _render_b
     0016674B  ___func_r |    0016674B  _render_b |    001667F9  ___func_w
     001667F9  _water_an |    00166809  ___func_w |    00166809  _water_an
     001668B9  ___func_e |    001668B9  _encounte |    00166A64  ___func_a
     00166A64  _apply_wa |    00166CA7  ___func_a |    00166CA7  _apply_fi
     00166D4B  ___func_l |    00166D4B  _load_pal
ASxxxx Linker V03.00/V05.40 + sdld,  page 53.
Hexadecimal  [32-Bits]

Area                       Addr        Size        Decimal Bytes (Attributes)
--------------------       ----        ----        ------- ----- ------------
_CODE_23               00174000    00000E29 =        3625. bytes (REL,CON)

        Value  Global            Value  Global            Value  Global    
        -----  ------            -----  ------            -----  ------    
     00174000  ___func_b |    00174000  _biome_en |    0017416B  ___func_b
     0017416B  _biome_en |    001742F7  ___func_e |    001742F7  _encounte
     001744CE  ___func_e |    001744CE  _encounte |    001744FB  ___func_e
     001744FB  _encounte |    00174637  ___func_e |    00174637  _encounte
     001746AA  ___func_e |    001746AA  _encounte |    00174916  ___func_e
     00174916  _encounte |    00174D53  ___func_e |    00174D53  _encounte
ASxxxx Linker V03.00/V05.40 + sdld,  page 54.
Hexadecimal  [32-Bits]

Area                       Addr        Size        Decimal Bytes (Attributes)
--------------------       ----        ----        ------- ----- ------------
_CODE_24               00184000    000012EE =        4846. bytes (REL,CON)

        Value  Global            Value  Global            Value  Global    
        -----  ------            -----  ------            -----  ------    
     00184000  ___func_b |    00184000  _bosses_p |    00184008  _bosses_t
     00185008  _bosses_m |    00185108  ___func_b |    00185108  _biome_bo
     0018513A  ___func_b |    0018513A  _biome_bo |    001851EE  ___func_s
     001851EE  _sphinx_l |    0018521B  ___func_s |    0018521B  _sphinx_a
     00185271  ___func_s |    00185271  _sphinx_a
ASxxxx Linker V03.00/V05.40 + sdld,  page 55.
Hexadecimal  [32-Bits]

Area                       Addr        Size        Decimal Bytes (Attributes)
--------------------       ----        ----        ------- ----- ------------
_CODE_25               00194000    00000A23 =        2595. bytes (REL,CON)

        Value  Global            Value  Global            Value  Global    
        -----  ------            -----  ------            -----  ------    
     00194000  ___func_e |    00194000  _enemy_ty |    001940B7  ___func_e
     001940B7  _enemy_re |    0019424F  ___func_e |    0019424F  _enemy_gh
     001943AB  ___func_e |    001943AB  _enemy_sl |    00194563  ___func_e
     00194563  _enemy_sl |    001947ED  ___func_e |    001947ED  _enemy_go
ASxxxx Linker V03.00/V05.40 + sdld,  page 56.
Hexadecimal  [32-Bits]

Area                       Addr        Size        Decimal Bytes (Attributes)
--------------------       ----        ----        ------- ----- ------------
_CODE_27               001B4000    00000666 =        1638. bytes (REL,CON)

        Value  Global            Value  Global            Value  Global    
        -----  ------            -----  ------            -----  ------    
     001B4402  _spells_n |    001B443F  _spells_d |    001B447C  _spells_i
     001B44B2  _spells_u |    001B44CD  _spells_m |    001B44E8  _spells_c
     001B4523  _spells_e |    001B4545  _spells_n |    001B4574  _spells_l
     001B458B  _spells_f |    001B45A1  _spells_t |    001B45BD  _spells_c
     001B45D5  _spells_n
ASxxxx Linker V03.00/V05.40 + sdld,  page 57.
Hexadecimal  [32-Bits]

Area                       Addr        Size        Decimal Bytes (Attributes)
--------------------       ----        ----        ------- ----- ------------
_CODE_28               001C4000    000001CB =         459. bytes (REL,CON)

        Value  Global            Value  Global            Value  Global    
        -----  ------            -----  ------            -----  ------    
     001C4167  ___func_d |    001C4167  _dungeon_
ASxxxx Linker V03.00/V05.40 + sdld,  page 58.
Hexadecimal  [32-Bits]

Area                       Addr        Size        Decimal Bytes (Attributes)
--------------------       ----        ----        ------- ----- ------------
_CODE_29               001D4000    000015BB =        5563. bytes (REL,CON)

        Value  Global            Value  Global            Value  Global    
        -----  ------            -----  ------            -----  ------    
     001D4000  ___func_b |    001D4000  _biome_to |    001D400A  ___func_b
     001D400A  _biome_to |    001D4280  ___func_t |    001D4280  _town_exi
     001D42BE  ___func_t |    001D42BE  _town_npc |    001D431E  ___func_t
     001D431E  _town_npc |    001D4647  ___func_t |    001D4647  _town_bar
     001D4781  ___func_t |    001D4781  _town_roo |    001D47F9  ___func_t
     001D47F9  _town_gen
ASxxxx Linker V03.00/V05.40 + sdld,  page 59.
Hexadecimal  [32-Bits]

Area                       Addr        Size        Decimal Bytes (Attributes)
--------------------       ----        ----        ------- ----- ------------
_CODE_30               001E4000    00000D7E =        3454. bytes (REL,CON)

        Value  Global            Value  Global            Value  Global    
        -----  ------            -----  ------            -----  ------    
     001E452F  ___func_a |    001E452F  _auto_exp |    001E462C  ___func_a
     001E462C  _auto_exp |    001E496E  ___func_a |    001E496E  _auto_exp
     001E4A49  ___func_z |    001E4A49  _zone_bum |    001E4AA6  ___func_z
     001E4AA6  _zone_con |    001E4C07  ___func_b |    001E4C07  _belt_sel
     001E4C46  ___func_p |    001E4C46  _push_sel
ASxxxx Linker V03.00/V05.40 + sdld,  page 60.
Hexadecimal  [32-Bits]

Area                       Addr        Size        Decimal Bytes (Attributes)
--------------------       ----        ----        ------- ----- ------------
_FONT_HEADER0          00000000    00000003 =           3. bytes (ABS,CON)

        Value  Global            Value  Global            Value  Global    
        -----  ------            -----  ------            -----  ------    
ASxxxx Linker V03.00/V05.40 + sdld,  page 61.
Hexadecimal  [32-Bits]

Area                       Addr        Size        Decimal Bytes (Attributes)
--------------------       ----        ----        ------- ----- ------------
_HEADER_LCD0           00000000    00000003 =           3. bytes (ABS,CON)

        Value  Global            Value  Global            Value  Global    
        -----  ------            -----  ------            -----  ------    
ASxxxx Linker V03.00/V05.40 + sdld,  page 62.

Files Linked                              [ module(s) ]

./gbdk/lib/gb/crt0.o                      [ Runtime ]
obj/gbc/ability_dispatch.rel              [ ability_dispatch ]
obj/gbc/ally.rel                          [ ally ]
obj/gbc/biome.rel                         [ biome ]
obj/gbc/debug_bank.rel                    [ debug_bank ]
obj/gbc/globals.rel                       [ globals ]
obj/gbc/lcd.rel                           [ lcd ]
obj/gbc/lighting.rel                      [ lighting ]
obj/gbc/main.rel                          [ main ]
obj/gbc/music.rel                         [ music ]
obj/gbc/perf.rel                          [ perf ]
obj/gbc/seed_entropy.rel                  [ seed_entropy ]
obj/gbc/targeting.rel                     [ targeting ]
obj/gbc/tileset_io.rel                    [ tileset_io ]
obj/gbc/title_logo.rel                    [ title_logo ]
obj/gbc/ui_loading_isr.rel                [ ui_loading_isr ]
obj/gbc/wall_palettes.rel                 [ wall_palettes ]
obj/gbc/tileset.rel                       [ tileset ]
obj/gbc/enemy.rel                         [ enemy ]
obj/gbc/map.rel                           [ map ]
obj/gbc/state_gameplay.rel                [ state_gameplay ]
obj/gbc/camera.rel                        [ camera ]
obj/gbc/render.rel                        [ render ]
obj/gbc/state_inventory.rel               [ state_inventory ]
obj/gbc/state_talk.rel                    [ state_talk ]
obj/gbc/state_ability.rel                 [ state_ability ]
obj/gbc/state_stats.rel                   [ state_stats ]
obj/gbc/state_pickup.rel                  [ state_pickup ]
obj/gbc/state_char_create.rel             [ state_char_create ]
obj/gbc/state_map.rel                     [ state_map ]
obj/gbc/state_transition.rel              [ state_transition ]
obj/gbc/class_palettes.rel                [ class_palettes ]
obj/gbc/state_game_over.rel               [ state_game_over ]
obj/gbc/state_title.rel                   [ state_title ]
obj/gbc/bwv1043_music.rel                 [ bwv1043_music ]
obj/gbc/ui.rel                            [ ui ]
obj/gbc/abilities_knight.rel              [ abilities_knight ]
obj/gbc/abilities_scoundrel.rel           [ abilities_scoundrel ]
obj/gbc/abilities_witch.rel               [ abilities_witch ]
obj/gbc/abilities_zerker.rel              [ abilities_zerker ]
obj/gbc/map_gen.rel                       [ map_gen ]
obj/gbc/level_init.rel                    [ level_init ]
obj/gbc/biome_dungeon.rel                 [ biome_dungeon ]
obj/gbc/biome_crypt.rel                   [ biome_crypt ]
obj/gbc/biome_cavern.rel                  [ biome_cavern ]
obj/gbc/items.rel                         [ items ]
obj/gbc/story_ui.rel                      [ story_ui ]
obj/gbc/names.rel                         [ names ]
obj/gbc/scroll_blast.rel                  [ scroll_blast ]
obj/gbc/debuff_icon.rel                   [ debuff_icon ]
obj/gbc/bow_shoot.rel                     [ bow_shoot ]
obj/gbc/scroll_root.rel                   [ scroll_root ]
obj/gbc/entity_sprites.rel                [ entity_sprites ]
obj/gbc/scoundrel_fox.rel                 [ scoundrel_fox ]
obj/gbc/bwv527_music.rel                  [ bwv527_music ]
obj/gbc/combat.rel                        [ combat ]
obj/gbc/equipment.rel                     [ equipment ]
obj/gbc/biome_boss.rel                    [ biome_boss ]
obj/gbc/biome_overworld.rel               [ biome_overworld ]
obj/gbc/render_palettes.rel               [ render_palettes ]
obj/gbc/biome_encounter.rel               [ biome_encounter ]
obj/gbc/bosses.rel                        [ bosses ]
obj/gbc/biome_boss2.rel                   [ biome_boss2 ]
obj/gbc/enemy_extras.rel                  [ enemy_extras ]
obj/gbc/spells.rel                        [ spells ]
obj/gbc/dungeon_floors.rel                [ dungeon_floors ]
obj/gbc/biome_town.rel                    [ biome_town ]
obj/gbc/auto_explore.rel                  [ auto_explore ]
obj/gbc/gameplay_cold.rel                 [ gameplay_cold ]


Libraries Linked                          [ object file ]

./gbdk/lib/gb/gb.lib                      [ fill_rect_wi.o ]
./gbdk/lib/sm83/sm83.lib                  [ div.o ]
./gbdk/lib/gb/gb.lib                      [ sfr.o ]
./gbdk/lib/sm83/sm83.lib                  [ _strcpy.o ]
./gbdk/lib/sm83/sm83.lib                  [ rand.o ]
./gbdk/lib/gb/gb.lib                      [ font.o ]
./gbdk/lib/gb/gb.lib                      [ cgb_palettes.o ]
./gbdk/lib/gb/gb.lib                      [ font_color.o ]
./gbdk/lib/sm83/sm83.lib                  [ _memmove.o ]
./gbdk/lib/sm83/sm83.lib                  [ mul.o ]
./gbdk/lib/gb/gb.lib                      [ set_data.o ]
./gbdk/lib/gb/gb.lib                      [ set_tile.o ]
./gbdk/lib/gb/gb.lib                      [ lcd.o ]
./gbdk/lib/gb/gb.lib                      [ fill_rect.o ]
./gbdk/lib/sm83/sm83.lib                  [ _modulong.o ]
./gbdk/lib/gb/gb.lib                      [ pad.o ]
./gbdk/lib/gb/gb.lib                      [ fill_rect_bk.o ]
./gbdk/lib/sm83/sm83.lib                  [ __sdcc_call_hl.o ]
./gbdk/lib/sm83/sm83.lib                  [ memcpy.o ]
./gbdk/lib/gb/gb.lib                      [ color.o ]
./gbdk/lib/sm83/sm83.lib                  [ _memset.o ]
./gbdk/lib/gb/gb.lib                      [ drawing_isr.o ]
./gbdk/lib/gb/gb.lib                      [ f_ibm_sh.o ]
./gbdk/lib/gb/gb.lib                      [ ___sdcc_bcall_ehl.o ]
./gbdk/lib/sm83/sm83.lib                  [ strcat.o ]
./gbdk/lib/sm83/sm83.lib                  [ printf.o ]
./gbdk/lib/gb/gb.lib                      [ cgb.o ]
./gbdk/lib/sm83/sm83.lib                  [ strlen.o ]
./gbdk/lib/sm83/sm83.lib                  [ _mullong.o ]
./gbdk/lib/gb/gb.lib                      [ cgb_compat.o ]
./gbdk/lib/gb/gb.lib                      [ set_bk_t.o ]
./gbdk/lib/gb/gb.lib                      [ set_1bit_data.o ]
./gbdk/lib/sm83/sm83.lib                  [ sprintf.o ]
./gbdk/lib/gb/gb.lib                      [ set_xy_t.o ]
./gbdk/lib/sm83/sm83.lib                  [ itoa.o ]

ASxxxx Linker V03.00/V05.40 + sdld,  page 63.

User Base Address Definitions

_DATA=0xC0A0
_CODE=0x0200
_HRAM=0xFF80
ASxxxx Linker V03.00/V05.40 + sdld,  page 64.

User Global Definitions

_shadow_OAM=0xC000
.STACK=0xE000

