ASxxxx Linker V03.00/V05.40 + sdld,  page 1.
Hexadecimal  [32-Bits]

Area                       Addr        Size        Decimal Bytes (Attributes)
--------------------       ----        ----        ------- ----- ------------
.  .ABS.               00000000    00000000 =           0. bytes (ABS,CON)

        Value  Global            Value  Global            Value  Global    
        -----  ------            -----  ------            -----  ------    
     00000000  .__.ABS.  |    00000000  ___bank_a |    00000000  ___bank_a
     00000000  ___bank_a |    00000000  ___bank_a |    00000000  ___bank_a
     00000000  ___bank_e |    00000000  ___bank_e |    00000000  ___bank_e
     00000000  ___bank_e |    00000000  _rMBC7_SR |    00000000  _rRAMG   
     00000000  b_enemy_g |    00000000  b_enemy_s |    00000000  b_enemy_s
     00000000  b_enemy_t |    00000000  l__BASE   |    00000000  l__BSS   
     00000000  l__CABS   |    00000000  l__CODE_0 |    00000000  l__DABS  
     00000000  l__FONT_H |    00000000  l__HEADER |    00000000  l__HEADER
     00000000  l__HEAP   |    00000000  l__HEAP_E |    00000000  l__LIT   
     00000000  s__CABS   |    00000000  s__DABS   |    00000000  s__FONT_H
     00000000  s__FONT_H |    00000000  s__HEADER |    00000000  s__HEADER
     00000000  s__HEADER |    00000000  s__HEADER |    00000000  s__HEADER
     00000000  s__HEADER |    00000000  s__HEADER |    00000000  s__HEADER
     00000000  s__HEADER |    00000000  s__HEADER |    00000000  s__HEADER
     00000000  s__HEADER |    00000000  s__HEADER |    00000000  s__HEADER
     00000000  s__HEADER |    00000000  s__HEADER |    00000000  s__HEADER
     00000000  s__HEADER |    00000000  s__HEADER |    00000000  s__HEADER
     00000000  s__HEADER |    00000001  ___bank_t |    00000001  l__GSFINA
     00000001  l__HEADER |    00000001  l__HEADER |    00000001  l__HEADER
     00000001  l__HEADER |    00000001  l__HEADER |    00000001  l__HEADER
     00000001  l__HEADER |    00000002  ___bank_c |    00000002  ___bank_e
     00000002  ___bank_e |    00000002  ___bank_g |    00000002  ___bank_g
     00000002  ___bank_i |    00000002  ___bank_l |    00000002  ___bank_l
     00000002  ___bank_m |    00000002  ___bank_s |    00000002  ___bank_s
     00000002  ___bank_t |    00000002  b_camera_ |    00000002  b_camera_
     00000002  b_camera_ |    00000002  b_corpse_ |    00000002  b_corpse_
     00000002  b_draw_bo |    00000002  b_draw_co |    00000002  b_draw_ga
     00000002  b_enemy_a |    00000002  b_enemy_c |    00000002  b_enemy_e
     00000002  b_enemy_e |    00000002  b_enemy_p |    00000002  b_enemy_r
     00000002  b_ground_ |    00000002  b_ground_ |    00000002  b_is_walk
     00000002  b_level_g |    00000002  b_load_pa |    00000002  b_map_pit
     00000002  b_state_g |    00000002  b_state_g |    00000002  b_tile_at
     00000002  l__HEADER |    00000002  l__HEADER |    00000002  l__HEADER
     00000003  ___bank_c |    00000003  ___bank_s |    00000003  ___bank_s
     00000003  ___bank_s |    00000003  ___bank_s |    00000003  ___bank_s
     00000003  ___bank_s |    00000003  ___bank_s |    00000003  ___bank_s
     00000003  ___bank_s |    00000003  ___bank_s |    00000003  ___bank_s
     00000003  ___bank_s |    00000003  ___bank_s |    00000003  ___bank_s
     00000003  b_class_p |    00000003  b_class_p |    00000003  b_state_a
     00000003  b_state_a |    00000003  b_state_c |    00000003  b_state_g
     00000003  b_state_i |    00000003  b_state_i |    00000003  b_state_m
     00000003  b_state_m |    00000003  b_state_p |    00000003  b_state_p
     00000003  b_state_s |    00000003  b_state_s |    00000003  b_state_t
     00000003  b_state_t |    00000003  l__FONT_H |    00000003  l__HEADER
     00000003  l__HEADER |    00000004  ___bank_b |    00000005  ___bank_u
     00000005  b_run_see |    00000005  b_title_s |    00000005  b_ui_comb
     00000005  b_ui_comb |    00000005  b_ui_comb |    00000005  b_ui_comb
     00000005  b_ui_comb |    00000005  b_ui_draw |    00000005  b_ui_draw
     00000005  b_ui_game |    00000005  b_ui_load |    00000005  b_ui_load
     00000005  b_ui_pane |    00000005  b_ui_pane |    00000005  b_ui_pane
ASxxxx Linker V03.00/V05.40 + sdld,  page 2.
Hexadecimal  [32-Bits]

Area                       Addr        Size        Decimal Bytes (Attributes)
--------------------       ----        ----        ------- ----- ------------
.  .ABS.               00000000    00000000 =           0. bytes (ABS,CON)

        Value  Global            Value  Global            Value  Global    
        -----  ------            -----  ------            -----  ------    
     00000005  b_ui_pane |    00000005  b_ui_push |    00000005  b_ui_push
     00000005  b_ui_push |    00000005  b_ui_push |    00000005  b_window_
     00000005  b_window_ |    00000005  l__HEADER |    00000006  ___bank_a
     00000006  ___bank_a |    00000006  b_abiliti |    00000006  b_ability
     00000006  l__HEADER |    00000007  ___bank_a |    00000007  ___bank_a
     00000007  b_abiliti |    00000007  b_ability |    00000007  l__HEADER
     00000008  ___bank_a |    00000008  ___bank_a |    00000008  b_abiliti
     00000008  b_ability |    00000008  l__HEADER |    00000009  ___bank_a
     00000009  ___bank_a |    00000009  b_abiliti |    00000009  b_ability
     0000000A  ___bank_b |    0000000A  ___bank_g |    0000000A  ___bank_l
     0000000A  b_generat |    0000000A  b_level_i |    0000000B  ___bank_b
     0000000C  ___bank_b |    0000000C  l__GSINIT |    0000000D  b_enemy_t
     0000000D  b_invento |    0000000D  b_invento |    0000000D  b_invento
     0000000D  b_invento |    0000000D  b_invento |    0000000D  b_item_ro
     0000000D  b_items_k |    0000000D  b_items_k |    0000000D  b_items_k
     0000000D  b_items_k |    0000000D  b_items_k |    0000000D  b_items_k
     0000000D  b_items_u |    0000000E  ___bank_s |    0000000E  b_story_u
     0000000F  b_scroll_ |    00000010  b_bow_sho |    00000010  b_root_ic
     00000010  b_scroll_ |    00000011  ___bank_a |    00000011  ___bank_a
     00000011  ___bank_a |    00000011  ___bank_e |    00000011  ___bank_e
     00000011  ___bank_e |    00000011  ___bank_e |    00000011  ___bank_e
     00000011  ___bank_e |    00000011  ___bank_e |    00000011  ___bank_e
     00000011  ___bank_e |    00000011  ___bank_e |    00000011  ___bank_e
     00000011  ___bank_e |    00000011  ___bank_e |    00000011  ___bank_e
     00000011  ___bank_e |    00000011  ___bank_e |    00000011  ___bank_e
     00000011  ___bank_e |    00000011  ___bank_e |    00000011  ___bank_e
     00000011  ___bank_e |    00000011  ___bank_e |    00000011  ___bank_e
     00000011  ___bank_e |    00000011  ___bank_e |    00000011  ___bank_e
     00000011  ___bank_e |    00000011  b_ally_fo |    00000011  b_ally_fo
     00000011  b_ally_fo |    00000011  b_entity_ |    00000011  b_entity_
     00000011  b_entity_ |    00000011  b_entity_ |    00000011  b_entity_
     00000011  b_entity_ |    00000011  b_entity_ |    00000011  b_entity_
     00000011  b_entity_ |    00000011  b_entity_ |    00000011  b_entity_
     00000011  b_entity_ |    00000011  b_entity_ |    00000011  b_entity_
     00000011  b_entity_ |    00000011  b_entity_ |    00000011  b_entity_
     00000011  b_entity_ |    00000011  b_entity_ |    00000011  b_entity_
     00000011  b_entity_ |    00000011  b_entity_ |    00000011  b_entity_
     00000011  b_entity_ |    00000011  b_entity_ |    00000011  b_entity_
     00000011  b_entity_ |    00000012  ___bank_b |    00000013  ___bank_c
     00000013  ___bank_c |    00000013  ___bank_c |    00000013  ___bank_r
     00000013  b_combat_ |    00000013  b_combat_ |    00000013  b_combat_
     00000013  b_resolve |    00000013  l__HRAM   |    00000014  b_equippe
     00000014  b_equippe |    00000014  b_items_e |    00000014  b_items_e
     00000015  ___bank_b |    00000015  ___bank_b |    00000016  ___bank_b
     00000016  ___bank_b |    0000001B  ___bank_b |    0000001D  l__INITIA
     0000001D  l__INITIA |    00000030  l__HEADER |    00000034  l__CODE_2
     00000042  l__CODE_2 |    00000052  l__CODE_2 |    00000060  l__HEADER
     00000074  l__CODE_7 |    00000084  l__CODE_1 |    00000084  l__CODE_1
     00000088  l__CODE_6 |    0000009D  l__CODE_1 |    000000AB  l__HEADER
     00000200  s__CODE   |    0000026D  l__CODE_2 |    00000272  l__CODE_9
     00000277  l__CODE_1 |    00000293  l__CODE_8 |    00000516  l__CODE_1
ASxxxx Linker V03.00/V05.40 + sdld,  page 3.
Hexadecimal  [32-Bits]

Area                       Addr        Size        Decimal Bytes (Attributes)
--------------------       ----        ----        ------- ----- ------------
.  .ABS.               00000000    00000000 =           0. bytes (ABS,CON)

        Value  Global            Value  Global            Value  Global    
        -----  ------            -----  ------            -----  ------    
     00000B9B  l__CODE_4 |    00000BC9  l__HOME   |    00000C46  l__CODE_1
     00000E05  l__CODE_1 |    00000EDF  l__CODE_1 |    00001108  l__CODE_1
     00001554  l__CODE_1 |    00001A3F  l__DATA   |    00001B7A  l__CODE_3
     00002000  _rROMB0   |    00002A35  l__CODE   |    00002C35  s__HOME  
     00002C44  l__CODE_1 |    00003000  _rROMB1   |    00003092  l__CODE_5
     000037FE  s__BASE   |    000037FE  s__CODE_0 |    000037FE  s__INITIA
     000037FE  s__LIT    |    0000381B  s__GSINIT |    00003827  s__GSFINA
     00003DEE  l__CODE_2 |    00004000  _rMBC7_SR |    00004000  _rRAMB   
     00008000  __VRAM    |    00008000  __VRAM800 |    00008800  __VRAM880
     00009000  __VRAM900 |    00009800  __SCRN0   |    00009C00  __SCRN1  
     0000A000  __SRAM    |    0000A000  _rMBC7_LA |    0000A010  _rMBC7_LA
     0000A020  _rMBC7_AC |    0000A030  _rMBC7_AC |    0000A040  _rMBC7_AC
     0000A050  _rMBC7_AC |    0000C000  __RAM     |    0000C000  _shadow_O
     0000C0A0  s__DATA   |    0000D000  __RAMBANK |    0000DADF  s__BSS   
     0000DADF  s__INITIA |    0000DAFC  s__HEAP   |    0000DAFC  s__HEAP_E
     0000E000  .STACK    |    0000FE00  __OAMRAM  |    0000FF00  _P1_REG  
     0000FF00  __IO      |    0000FF01  _SB_REG   |    0000FF02  _SC_REG  
     0000FF04  _DIV_REG  |    0000FF05  _TIMA_REG |    0000FF06  _TMA_REG 
     0000FF07  _TAC_REG  |    0000FF0F  _IF_REG   |    0000FF10  _NR10_REG
     0000FF11  _NR11_REG |    0000FF12  _NR12_REG |    0000FF13  _NR13_REG
     0000FF14  _NR14_REG |    0000FF16  _NR21_REG |    0000FF17  _NR22_REG
     0000FF18  _NR23_REG |    0000FF19  _NR24_REG |    0000FF1A  _NR30_REG
     0000FF1B  _NR31_REG |    0000FF1C  _NR32_REG |    0000FF1D  _NR33_REG
     0000FF1E  _NR34_REG |    0000FF20  _NR41_REG |    0000FF21  _NR42_REG
     0000FF22  _NR43_REG |    0000FF23  _NR44_REG |    0000FF24  _NR50_REG
     0000FF25  _NR51_REG |    0000FF26  _NR52_REG |    0000FF30  _AUD3WAVE
     0000FF30  _PCM_SAMP |    0000FF30  __AUD3WAV |    0000FF40  _LCDC_REG
     0000FF41  _STAT_REG |    0000FF42  _SCY_REG  |    0000FF43  _SCX_REG 
     0000FF44  _LY_REG   |    0000FF45  _LYC_REG  |    0000FF46  _DMA_REG 
     0000FF47  _BGP_REG  |    0000FF48  _OBP0_REG |    0000FF49  _OBP1_REG
     0000FF4A  _WY_REG   |    0000FF4B  _WX_REG   |    0000FF4D  _KEY1_REG
     0000FF4F  _VBK_REG  |    0000FF51  _HDMA1_RE |    0000FF52  _HDMA2_RE
     0000FF53  _HDMA3_RE |    0000FF54  _HDMA4_RE |    0000FF55  _HDMA5_RE
     0000FF56  _RP_REG   |    0000FF68  _BCPS_REG |    0000FF69  _BCPD_REG
     0000FF6A  _OCPS_REG |    0000FF6B  _OCPD_REG |    0000FF70  _SVBK_REG
     0000FF76  _PCM12_RE |    0000FF77  _PCM34_RE |    0000FF80  __HRAM   
     0000FF80  s__HRAM   |    0000FFFF  _IE_REG   |    00014000  s__CODE_1
     00024000  s__CODE_2 |    00034000  s__CODE_3 |    00044000  s__CODE_4
     00054000  s__CODE_5 |    00064000  s__CODE_6 |    00074000  s__CODE_7
     00084000  s__CODE_8 |    00094000  s__CODE_9 |    000A4000  s__CODE_1
     000B4000  s__CODE_1 |    000C4000  s__CODE_1 |    000D4000  s__CODE_1
     000E4000  s__CODE_1 |    000F4000  s__CODE_1 |    00104000  s__CODE_1
     00114000  s__CODE_1 |    00124000  s__CODE_1 |    00134000  s__CODE_1
     00144000  s__CODE_2 |    00154000  s__CODE_2 |    00164000  s__CODE_2
     001B4000  s__CODE_2
ASxxxx Linker V03.00/V05.40 + sdld,  page 4.
Hexadecimal  [32-Bits]

Area                       Addr        Size        Decimal Bytes (Attributes)
--------------------       ----        ----        ------- ----- ------------
_CODE                  00000200    00002A35 =       10805. bytes (REL,CON)

        Value  Global            Value  Global            Value  Global    
        -----  ------            -----  ------            -----  ------    
     00000200  _ability_ |    000002A3  _ability_ |    000002B4  _ability_
     000002BD  _ability_ |    000002C8  _ability_ |    000002D2  _ability_
     000002DD  _ability_ |    00000319  _ability_ |    0000038C  ___func_a
     0000038C  _ally_cle |    000003B1  ___func_a |    000003B1  _ally_cle
     000003C0  ___func_a |    000003C0  _ally_fin |    000003DB  ___func_a
     000003DB  _ally_has |    000003FD  _ally_wal |    0000048B  ___func_a
     0000048B  _ally_sum |    000004B9  _biome_lo |    000005C8  _biome_pi
     0000065D  ___func_e |    0000065D  _enemy_ty |    00000703  ___func_e
     00000703  _enemy_sl |    000008AB  ___func_e |    000008AB  _enemy_sl
     00000AB1  ___func_e |    00000AB1  _enemy_go |    00000CCD  _player_l
     00000CED  _lcd_hp_p |    00000DB3  _lcd_init |    00000DCA  _lcd_susp
     00000DDC  _lcd_resu |    00000DF3  _lcd_clea |    00000ECF  _lighting
     00000ED7  _lighting |    00000EDB  _lighting |    00000F17  _lighting
     00000F1B  _lighting |    00000F21  _lighting |    000010F2  _lighting
     00001133  _main     |    00001BEA  _sfx_lung |    00001BF4  _sfx_spel
     00001C05  _sfx_whir |    00001C14  _sfx_shie |    00001C25  _sfx_fox_
     00001C36  _music_pl |    00001C6C  _music_pl |    00001CBD  _music_se
     00001CC7  _music_ge |    00001CCB  _music_be |    00001D00  _music_lo
     00001D2E  _music_st |    00001D47  _music_pl |    00001D9E  _music_in
     00001DCC  _perf_sta |    00001DCF  _perf_sta |    00001DD7  _perf_rec
     00001E7B  _perf_avg |    00001EAF  _perf_max |    00001EBE  _perf_cle
     00001EE3  _seed_ent |    00001F64  _seed_ent |    00001FA0  _seed_ent
     00002001  _targetin |    000020A1  _tileset_ |    000020E9  _tileset_
     00002153  _title_lo |    000021DD  _title_lo |    000023B5  _title_lo
     0000240F  _ui_loadi |    00002448  _wall_pal |    00002588  __divsuch
     0000258E  __modsuch |    00002597  __divusch |    000025A0  __modusch
     000025AC  __divscha |    000025B1  __modscha |    000025B8  __divsint
     000025C1  __modsint |    000025CD  __divucha |    000025D2  __moducha
     000025D9  __divuint |    000025E2  __moduint |    000025EE  .div8    
     000025EE  .mod8     |    000025F6  .div16    |    000025F6  .mod16   
     0000262C  .divu8    |    0000262C  .modu8    |    0000262F  .divu16  
     0000262F  .modu16   |    0000266F  _set_spri |    00002674  _set_bkg_
     00002677  .set_pale |    00002696  _set_spri |    0000269B  _set_bkg_
     0000269E  .set_pale |    000026BA  _memmove  |    00002769  __mulsuch
     0000276C  __mulusch |    00002775  __mulscha |    0000277D  __mulint 
     0000279C  __mulucha |    000027AE  _set_vram |    000027B7  _set_win_
     000027C0  _set_bkg_ |    000027EF  ___memcpy |    000027EF  _memcpy  
     00002821  _strcat   |    00002832  _printf   |    00002847  _cpu_slow
     00002862  _cpu_fast |    00002869  _cgb_comp |    00002869  _set_defa
     000028B9  ___printf |    00002C16  _sprintf 
ASxxxx Linker V03.00/V05.40 + sdld,  page 5.
Hexadecimal  [32-Bits]

Area                       Addr        Size        Decimal Bytes (Attributes)
--------------------       ----        ----        ------- ----- ------------
_HEADER0               00000000    00000001 =           1. bytes (ABS,CON)

        Value  Global            Value  Global            Value  Global    
        -----  ------            -----  ------            -----  ------    
     00000020  .call_hl 
ASxxxx Linker V03.00/V05.40 + sdld,  page 6.
Hexadecimal  [32-Bits]

Area                       Addr        Size        Decimal Bytes (Attributes)
--------------------       ----        ----        ------- ----- ------------
_HEADER1               00000000    00000005 =           5. bytes (ABS,CON)

        Value  Global            Value  Global            Value  Global    
        -----  ------            -----  ------            -----  ------    
     00000028  .MemsetSm
ASxxxx Linker V03.00/V05.40 + sdld,  page 7.
Hexadecimal  [32-Bits]

Area                       Addr        Size        Decimal Bytes (Attributes)
--------------------       ----        ----        ------- ----- ------------
_HEADER2               00000000    00000007 =           7. bytes (ABS,CON)

        Value  Global            Value  Global            Value  Global    
        -----  ------            -----  ------            -----  ------    
     00000030  .MemcpySm
ASxxxx Linker V03.00/V05.40 + sdld,  page 8.
Hexadecimal  [32-Bits]

Area                       Addr        Size        Decimal Bytes (Attributes)
--------------------       ----        ----        ------- ----- ------------
_HEADER3               00000000    00000008 =           8. bytes (ABS,CON)

        Value  Global            Value  Global            Value  Global    
        -----  ------            -----  ------            -----  ------    
ASxxxx Linker V03.00/V05.40 + sdld,  page 9.
Hexadecimal  [32-Bits]

Area                       Addr        Size        Decimal Bytes (Attributes)
--------------------       ----        ----        ------- ----- ------------
_HEADER4               00000000    00000060 =          96. bytes (ABS,CON)

        Value  Global            Value  Global            Value  Global    
        -----  ------            -----  ------            -----  ------    
     00000080  .int      |    0000008F  _wait_int |    0000009C  __standar
     000000AB  _refresh_ |    000000CC  _set_inte
ASxxxx Linker V03.00/V05.40 + sdld,  page 10.
Hexadecimal  [32-Bits]

Area                       Addr        Size        Decimal Bytes (Attributes)
--------------------       ----        ----        ------- ----- ------------
_HEADER5               00000000    00000001 =           1. bytes (ABS,CON)

        Value  Global            Value  Global            Value  Global    
        -----  ------            -----  ------            -----  ------    
ASxxxx Linker V03.00/V05.40 + sdld,  page 11.
Hexadecimal  [32-Bits]

Area                       Addr        Size        Decimal Bytes (Attributes)
--------------------       ----        ----        ------- ----- ------------
_HEADER6               00000000    00000002 =           2. bytes (ABS,CON)

        Value  Global            Value  Global            Value  Global    
        -----  ------            -----  ------            -----  ------    
ASxxxx Linker V03.00/V05.40 + sdld,  page 12.
Hexadecimal  [32-Bits]

Area                       Addr        Size        Decimal Bytes (Attributes)
--------------------       ----        ----        ------- ----- ------------
_HEADER7               00000000    00000030 =          48. bytes (ABS,CON)

        Value  Global            Value  Global            Value  Global    
        -----  ------            -----  ------            -----  ------    
ASxxxx Linker V03.00/V05.40 + sdld,  page 13.
Hexadecimal  [32-Bits]

Area                       Addr        Size        Decimal Bytes (Attributes)
--------------------       ----        ----        ------- ----- ------------
_HEADER8               00000000    00000006 =           6. bytes (ABS,CON)

        Value  Global            Value  Global            Value  Global    
        -----  ------            -----  ------            -----  ------    
ASxxxx Linker V03.00/V05.40 + sdld,  page 14.
Hexadecimal  [32-Bits]

Area                       Addr        Size        Decimal Bytes (Attributes)
--------------------       ----        ----        ------- ----- ------------
_HEADER9               00000000    00000003 =           3. bytes (ABS,CON)

        Value  Global            Value  Global            Value  Global    
        -----  ------            -----  ------            -----  ------    
ASxxxx Linker V03.00/V05.40 + sdld,  page 15.
Hexadecimal  [32-Bits]

Area                       Addr        Size        Decimal Bytes (Attributes)
--------------------       ----        ----        ------- ----- ------------
_HEADERa               00000000    00000001 =           1. bytes (ABS,CON)

        Value  Global            Value  Global            Value  Global    
        -----  ------            -----  ------            -----  ------    
ASxxxx Linker V03.00/V05.40 + sdld,  page 16.
Hexadecimal  [32-Bits]

Area                       Addr        Size        Decimal Bytes (Attributes)
--------------------       ----        ----        ------- ----- ------------
_HEADERb               00000000    00000001 =           1. bytes (ABS,CON)

        Value  Global            Value  Global            Value  Global    
        -----  ------            -----  ------            -----  ------    
ASxxxx Linker V03.00/V05.40 + sdld,  page 17.
Hexadecimal  [32-Bits]

Area                       Addr        Size        Decimal Bytes (Attributes)
--------------------       ----        ----        ------- ----- ------------
_HEADERc               00000000    00000001 =           1. bytes (ABS,CON)

        Value  Global            Value  Global            Value  Global    
        -----  ------            -----  ------            -----  ------    
ASxxxx Linker V03.00/V05.40 + sdld,  page 18.
Hexadecimal  [32-Bits]

Area                       Addr        Size        Decimal Bytes (Attributes)
--------------------       ----        ----        ------- ----- ------------
_HEADERd               00000000    00000002 =           2. bytes (ABS,CON)

        Value  Global            Value  Global            Value  Global    
        -----  ------            -----  ------            -----  ------    
ASxxxx Linker V03.00/V05.40 + sdld,  page 19.
Hexadecimal  [32-Bits]

Area                       Addr        Size        Decimal Bytes (Attributes)
--------------------       ----        ----        ------- ----- ------------
_HEADERe               00000000    00000001 =           1. bytes (ABS,CON)

        Value  Global            Value  Global            Value  Global    
        -----  ------            -----  ------            -----  ------    
ASxxxx Linker V03.00/V05.40 + sdld,  page 20.
Hexadecimal  [32-Bits]

Area                       Addr        Size        Decimal Bytes (Attributes)
--------------------       ----        ----        ------- ----- ------------
_HEADERf               00000000    00000001 =           1. bytes (ABS,CON)

        Value  Global            Value  Global            Value  Global    
        -----  ------            -----  ------            -----  ------    
ASxxxx Linker V03.00/V05.40 + sdld,  page 21.
Hexadecimal  [32-Bits]

Area                       Addr        Size        Decimal Bytes (Attributes)
--------------------       ----        ----        ------- ----- ------------
_HEADER10              00000000    00000002 =           2. bytes (ABS,CON)

        Value  Global            Value  Global            Value  Global    
        -----  ------            -----  ------            -----  ------    
ASxxxx Linker V03.00/V05.40 + sdld,  page 22.
Hexadecimal  [32-Bits]

Area                       Addr        Size        Decimal Bytes (Attributes)
--------------------       ----        ----        ------- ----- ------------
_HEADER11              00000000    000000AB =         171. bytes (ABS,CON)

        Value  Global            Value  Global            Value  Global    
        -----  ------            -----  ------            -----  ------    
     00000150  .reset    |    00000150  _reset    |    00000157  .code_sta
     000001B9  _exit     |    000001BD  .wait_vbl |    000001BD  _vsync   
     000001BD  _wait_vbl |    000001CD  .remove_V |    000001CD  _remove_V
     000001D0  .remove_i |    000001ED  .add_VBL  |    000001ED  _add_VBL 
     000001F0  .add_int 
ASxxxx Linker V03.00/V05.40 + sdld,  page 23.
Hexadecimal  [32-Bits]

Area                       Addr        Size        Decimal Bytes (Attributes)
--------------------       ----        ----        ------- ----- ------------
_HOME                  00002C35    00000BC9 =        3017. bytes (REL,CON)

        Value  Global            Value  Global            Value  Global    
        -----  ------            -----  ------            -----  ------    
     00002C35  .memset_s |    00002C3E  .memcpy_s |    00002C5B  .display_
     00002C5B  _display_ |    00002C73  _render_s |    00002CD3  _render_s
     00002CFA  _fill_win |    00002D0C  _strcpy   |    00002D1E  _rand    
     00002D1E  _randw    |    00002D49  _initrand |    00002D4B  .initrand
     00002D54  _font_loa |    00002D5B  font_load |    00002DA3  font_copy
     00002DD9  font_set  |    00002DE6  .put_char |    00002DFE  .out_char
     00002E04  .del_char |    00002E5A  _putchar  |    00002E63  _setchar 
     00002E6C  _font_loa |    00002E7A  _font_set |    00002E89  _font_ini
     00002EA8  .cls      |    00002EA8  _cls      |    00002ECA  _gotoxy  
     00002ED5  _posx     |    00002EE6  _posy     |    00002F0E  .cr_curs 
     00002F23  .adv_curs |    00002F7F  .tmode    |    00002F9C  .tmode_ou
     00002FA5  _font_col |    00002FB0  _set_tile |    00002FB5  _set_bkg_
     00002FB5  _set_win_ |    00002FBD  _set_spri |    0000301C  .add_LCD 
     0000301C  _add_LCD  |    00003022  .remove_L |    00003022  _remove_L
     00003028  .fill_rec |    00003031  .fill_rec |    0000307E  __modulon
     0000311B  .padup    |    0000311B  _waitpadu |    0000312B  .jpad    
     0000312B  _joypad   |    00003153  _waitpad  |    00003154  .wait_pad
     0000315B  _fill_bkg |    0000316D  ___sdcc_c |    0000316E  _color   
     0000316E  _set_1bpp |    0000317D  _memset   |    000031B0  .drawing_
     000031CD  _font_ibm |    0000357F  ___sdcc_b |    00003593  _strlen  
     00003598  .strlen   |    000035A1  __mullong |    00003688  _set_bkg_
     0000369C  _set_bkg_ |    0000369C  _set_win_ |    000036A4  _set_spri
     000036FC  .set_xy_w |    00003705  .set_xy_b |    00003714  .set_xy_t
     00003758  _uitoa    |    00003767  _itoa     |    00003776  .itoa    
     0000378A  .utoa    
ASxxxx Linker V03.00/V05.40 + sdld,  page 24.
Hexadecimal  [32-Bits]

Area                       Addr        Size        Decimal Bytes (Attributes)
--------------------       ----        ----        ------- ----- ------------
_INITIALIZER           000037FE    0000001D =          29. bytes (REL,CON)

        Value  Global            Value  Global            Value  Global    
        -----  ------            -----  ------            -----  ------    
ASxxxx Linker V03.00/V05.40 + sdld,  page 25.
Hexadecimal  [32-Bits]

Area                       Addr        Size        Decimal Bytes (Attributes)
--------------------       ----        ----        ------- ----- ------------
_GSINIT                0000381B    0000000C =          12. bytes (REL,CON)

        Value  Global            Value  Global            Value  Global    
        -----  ------            -----  ------            -----  ------    
     0000381B  gsinit   
ASxxxx Linker V03.00/V05.40 + sdld,  page 26.
Hexadecimal  [32-Bits]

Area                       Addr        Size        Decimal Bytes (Attributes)
--------------------       ----        ----        ------- ----- ------------
_GSFINAL               00003827    00000001 =           1. bytes (REL,CON)

        Value  Global            Value  Global            Value  Global    
        -----  ------            -----  ------            -----  ------    
ASxxxx Linker V03.00/V05.40 + sdld,  page 27.
Hexadecimal  [32-Bits]

Area                       Addr        Size        Decimal Bytes (Attributes)
--------------------       ----        ----        ------- ----- ------------
_DATA                  0000C0A0    00001A3F =        6719. bytes (REL,CON)

        Value  Global            Value  Global            Value  Global    
        -----  ------            -----  ------            -----  ------    
     0000C0A0  __cpu     |    0000C0A1  __is_GBA  |    0000C0A2  .mode    
     0000C0A3  .sys_time |    0000C0A3  _sys_time |    0000C0A5  .int_0x40
     0000C0B1  _enemy_de |    0000C0F0  _enemy_ac |    0000C0F9  _enemy_ac
     0000C0FA  _pending_ |    0000C0FB  _gameplay |    0000C0FC  _level_is
     0000C0FD  _deepest_ |    0000C0FE  _entered_ |    0000C0FF  _player_x
     0000C101  _player_c |    0000C102  _player_c |    0000C103  _floor_bi
     0000C104  _g_player |    0000C105  _g_player |    0000C106  _g_prev_j
     0000C107  _g_run_en |    0000C109  _look_cx  |    0000C10A  _look_cy 
     0000C10B  _selected |    0000C10C  _belt_slo |    0000C110  _player_h
     0000C111  _witch_sh |    0000C112  _zerker_w |    0000C113  _book_hea
     0000C114  _knight_s |    0000C115  _player_l |    0000C116  _ally_act
     0000C11A  _ally_x   |    0000C11E  _ally_y   |    0000C122  _ally_typ
     0000C126  _ally_cha |    0000C12A  _ally_fli |    0000C12E  _enemy_al
     0000C146  _dead_ene |    0000C15E  _dead_ene |    0000C15F  _floor_it
     0000C191  _floor_en |    0000C227  _inventor |    0000C245  _inventor
     0000C263  _inventor |    0000C281  _inventor |    0000C29F  _ground_i
     0000C2A7  _ground_i |    0000C2AF  _ground_i |    0000C2B7  _ground_i
     0000C2BF  _pending_ |    0000C2C0  _inv_desc |    0000C2C1  _lcd_game
     0000C2C2  _lcd_shak |    0000C2C3  _lcd_shak |    0000C75F  _ui_loadi
     0000C760  _ui_load_ |    0000C761  _enemy_x  |    0000C779  _enemy_y 
     0000C791  _enemy_ty |    0000C7A9  _enemy_hp |    0000C7C1  _enemy_st
     0000C7D9  _enemy_st |    0000C7F1  _num_enem |    0000C7F2  _corpse_x
     0000C80A  _corpse_y |    0000C822  _corpse_t |    0000C83A  _num_corp
     0000C83B  _enemy_oc |    0000CE3B  _enemy_an |    0000CE3C  _enemy_at
     0000CE54  _enemy_at |    0000CE55  _enemy_fo |    0000CE6D  _enemy_pe
     0000CED3  _floor_bi |    0000D353  _pit_bits |    0000D7D3  _nav_node
     0000D8F3  _num_nav_ |    0000D8F4  _wall_til |    0000D8F5  _wall_pal
     0000D8F6  _pillar_p |    0000D8F7  _active_m |    0000D8F8  _active_m
     0000D8F9  _player_s |    0000D8FA  _player_s |    0000D8FB  _floor_co
     0000D8FE  _brazier_ |    0000D8FF  _brazier_ |    0000D913  _brazier_
     0000D927  _brazier_ |    0000D93B  _pit_x    |    0000D93C  _pit_y   
     0000D93D  _pit_pres |    0000D93E  _camera_p |    0000D940  _camera_p
     0000DABF  ___rand_s |    0000DAC1  font_curr |    0000DAC4  font_firs
     0000DAC5  font_tabl |    0000DAD7  .int_0x48
ASxxxx Linker V03.00/V05.40 + sdld,  page 28.
Hexadecimal  [32-Bits]

Area                       Addr        Size        Decimal Bytes (Attributes)
--------------------       ----        ----        ------- ----- ------------
_INITIALIZED           0000DADF    0000001D =          29. bytes (REL,CON)

        Value  Global            Value  Global            Value  Global    
        -----  ------            -----  ------            -----  ------    
     0000DADF  _current_ |    0000DAE0  _next_sta |    0000DAE1  _player_h
     0000DAE2  _player_h |    0000DAE3  _player_l |    0000DAE4  _player_d
     0000DAE5  _floor_nu |    0000DAE6  _run_seed |    0000DAE8  _boss_ali
     0000DAEC  _ui_panel |    0000DAF6  .curx     |    0000DAF7  .cury    
     0000DAF8  .fg_colou |    0000DAF8  __current |    0000DAF9  .bg_colou
     0000DAFA  .draw_mod |    0000DAFB  __map_til
ASxxxx Linker V03.00/V05.40 + sdld,  page 29.
Hexadecimal  [32-Bits]

Area                       Addr        Size        Decimal Bytes (Attributes)
--------------------       ----        ----        ------- ----- ------------
_HRAM                  0000FF80    00000013 =          19. bytes (REL,CON)

        Value  Global            Value  Global            Value  Global    
        -----  ------            -----  ------            -----  ------    
     0000FF80  .refresh_ |    0000FF90  __current |    0000FF91  __vbl_don
     0000FF92  __shadow_
ASxxxx Linker V03.00/V05.40 + sdld,  page 30.
Hexadecimal  [32-Bits]

Area                       Addr        Size        Decimal Bytes (Attributes)
--------------------       ----        ----        ------- ----- ------------
_CODE_1                00014000    00001108 =        4360. bytes (REL,CON)

        Value  Global            Value  Global            Value  Global    
        -----  ------            -----  ------            -----  ------    
     00014000  ___func_t |    00014000  _tileset_ |    00014008  _tileset_
     00015008  _tileset_
ASxxxx Linker V03.00/V05.40 + sdld,  page 31.
Hexadecimal  [32-Bits]

Area                       Addr        Size        Decimal Bytes (Attributes)
--------------------       ----        ----        ------- ----- ------------
_CODE_2                00024000    00003DEE =       15854. bytes (REL,CON)

        Value  Global            Value  Global            Value  Global    
        -----  ------            -----  ------            -----  ------    
     00024004  _enemy_gr |    00024050  _enemy_pl |    00024192  _enemy_cl
     0002423F  _corpse_p |    0002434A  _corpse_c |    000243C5  ___func_e
     000243C5  _enemy_pl |    000243D3  _enemy_ef |    0002441D  _enemy_ef
     00024468  _enemy_an |    00024476  _enemy_an |    000244F2  ___func_e
     000244F2  _enemy_at |    0002456A  _corpse_s |    000245E2  _corpse_a
     000245EE  _corpse_d |    000245FD  _spawn_en |    00024A45  _enemy_se
     00024A5D  _enemy_ge |    00024DC8  _enemy_re |    00024EFB  _move_ene
     0002574C  ___func_s |    0002574C  _state_ga |    000257B9  ___func_s
     000257B9  _state_ga |    000261F3  _wall_ort |    000263A8  ___func_t
     000263A8  _tile_at  |    00026436  ___func_m |    00026436  _map_pit_
     0002644F  ___func_g |    0002644F  _ground_i |    00026482  ___func_g
     00026482  _ground_i |    000264C8  ___func_i |    000264C8  _is_walka
     0002650B  _tile_cha |    00026519  _tile_vra |    00026540  _tile_pal
     00026562  _floor_gr |    0002657A  _floor_ti |    00026699  _nearest_
     0002673B  _nav_fill |    00026822  ___func_l |    00026822  _level_ge
     00026F24  ___func_c |    00026F24  _camera_i |    0002718E  _camera_s
     00027663  _camera_s |    000276B2  _apply_wa |    00027829  _apply_fi
     00027AFA  ___func_l |    00027AFA  _load_pal |    00027BDE  _draw_cel
     00027C32  _draw_col |    00027C6C  _draw_row |    00027CA3  _draw_ui_
     00027CAB  _draw_gam |    00027CC5  _draw_scr |    00027D44  _draw_gam
     00027D61  _draw_gam |    00027D69  _draw_ene |    00027D78  _draw_cor
     00027DBD  _draw_cor |    00027DC0  _draw_bos
ASxxxx Linker V03.00/V05.40 + sdld,  page 32.
Hexadecimal  [32-Bits]

Area                       Addr        Size        Decimal Bytes (Attributes)
--------------------       ----        ----        ------- ----- ------------
_CODE_3                00034000    00001B7A =        7034. bytes (REL,CON)

        Value  Global            Value  Global            Value  Global    
        -----  ------            -----  ------            -----  ------    
     0003491E  ___func_s |    0003491E  _state_in |    00034951  ___func_s
     00034951  _state_in |    00034E7C  ___func_s |    00034E7C  _state_ch
     00035351  ___func_s |    00035351  _state_pi |    000353A2  ___func_s
     000353A2  _state_pi |    000354CF  ___func_s |    000354CF  _state_st
     000356DC  ___func_s |    000356DC  _state_st |    000356FE  ___func_s
     000356FE  _state_ab |    00035807  ___func_s |    00035807  _state_ab
     00035829  ___func_s |    00035829  _state_ma |    00035914  ___func_s
     00035914  _state_ma |    00035992  ___func_c |    00035992  _class_pa
     000359CD  _class_pa |    000359E4  ___func_s |    000359E4  _state_ga
     00035A90  ___func_s |    00035A90  _state_tr |    00035B2F  ___func_s
     00035B2F  _state_ti
ASxxxx Linker V03.00/V05.40 + sdld,  page 33.
Hexadecimal  [32-Bits]

Area                       Addr        Size        Decimal Bytes (Attributes)
--------------------       ----        ----        ------- ----- ------------
_CODE_4                00044000    00000B9B =        2971. bytes (REL,CON)

        Value  Global            Value  Global            Value  Global    
        -----  ------            -----  ------            -----  ------    
     00044000  ___func_b |    00044000  _bwv1043_ |    00044132  _bwv1043_
     000446AE  _bwv1043_
ASxxxx Linker V03.00/V05.40 + sdld,  page 34.
Hexadecimal  [32-Bits]

Area                       Addr        Size        Decimal Bytes (Attributes)
--------------------       ----        ----        ------- ----- ------------
_CODE_5                00054000    00003092 =       12434. bytes (REL,CON)

        Value  Global            Value  Global            Value  Global    
        -----  ------            -----  ------            -----  ------    
     00054000  ___func_u |    00054FF7  _ui_comba |    00055002  _ui_comba
     000550E7  _ui_comba |    000550FC  _ui_comba |    00055118  _ui_push_
     00055494  _ui_push_ |    0005569D  _ui_push_ |    00055874  _ui_push_
     00055979  _ui_comba |    000559BB  _seed_wor |    00055A0B  _seed_wor
     00055A5B  _seed_wor |    00056948  _run_seed |    000569C5  _ui_game_
     00056A06  _window_u |    00056A56  _window_u |    00056A5D  _ui_loadi
     00056AC2  _ui_loadi |    00056AD3  _ui_draw_ |    00056B06  _ui_draw_
     00056B8F  _ui_panel |    00056B94  _ui_panel |    00056BA4  _ui_panel
     00056BB0  _ui_panel |    00056FA2  _title_sc
ASxxxx Linker V03.00/V05.40 + sdld,  page 35.
Hexadecimal  [32-Bits]

Area                       Addr        Size        Decimal Bytes (Attributes)
--------------------       ----        ----        ------- ----- ------------
_CODE_6                00064000    00000088 =         136. bytes (REL,CON)

        Value  Global            Value  Global            Value  Global    
        -----  ------            -----  ------            -----  ------    
     00064033  ___func_a |    00064033  _abilitie |    00064041  ___func_a
     00064041  _ability_
ASxxxx Linker V03.00/V05.40 + sdld,  page 36.
Hexadecimal  [32-Bits]

Area                       Addr        Size        Decimal Bytes (Attributes)
--------------------       ----        ----        ------- ----- ------------
_CODE_7                00074000    00000074 =         116. bytes (REL,CON)

        Value  Global            Value  Global            Value  Global    
        -----  ------            -----  ------            -----  ------    
     00074033  ___func_a |    00074033  _abilitie |    0007404E  ___func_a
     0007404E  _ability_
ASxxxx Linker V03.00/V05.40 + sdld,  page 37.
Hexadecimal  [32-Bits]

Area                       Addr        Size        Decimal Bytes (Attributes)
--------------------       ----        ----        ------- ----- ------------
_CODE_8                00084000    00000293 =         659. bytes (REL,CON)

        Value  Global            Value  Global            Value  Global    
        -----  ------            -----  ------            -----  ------    
     00084242  ___func_a |    00084242  _abilitie |    0008425D  ___func_a
     0008425D  _ability_
ASxxxx Linker V03.00/V05.40 + sdld,  page 38.
Hexadecimal  [32-Bits]

Area                       Addr        Size        Decimal Bytes (Attributes)
--------------------       ----        ----        ------- ----- ------------
_CODE_9                00094000    00000272 =         626. bytes (REL,CON)

        Value  Global            Value  Global            Value  Global    
        -----  ------            -----  ------            -----  ------    
     00094243  ___func_a |    00094243  _abilitie |    00094251  ___func_a
     00094251  _ability_
ASxxxx Linker V03.00/V05.40 + sdld,  page 39.
Hexadecimal  [32-Bits]

Area                       Addr        Size        Decimal Bytes (Attributes)
--------------------       ----        ----        ------- ----- ------------
_CODE_10               000A4000    00000E05 =        3589. bytes (REL,CON)

        Value  Global            Value  Global            Value  Global    
        -----  ------            -----  ------            -----  ------    
     000A44E8  ___func_g |    000A44E8  _generate |    000A4BFA  ___func_l
     000A4BFA  _level_in |    000A4D20  ___func_b |    000A4D20  _biome_du
ASxxxx Linker V03.00/V05.40 + sdld,  page 40.
Hexadecimal  [32-Bits]

Area                       Addr        Size        Decimal Bytes (Attributes)
--------------------       ----        ----        ------- ----- ------------
_CODE_11               000B4000    00000084 =         132. bytes (REL,CON)

        Value  Global            Value  Global            Value  Global    
        -----  ------            -----  ------            -----  ------    
     000B4000  ___func_b |    000B4000  _biome_cr
ASxxxx Linker V03.00/V05.40 + sdld,  page 41.
Hexadecimal  [32-Bits]

Area                       Addr        Size        Decimal Bytes (Attributes)
--------------------       ----        ----        ------- ----- ------------
_CODE_12               000C4000    00000084 =         132. bytes (REL,CON)

        Value  Global            Value  Global            Value  Global    
        -----  ------            -----  ------            -----  ------    
     000C4000  ___func_b |    000C4000  _biome_ca
ASxxxx Linker V03.00/V05.40 + sdld,  page 42.
Hexadecimal  [32-Bits]

Area                       Addr        Size        Decimal Bytes (Attributes)
--------------------       ----        ----        ------- ----- ------------
_CODE_13               000D4000    00000C46 =        3142. bytes (REL,CON)

        Value  Global            Value  Global            Value  Global    
        -----  ------            -----  ------            -----  ------    
     000D4000  _items_ki |    000D431E  _items_ki |    000D4334  _items_ki
     000D434B  _items_ki |    000D43A2  _items_ki |    000D43FA  _items_ki
     000D455B  _inventor |    000D457A  _inventor |    000D4591  _inventor
     000D45BB  _inventor |    000D4670  _inventor |    000D48BA  _items_us
     000D4AFD  _item_rol |    000D4B70  _enemy_tr
ASxxxx Linker V03.00/V05.40 + sdld,  page 43.
Hexadecimal  [32-Bits]

Area                       Addr        Size        Decimal Bytes (Attributes)
--------------------       ----        ----        ------- ----- ------------
_CODE_14               000E4000    00000EDF =        3807. bytes (REL,CON)

        Value  Global            Value  Global            Value  Global    
        -----  ------            -----  ------            -----  ------    
     000E4000  ___func_s |    000E4B99  _story_ui
ASxxxx Linker V03.00/V05.40 + sdld,  page 44.
Hexadecimal  [32-Bits]

Area                       Addr        Size        Decimal Bytes (Attributes)
--------------------       ----        ----        ------- ----- ------------
_CODE_15               000F4000    0000009D =         157. bytes (REL,CON)

        Value  Global            Value  Global            Value  Global    
        -----  ------            -----  ------            -----  ------    
     000F4000  _scroll_b
ASxxxx Linker V03.00/V05.40 + sdld,  page 45.
Hexadecimal  [32-Bits]

Area                       Addr        Size        Decimal Bytes (Attributes)
--------------------       ----        ----        ------- ----- ------------
_CODE_16               00104000    00000277 =         631. bytes (REL,CON)

        Value  Global            Value  Global            Value  Global    
        -----  ------            -----  ------            -----  ------    
     00104024  _root_ico |    0010413F  _bow_shoo |    00104201  _scroll_r
ASxxxx Linker V03.00/V05.40 + sdld,  page 46.
Hexadecimal  [32-Bits]

Area                       Addr        Size        Decimal Bytes (Attributes)
--------------------       ----        ----        ------- ----- ------------
_CODE_17               00114000    00002C44 =       11332. bytes (REL,CON)

        Value  Global            Value  Global            Value  Global    
        -----  ------            -----  ------            -----  ------    
     0011431E  ___func_e |    0011431E  _entity_s |    00114367  ___func_e
     00114367  _entity_s |    00114382  ___func_e |    00114382  _entity_s
     00114429  ___func_e |    00114429  _entity_s |    00114451  ___func_e
     00114451  _entity_s |    00114457  ___func_e |    00114457  _entity_s
     00114E09  ___func_e |    00114E09  _entity_s |    001150C7  ___func_e
     001150C7  _entity_s |    001150F8  ___func_e |    001150F8  _entity_s
     00115119  ___func_e |    00115119  _entity_s |    00115128  ___func_e
     00115128  _entity_s |    0011516A  ___func_e |    0011516A  _entity_s
     00115241  ___func_e |    00115241  _entity_s |    00115266  ___func_e
     00115266  _entity_s |    00115282  ___func_e |    00115282  _entity_s
     00115329  ___func_e |    00115329  _entity_s |    001153B0  ___func_e
     001153B0  _entity_s |    0011558E  ___func_e |    0011558E  _entity_s
     001157A7  ___func_e |    001157A7  _entity_s |    00115A9E  ___func_e
     00115A9E  _entity_s |    00115C98  ___func_e |    00115C98  _entity_s
     00115DB4  ___func_e |    00115DB4  _entity_s |    00115F9E  ___func_e
     00115F9E  _entity_s |    001160DC  ___func_e |    001160DC  _entity_s
     00116108  ___func_e |    00116108  _entity_s |    00116111  ___func_e
     00116111  _entity_s |    00116125  ___func_e |    00116125  _entity_s
     00116538  ___func_a |    00116538  _ally_fox |    001166AE  ___func_a
     001166AE  _ally_fox |    0011687C  ___func_a |    0011687C  _ally_fox
ASxxxx Linker V03.00/V05.40 + sdld,  page 47.
Hexadecimal  [32-Bits]

Area                       Addr        Size        Decimal Bytes (Attributes)
--------------------       ----        ----        ------- ----- ------------
_CODE_18               00124000    00001554 =        5460. bytes (REL,CON)

        Value  Global            Value  Global            Value  Global    
        -----  ------            -----  ------            -----  ------    
     00124000  ___func_b |    00124000  _bwv527_d |    00124141  _bwv527_m
     00124D02  _bwv527_b
ASxxxx Linker V03.00/V05.40 + sdld,  page 48.
Hexadecimal  [32-Bits]

Area                       Addr        Size        Decimal Bytes (Attributes)
--------------------       ----        ----        ------- ----- ------------
_CODE_19               00134000    00000516 =        1302. bytes (REL,CON)

        Value  Global            Value  Global            Value  Global    
        -----  ------            -----  ------            -----  ------    
     00134088  ___func_c |    00134088  _combat_d |    001342DD  ___func_c
     001342DD  _combat_c |    0013430D  ___func_c |    0013430D  _combat_p
     001343CF  ___func_r |    001343CF  _resolve_
ASxxxx Linker V03.00/V05.40 + sdld,  page 49.
Hexadecimal  [32-Bits]

Area                       Addr        Size        Decimal Bytes (Attributes)
--------------------       ----        ----        ------- ----- ------------
_CODE_20               00144000    0000026D =         621. bytes (REL,CON)

        Value  Global            Value  Global            Value  Global    
        -----  ------            -----  ------            -----  ------    
     00144047  _equip_st |    0014408D  _items_eq |    001441D0  _items_eq
     001441EB  _equipped |    00144224  _equipped
ASxxxx Linker V03.00/V05.40 + sdld,  page 50.
Hexadecimal  [32-Bits]

Area                       Addr        Size        Decimal Bytes (Attributes)
--------------------       ----        ----        ------- ----- ------------
_CODE_21               00154000    00000052 =          82. bytes (REL,CON)

        Value  Global            Value  Global            Value  Global    
        -----  ------            -----  ------            -----  ------    
     00154000  ___func_b |    00154000  _biome_bo |    00154024  ___func_b
     00154024  _biome_bo
ASxxxx Linker V03.00/V05.40 + sdld,  page 51.
Hexadecimal  [32-Bits]

Area                       Addr        Size        Decimal Bytes (Attributes)
--------------------       ----        ----        ------- ----- ------------
_CODE_22               00164000    00000034 =          52. bytes (REL,CON)

        Value  Global            Value  Global            Value  Global    
        -----  ------            -----  ------            -----  ------    
     00164000  ___func_b |    00164000  _biome_ov |    0016402A  ___func_b
     0016402A  _biome_ov
ASxxxx Linker V03.00/V05.40 + sdld,  page 52.
Hexadecimal  [32-Bits]

Area                       Addr        Size        Decimal Bytes (Attributes)
--------------------       ----        ----        ------- ----- ------------
_CODE_27               001B4000    00000042 =          66. bytes (REL,CON)

        Value  Global            Value  Global            Value  Global    
        -----  ------            -----  ------            -----  ------    
     001B4000  ___func_b |    001B4000  _biome_mi
ASxxxx Linker V03.00/V05.40 + sdld,  page 53.
Hexadecimal  [32-Bits]

Area                       Addr        Size        Decimal Bytes (Attributes)
--------------------       ----        ----        ------- ----- ------------
_FONT_HEADER0          00000000    00000003 =           3. bytes (ABS,CON)

        Value  Global            Value  Global            Value  Global    
        -----  ------            -----  ------            -----  ------    
ASxxxx Linker V03.00/V05.40 + sdld,  page 54.
Hexadecimal  [32-Bits]

Area                       Addr        Size        Decimal Bytes (Attributes)
--------------------       ----        ----        ------- ----- ------------
_HEADER_LCD0           00000000    00000003 =           3. bytes (ABS,CON)

        Value  Global            Value  Global            Value  Global    
        -----  ------            -----  ------            -----  ------    
ASxxxx Linker V03.00/V05.40 + sdld,  page 55.

Files Linked                              [ module(s) ]

./gbdk/lib/gb/crt0.o                      [ Runtime ]
obj/gbc/ability_dispatch.rel              [ ability_dispatch ]
obj/gbc/ally.rel                          [ ally ]
obj/gbc/biome.rel                         [ biome ]
obj/gbc/debug_bank.rel                    [ debug_bank ]
obj/gbc/enemy_extras.rel                  [ enemy_extras ]
obj/gbc/globals.rel                       [ globals ]
obj/gbc/lcd.rel                           [ lcd ]
obj/gbc/lighting.rel                      [ lighting ]
obj/gbc/main.rel                          [ main ]
obj/gbc/music.rel                         [ music ]
obj/gbc/perf.rel                          [ perf ]
obj/gbc/seed_entropy.rel                  [ seed_entropy ]
obj/gbc/targeting.rel                     [ targeting ]
obj/gbc/tileset_io.rel                    [ tileset_io ]
obj/gbc/title_logo.rel                    [ title_logo ]
obj/gbc/ui_loading_isr.rel                [ ui_loading_isr ]
obj/gbc/wall_palettes.rel                 [ wall_palettes ]
obj/gbc/tileset.rel                       [ tileset ]
obj/gbc/enemy.rel                         [ enemy ]
obj/gbc/state_gameplay.rel                [ state_gameplay ]
obj/gbc/map.rel                           [ map ]
obj/gbc/camera.rel                        [ camera ]
obj/gbc/render.rel                        [ render ]
obj/gbc/state_inventory.rel               [ state_inventory ]
obj/gbc/state_char_create.rel             [ state_char_create ]
obj/gbc/state_pickup.rel                  [ state_pickup ]
obj/gbc/state_stats.rel                   [ state_stats ]
obj/gbc/state_ability.rel                 [ state_ability ]
obj/gbc/state_map.rel                     [ state_map ]
obj/gbc/class_palettes.rel                [ class_palettes ]
obj/gbc/state_game_over.rel               [ state_game_over ]
obj/gbc/state_transition.rel              [ state_transition ]
obj/gbc/state_title.rel                   [ state_title ]
obj/gbc/bwv1043_music.rel                 [ bwv1043_music ]
obj/gbc/ui.rel                            [ ui ]
obj/gbc/abilities_knight.rel              [ abilities_knight ]
obj/gbc/abilities_scoundrel.rel           [ abilities_scoundrel ]
obj/gbc/abilities_witch.rel               [ abilities_witch ]
obj/gbc/abilities_zerker.rel              [ abilities_zerker ]
obj/gbc/map_gen.rel                       [ map_gen ]
obj/gbc/level_init.rel                    [ level_init ]
obj/gbc/biome_dungeon.rel                 [ biome_dungeon ]
obj/gbc/biome_crypt.rel                   [ biome_crypt ]
obj/gbc/biome_cavern.rel                  [ biome_cavern ]
obj/gbc/items.rel                         [ items ]
obj/gbc/story_ui.rel                      [ story_ui ]
obj/gbc/scroll_blast.rel                  [ scroll_blast ]
obj/gbc/root_icon.rel                     [ root_icon ]
obj/gbc/bow_shoot.rel                     [ bow_shoot ]
obj/gbc/scroll_root.rel                   [ scroll_root ]
obj/gbc/entity_sprites.rel                [ entity_sprites ]
obj/gbc/scoundrel_fox.rel                 [ scoundrel_fox ]
obj/gbc/bwv527_music.rel                  [ bwv527_music ]
obj/gbc/combat.rel                        [ combat ]
obj/gbc/equipment.rel                     [ equipment ]
obj/gbc/biome_boss.rel                    [ biome_boss ]
obj/gbc/biome_overworld.rel               [ biome_overworld ]
obj/gbc/biome_miniboss.rel                [ biome_miniboss ]


Libraries Linked                          [ object file ]

./gbdk/lib/gb/gb.lib                      [ fill_rect_wi.o ]
./gbdk/lib/sm83/sm83.lib                  [ div.o ]
./gbdk/lib/gb/gb.lib                      [ sfr.o ]
./gbdk/lib/sm83/sm83.lib                  [ _strcpy.o ]
./gbdk/lib/sm83/sm83.lib                  [ rand.o ]
./gbdk/lib/gb/gb.lib                      [ font.o ]
./gbdk/lib/gb/gb.lib                      [ cgb_palettes.o ]
./gbdk/lib/gb/gb.lib                      [ font_color.o ]
./gbdk/lib/sm83/sm83.lib                  [ _memmove.o ]
./gbdk/lib/sm83/sm83.lib                  [ mul.o ]
./gbdk/lib/gb/gb.lib                      [ set_data.o ]
./gbdk/lib/gb/gb.lib                      [ set_tile.o ]
./gbdk/lib/gb/gb.lib                      [ lcd.o ]
./gbdk/lib/gb/gb.lib                      [ fill_rect.o ]
./gbdk/lib/sm83/sm83.lib                  [ _modulong.o ]
./gbdk/lib/gb/gb.lib                      [ pad.o ]
./gbdk/lib/gb/gb.lib                      [ fill_rect_bk.o ]
./gbdk/lib/sm83/sm83.lib                  [ memcpy.o ]
./gbdk/lib/sm83/sm83.lib                  [ __sdcc_call_hl.o ]
./gbdk/lib/gb/gb.lib                      [ color.o ]
./gbdk/lib/sm83/sm83.lib                  [ _memset.o ]
./gbdk/lib/gb/gb.lib                      [ drawing_isr.o ]
./gbdk/lib/gb/gb.lib                      [ f_ibm_sh.o ]
./gbdk/lib/gb/gb.lib                      [ ___sdcc_bcall_ehl.o ]
./gbdk/lib/sm83/sm83.lib                  [ strcat.o ]
./gbdk/lib/sm83/sm83.lib                  [ printf.o ]
./gbdk/lib/gb/gb.lib                      [ cgb.o ]
./gbdk/lib/sm83/sm83.lib                  [ strlen.o ]
./gbdk/lib/sm83/sm83.lib                  [ _mullong.o ]
./gbdk/lib/gb/gb.lib                      [ cgb_compat.o ]
./gbdk/lib/gb/gb.lib                      [ set_bk_t.o ]
./gbdk/lib/gb/gb.lib                      [ set_1bit_data.o ]
./gbdk/lib/sm83/sm83.lib                  [ sprintf.o ]
./gbdk/lib/gb/gb.lib                      [ set_xy_t.o ]
./gbdk/lib/sm83/sm83.lib                  [ itoa.o ]

ASxxxx Linker V03.00/V05.40 + sdld,  page 56.

User Base Address Definitions

_DATA=0xC0A0
_CODE=0x0200
_HRAM=0xFF80
ASxxxx Linker V03.00/V05.40 + sdld,  page 57.

User Global Definitions

_shadow_OAM=0xC000
.STACK=0xE000

