ASxxxx Linker V03.00/V05.40 + sdld,  page 1.
Hexadecimal  [32-Bits]

Area                       Addr        Size        Decimal Bytes (Attributes)
--------------------       ----        ----        ------- ----- ------------
.  .ABS.               00000000    00000000 =           0. bytes (ABS,CON)

        Value  Global            Value  Global            Value  Global    
        -----  ------            -----  ------            -----  ------    
     00000000  .__.ABS.  |    00000000  ___bank_a |    00000000  ___bank_a
     00000000  ___bank_a |    00000000  ___bank_a |    00000000  ___bank_a
     00000000  ___bank_e |    00000000  ___bank_e |    00000000  _rMBC7_SR
     00000000  _rRAMG    |    00000000  b_enemy_s |    00000000  b_enemy_t
     00000000  l__BASE   |    00000000  l__BSS    |    00000000  l__CABS  
     00000000  l__CODE_0 |    00000000  l__DABS   |    00000000  l__FONT_H
     00000000  l__HEADER |    00000000  l__HEADER |    00000000  l__HEAP  
     00000000  l__HEAP_E |    00000000  l__LIT    |    00000000  s__CABS  
     00000000  s__DABS   |    00000000  s__FONT_H |    00000000  s__FONT_H
     00000000  s__HEADER |    00000000  s__HEADER |    00000000  s__HEADER
     00000000  s__HEADER |    00000000  s__HEADER |    00000000  s__HEADER
     00000000  s__HEADER |    00000000  s__HEADER |    00000000  s__HEADER
     00000000  s__HEADER |    00000000  s__HEADER |    00000000  s__HEADER
     00000000  s__HEADER |    00000000  s__HEADER |    00000000  s__HEADER
     00000000  s__HEADER |    00000000  s__HEADER |    00000000  s__HEADER
     00000000  s__HEADER |    00000000  s__HEADER |    00000000  s__HEADER
     00000001  ___bank_t |    00000001  l__GSFINA |    00000001  l__HEADER
     00000001  l__HEADER |    00000001  l__HEADER |    00000001  l__HEADER
     00000001  l__HEADER |    00000001  l__HEADER |    00000001  l__HEADER
     00000002  ___bank_c |    00000002  ___bank_c |    00000002  ___bank_c
     00000002  ___bank_e |    00000002  ___bank_e |    00000002  ___bank_g
     00000002  ___bank_g |    00000002  ___bank_i |    00000002  ___bank_l
     00000002  ___bank_l |    00000002  ___bank_m |    00000002  ___bank_r
     00000002  ___bank_s |    00000002  ___bank_s |    00000002  ___bank_t
     00000002  b_camera_ |    00000002  b_camera_ |    00000002  b_camera_
     00000002  b_combat_ |    00000002  b_combat_ |    00000002  b_corpse_
     00000002  b_corpse_ |    00000002  b_enemy_a |    00000002  b_enemy_c
     00000002  b_enemy_e |    00000002  b_enemy_e |    00000002  b_enemy_p
     00000002  b_enemy_r |    00000002  b_ground_ |    00000002  b_ground_
     00000002  b_is_walk |    00000002  b_level_g |    00000002  b_load_pa
     00000002  b_map_pit |    00000002  b_resolve |    00000002  b_state_g
     00000002  b_state_g |    00000002  b_tile_at |    00000002  l__HEADER
     00000002  l__HEADER |    00000002  l__HEADER |    00000003  ___bank_c
     00000003  ___bank_s |    00000003  ___bank_s |    00000003  ___bank_s
     00000003  ___bank_s |    00000003  ___bank_s |    00000003  ___bank_s
     00000003  ___bank_s |    00000003  ___bank_s |    00000003  ___bank_s
     00000003  ___bank_s |    00000003  ___bank_s |    00000003  ___bank_s
     00000003  ___bank_s |    00000003  ___bank_s |    00000003  b_class_p
     00000003  b_class_p |    00000003  b_state_a |    00000003  b_state_a
     00000003  b_state_c |    00000003  b_state_g |    00000003  b_state_i
     00000003  b_state_i |    00000003  b_state_m |    00000003  b_state_m
     00000003  b_state_p |    00000003  b_state_p |    00000003  b_state_s
     00000003  b_state_s |    00000003  b_state_t |    00000003  b_state_t
     00000003  l__FONT_H |    00000003  l__HEADER |    00000003  l__HEADER
     00000004  ___bank_b |    00000005  ___bank_b |    00000005  ___bank_u
     00000005  b_run_see |    00000005  b_title_s |    00000005  b_ui_comb
     00000005  b_ui_comb |    00000005  b_ui_comb |    00000005  b_ui_comb
     00000005  b_ui_draw |    00000005  b_ui_draw |    00000005  b_ui_game
     00000005  b_ui_load |    00000005  b_ui_load |    00000005  b_ui_pane
     00000005  b_ui_pane |    00000005  b_ui_pane |    00000005  b_ui_pane
ASxxxx Linker V03.00/V05.40 + sdld,  page 2.
Hexadecimal  [32-Bits]

Area                       Addr        Size        Decimal Bytes (Attributes)
--------------------       ----        ----        ------- ----- ------------
.  .ABS.               00000000    00000000 =           0. bytes (ABS,CON)

        Value  Global            Value  Global            Value  Global    
        -----  ------            -----  ------            -----  ------    
     00000005  b_ui_push |    00000005  b_ui_push |    00000005  b_ui_push
     00000005  b_ui_push |    00000005  b_window_ |    00000005  b_window_
     00000005  l__HEADER |    00000006  ___bank_a |    00000006  b_ability
     00000006  l__HEADER |    00000007  ___bank_a |    00000007  b_ability
     00000007  l__HEADER |    00000008  ___bank_a |    00000008  b_ability
     00000008  l__HEADER |    00000009  ___bank_a |    00000009  b_ability
     0000000A  ___bank_b |    0000000A  ___bank_l |    0000000A  b_biome_d
     0000000A  b_level_i |    0000000B  ___bank_b |    0000000B  b_biome_c
     0000000C  ___bank_b |    0000000C  b_biome_c |    0000000C  l__GSINIT
     0000000D  b_enemy_t |    0000000D  b_invento |    0000000D  b_invento
     0000000D  b_invento |    0000000D  b_invento |    0000000D  b_invento
     0000000D  b_items_e |    0000000D  b_items_k |    0000000D  b_items_k
     0000000D  b_items_k |    0000000D  b_items_k |    0000000D  b_items_k
     0000000D  b_items_u |    0000000E  ___bank_s |    0000000E  b_story_u
     0000000F  b_scroll_ |    00000010  b_root_ic |    00000010  b_scroll_
     00000011  ___bank_a |    00000011  ___bank_a |    00000011  ___bank_a
     00000011  ___bank_e |    00000011  ___bank_e |    00000011  ___bank_e
     00000011  ___bank_e |    00000011  ___bank_e |    00000011  ___bank_e
     00000011  ___bank_e |    00000011  ___bank_e |    00000011  ___bank_e
     00000011  ___bank_e |    00000011  ___bank_e |    00000011  ___bank_e
     00000011  ___bank_e |    00000011  ___bank_e |    00000011  ___bank_e
     00000011  ___bank_e |    00000011  ___bank_e |    00000011  ___bank_e
     00000011  ___bank_e |    00000011  ___bank_e |    00000011  ___bank_e
     00000011  ___bank_e |    00000011  ___bank_e |    00000011  ___bank_e
     00000011  ___bank_e |    00000011  ___bank_e |    00000011  b_ally_fo
     00000011  b_ally_fo |    00000011  b_ally_fo |    00000011  b_entity_
     00000011  b_entity_ |    00000011  b_entity_ |    00000011  b_entity_
     00000011  b_entity_ |    00000011  b_entity_ |    00000011  b_entity_
     00000011  b_entity_ |    00000011  b_entity_ |    00000011  b_entity_
     00000011  b_entity_ |    00000011  b_entity_ |    00000011  b_entity_
     00000011  b_entity_ |    00000011  b_entity_ |    00000011  b_entity_
     00000011  b_entity_ |    00000011  b_entity_ |    00000011  b_entity_
     00000011  b_entity_ |    00000011  b_entity_ |    00000011  b_entity_
     00000011  b_entity_ |    00000011  b_entity_ |    00000011  b_entity_
     00000011  b_entity_ |    00000013  l__HRAM   |    0000001A  l__INITIA
     0000001A  l__INITIA |    00000030  l__HEADER |    00000059  l__CODE_7
     00000060  l__HEADER |    0000007A  l__CODE_6 |    0000008A  l__CODE_1
     00000092  l__CODE_1 |    0000009D  l__CODE_1 |    000000AB  l__HEADER
     00000150  l__CODE_1 |    00000165  l__CODE_1 |    00000200  s__CODE  
     0000020E  l__CODE_9 |    00000269  l__CODE_8 |    000008C2  l__CODE_1
     00000B9B  l__CODE_4 |    00000BC9  l__HOME   |    00000EDF  l__CODE_1
     00001108  l__CODE_1 |    000017BD  l__CODE_3 |    00001D7D  l__DATA  
     00002000  _rROMB0   |    000023FD  l__CODE   |    000025FD  s__HOME  
     000027C8  l__CODE_1 |    00003000  _rROMB1   |    000031C6  s__BASE  
     000031C6  s__CODE_0 |    000031C6  s__INITIA |    000031C6  s__LIT   
     000031E0  s__GSINIT |    000031EC  s__GSFINA |    00003A65  l__CODE_5
     00003F93  l__CODE_2 |    00004000  _rMBC7_SR |    00004000  _rRAMB   
     00008000  __VRAM    |    00008000  __VRAM800 |    00008800  __VRAM880
     00009000  __VRAM900 |    00009800  __SCRN0   |    00009C00  __SCRN1  
     0000A000  __SRAM    |    0000A000  _rMBC7_LA |    0000A010  _rMBC7_LA
     0000A020  _rMBC7_AC |    0000A030  _rMBC7_AC |    0000A040  _rMBC7_AC
ASxxxx Linker V03.00/V05.40 + sdld,  page 3.
Hexadecimal  [32-Bits]

Area                       Addr        Size        Decimal Bytes (Attributes)
--------------------       ----        ----        ------- ----- ------------
.  .ABS.               00000000    00000000 =           0. bytes (ABS,CON)

        Value  Global            Value  Global            Value  Global    
        -----  ------            -----  ------            -----  ------    
     0000A050  _rMBC7_AC |    0000C000  __RAM     |    0000C000  _shadow_O
     0000C0A0  s__DATA   |    0000D000  __RAMBANK |    0000DE1D  s__BSS   
     0000DE1D  s__INITIA |    0000DE37  s__HEAP   |    0000DE37  s__HEAP_E
     0000E000  .STACK    |    0000FE00  __OAMRAM  |    0000FF00  _P1_REG  
     0000FF00  __IO      |    0000FF01  _SB_REG   |    0000FF02  _SC_REG  
     0000FF04  _DIV_REG  |    0000FF05  _TIMA_REG |    0000FF06  _TMA_REG 
     0000FF07  _TAC_REG  |    0000FF0F  _IF_REG   |    0000FF10  _NR10_REG
     0000FF11  _NR11_REG |    0000FF12  _NR12_REG |    0000FF13  _NR13_REG
     0000FF14  _NR14_REG |    0000FF16  _NR21_REG |    0000FF17  _NR22_REG
     0000FF18  _NR23_REG |    0000FF19  _NR24_REG |    0000FF1A  _NR30_REG
     0000FF1B  _NR31_REG |    0000FF1C  _NR32_REG |    0000FF1D  _NR33_REG
     0000FF1E  _NR34_REG |    0000FF20  _NR41_REG |    0000FF21  _NR42_REG
     0000FF22  _NR43_REG |    0000FF23  _NR44_REG |    0000FF24  _NR50_REG
     0000FF25  _NR51_REG |    0000FF26  _NR52_REG |    0000FF30  _AUD3WAVE
     0000FF30  _PCM_SAMP |    0000FF30  __AUD3WAV |    0000FF40  _LCDC_REG
     0000FF41  _STAT_REG |    0000FF42  _SCY_REG  |    0000FF43  _SCX_REG 
     0000FF44  _LY_REG   |    0000FF45  _LYC_REG  |    0000FF46  _DMA_REG 
     0000FF47  _BGP_REG  |    0000FF48  _OBP0_REG |    0000FF49  _OBP1_REG
     0000FF4A  _WY_REG   |    0000FF4B  _WX_REG   |    0000FF4D  _KEY1_REG
     0000FF4F  _VBK_REG  |    0000FF51  _HDMA1_RE |    0000FF52  _HDMA2_RE
     0000FF53  _HDMA3_RE |    0000FF54  _HDMA4_RE |    0000FF55  _HDMA5_RE
     0000FF56  _RP_REG   |    0000FF68  _BCPS_REG |    0000FF69  _BCPD_REG
     0000FF6A  _OCPS_REG |    0000FF6B  _OCPD_REG |    0000FF70  _SVBK_REG
     0000FF76  _PCM12_RE |    0000FF77  _PCM34_RE |    0000FF80  __HRAM   
     0000FF80  s__HRAM   |    0000FFFF  _IE_REG   |    00014000  s__CODE_1
     00024000  s__CODE_2 |    00034000  s__CODE_3 |    00044000  s__CODE_4
     00054000  s__CODE_5 |    00064000  s__CODE_6 |    00074000  s__CODE_7
     00084000  s__CODE_8 |    00094000  s__CODE_9 |    000A4000  s__CODE_1
     000B4000  s__CODE_1 |    000C4000  s__CODE_1 |    000D4000  s__CODE_1
     000E4000  s__CODE_1 |    000F4000  s__CODE_1 |    00104000  s__CODE_1
     00114000  s__CODE_1
ASxxxx Linker V03.00/V05.40 + sdld,  page 4.
Hexadecimal  [32-Bits]

Area                       Addr        Size        Decimal Bytes (Attributes)
--------------------       ----        ----        ------- ----- ------------
_CODE                  00000200    000023FD =        9213. bytes (REL,CON)

        Value  Global            Value  Global            Value  Global    
        -----  ------            -----  ------            -----  ------    
     00000200  _ability_ |    000002A3  _ability_ |    000002B4  _ability_
     000002BD  _ability_ |    000002C8  _ability_ |    000002D2  _ability_
     000002DD  _ability_ |    00000350  ___func_a |    00000350  _ally_cle
     00000375  ___func_a |    00000375  _ally_cle |    00000384  ___func_a
     00000384  _ally_fin |    0000039F  ___func_a |    0000039F  _ally_has
     000003C1  _ally_wal |    0000044F  ___func_a |    0000044F  _ally_sum
     0000047D  _biome_lo |    000004D0  _biome_pi |    00000546  ___func_e
     00000546  _enemy_ty |    000005D7  ___func_e |    000005D7  _enemy_sl
     00000776  _player_l |    00000796  _lcd_hp_p |    0000085C  _lcd_init
     00000873  _lcd_susp |    00000885  _lcd_resu |    0000089C  _lcd_clea
     00000908  _lighting |    00000910  _lighting |    00000914  _lighting
     00000950  _lighting |    00000954  _lighting |    0000096C  _lighting
     00000B74  _lighting |    00000BD9  _main     |    000015C3  _sfx_lung
     000015CD  _sfx_spel |    000015DE  _sfx_whir |    000015ED  _sfx_shie
     000015FE  _music_pl |    00001634  _music_pl |    00001685  _music_se
     0000168F  _music_ge |    00001693  _music_be |    000016C8  _music_lo
     000016F6  _music_st |    0000170F  _music_pl |    00001766  _music_in
     00001794  _perf_sta |    00001797  _perf_sta |    0000179F  _perf_rec
     00001843  _perf_avg |    00001877  _perf_max |    00001886  _perf_cle
     000018AB  _seed_ent |    0000192C  _seed_ent |    00001968  _seed_ent
     000019C9  _targetin |    00001A69  _tileset_ |    00001AB1  _tileset_
     00001B1B  _title_lo |    00001BA5  _title_lo |    00001D7D  _title_lo
     00001DD7  _ui_loadi |    00001E10  _wall_pal |    00001F50  __divsuch
     00001F56  __modsuch |    00001F5F  __divusch |    00001F68  __modusch
     00001F74  __divscha |    00001F79  __modscha |    00001F80  __divsint
     00001F89  __modsint |    00001F95  __divucha |    00001F9A  __moducha
     00001FA1  __divuint |    00001FAA  __moduint |    00001FB6  .div8    
     00001FB6  .mod8     |    00001FBE  .div16    |    00001FBE  .mod16   
     00001FF4  .divu8    |    00001FF4  .modu8    |    00001FF7  .divu16  
     00001FF7  .modu16   |    00002037  _set_spri |    0000203C  _set_bkg_
     0000203F  .set_pale |    0000205E  _set_spri |    00002063  _set_bkg_
     00002066  .set_pale |    00002082  _memmove  |    00002131  __mulsuch
     00002134  __mulusch |    0000213D  __mulscha |    00002145  __mulint 
     00002164  __mulucha |    00002176  _set_vram |    0000217F  _set_win_
     00002188  _set_bkg_ |    000021B7  ___memcpy |    000021B7  _memcpy  
     000021E9  _strcat   |    000021FA  _printf   |    0000220F  _cpu_slow
     0000222A  _cpu_fast |    00002231  _cgb_comp |    00002231  _set_defa
     00002281  ___printf |    000025DE  _sprintf 
ASxxxx Linker V03.00/V05.40 + sdld,  page 5.
Hexadecimal  [32-Bits]

Area                       Addr        Size        Decimal Bytes (Attributes)
--------------------       ----        ----        ------- ----- ------------
_HEADER0               00000000    00000001 =           1. bytes (ABS,CON)

        Value  Global            Value  Global            Value  Global    
        -----  ------            -----  ------            -----  ------    
     00000020  .call_hl 
ASxxxx Linker V03.00/V05.40 + sdld,  page 6.
Hexadecimal  [32-Bits]

Area                       Addr        Size        Decimal Bytes (Attributes)
--------------------       ----        ----        ------- ----- ------------
_HEADER1               00000000    00000005 =           5. bytes (ABS,CON)

        Value  Global            Value  Global            Value  Global    
        -----  ------            -----  ------            -----  ------    
     00000028  .MemsetSm
ASxxxx Linker V03.00/V05.40 + sdld,  page 7.
Hexadecimal  [32-Bits]

Area                       Addr        Size        Decimal Bytes (Attributes)
--------------------       ----        ----        ------- ----- ------------
_HEADER2               00000000    00000007 =           7. bytes (ABS,CON)

        Value  Global            Value  Global            Value  Global    
        -----  ------            -----  ------            -----  ------    
     00000030  .MemcpySm
ASxxxx Linker V03.00/V05.40 + sdld,  page 8.
Hexadecimal  [32-Bits]

Area                       Addr        Size        Decimal Bytes (Attributes)
--------------------       ----        ----        ------- ----- ------------
_HEADER3               00000000    00000008 =           8. bytes (ABS,CON)

        Value  Global            Value  Global            Value  Global    
        -----  ------            -----  ------            -----  ------    
ASxxxx Linker V03.00/V05.40 + sdld,  page 9.
Hexadecimal  [32-Bits]

Area                       Addr        Size        Decimal Bytes (Attributes)
--------------------       ----        ----        ------- ----- ------------
_HEADER4               00000000    00000060 =          96. bytes (ABS,CON)

        Value  Global            Value  Global            Value  Global    
        -----  ------            -----  ------            -----  ------    
     00000080  .int      |    0000008F  _wait_int |    0000009C  __standar
     000000AB  _refresh_ |    000000CC  _set_inte
ASxxxx Linker V03.00/V05.40 + sdld,  page 10.
Hexadecimal  [32-Bits]

Area                       Addr        Size        Decimal Bytes (Attributes)
--------------------       ----        ----        ------- ----- ------------
_HEADER5               00000000    00000001 =           1. bytes (ABS,CON)

        Value  Global            Value  Global            Value  Global    
        -----  ------            -----  ------            -----  ------    
ASxxxx Linker V03.00/V05.40 + sdld,  page 11.
Hexadecimal  [32-Bits]

Area                       Addr        Size        Decimal Bytes (Attributes)
--------------------       ----        ----        ------- ----- ------------
_HEADER6               00000000    00000002 =           2. bytes (ABS,CON)

        Value  Global            Value  Global            Value  Global    
        -----  ------            -----  ------            -----  ------    
ASxxxx Linker V03.00/V05.40 + sdld,  page 12.
Hexadecimal  [32-Bits]

Area                       Addr        Size        Decimal Bytes (Attributes)
--------------------       ----        ----        ------- ----- ------------
_HEADER7               00000000    00000030 =          48. bytes (ABS,CON)

        Value  Global            Value  Global            Value  Global    
        -----  ------            -----  ------            -----  ------    
ASxxxx Linker V03.00/V05.40 + sdld,  page 13.
Hexadecimal  [32-Bits]

Area                       Addr        Size        Decimal Bytes (Attributes)
--------------------       ----        ----        ------- ----- ------------
_HEADER8               00000000    00000006 =           6. bytes (ABS,CON)

        Value  Global            Value  Global            Value  Global    
        -----  ------            -----  ------            -----  ------    
ASxxxx Linker V03.00/V05.40 + sdld,  page 14.
Hexadecimal  [32-Bits]

Area                       Addr        Size        Decimal Bytes (Attributes)
--------------------       ----        ----        ------- ----- ------------
_HEADER9               00000000    00000003 =           3. bytes (ABS,CON)

        Value  Global            Value  Global            Value  Global    
        -----  ------            -----  ------            -----  ------    
ASxxxx Linker V03.00/V05.40 + sdld,  page 15.
Hexadecimal  [32-Bits]

Area                       Addr        Size        Decimal Bytes (Attributes)
--------------------       ----        ----        ------- ----- ------------
_HEADERa               00000000    00000001 =           1. bytes (ABS,CON)

        Value  Global            Value  Global            Value  Global    
        -----  ------            -----  ------            -----  ------    
ASxxxx Linker V03.00/V05.40 + sdld,  page 16.
Hexadecimal  [32-Bits]

Area                       Addr        Size        Decimal Bytes (Attributes)
--------------------       ----        ----        ------- ----- ------------
_HEADERb               00000000    00000001 =           1. bytes (ABS,CON)

        Value  Global            Value  Global            Value  Global    
        -----  ------            -----  ------            -----  ------    
ASxxxx Linker V03.00/V05.40 + sdld,  page 17.
Hexadecimal  [32-Bits]

Area                       Addr        Size        Decimal Bytes (Attributes)
--------------------       ----        ----        ------- ----- ------------
_HEADERc               00000000    00000001 =           1. bytes (ABS,CON)

        Value  Global            Value  Global            Value  Global    
        -----  ------            -----  ------            -----  ------    
ASxxxx Linker V03.00/V05.40 + sdld,  page 18.
Hexadecimal  [32-Bits]

Area                       Addr        Size        Decimal Bytes (Attributes)
--------------------       ----        ----        ------- ----- ------------
_HEADERd               00000000    00000002 =           2. bytes (ABS,CON)

        Value  Global            Value  Global            Value  Global    
        -----  ------            -----  ------            -----  ------    
ASxxxx Linker V03.00/V05.40 + sdld,  page 19.
Hexadecimal  [32-Bits]

Area                       Addr        Size        Decimal Bytes (Attributes)
--------------------       ----        ----        ------- ----- ------------
_HEADERe               00000000    00000001 =           1. bytes (ABS,CON)

        Value  Global            Value  Global            Value  Global    
        -----  ------            -----  ------            -----  ------    
ASxxxx Linker V03.00/V05.40 + sdld,  page 20.
Hexadecimal  [32-Bits]

Area                       Addr        Size        Decimal Bytes (Attributes)
--------------------       ----        ----        ------- ----- ------------
_HEADERf               00000000    00000001 =           1. bytes (ABS,CON)

        Value  Global            Value  Global            Value  Global    
        -----  ------            -----  ------            -----  ------    
ASxxxx Linker V03.00/V05.40 + sdld,  page 21.
Hexadecimal  [32-Bits]

Area                       Addr        Size        Decimal Bytes (Attributes)
--------------------       ----        ----        ------- ----- ------------
_HEADER10              00000000    00000002 =           2. bytes (ABS,CON)

        Value  Global            Value  Global            Value  Global    
        -----  ------            -----  ------            -----  ------    
ASxxxx Linker V03.00/V05.40 + sdld,  page 22.
Hexadecimal  [32-Bits]

Area                       Addr        Size        Decimal Bytes (Attributes)
--------------------       ----        ----        ------- ----- ------------
_HEADER11              00000000    000000AB =         171. bytes (ABS,CON)

        Value  Global            Value  Global            Value  Global    
        -----  ------            -----  ------            -----  ------    
     00000150  .reset    |    00000150  _reset    |    00000157  .code_sta
     000001B9  _exit     |    000001BD  .wait_vbl |    000001BD  _vsync   
     000001BD  _wait_vbl |    000001CD  .remove_V |    000001CD  _remove_V
     000001D0  .remove_i |    000001ED  .add_VBL  |    000001ED  _add_VBL 
     000001F0  .add_int 
ASxxxx Linker V03.00/V05.40 + sdld,  page 23.
Hexadecimal  [32-Bits]

Area                       Addr        Size        Decimal Bytes (Attributes)
--------------------       ----        ----        ------- ----- ------------
_HOME                  000025FD    00000BC9 =        3017. bytes (REL,CON)

        Value  Global            Value  Global            Value  Global    
        -----  ------            -----  ------            -----  ------    
     000025FD  .memset_s |    00002606  .memcpy_s |    00002623  .display_
     00002623  _display_ |    0000263B  _render_s |    0000269B  _render_s
     000026C2  _fill_win |    000026D4  _strcpy   |    000026E6  _rand    
     000026E6  _randw    |    00002711  _initrand |    00002713  .initrand
     0000271C  _font_loa |    00002723  font_load |    0000276B  font_copy
     000027A1  font_set  |    000027AE  .put_char |    000027C6  .out_char
     000027CC  .del_char |    00002822  _putchar  |    0000282B  _setchar 
     00002834  _font_loa |    00002842  _font_set |    00002851  _font_ini
     00002870  .cls      |    00002870  _cls      |    00002892  _gotoxy  
     0000289D  _posx     |    000028AE  _posy     |    000028D6  .cr_curs 
     000028EB  .adv_curs |    00002947  .tmode    |    00002964  .tmode_ou
     0000296D  _font_col |    00002978  _set_tile |    0000297D  _set_bkg_
     0000297D  _set_win_ |    00002985  _set_spri |    000029E4  .add_LCD 
     000029E4  _add_LCD  |    000029EA  .remove_L |    000029EA  _remove_L
     000029F0  .fill_rec |    000029F9  .fill_rec |    00002A46  __modulon
     00002AE3  .padup    |    00002AE3  _waitpadu |    00002AF3  .jpad    
     00002AF3  _joypad   |    00002B1B  _waitpad  |    00002B1C  .wait_pad
     00002B23  _fill_bkg |    00002B35  _color    |    00002B35  _set_1bpp
     00002B44  _memset   |    00002B77  .drawing_ |    00002B94  _font_ibm
     00002F46  ___sdcc_b |    00002F5A  _strlen   |    00002F5F  .strlen  
     00002F68  __mullong |    0000304F  _set_bkg_ |    00003063  _set_bkg_
     00003063  _set_win_ |    0000306B  _set_spri |    000030C3  .set_xy_w
     000030CC  .set_xy_b |    000030DB  .set_xy_t |    0000311F  _uitoa   
     0000312E  _itoa     |    0000313D  .itoa     |    00003151  .utoa    
     000031C5  ___sdcc_c
ASxxxx Linker V03.00/V05.40 + sdld,  page 24.
Hexadecimal  [32-Bits]

Area                       Addr        Size        Decimal Bytes (Attributes)
--------------------       ----        ----        ------- ----- ------------
_INITIALIZER           000031C6    0000001A =          26. bytes (REL,CON)

        Value  Global            Value  Global            Value  Global    
        -----  ------            -----  ------            -----  ------    
ASxxxx Linker V03.00/V05.40 + sdld,  page 25.
Hexadecimal  [32-Bits]

Area                       Addr        Size        Decimal Bytes (Attributes)
--------------------       ----        ----        ------- ----- ------------
_GSINIT                000031E0    0000000C =          12. bytes (REL,CON)

        Value  Global            Value  Global            Value  Global    
        -----  ------            -----  ------            -----  ------    
     000031E0  gsinit   
ASxxxx Linker V03.00/V05.40 + sdld,  page 26.
Hexadecimal  [32-Bits]

Area                       Addr        Size        Decimal Bytes (Attributes)
--------------------       ----        ----        ------- ----- ------------
_GSFINAL               000031EC    00000001 =           1. bytes (REL,CON)

        Value  Global            Value  Global            Value  Global    
        -----  ------            -----  ------            -----  ------    
ASxxxx Linker V03.00/V05.40 + sdld,  page 27.
Hexadecimal  [32-Bits]

Area                       Addr        Size        Decimal Bytes (Attributes)
--------------------       ----        ----        ------- ----- ------------
_DATA                  0000C0A0    00001D7D =        7549. bytes (REL,CON)

        Value  Global            Value  Global            Value  Global    
        -----  ------            -----  ------            -----  ------    
     0000C0A0  __cpu     |    0000C0A1  __is_GBA  |    0000C0A2  .mode    
     0000C0A3  .sys_time |    0000C0A3  _sys_time |    0000C0A5  .int_0x40
     0000C0B1  _enemy_de |    0000C0E2  _enemy_ac |    0000C0E9  _enemy_ac
     0000C0EA  _pending_ |    0000C0EB  _gameplay |    0000C0EC  _player_x
     0000C0EE  _player_c |    0000C0EF  _floor_bi |    0000C0F0  _g_player
     0000C0F1  _g_player |    0000C0F2  _g_prev_j |    0000C0F3  _g_run_en
     0000C0F5  _look_cx  |    0000C0F6  _look_cy  |    0000C0F7  _selected
     0000C0F8  _belt_slo |    0000C0FC  _player_h |    0000C0FD  _witch_sh
     0000C0FE  _zerker_w |    0000C0FF  _book_hea |    0000C100  _knight_s
     0000C101  _player_l |    0000C102  _ally_act |    0000C106  _ally_x  
     0000C10A  _ally_y   |    0000C10E  _ally_typ |    0000C112  _ally_cha
     0000C116  _ally_fli |    0000C11A  _enemy_al |    0000C132  _dead_ene
     0000C14A  _dead_ene |    0000C14B  _inventor |    0000C169  _inventor
     0000C187  _inventor |    0000C1A5  _ground_i |    0000C1AD  _ground_i
     0000C1B5  _ground_i |    0000C1BD  _pending_ |    0000C1BE  _inv_desc
     0000C1BF  _lcd_game |    0000C1C0  _lcd_shak |    0000C1C1  _lcd_shak
     0000C65D  _ui_loadi |    0000C65E  _ui_load_ |    0000C65F  _floor_bi
     0000CADF  _pit_bits |    0000CF5F  _explored |    0000D3DF  _nav_node
     0000D4FF  _num_nav_ |    0000D500  _wall_til |    0000D501  _wall_pal
     0000D502  _pillar_p |    0000D503  _active_m |    0000D504  _active_m
     0000D505  _player_s |    0000D506  _player_s |    0000D507  _floor_co
     0000D50A  _brazier_ |    0000D50B  _brazier_ |    0000D51F  _brazier_
     0000D533  _brazier_ |    0000D54A  _enemy_x  |    0000D562  _enemy_y 
     0000D57A  _enemy_ty |    0000D592  _enemy_hp |    0000D5AA  _enemy_st
     0000D5C2  _num_enem |    0000D5C3  _corpse_x |    0000D5DB  _corpse_y
     0000D5F3  _corpse_t |    0000D60B  _num_corp |    0000D60C  _enemy_oc
     0000DC0C  _enemy_an |    0000DC0D  _enemy_at |    0000DC25  _enemy_at
     0000DC26  _enemy_fo |    0000DC8C  _camera_p |    0000DC8E  _camera_p
     0000DDFD  ___rand_s |    0000DDFF  font_curr |    0000DE02  font_firs
     0000DE03  font_tabl |    0000DE15  .int_0x48
ASxxxx Linker V03.00/V05.40 + sdld,  page 28.
Hexadecimal  [32-Bits]

Area                       Addr        Size        Decimal Bytes (Attributes)
--------------------       ----        ----        ------- ----- ------------
_INITIALIZED           0000DE1D    0000001A =          26. bytes (REL,CON)

        Value  Global            Value  Global            Value  Global    
        -----  ------            -----  ------            -----  ------    
     0000DE1D  _current_ |    0000DE1E  _next_sta |    0000DE1F  _player_h
     0000DE20  _player_h |    0000DE21  _player_l |    0000DE22  _player_d
     0000DE23  _floor_nu |    0000DE24  _run_seed |    0000DE28  _ui_panel
     0000DE31  .curx     |    0000DE32  .cury     |    0000DE33  .fg_colou
     0000DE33  __current |    0000DE34  .bg_colou |    0000DE35  .draw_mod
     0000DE36  __map_til
ASxxxx Linker V03.00/V05.40 + sdld,  page 29.
Hexadecimal  [32-Bits]

Area                       Addr        Size        Decimal Bytes (Attributes)
--------------------       ----        ----        ------- ----- ------------
_HRAM                  0000FF80    00000013 =          19. bytes (REL,CON)

        Value  Global            Value  Global            Value  Global    
        -----  ------            -----  ------            -----  ------    
     0000FF80  .refresh_ |    0000FF90  __current |    0000FF91  __vbl_don
     0000FF92  __shadow_
ASxxxx Linker V03.00/V05.40 + sdld,  page 30.
Hexadecimal  [32-Bits]

Area                       Addr        Size        Decimal Bytes (Attributes)
--------------------       ----        ----        ------- ----- ------------
_CODE_1                00014000    00001108 =        4360. bytes (REL,CON)

        Value  Global            Value  Global            Value  Global    
        -----  ------            -----  ------            -----  ------    
     00014000  ___func_t |    00014000  _tileset_ |    00014008  _tileset_
     00015008  _tileset_
ASxxxx Linker V03.00/V05.40 + sdld,  page 31.
Hexadecimal  [32-Bits]

Area                       Addr        Size        Decimal Bytes (Attributes)
--------------------       ----        ----        ------- ----- ------------
_CODE_2                00024000    00003F93 =       16275. bytes (REL,CON)

        Value  Global            Value  Global            Value  Global    
        -----  ------            -----  ------            -----  ------    
     00024000  _wall_ort |    000241B5  ___func_t |    000241B5  _tile_at 
     0002424B  ___func_m |    0002424B  _map_pit_ |    00024264  ___func_g
     00024264  _ground_i |    00024297  ___func_g |    00024297  _ground_i
     000242B9  _set_floo |    0002430B  _set_pit  |    00024367  ___func_i
     00024367  _is_walka |    000243AA  _tile_cha |    000243B8  _tile_vra
     000243CC  _tile_pal |    000243D9  _floor_gr |    000243F1  _floor_ti
     000248EC  _nearest_ |    0002498E  _nav_fill |    00024A75  _generate
     00024F76  ___func_l |    00024F76  _level_ge |    00025462  _enemy_gr
     000254AE  _enemy_pl |    000255F0  _enemy_cl |    0002569D  _corpse_p
     000257A8  _corpse_c |    00025823  ___func_e |    00025823  _enemy_pl
     00025831  _enemy_ef |    0002587B  _enemy_ef |    000258C6  _enemy_an
     000258D4  _enemy_an |    00025950  ___func_e |    00025950  _enemy_at
     000259C8  _corpse_s |    00025A40  _corpse_a |    00025A4C  _corpse_d
     00025A5B  _spawn_en |    00025B8A  _enemy_se |    00025BA2  _enemy_ge
     00025F0D  _enemy_re |    00026040  _move_ene |    00026603  ___func_s
     00026603  _state_ga |    00026670  ___func_s |    00026670  _state_ga
     00026E92  ___func_c |    00026E92  _camera_i |    000270FC  _camera_s
     000275D1  _camera_s |    00027620  _apply_wa |    000278E0  ___func_l
     000278E0  _load_pal |    000279C4  _draw_cel |    00027A18  _draw_col
     00027A52  _draw_row |    00027A89  _draw_ui_ |    00027A91  _draw_gam
     00027AAB  _draw_scr |    00027B2A  _draw_gam |    00027B47  _draw_ene
     00027B56  _draw_cor |    00027C20  ___func_c |    00027C20  _combat_d
     00027DBB  ___func_c |    00027DBB  _combat_p |    00027E71  ___func_r
     00027E71  _resolve_
ASxxxx Linker V03.00/V05.40 + sdld,  page 32.
Hexadecimal  [32-Bits]

Area                       Addr        Size        Decimal Bytes (Attributes)
--------------------       ----        ----        ------- ----- ------------
_CODE_3                00034000    000017BD =        6077. bytes (REL,CON)

        Value  Global            Value  Global            Value  Global    
        -----  ------            -----  ------            -----  ------    
     0003473A  ___func_s |    0003473A  _state_in |    00034759  ___func_s
     00034759  _state_in |    00034C47  ___func_s |    00034C47  _state_ch
     000350B9  ___func_s |    000350B9  _state_pi |    0003510A  ___func_s
     0003510A  _state_pi |    00035221  ___func_s |    00035221  _state_st
     00035362  ___func_s |    00035362  _state_st |    00035384  ___func_s
     00035384  _state_ab |    0003548D  ___func_s |    0003548D  _state_ab
     000354AF  ___func_s |    000354AF  _state_ma |    0003559A  ___func_s
     0003559A  _state_ma |    00035618  ___func_c |    00035618  _class_pa
     00035653  _class_pa |    0003566A  ___func_s |    0003566A  _state_ga
     00035716  ___func_s |    00035716  _state_tr |    00035772  ___func_s
     00035772  _state_ti
ASxxxx Linker V03.00/V05.40 + sdld,  page 33.
Hexadecimal  [32-Bits]

Area                       Addr        Size        Decimal Bytes (Attributes)
--------------------       ----        ----        ------- ----- ------------
_CODE_4                00044000    00000B9B =        2971. bytes (REL,CON)

        Value  Global            Value  Global            Value  Global    
        -----  ------            -----  ------            -----  ------    
     00044000  ___func_b |    00044000  _bwv1043_ |    00044132  _bwv1043_
     000446AE  _bwv1043_
ASxxxx Linker V03.00/V05.40 + sdld,  page 34.
Hexadecimal  [32-Bits]

Area                       Addr        Size        Decimal Bytes (Attributes)
--------------------       ----        ----        ------- ----- ------------
_CODE_5                00054000    00003A65 =       14949. bytes (REL,CON)

        Value  Global            Value  Global            Value  Global    
        -----  ------            -----  ------            -----  ------    
     00054000  ___func_u |    000547B6  _ui_comba |    000547C1  _ui_comba
     000548A1  _ui_comba |    000548B6  _ui_push_ |    00054A9C  _ui_push_
     00054CA5  _ui_push_ |    00054E79  _ui_push_ |    00054F7E  _ui_comba
     00054FC0  _seed_wor |    00055010  _seed_wor |    00055060  _seed_wor
     00055DCE  _run_seed |    00055E4B  _ui_game_ |    00055E8C  _window_u
     00055EDC  _window_u |    00055EE3  _ui_loadi |    00055F32  _ui_loadi
     00055F43  _ui_draw_ |    00055F76  _ui_draw_ |    00055FFF  _ui_panel
     00056004  _ui_panel |    00056014  _ui_panel |    00056020  _ui_panel
     000563CD  _title_sc |    00056511  ___func_b |    00056511  _bwv527_d
     00056652  _bwv527_m |    00057213  _bwv527_b
ASxxxx Linker V03.00/V05.40 + sdld,  page 35.
Hexadecimal  [32-Bits]

Area                       Addr        Size        Decimal Bytes (Attributes)
--------------------       ----        ----        ------- ----- ------------
_CODE_6                00064000    0000007A =         122. bytes (REL,CON)

        Value  Global            Value  Global            Value  Global    
        -----  ------            -----  ------            -----  ------    
     00064033  ___func_a |    00064033  _ability_
ASxxxx Linker V03.00/V05.40 + sdld,  page 36.
Hexadecimal  [32-Bits]

Area                       Addr        Size        Decimal Bytes (Attributes)
--------------------       ----        ----        ------- ----- ------------
_CODE_7                00074000    00000059 =          89. bytes (REL,CON)

        Value  Global            Value  Global            Value  Global    
        -----  ------            -----  ------            -----  ------    
     00074033  ___func_a |    00074033  _ability_
ASxxxx Linker V03.00/V05.40 + sdld,  page 37.
Hexadecimal  [32-Bits]

Area                       Addr        Size        Decimal Bytes (Attributes)
--------------------       ----        ----        ------- ----- ------------
_CODE_8                00084000    00000269 =         617. bytes (REL,CON)

        Value  Global            Value  Global            Value  Global    
        -----  ------            -----  ------            -----  ------    
     00084233  ___func_a |    00084233  _ability_
ASxxxx Linker V03.00/V05.40 + sdld,  page 38.
Hexadecimal  [32-Bits]

Area                       Addr        Size        Decimal Bytes (Attributes)
--------------------       ----        ----        ------- ----- ------------
_CODE_9                00094000    0000020E =         526. bytes (REL,CON)

        Value  Global            Value  Global            Value  Global    
        -----  ------            -----  ------            -----  ------    
     000941ED  ___func_a |    000941ED  _ability_
ASxxxx Linker V03.00/V05.40 + sdld,  page 39.
Hexadecimal  [32-Bits]

Area                       Addr        Size        Decimal Bytes (Attributes)
--------------------       ----        ----        ------- ----- ------------
_CODE_10               000A4000    00000150 =         336. bytes (REL,CON)

        Value  Global            Value  Global            Value  Global    
        -----  ------            -----  ------            -----  ------    
     000A4000  ___func_b |    000A4000  _biome_du |    000A40E4  ___func_l
     000A40E4  _level_in
ASxxxx Linker V03.00/V05.40 + sdld,  page 40.
Hexadecimal  [32-Bits]

Area                       Addr        Size        Decimal Bytes (Attributes)
--------------------       ----        ----        ------- ----- ------------
_CODE_11               000B4000    00000092 =         146. bytes (REL,CON)

        Value  Global            Value  Global            Value  Global    
        -----  ------            -----  ------            -----  ------    
     000B4000  ___func_b |    000B4000  _biome_cr
ASxxxx Linker V03.00/V05.40 + sdld,  page 41.
Hexadecimal  [32-Bits]

Area                       Addr        Size        Decimal Bytes (Attributes)
--------------------       ----        ----        ------- ----- ------------
_CODE_12               000C4000    0000008A =         138. bytes (REL,CON)

        Value  Global            Value  Global            Value  Global    
        -----  ------            -----  ------            -----  ------    
     000C4000  ___func_b |    000C4000  _biome_ca
ASxxxx Linker V03.00/V05.40 + sdld,  page 42.
Hexadecimal  [32-Bits]

Area                       Addr        Size        Decimal Bytes (Attributes)
--------------------       ----        ----        ------- ----- ------------
_CODE_13               000D4000    000008C2 =        2242. bytes (REL,CON)

        Value  Global            Value  Global            Value  Global    
        -----  ------            -----  ------            -----  ------    
     000D4000  _items_ki |    000D4248  _items_eq |    000D430D  _items_ki
     000D4323  _items_ki |    000D433A  _items_ki |    000D4391  _items_ki
     000D43E9  _inventor |    000D4408  _inventor |    000D441F  _inventor
     000D4441  _inventor |    000D44B8  _inventor |    000D461C  _items_us
     000D482E  _enemy_tr
ASxxxx Linker V03.00/V05.40 + sdld,  page 43.
Hexadecimal  [32-Bits]

Area                       Addr        Size        Decimal Bytes (Attributes)
--------------------       ----        ----        ------- ----- ------------
_CODE_14               000E4000    00000EDF =        3807. bytes (REL,CON)

        Value  Global            Value  Global            Value  Global    
        -----  ------            -----  ------            -----  ------    
     000E4000  ___func_s |    000E4B99  _story_ui
ASxxxx Linker V03.00/V05.40 + sdld,  page 44.
Hexadecimal  [32-Bits]

Area                       Addr        Size        Decimal Bytes (Attributes)
--------------------       ----        ----        ------- ----- ------------
_CODE_15               000F4000    0000009D =         157. bytes (REL,CON)

        Value  Global            Value  Global            Value  Global    
        -----  ------            -----  ------            -----  ------    
     000F4000  _scroll_b
ASxxxx Linker V03.00/V05.40 + sdld,  page 45.
Hexadecimal  [32-Bits]

Area                       Addr        Size        Decimal Bytes (Attributes)
--------------------       ----        ----        ------- ----- ------------
_CODE_16               00104000    00000165 =         357. bytes (REL,CON)

        Value  Global            Value  Global            Value  Global    
        -----  ------            -----  ------            -----  ------    
     00104000  _root_ico |    001040EF  _scroll_r
ASxxxx Linker V03.00/V05.40 + sdld,  page 46.
Hexadecimal  [32-Bits]

Area                       Addr        Size        Decimal Bytes (Attributes)
--------------------       ----        ----        ------- ----- ------------
_CODE_17               00114000    000027C8 =       10184. bytes (REL,CON)

        Value  Global            Value  Global            Value  Global    
        -----  ------            -----  ------            -----  ------    
     0011431E  ___func_e |    0011431E  _entity_s |    00114367  ___func_e
     00114367  _entity_s |    00114382  ___func_e |    00114382  _entity_s
     00114429  ___func_e |    00114429  _entity_s |    00114451  ___func_e
     00114451  _entity_s |    00114457  ___func_e |    00114457  _entity_s
     001149BF  ___func_e |    001149BF  _entity_s |    00114C5E  ___func_e
     00114C5E  _entity_s |    00114C8F  ___func_e |    00114C8F  _entity_s
     00114CB0  ___func_e |    00114CB0  _entity_s |    00114CBF  ___func_e
     00114CBF  _entity_s |    00114D01  ___func_e |    00114D01  _entity_s
     00114DD9  ___func_e |    00114DD9  _entity_s |    00114DFE  ___func_e
     00114DFE  _entity_s |    00114E1A  ___func_e |    00114E1A  _entity_s
     00114EC1  ___func_e |    00114EC1  _entity_s |    00114F48  ___func_e
     00114F48  _entity_s |    00115126  ___func_e |    00115126  _entity_s
     0011533F  ___func_e |    0011533F  _entity_s |    00115636  ___func_e
     00115636  _entity_s |    00115830  ___func_e |    00115830  _entity_s
     0011594C  ___func_e |    0011594C  _entity_s |    00115B36  ___func_e
     00115B36  _entity_s |    00115C74  ___func_e |    00115C74  _entity_s
     00115CA0  ___func_e |    00115CA0  _entity_s |    00115CA9  ___func_e
     00115CA9  _entity_s |    001160BC  ___func_a |    001160BC  _ally_fox
     00116232  ___func_a |    00116232  _ally_fox |    00116400  ___func_a
     00116400  _ally_fox
ASxxxx Linker V03.00/V05.40 + sdld,  page 47.
Hexadecimal  [32-Bits]

Area                       Addr        Size        Decimal Bytes (Attributes)
--------------------       ----        ----        ------- ----- ------------
_FONT_HEADER0          00000000    00000003 =           3. bytes (ABS,CON)

        Value  Global            Value  Global            Value  Global    
        -----  ------            -----  ------            -----  ------    
ASxxxx Linker V03.00/V05.40 + sdld,  page 48.
Hexadecimal  [32-Bits]

Area                       Addr        Size        Decimal Bytes (Attributes)
--------------------       ----        ----        ------- ----- ------------
_HEADER_LCD0           00000000    00000003 =           3. bytes (ABS,CON)

        Value  Global            Value  Global            Value  Global    
        -----  ------            -----  ------            -----  ------    
ASxxxx Linker V03.00/V05.40 + sdld,  page 49.

Files Linked                              [ module(s) ]

./gbdk/lib/gb/crt0.o                      [ Runtime ]
obj/gbc/ability_dispatch.rel              [ ability_dispatch ]
obj/gbc/ally.rel                          [ ally ]
obj/gbc/biome.rel                         [ biome ]
obj/gbc/debug_bank.rel                    [ debug_bank ]
obj/gbc/enemy_extras.rel                  [ enemy_extras ]
obj/gbc/globals.rel                       [ globals ]
obj/gbc/lcd.rel                           [ lcd ]
obj/gbc/lighting.rel                      [ lighting ]
obj/gbc/main.rel                          [ main ]
obj/gbc/music.rel                         [ music ]
obj/gbc/perf.rel                          [ perf ]
obj/gbc/seed_entropy.rel                  [ seed_entropy ]
obj/gbc/targeting.rel                     [ targeting ]
obj/gbc/tileset_io.rel                    [ tileset_io ]
obj/gbc/title_logo.rel                    [ title_logo ]
obj/gbc/ui_loading_isr.rel                [ ui_loading_isr ]
obj/gbc/wall_palettes.rel                 [ wall_palettes ]
obj/gbc/tileset.rel                       [ tileset ]
obj/gbc/map.rel                           [ map ]
obj/gbc/enemy.rel                         [ enemy ]
obj/gbc/state_gameplay.rel                [ state_gameplay ]
obj/gbc/camera.rel                        [ camera ]
obj/gbc/render.rel                        [ render ]
obj/gbc/combat.rel                        [ combat ]
obj/gbc/state_inventory.rel               [ state_inventory ]
obj/gbc/state_char_create.rel             [ state_char_create ]
obj/gbc/state_pickup.rel                  [ state_pickup ]
obj/gbc/state_stats.rel                   [ state_stats ]
obj/gbc/state_ability.rel                 [ state_ability ]
obj/gbc/state_map.rel                     [ state_map ]
obj/gbc/class_palettes.rel                [ class_palettes ]
obj/gbc/state_game_over.rel               [ state_game_over ]
obj/gbc/state_transition.rel              [ state_transition ]
obj/gbc/state_title.rel                   [ state_title ]
obj/gbc/bwv1043_music.rel                 [ bwv1043_music ]
obj/gbc/ui.rel                            [ ui ]
obj/gbc/bwv527_music.rel                  [ bwv527_music ]
obj/gbc/abilities_knight.rel              [ abilities_knight ]
obj/gbc/abilities_scoundrel.rel           [ abilities_scoundrel ]
obj/gbc/abilities_witch.rel               [ abilities_witch ]
obj/gbc/abilities_zerker.rel              [ abilities_zerker ]
obj/gbc/biome_dungeon.rel                 [ biome_dungeon ]
obj/gbc/level_init.rel                    [ level_init ]
obj/gbc/biome_crypt.rel                   [ biome_crypt ]
obj/gbc/biome_cavern.rel                  [ biome_cavern ]
obj/gbc/items.rel                         [ items ]
obj/gbc/story_ui.rel                      [ story_ui ]
obj/gbc/scroll_blast.rel                  [ scroll_blast ]
obj/gbc/root_icon.rel                     [ root_icon ]
obj/gbc/scroll_root.rel                   [ scroll_root ]
obj/gbc/entity_sprites.rel                [ entity_sprites ]
obj/gbc/scoundrel_fox.rel                 [ scoundrel_fox ]


Libraries Linked                          [ object file ]

./gbdk/lib/gb/gb.lib                      [ fill_rect_wi.o ]
./gbdk/lib/sm83/sm83.lib                  [ div.o ]
./gbdk/lib/gb/gb.lib                      [ sfr.o ]
./gbdk/lib/sm83/sm83.lib                  [ _strcpy.o ]
./gbdk/lib/sm83/sm83.lib                  [ rand.o ]
./gbdk/lib/gb/gb.lib                      [ font.o ]
./gbdk/lib/gb/gb.lib                      [ cgb_palettes.o ]
./gbdk/lib/gb/gb.lib                      [ font_color.o ]
./gbdk/lib/sm83/sm83.lib                  [ _memmove.o ]
./gbdk/lib/sm83/sm83.lib                  [ mul.o ]
./gbdk/lib/gb/gb.lib                      [ set_data.o ]
./gbdk/lib/gb/gb.lib                      [ set_tile.o ]
./gbdk/lib/gb/gb.lib                      [ lcd.o ]
./gbdk/lib/gb/gb.lib                      [ fill_rect.o ]
./gbdk/lib/sm83/sm83.lib                  [ _modulong.o ]
./gbdk/lib/gb/gb.lib                      [ pad.o ]
./gbdk/lib/gb/gb.lib                      [ fill_rect_bk.o ]
./gbdk/lib/sm83/sm83.lib                  [ memcpy.o ]
./gbdk/lib/gb/gb.lib                      [ color.o ]
./gbdk/lib/sm83/sm83.lib                  [ _memset.o ]
./gbdk/lib/gb/gb.lib                      [ drawing_isr.o ]
./gbdk/lib/gb/gb.lib                      [ f_ibm_sh.o ]
./gbdk/lib/gb/gb.lib                      [ ___sdcc_bcall_ehl.o ]
./gbdk/lib/sm83/sm83.lib                  [ strcat.o ]
./gbdk/lib/sm83/sm83.lib                  [ printf.o ]
./gbdk/lib/gb/gb.lib                      [ cgb.o ]
./gbdk/lib/sm83/sm83.lib                  [ strlen.o ]
./gbdk/lib/sm83/sm83.lib                  [ _mullong.o ]
./gbdk/lib/gb/gb.lib                      [ cgb_compat.o ]
./gbdk/lib/gb/gb.lib                      [ set_bk_t.o ]
./gbdk/lib/gb/gb.lib                      [ set_1bit_data.o ]
./gbdk/lib/sm83/sm83.lib                  [ sprintf.o ]
./gbdk/lib/gb/gb.lib                      [ set_xy_t.o ]
./gbdk/lib/sm83/sm83.lib                  [ itoa.o ]
./gbdk/lib/sm83/sm83.lib                  [ __sdcc_call_hl.o ]

ASxxxx Linker V03.00/V05.40 + sdld,  page 50.

User Base Address Definitions

_DATA=0xC0A0
_CODE=0x0200
_HRAM=0xFF80
ASxxxx Linker V03.00/V05.40 + sdld,  page 51.

User Global Definitions

_shadow_OAM=0xC000
.STACK=0xE000

