ASxxxx Linker V03.00/V05.40 + sdld,  page 1.
Hexadecimal  [32-Bits]

Area                       Addr        Size        Decimal Bytes (Attributes)
--------------------       ----        ----        ------- ----- ------------
.  .ABS.               00000000    00000000 =           0. bytes (ABS,CON)

        Value  Global            Value  Global            Value  Global    
        -----  ------            -----  ------            -----  ------    
     00000000  .__.ABS.  |    00000000  _rMBC7_SR |    00000000  _rRAMG   
     00000000  l__BASE   |    00000000  l__BSS    |    00000000  l__CABS  
     00000000  l__CODE_0 |    00000000  l__DABS   |    00000000  l__FONT_H
     00000000  l__HEADER |    00000000  l__HEADER |    00000000  l__HEAP  
     00000000  l__HEAP_E |    00000000  l__LIT    |    00000000  s__CABS  
     00000000  s__DABS   |    00000000  s__FONT_H |    00000000  s__FONT_H
     00000000  s__HEADER |    00000000  s__HEADER |    00000000  s__HEADER
     00000000  s__HEADER |    00000000  s__HEADER |    00000000  s__HEADER
     00000000  s__HEADER |    00000000  s__HEADER |    00000000  s__HEADER
     00000000  s__HEADER |    00000000  s__HEADER |    00000000  s__HEADER
     00000000  s__HEADER |    00000000  s__HEADER |    00000000  s__HEADER
     00000000  s__HEADER |    00000000  s__HEADER |    00000000  s__HEADER
     00000000  s__HEADER |    00000000  s__HEADER |    00000000  s__HEADER
     00000001  ___bank_s |    00000001  ___bank_s |    00000001  ___bank_s
     00000001  ___bank_s |    00000001  ___bank_t |    00000001  b_state_c
     00000001  b_state_g |    00000001  b_state_t |    00000001  b_state_t
     00000001  l__GSFINA |    00000001  l__HEADER |    00000001  l__HEADER
     00000001  l__HEADER |    00000001  l__HEADER |    00000001  l__HEADER
     00000001  l__HEADER |    00000001  l__HEADER |    00000002  ___bank_c
     00000002  ___bank_c |    00000002  ___bank_l |    00000002  ___bank_l
     00000002  ___bank_l |    00000002  ___bank_s |    00000002  ___bank_s
     00000002  b_camera_ |    00000002  b_camera_ |    00000002  b_camera_
     00000002  b_class_p |    00000002  b_class_p |    00000002  b_level_g
     00000002  b_level_i |    00000002  b_load_pa |    00000002  b_state_g
     00000002  b_state_g |    00000002  l__HEADER |    00000002  l__HEADER
     00000002  l__HEADER |    00000003  ___bank_s |    00000003  ___bank_s
     00000003  ___bank_s |    00000003  ___bank_s |    00000003  ___bank_s
     00000003  ___bank_s |    00000003  b_state_a |    00000003  b_state_a
     00000003  b_state_i |    00000003  b_state_i |    00000003  b_state_s
     00000003  b_state_s |    00000003  l__FONT_H |    00000003  l__HEADER
     00000003  l__HEADER |    00000004  ___bank_b |    00000005  ___bank_u
     00000005  b_run_see |    00000005  b_title_s |    00000005  b_ui_comb
     00000005  b_ui_comb |    00000005  b_ui_comb |    00000005  b_ui_comb
     00000005  b_ui_draw |    00000005  b_ui_draw |    00000005  b_ui_game
     00000005  b_ui_load |    00000005  b_ui_load |    00000005  b_ui_pane
     00000005  b_ui_pane |    00000005  b_ui_pane |    00000005  b_window_
     00000005  b_window_ |    00000005  l__HEADER |    00000006  l__HEADER
     00000007  l__HEADER |    00000008  l__HEADER |    0000000C  l__GSINIT
     00000013  l__HRAM   |    00000030  l__HEADER |    00000031  l__INITIA
     00000031  l__INITIA |    00000060  l__HEADER |    000000AB  l__HEADER
     00000200  s__CODE   |    00000205  l__CODE_3 |    00000B98  l__HOME  
     00000B9B  l__CODE_4 |    00001518  l__CODE_1 |    00001791  l__CODE_5
     00001B02  l__DATA   |    00002000  _rROMB0   |    00002249  l__CODE  
     00002449  s__HOME   |    00002FE1  s__BASE   |    00002FE1  s__CODE_0
     00002FE1  s__INITIA |    00002FE1  s__LIT    |    00003000  _rROMB1  
     00003012  s__GSINIT |    0000301E  s__GSFINA |    000038A2  l__CODE_2
     00004000  _rMBC7_SR |    00004000  _rRAMB    |    00008000  __VRAM   
     00008000  __VRAM800 |    00008800  __VRAM880 |    00009000  __VRAM900
     00009800  __SCRN0   |    00009C00  __SCRN1   |    0000A000  __SRAM   
     0000A000  _rMBC7_LA |    0000A010  _rMBC7_LA |    0000A020  _rMBC7_AC
ASxxxx Linker V03.00/V05.40 + sdld,  page 2.
Hexadecimal  [32-Bits]

Area                       Addr        Size        Decimal Bytes (Attributes)
--------------------       ----        ----        ------- ----- ------------
.  .ABS.               00000000    00000000 =           0. bytes (ABS,CON)

        Value  Global            Value  Global            Value  Global    
        -----  ------            -----  ------            -----  ------    
     0000A030  _rMBC7_AC |    0000A040  _rMBC7_AC |    0000A050  _rMBC7_AC
     0000C000  __RAM     |    0000C000  _shadow_O |    0000C0A0  s__DATA  
     0000D000  __RAMBANK |    0000DBA2  s__BSS    |    0000DBA2  s__INITIA
     0000DBD3  s__HEAP   |    0000DBD3  s__HEAP_E |    0000E000  .STACK   
     0000FE00  __OAMRAM  |    0000FF00  _P1_REG   |    0000FF00  __IO     
     0000FF01  _SB_REG   |    0000FF02  _SC_REG   |    0000FF04  _DIV_REG 
     0000FF05  _TIMA_REG |    0000FF06  _TMA_REG  |    0000FF07  _TAC_REG 
     0000FF0F  _IF_REG   |    0000FF10  _NR10_REG |    0000FF11  _NR11_REG
     0000FF12  _NR12_REG |    0000FF13  _NR13_REG |    0000FF14  _NR14_REG
     0000FF16  _NR21_REG |    0000FF17  _NR22_REG |    0000FF18  _NR23_REG
     0000FF19  _NR24_REG |    0000FF1A  _NR30_REG |    0000FF1B  _NR31_REG
     0000FF1C  _NR32_REG |    0000FF1D  _NR33_REG |    0000FF1E  _NR34_REG
     0000FF20  _NR41_REG |    0000FF21  _NR42_REG |    0000FF22  _NR43_REG
     0000FF23  _NR44_REG |    0000FF24  _NR50_REG |    0000FF25  _NR51_REG
     0000FF26  _NR52_REG |    0000FF30  _AUD3WAVE |    0000FF30  _PCM_SAMP
     0000FF30  __AUD3WAV |    0000FF40  _LCDC_REG |    0000FF41  _STAT_REG
     0000FF42  _SCY_REG  |    0000FF43  _SCX_REG  |    0000FF44  _LY_REG  
     0000FF45  _LYC_REG  |    0000FF46  _DMA_REG  |    0000FF47  _BGP_REG 
     0000FF48  _OBP0_REG |    0000FF49  _OBP1_REG |    0000FF4A  _WY_REG  
     0000FF4B  _WX_REG   |    0000FF4D  _KEY1_REG |    0000FF4F  _VBK_REG 
     0000FF51  _HDMA1_RE |    0000FF52  _HDMA2_RE |    0000FF53  _HDMA3_RE
     0000FF54  _HDMA4_RE |    0000FF55  _HDMA5_RE |    0000FF56  _RP_REG  
     0000FF68  _BCPS_REG |    0000FF69  _BCPD_REG |    0000FF6A  _OCPS_REG
     0000FF6B  _OCPD_REG |    0000FF70  _SVBK_REG |    0000FF76  _PCM12_RE
     0000FF77  _PCM34_RE |    0000FF80  __HRAM    |    0000FF80  s__HRAM  
     0000FFFF  _IE_REG   |    00014000  s__CODE_1 |    00024000  s__CODE_2
     00034000  s__CODE_3 |    00044000  s__CODE_4 |    00054000  s__CODE_5
ASxxxx Linker V03.00/V05.40 + sdld,  page 3.
Hexadecimal  [32-Bits]

Area                       Addr        Size        Decimal Bytes (Attributes)
--------------------       ----        ----        ------- ----- ------------
_CODE                  00000200    00002249 =        8777. bytes (REL,CON)

        Value  Global            Value  Global            Value  Global    
        -----  ------            -----  ------            -----  ------    
     0000042C  _entity_s |    0000044F  _entity_s |    0000045D  _entity_s
     000004E5  _entity_s |    0000050A  _entity_s |    00000902  _entity_s
     00000AFF  _entity_s |    00000B27  _entity_s |    00000B48  _entity_s
     00000B52  _entity_s |    00000B55  _entity_s |    00000BA9  _entity_s
     00000BB7  _entity_s |    00000C4B  _entity_s |    00000F75  _entity_s
     0000107A  _entity_s |    00001249  _lcd_hp_p |    000012E7  _lcd_init
     000012FE  _lcd_clea |    0000136A  _lighting |    0000137F  _lighting
     00001557  _lighting |    0000159A  _main     |    00001C0B  _sfx_lung
     00001C0E  _music_pl |    00001C3D  _music_pl |    00001C6F  _music_lo
     00001C8F  _music_pl |    00001CE6  _music_in |    00001D10  _seed_ent
     00001D91  _seed_ent |    00001DCD  _seed_ent |    00001E23  _ui_loadi
     00001E5C  __divsuch |    00001E62  __modsuch |    00001E6B  __divusch
     00001E74  __modusch |    00001E80  __divscha |    00001E85  __modscha
     00001E8C  __divsint |    00001E95  __modsint |    00001EA1  __divucha
     00001EA6  __moducha |    00001EAD  __divuint |    00001EB6  __moduint
     00001EC2  .div8     |    00001EC2  .mod8     |    00001ECA  .div16   
     00001ECA  .mod16    |    00001F00  .divu8    |    00001F00  .modu8   
     00001F03  .divu16   |    00001F03  .modu16   |    00001F43  _set_spri
     00001F48  _set_bkg_ |    00001F4B  .set_pale |    00001F6A  _set_spri
     00001F6F  _set_bkg_ |    00001F72  .set_pale |    00001F8E  __mulsuch
     00001F91  __mulusch |    00001F9A  __mulscha |    00001FA2  __mulint 
     00001FC1  __mulucha |    00001FD3  _set_vram |    00001FDC  _set_win_
     00001FE5  _set_bkg_ |    00002014  ___memcpy |    00002014  _memcpy  
     00002046  _printf   |    0000205B  _cpu_slow |    00002076  _cpu_fast
     0000207D  _cgb_comp |    0000207D  _set_defa |    000020CD  ___printf
     0000242A  _sprintf 
ASxxxx Linker V03.00/V05.40 + sdld,  page 4.
Hexadecimal  [32-Bits]

Area                       Addr        Size        Decimal Bytes (Attributes)
--------------------       ----        ----        ------- ----- ------------
_HEADER0               00000000    00000001 =           1. bytes (ABS,CON)

        Value  Global            Value  Global            Value  Global    
        -----  ------            -----  ------            -----  ------    
     00000020  .call_hl 
ASxxxx Linker V03.00/V05.40 + sdld,  page 5.
Hexadecimal  [32-Bits]

Area                       Addr        Size        Decimal Bytes (Attributes)
--------------------       ----        ----        ------- ----- ------------
_HEADER1               00000000    00000005 =           5. bytes (ABS,CON)

        Value  Global            Value  Global            Value  Global    
        -----  ------            -----  ------            -----  ------    
     00000028  .MemsetSm
ASxxxx Linker V03.00/V05.40 + sdld,  page 6.
Hexadecimal  [32-Bits]

Area                       Addr        Size        Decimal Bytes (Attributes)
--------------------       ----        ----        ------- ----- ------------
_HEADER2               00000000    00000007 =           7. bytes (ABS,CON)

        Value  Global            Value  Global            Value  Global    
        -----  ------            -----  ------            -----  ------    
     00000030  .MemcpySm
ASxxxx Linker V03.00/V05.40 + sdld,  page 7.
Hexadecimal  [32-Bits]

Area                       Addr        Size        Decimal Bytes (Attributes)
--------------------       ----        ----        ------- ----- ------------
_HEADER3               00000000    00000008 =           8. bytes (ABS,CON)

        Value  Global            Value  Global            Value  Global    
        -----  ------            -----  ------            -----  ------    
ASxxxx Linker V03.00/V05.40 + sdld,  page 8.
Hexadecimal  [32-Bits]

Area                       Addr        Size        Decimal Bytes (Attributes)
--------------------       ----        ----        ------- ----- ------------
_HEADER4               00000000    00000060 =          96. bytes (ABS,CON)

        Value  Global            Value  Global            Value  Global    
        -----  ------            -----  ------            -----  ------    
     00000080  .int      |    0000008F  _wait_int |    0000009C  __standar
     000000AB  _refresh_ |    000000CC  _set_inte
ASxxxx Linker V03.00/V05.40 + sdld,  page 9.
Hexadecimal  [32-Bits]

Area                       Addr        Size        Decimal Bytes (Attributes)
--------------------       ----        ----        ------- ----- ------------
_HEADER5               00000000    00000001 =           1. bytes (ABS,CON)

        Value  Global            Value  Global            Value  Global    
        -----  ------            -----  ------            -----  ------    
ASxxxx Linker V03.00/V05.40 + sdld,  page 10.
Hexadecimal  [32-Bits]

Area                       Addr        Size        Decimal Bytes (Attributes)
--------------------       ----        ----        ------- ----- ------------
_HEADER6               00000000    00000002 =           2. bytes (ABS,CON)

        Value  Global            Value  Global            Value  Global    
        -----  ------            -----  ------            -----  ------    
ASxxxx Linker V03.00/V05.40 + sdld,  page 11.
Hexadecimal  [32-Bits]

Area                       Addr        Size        Decimal Bytes (Attributes)
--------------------       ----        ----        ------- ----- ------------
_HEADER7               00000000    00000030 =          48. bytes (ABS,CON)

        Value  Global            Value  Global            Value  Global    
        -----  ------            -----  ------            -----  ------    
ASxxxx Linker V03.00/V05.40 + sdld,  page 12.
Hexadecimal  [32-Bits]

Area                       Addr        Size        Decimal Bytes (Attributes)
--------------------       ----        ----        ------- ----- ------------
_HEADER8               00000000    00000006 =           6. bytes (ABS,CON)

        Value  Global            Value  Global            Value  Global    
        -----  ------            -----  ------            -----  ------    
ASxxxx Linker V03.00/V05.40 + sdld,  page 13.
Hexadecimal  [32-Bits]

Area                       Addr        Size        Decimal Bytes (Attributes)
--------------------       ----        ----        ------- ----- ------------
_HEADER9               00000000    00000003 =           3. bytes (ABS,CON)

        Value  Global            Value  Global            Value  Global    
        -----  ------            -----  ------            -----  ------    
ASxxxx Linker V03.00/V05.40 + sdld,  page 14.
Hexadecimal  [32-Bits]

Area                       Addr        Size        Decimal Bytes (Attributes)
--------------------       ----        ----        ------- ----- ------------
_HEADERa               00000000    00000001 =           1. bytes (ABS,CON)

        Value  Global            Value  Global            Value  Global    
        -----  ------            -----  ------            -----  ------    
ASxxxx Linker V03.00/V05.40 + sdld,  page 15.
Hexadecimal  [32-Bits]

Area                       Addr        Size        Decimal Bytes (Attributes)
--------------------       ----        ----        ------- ----- ------------
_HEADERb               00000000    00000001 =           1. bytes (ABS,CON)

        Value  Global            Value  Global            Value  Global    
        -----  ------            -----  ------            -----  ------    
ASxxxx Linker V03.00/V05.40 + sdld,  page 16.
Hexadecimal  [32-Bits]

Area                       Addr        Size        Decimal Bytes (Attributes)
--------------------       ----        ----        ------- ----- ------------
_HEADERc               00000000    00000001 =           1. bytes (ABS,CON)

        Value  Global            Value  Global            Value  Global    
        -----  ------            -----  ------            -----  ------    
ASxxxx Linker V03.00/V05.40 + sdld,  page 17.
Hexadecimal  [32-Bits]

Area                       Addr        Size        Decimal Bytes (Attributes)
--------------------       ----        ----        ------- ----- ------------
_HEADERd               00000000    00000002 =           2. bytes (ABS,CON)

        Value  Global            Value  Global            Value  Global    
        -----  ------            -----  ------            -----  ------    
ASxxxx Linker V03.00/V05.40 + sdld,  page 18.
Hexadecimal  [32-Bits]

Area                       Addr        Size        Decimal Bytes (Attributes)
--------------------       ----        ----        ------- ----- ------------
_HEADERe               00000000    00000001 =           1. bytes (ABS,CON)

        Value  Global            Value  Global            Value  Global    
        -----  ------            -----  ------            -----  ------    
ASxxxx Linker V03.00/V05.40 + sdld,  page 19.
Hexadecimal  [32-Bits]

Area                       Addr        Size        Decimal Bytes (Attributes)
--------------------       ----        ----        ------- ----- ------------
_HEADERf               00000000    00000001 =           1. bytes (ABS,CON)

        Value  Global            Value  Global            Value  Global    
        -----  ------            -----  ------            -----  ------    
ASxxxx Linker V03.00/V05.40 + sdld,  page 20.
Hexadecimal  [32-Bits]

Area                       Addr        Size        Decimal Bytes (Attributes)
--------------------       ----        ----        ------- ----- ------------
_HEADER10              00000000    00000002 =           2. bytes (ABS,CON)

        Value  Global            Value  Global            Value  Global    
        -----  ------            -----  ------            -----  ------    
ASxxxx Linker V03.00/V05.40 + sdld,  page 21.
Hexadecimal  [32-Bits]

Area                       Addr        Size        Decimal Bytes (Attributes)
--------------------       ----        ----        ------- ----- ------------
_HEADER11              00000000    000000AB =         171. bytes (ABS,CON)

        Value  Global            Value  Global            Value  Global    
        -----  ------            -----  ------            -----  ------    
     00000150  .reset    |    00000150  _reset    |    00000157  .code_sta
     000001B9  _exit     |    000001BD  .wait_vbl |    000001BD  _vsync   
     000001BD  _wait_vbl |    000001CD  .remove_V |    000001CD  _remove_V
     000001D0  .remove_i |    000001ED  .add_VBL  |    000001ED  _add_VBL 
     000001F0  .add_int 
ASxxxx Linker V03.00/V05.40 + sdld,  page 22.
Hexadecimal  [32-Bits]

Area                       Addr        Size        Decimal Bytes (Attributes)
--------------------       ----        ----        ------- ----- ------------
_HOME                  00002449    00000B98 =        2968. bytes (REL,CON)

        Value  Global            Value  Global            Value  Global    
        -----  ------            -----  ------            -----  ------    
     00002449  .memset_s |    00002452  .memcpy_s |    0000246F  .display_
     0000246F  _display_ |    00002487  _render_s |    000024EF  _render_s
     000024FD  _fill_win |    0000250F  _rand     |    0000250F  _randw   
     0000253A  _initrand |    0000253C  .initrand |    00002545  _font_loa
     0000254C  font_load |    00002594  font_copy |    000025CA  font_set 
     000025D7  .put_char |    000025EF  .out_char |    000025F5  .del_char
     0000264B  _putchar  |    00002654  _setchar  |    0000265D  _font_loa
     0000266B  _font_set |    0000267A  _font_ini |    00002699  .cls     
     00002699  _cls      |    000026BB  _gotoxy   |    000026C6  _posx    
     000026D7  _posy     |    000026FF  .cr_curs  |    00002714  .adv_curs
     00002770  .tmode    |    0000278D  .tmode_ou |    00002796  _font_col
     000027A1  _set_tile |    000027A6  _set_bkg_ |    000027A6  _set_win_
     000027AE  _set_spri |    000027DE  .fill_rec |    000027E7  .fill_rec
     00002834  __modulon |    000028D1  .padup    |    000028D1  _waitpadu
     000028E1  .jpad     |    000028E1  _joypad   |    00002909  _waitpad 
     0000290A  .wait_pad |    00002911  _fill_bkg |    00002923  _color   
     00002923  _set_1bpp |    00002932  _memset   |    00002965  .drawing_
     00002982  _font_ibm |    00002D63  .add_LCD  |    00002D63  _add_LCD 
     00002D69  .remove_L |    00002D69  _remove_L |    00002D6F  ___sdcc_b
     00002D83  __mullong |    00002E6A  _set_bkg_ |    00002E7E  _set_bkg_
     00002E7E  _set_win_ |    00002E86  _set_spri |    00002EDE  .set_xy_w
     00002EE7  .set_xy_b |    00002EF6  .set_xy_t |    00002F3A  _uitoa   
     00002F49  _itoa     |    00002F58  .itoa     |    00002F6C  .utoa    
     00002FE0  ___sdcc_c
ASxxxx Linker V03.00/V05.40 + sdld,  page 23.
Hexadecimal  [32-Bits]

Area                       Addr        Size        Decimal Bytes (Attributes)
--------------------       ----        ----        ------- ----- ------------
_INITIALIZER           00002FE1    00000031 =          49. bytes (REL,CON)

        Value  Global            Value  Global            Value  Global    
        -----  ------            -----  ------            -----  ------    
ASxxxx Linker V03.00/V05.40 + sdld,  page 24.
Hexadecimal  [32-Bits]

Area                       Addr        Size        Decimal Bytes (Attributes)
--------------------       ----        ----        ------- ----- ------------
_GSINIT                00003012    0000000C =          12. bytes (REL,CON)

        Value  Global            Value  Global            Value  Global    
        -----  ------            -----  ------            -----  ------    
     00003012  gsinit   
ASxxxx Linker V03.00/V05.40 + sdld,  page 25.
Hexadecimal  [32-Bits]

Area                       Addr        Size        Decimal Bytes (Attributes)
--------------------       ----        ----        ------- ----- ------------
_GSFINAL               0000301E    00000001 =           1. bytes (REL,CON)

        Value  Global            Value  Global            Value  Global    
        -----  ------            -----  ------            -----  ------    
ASxxxx Linker V03.00/V05.40 + sdld,  page 26.
Hexadecimal  [32-Bits]

Area                       Addr        Size        Decimal Bytes (Attributes)
--------------------       ----        ----        ------- ----- ------------
_DATA                  0000C0A0    00001B02 =        6914. bytes (REL,CON)

        Value  Global            Value  Global            Value  Global    
        -----  ------            -----  ------            -----  ------    
     0000C0A0  __cpu     |    0000C0A1  __is_GBA  |    0000C0A2  .mode    
     0000C0A3  .sys_time |    0000C0A3  _sys_time |    0000C0A5  .int_0x40
     0000C137  _g_player |    0000C138  _g_player |    0000C139  _g_prev_j
     0000C13A  _g_run_en |    0000C13C  _look_cx  |    0000C13D  _look_cy 
     0000C13E  _enemy_al |    0000C15A  _dead_ene |    0000C176  _dead_ene
     0000C194  _ui_loadi |    0000C195  _ui_load_ |    0000C196  _floor_bi
     0000C616  _pit_bits |    0000CA96  _explored |    0000CF16  _nav_node
     0000D036  _num_nav_ |    0000D039  _brazier_ |    0000D03A  _brazier_
     0000D04E  _brazier_ |    0000D062  _brazier_ |    0000D079  _enemy_x 
     0000D095  _enemy_y  |    0000D0B1  _enemy_ty |    0000D0CD  _enemy_hp
     0000D0E9  _num_enem |    0000D0EA  _corpse_x |    0000D106  _corpse_y
     0000D122  _corpse_t |    0000D13E  _num_corp |    0000D13F  _enemy_oc
     0000D5BF  _corpse_o |    0000DAFF  _enemy_an |    0000DB00  _enemy_at
     0000DB1C  _enemy_at |    0000DB82  ___rand_s |    0000DB84  font_curr
     0000DB87  font_firs |    0000DB88  font_tabl |    0000DB9A  .int_0x48
ASxxxx Linker V03.00/V05.40 + sdld,  page 27.
Hexadecimal  [32-Bits]

Area                       Addr        Size        Decimal Bytes (Attributes)
--------------------       ----        ----        ------- ----- ------------
_INITIALIZED           0000DBA2    00000031 =          49. bytes (REL,CON)

        Value  Global            Value  Global            Value  Global    
        -----  ------            -----  ------            -----  ------    
     0000DBAA  _current_ |    0000DBAB  _next_sta |    0000DBAC  _pending_
     0000DBAD  _gameplay |    0000DBAE  _player_h |    0000DBAF  _player_h
     0000DBB0  _player_l |    0000DBB1  _player_d |    0000DBB2  _player_x
     0000DBB4  _floor_nu |    0000DBB5  _run_seed |    0000DBB7  _player_c
     0000DBB8  _selected |    0000DBB9  _belt_slo |    0000DBBD  _lcd_game
     0000DBBE  _lcd_shak |    0000DBBF  _lcd_shak |    0000DBC0  _wall_til
     0000DBC1  _wall_pal |    0000DBC2  _pillar_p |    0000DBC3  _active_m
     0000DBC4  _active_m |    0000DBC5  _player_s |    0000DBC6  _player_s
     0000DBC7  _floor_co |    0000DBC8  _camera_p |    0000DBCA  _camera_p
     0000DBCC  _ui_panel |    0000DBCD  .curx     |    0000DBCE  .cury    
     0000DBCF  .fg_colou |    0000DBCF  __current |    0000DBD0  .bg_colou
     0000DBD1  .draw_mod |    0000DBD2  __map_til
ASxxxx Linker V03.00/V05.40 + sdld,  page 28.
Hexadecimal  [32-Bits]

Area                       Addr        Size        Decimal Bytes (Attributes)
--------------------       ----        ----        ------- ----- ------------
_HRAM                  0000FF80    00000013 =          19. bytes (REL,CON)

        Value  Global            Value  Global            Value  Global    
        -----  ------            -----  ------            -----  ------    
     0000FF80  .refresh_ |    0000FF90  __current |    0000FF91  __vbl_don
     0000FF92  __shadow_
ASxxxx Linker V03.00/V05.40 + sdld,  page 29.
Hexadecimal  [32-Bits]

Area                       Addr        Size        Decimal Bytes (Attributes)
--------------------       ----        ----        ------- ----- ------------
_CODE_1                00014000    00001518 =        5400. bytes (REL,CON)

        Value  Global            Value  Global            Value  Global    
        -----  ------            -----  ------            -----  ------    
     00014126  ___func_s |    00014126  _state_ch |    000142B2  ___func_s
     000142B2  _state_ga |    0001435E  ___func_s |    0001435E  _state_tr
     000143BD  ___func_s |    000143BD  _state_ti |    00014410  ___func_t
     00014410  _tileset_ |    00014418  _tileset_ |    00015418  _tileset_
ASxxxx Linker V03.00/V05.40 + sdld,  page 30.
Hexadecimal  [32-Bits]

Area                       Addr        Size        Decimal Bytes (Attributes)
--------------------       ----        ----        ------- ----- ------------
_CODE_2                00024000    000038A2 =       14498. bytes (REL,CON)

        Value  Global            Value  Global            Value  Global    
        -----  ------            -----  ------            -----  ------    
     00024000  _wall_ort |    000241B5  _tile_at  |    00024245  _map_pit_
     00024255  _set_floo |    000242A7  _set_pit  |    00024303  _is_walka
     00024346  _tile_cha |    00024354  _tile_vra |    00024368  _tile_pal
     00024375  _floor_gr |    0002438D  _floor_ti |    0002447A  _floor_ti
     00024863  _nearest_ |    000248EF  _nav_next |    00024A7B  _generate
     00024F7C  ___func_l |    00024F7C  _level_ge |    00025261  _enemy_de
     00025285  _enemy_gr |    000252C5  _enemy_pl |    00025407  _enemy_cl
     000254AD  _enemy_ty |    000254FD  _enemy_ef |    00025537  _enemy_ef
     00025572  _enemy_an |    00025580  _enemy_an |    000255FC  _enemy_at
     0002566D  _corpse_s |    000256E3  _corpse_a |    000256EF  _corpse_d
     000256FE  _spawn_en |    0002598B  _enemy_re |    00025AB2  _move_ene
     00025FDF  _push_com |    000261A0  _grant_xp |    00026213  _resolve_
     0002626E  _combat_p |    000263FB  ___func_c |    000263FB  _camera_i
     00026675  _camera_s |    00026ADC  _camera_s |    00026B2B  ___func_s
     00026B2B  _state_ga |    00026B7F  ___func_s |    00026B7F  _state_ga
     000270C7  _apply_wa |    0002731E  ___func_l |    0002731E  _load_pal
     000273F8  _draw_cel |    0002744C  _draw_col |    00027486  _draw_row
     000274BD  _draw_ui_ |    000274C5  _draw_scr |    00027539  _draw_ene
     00027650  _wall_pal |    000277EC  ___func_c |    000277EC  _class_pa
     00027827  _class_pa |    0002783E  ___func_l |    0002783E  _level_in
ASxxxx Linker V03.00/V05.40 + sdld,  page 31.
Hexadecimal  [32-Bits]

Area                       Addr        Size        Decimal Bytes (Attributes)
--------------------       ----        ----        ------- ----- ------------
_CODE_3                00034000    00000205 =         517. bytes (REL,CON)

        Value  Global            Value  Global            Value  Global    
        -----  ------            -----  ------            -----  ------    
     00034000  ___func_s |    00034000  _state_st |    000340D3  ___func_s
     000340D3  _state_st |    000340FE  ___func_s |    000340FE  _state_in
     00034169  ___func_s |    00034169  _state_in |    0003418A  ___func_s
     0003418A  _state_ab |    000341EC  ___func_s |    000341EC  _state_ab
ASxxxx Linker V03.00/V05.40 + sdld,  page 32.
Hexadecimal  [32-Bits]

Area                       Addr        Size        Decimal Bytes (Attributes)
--------------------       ----        ----        ------- ----- ------------
_CODE_4                00044000    00000B9B =        2971. bytes (REL,CON)

        Value  Global            Value  Global            Value  Global    
        -----  ------            -----  ------            -----  ------    
     00044000  ___func_b |    00044000  _bwv1043_ |    00044132  _bwv1043_
     000446AE  _bwv1043_
ASxxxx Linker V03.00/V05.40 + sdld,  page 33.
Hexadecimal  [32-Bits]

Area                       Addr        Size        Decimal Bytes (Attributes)
--------------------       ----        ----        ------- ----- ------------
_CODE_5                00054000    00001791 =        6033. bytes (REL,CON)

        Value  Global            Value  Global            Value  Global    
        -----  ------            -----  ------            -----  ------    
     00054000  ___func_u |    000544C6  _ui_comba |    000544D1  _ui_comba
     000545B1  _ui_comba |    000545C6  _ui_comba |    00054608  _seed_wor
     00054658  _seed_wor |    000546A8  _seed_wor |    00055071  _run_seed
     000550EE  _ui_game_ |    0005512F  _window_u |    0005517F  _window_u
     00055186  _ui_loadi |    000551DA  _ui_loadi |    000551F3  _ui_draw_
     0005521A  _ui_draw_ |    000552A3  _ui_panel |    000552A8  _ui_panel
     000552B4  _ui_panel |    0005565F  _title_sc
ASxxxx Linker V03.00/V05.40 + sdld,  page 34.
Hexadecimal  [32-Bits]

Area                       Addr        Size        Decimal Bytes (Attributes)
--------------------       ----        ----        ------- ----- ------------
_FONT_HEADER0          00000000    00000003 =           3. bytes (ABS,CON)

        Value  Global            Value  Global            Value  Global    
        -----  ------            -----  ------            -----  ------    
ASxxxx Linker V03.00/V05.40 + sdld,  page 35.
Hexadecimal  [32-Bits]

Area                       Addr        Size        Decimal Bytes (Attributes)
--------------------       ----        ----        ------- ----- ------------
_HEADER_LCD0           00000000    00000003 =           3. bytes (ABS,CON)

        Value  Global            Value  Global            Value  Global    
        -----  ------            -----  ------            -----  ------    
ASxxxx Linker V03.00/V05.40 + sdld,  page 36.

Files Linked                              [ module(s) ]

./gbdk/lib/gb/crt0.o                      [ Runtime ]
obj/gbc/debug_bank.rel                    [ debug_bank ]
obj/gbc/entity_sprites.rel                [ entity_sprites ]
obj/gbc/globals.rel                       [ globals ]
obj/gbc/lcd.rel                           [ lcd ]
obj/gbc/lighting.rel                      [ lighting ]
obj/gbc/main.rel                          [ main ]
obj/gbc/music.rel                         [ music ]
obj/gbc/seed_entropy.rel                  [ seed_entropy ]
obj/gbc/ui_loading_isr.rel                [ ui_loading_isr ]
obj/gbc/state_char_create.rel             [ state_char_create ]
obj/gbc/state_game_over.rel               [ state_game_over ]
obj/gbc/state_transition.rel              [ state_transition ]
obj/gbc/state_title.rel                   [ state_title ]
obj/gbc/map.rel                           [ map ]
obj/gbc/enemy.rel                         [ enemy ]
obj/gbc/combat.rel                        [ combat ]
obj/gbc/camera.rel                        [ camera ]
obj/gbc/state_gameplay.rel                [ state_gameplay ]
obj/gbc/render.rel                        [ render ]
obj/gbc/wall_palettes.rel                 [ wall_palettes ]
obj/gbc/class_palettes.rel                [ class_palettes ]
obj/gbc/level_init.rel                    [ level_init ]
obj/gbc/state_stats.rel                   [ state_stats ]
obj/gbc/state_inventory.rel               [ state_inventory ]
obj/gbc/state_ability.rel                 [ state_ability ]
obj/gbc/bwv1043_music.rel                 [ bwv1043_music ]
obj/gbc/ui.rel                            [ ui ]
obj/gbc/tileset.rel                       [ tileset ]


Libraries Linked                          [ object file ]

./gbdk/lib/gb/gb.lib                      [ fill_rect_wi.o ]
./gbdk/lib/gb/gb.lib                      [ sfr.o ]
./gbdk/lib/sm83/sm83.lib                  [ div.o ]
./gbdk/lib/sm83/sm83.lib                  [ rand.o ]
./gbdk/lib/gb/gb.lib                      [ font.o ]
./gbdk/lib/gb/gb.lib                      [ cgb_palettes.o ]
./gbdk/lib/gb/gb.lib                      [ font_color.o ]
./gbdk/lib/sm83/sm83.lib                  [ mul.o ]
./gbdk/lib/gb/gb.lib                      [ set_data.o ]
./gbdk/lib/gb/gb.lib                      [ set_tile.o ]
./gbdk/lib/gb/gb.lib                      [ fill_rect.o ]
./gbdk/lib/sm83/sm83.lib                  [ _modulong.o ]
./gbdk/lib/gb/gb.lib                      [ pad.o ]
./gbdk/lib/gb/gb.lib                      [ fill_rect_bk.o ]
./gbdk/lib/gb/gb.lib                      [ color.o ]
./gbdk/lib/sm83/sm83.lib                  [ memcpy.o ]
./gbdk/lib/sm83/sm83.lib                  [ _memset.o ]
./gbdk/lib/gb/gb.lib                      [ drawing_isr.o ]
./gbdk/lib/gb/gb.lib                      [ f_ibm_sh.o ]
./gbdk/lib/gb/gb.lib                      [ lcd.o ]
./gbdk/lib/gb/gb.lib                      [ ___sdcc_bcall_ehl.o ]
./gbdk/lib/sm83/sm83.lib                  [ printf.o ]
./gbdk/lib/gb/gb.lib                      [ cgb.o ]
./gbdk/lib/sm83/sm83.lib                  [ _mullong.o ]
./gbdk/lib/gb/gb.lib                      [ cgb_compat.o ]
./gbdk/lib/gb/gb.lib                      [ set_bk_t.o ]
./gbdk/lib/gb/gb.lib                      [ set_1bit_data.o ]
./gbdk/lib/sm83/sm83.lib                  [ sprintf.o ]
./gbdk/lib/gb/gb.lib                      [ set_xy_t.o ]
./gbdk/lib/sm83/sm83.lib                  [ itoa.o ]
./gbdk/lib/sm83/sm83.lib                  [ __sdcc_call_hl.o ]

ASxxxx Linker V03.00/V05.40 + sdld,  page 37.

User Base Address Definitions

_DATA=0xC0A0
_CODE=0x0200
_HRAM=0xFF80
ASxxxx Linker V03.00/V05.40 + sdld,  page 38.

User Global Definitions

_shadow_OAM=0xC000
.STACK=0xE000

