ASxxxx Linker V03.00/V05.40 + sdld,  page 1.
Hexadecimal  [32-Bits]

Area                       Addr        Size        Decimal Bytes (Attributes)
--------------------       ----        ----        ------- ----- ------------
.  .ABS.               00000000    00000000 =           0. bytes (ABS,CON)

        Value  Global            Value  Global            Value  Global    
        -----  ------            -----  ------            -----  ------    
     00000000  .__.ABS.  |    00000000  _rMBC7_SR |    00000000  _rRAMG   
     00000000  l__BASE   |    00000000  l__BSS    |    00000000  l__CABS  
     00000000  l__CODE_0 |    00000000  l__DABS   |    00000000  l__FONT_H
     00000000  l__HEADER |    00000000  l__HEADER |    00000000  l__HEAP  
     00000000  l__HEAP_E |    00000000  l__LIT    |    00000000  s__CABS  
     00000000  s__DABS   |    00000000  s__FONT_H |    00000000  s__FONT_H
     00000000  s__HEADER |    00000000  s__HEADER |    00000000  s__HEADER
     00000000  s__HEADER |    00000000  s__HEADER |    00000000  s__HEADER
     00000000  s__HEADER |    00000000  s__HEADER |    00000000  s__HEADER
     00000000  s__HEADER |    00000000  s__HEADER |    00000000  s__HEADER
     00000000  s__HEADER |    00000000  s__HEADER |    00000000  s__HEADER
     00000000  s__HEADER |    00000000  s__HEADER |    00000000  s__HEADER
     00000000  s__HEADER |    00000000  s__HEADER |    00000000  s__HEADER
     00000001  ___bank_t |    00000001  l__CODE_7 |    00000001  l__CODE_9
     00000001  l__GSFINA |    00000001  l__HEADER |    00000001  l__HEADER
     00000001  l__HEADER |    00000001  l__HEADER |    00000001  l__HEADER
     00000001  l__HEADER |    00000001  l__HEADER |    00000002  ___bank_c
     00000002  ___bank_c |    00000002  ___bank_l |    00000002  ___bank_l
     00000002  ___bank_l |    00000002  ___bank_s |    00000002  ___bank_s
     00000002  b_camera_ |    00000002  b_camera_ |    00000002  b_camera_
     00000002  b_class_p |    00000002  b_class_p |    00000002  b_corpse_
     00000002  b_corpse_ |    00000002  b_enemy_c |    00000002  b_enemy_e
     00000002  b_enemy_e |    00000002  b_enemy_r |    00000002  b_enemy_t
     00000002  b_level_g |    00000002  b_level_i |    00000002  b_load_pa
     00000002  b_state_g |    00000002  b_state_g |    00000002  l__HEADER
     00000002  l__HEADER |    00000002  l__HEADER |    00000003  ___bank_s
     00000003  ___bank_s |    00000003  ___bank_s |    00000003  ___bank_s
     00000003  ___bank_s |    00000003  ___bank_s |    00000003  ___bank_s
     00000003  ___bank_s |    00000003  ___bank_s |    00000003  ___bank_s
     00000003  b_state_a |    00000003  b_state_a |    00000003  b_state_c
     00000003  b_state_g |    00000003  b_state_i |    00000003  b_state_i
     00000003  b_state_s |    00000003  b_state_s |    00000003  b_state_t
     00000003  b_state_t |    00000003  l__FONT_H |    00000003  l__HEADER
     00000003  l__HEADER |    00000004  ___bank_b |    00000005  ___bank_u
     00000005  b_run_see |    00000005  b_title_s |    00000005  b_ui_comb
     00000005  b_ui_comb |    00000005  b_ui_comb |    00000005  b_ui_comb
     00000005  b_ui_draw |    00000005  b_ui_draw |    00000005  b_ui_game
     00000005  b_ui_load |    00000005  b_ui_load |    00000005  b_ui_pane
     00000005  b_ui_pane |    00000005  b_ui_pane |    00000005  b_ui_pane
     00000005  b_ui_push |    00000005  b_ui_push |    00000005  b_ui_push
     00000005  b_window_ |    00000005  b_window_ |    00000005  l__HEADER
     00000006  ___bank_a |    00000006  b_ability |    00000006  l__HEADER
     00000007  ___bank_a |    00000007  b_ability |    00000007  l__HEADER
     00000008  ___bank_a |    00000008  b_ability |    00000008  l__HEADER
     00000009  ___bank_a |    00000009  b_ability |    0000000A  ___bank_b
     0000000A  b_biome_d |    0000000B  ___bank_b |    0000000B  b_biome_c
     0000000C  ___bank_b |    0000000C  b_biome_c |    0000000C  l__GSINIT
     0000000D  ___bank_i |    0000000D  b_items_c |    00000013  l__HRAM  
     00000021  l__CODE_1 |    0000002A  l__CODE_1 |    00000030  l__CODE_1
     00000030  l__HEADER |    00000037  l__INITIA |    00000037  l__INITIA
ASxxxx Linker V03.00/V05.40 + sdld,  page 2.
Hexadecimal  [32-Bits]

Area                       Addr        Size        Decimal Bytes (Attributes)
--------------------       ----        ----        ------- ----- ------------
.  .ABS.               00000000    00000000 =           0. bytes (ABS,CON)

        Value  Global            Value  Global            Value  Global    
        -----  ------            -----  ------            -----  ------    
     0000003C  l__CODE_1 |    00000060  l__HEADER |    00000077  l__CODE_6
     000000AB  l__HEADER |    000001AB  l__CODE_8 |    00000200  s__CODE  
     000007DE  l__CODE_3 |    00000B98  l__HOME   |    00000B9B  l__CODE_4
     00001108  l__CODE_1 |    00001BD1  l__DATA   |    00002000  _rROMB0  
     0000212C  l__CODE_5 |    00002D40  l__CODE   |    00002F40  s__HOME  
     00003000  _rROMB1   |    000035AE  l__CODE_2 |    00003AD8  s__BASE  
     00003AD8  s__CODE_0 |    00003AD8  s__INITIA |    00003AD8  s__LIT   
     00003B0F  s__GSINIT |    00003B1B  s__GSFINA |    00004000  _rMBC7_SR
     00004000  _rRAMB    |    00008000  __VRAM    |    00008000  __VRAM800
     00008800  __VRAM880 |    00009000  __VRAM900 |    00009800  __SCRN0  
     00009C00  __SCRN1   |    0000A000  __SRAM    |    0000A000  _rMBC7_LA
     0000A010  _rMBC7_LA |    0000A020  _rMBC7_AC |    0000A030  _rMBC7_AC
     0000A040  _rMBC7_AC |    0000A050  _rMBC7_AC |    0000C000  __RAM    
     0000C000  _shadow_O |    0000C0A0  s__DATA   |    0000D000  __RAMBANK
     0000DC71  s__BSS    |    0000DC71  s__INITIA |    0000DCA8  s__HEAP  
     0000DCA8  s__HEAP_E |    0000E000  .STACK    |    0000FE00  __OAMRAM 
     0000FF00  _P1_REG   |    0000FF00  __IO      |    0000FF01  _SB_REG  
     0000FF02  _SC_REG   |    0000FF04  _DIV_REG  |    0000FF05  _TIMA_REG
     0000FF06  _TMA_REG  |    0000FF07  _TAC_REG  |    0000FF0F  _IF_REG  
     0000FF10  _NR10_REG |    0000FF11  _NR11_REG |    0000FF12  _NR12_REG
     0000FF13  _NR13_REG |    0000FF14  _NR14_REG |    0000FF16  _NR21_REG
     0000FF17  _NR22_REG |    0000FF18  _NR23_REG |    0000FF19  _NR24_REG
     0000FF1A  _NR30_REG |    0000FF1B  _NR31_REG |    0000FF1C  _NR32_REG
     0000FF1D  _NR33_REG |    0000FF1E  _NR34_REG |    0000FF20  _NR41_REG
     0000FF21  _NR42_REG |    0000FF22  _NR43_REG |    0000FF23  _NR44_REG
     0000FF24  _NR50_REG |    0000FF25  _NR51_REG |    0000FF26  _NR52_REG
     0000FF30  _AUD3WAVE |    0000FF30  _PCM_SAMP |    0000FF30  __AUD3WAV
     0000FF40  _LCDC_REG |    0000FF41  _STAT_REG |    0000FF42  _SCY_REG 
     0000FF43  _SCX_REG  |    0000FF44  _LY_REG   |    0000FF45  _LYC_REG 
     0000FF46  _DMA_REG  |    0000FF47  _BGP_REG  |    0000FF48  _OBP0_REG
     0000FF49  _OBP1_REG |    0000FF4A  _WY_REG   |    0000FF4B  _WX_REG  
     0000FF4D  _KEY1_REG |    0000FF4F  _VBK_REG  |    0000FF51  _HDMA1_RE
     0000FF52  _HDMA2_RE |    0000FF53  _HDMA3_RE |    0000FF54  _HDMA4_RE
     0000FF55  _HDMA5_RE |    0000FF56  _RP_REG   |    0000FF68  _BCPS_REG
     0000FF69  _BCPD_REG |    0000FF6A  _OCPS_REG |    0000FF6B  _OCPD_REG
     0000FF70  _SVBK_REG |    0000FF76  _PCM12_RE |    0000FF77  _PCM34_RE
     0000FF80  __HRAM    |    0000FF80  s__HRAM   |    0000FFFF  _IE_REG  
     00014000  s__CODE_1 |    00024000  s__CODE_2 |    00034000  s__CODE_3
     00044000  s__CODE_4 |    00054000  s__CODE_5 |    00064000  s__CODE_6
     00074000  s__CODE_7 |    00084000  s__CODE_8 |    00094000  s__CODE_9
     000A4000  s__CODE_1 |    000B4000  s__CODE_1 |    000C4000  s__CODE_1
     000D4000  s__CODE_1
ASxxxx Linker V03.00/V05.40 + sdld,  page 3.
Hexadecimal  [32-Bits]

Area                       Addr        Size        Decimal Bytes (Attributes)
--------------------       ----        ----        ------- ----- ------------
_CODE                  00000200    00002D40 =       11584. bytes (REL,CON)

        Value  Global            Value  Global            Value  Global    
        -----  ------            -----  ------            -----  ------    
     00000200  _ability_ |    000002A3  _ability_ |    000002D5  _biome_lo
     0000031C  _biome_pi |    00000348  _grant_xp |    000003C3  _resolve_
     000004B4  _combat_d |    000005D2  _combat_p |    00000874  _entity_s
     00000897  _entity_s |    000008A5  _entity_s |    0000092D  _entity_s
     00000952  _entity_s |    00000D4A  _entity_s |    00000F47  _entity_s
     00000F6F  _entity_s |    00000F90  _entity_s |    00000F9A  _entity_s
     00000F9D  _entity_s |    00000FEC  _entity_s |    00000FFF  _entity_s
     0000100D  _entity_s |    000010A1  _entity_s |    000013CB  _entity_s
     000014D0  _entity_s |    0000169F  _entity_s |    00001769  _lcd_hp_p
     00001807  _lcd_init |    0000181E  _lcd_clea |    0000188A  _lighting
     00001892  _lighting |    00001896  _lighting |    000018D2  _lighting
     000018D6  _lighting |    000018EE  _lighting |    00001AF3  _lighting
     00001B36  _main     |    000021D5  _sfx_lung |    000021D8  _sfx_spel
     000021E9  _music_pl |    00002218  _music_pl |    0000224A  _music_lo
     0000226A  _music_pl |    000022C1  _music_in |    000022EB  _perf_sta
     000022EE  _perf_sta |    000022F6  _perf_rec |    0000239A  _perf_avg
     000023CE  _perf_max |    000023DD  _perf_cle |    00002402  _seed_ent
     00002483  _seed_ent |    000024BF  _seed_ent |    00002520  _targetin
     000025C0  _tileset_ |    00002608  _tileset_ |    00002672  _title_lo
     000026FC  _title_lo |    000028D4  _title_lo |    0000291A  _ui_loadi
     00002953  __divsuch |    00002959  __modsuch |    00002962  __divusch
     0000296B  __modusch |    00002977  __divscha |    0000297C  __modscha
     00002983  __divsint |    0000298C  __modsint |    00002998  __divucha
     0000299D  __moducha |    000029A4  __divuint |    000029AD  __moduint
     000029B9  .div8     |    000029B9  .mod8     |    000029C1  .div16   
     000029C1  .mod16    |    000029F7  .divu8    |    000029F7  .modu8   
     000029FA  .divu16   |    000029FA  .modu16   |    00002A3A  _set_spri
     00002A3F  _set_bkg_ |    00002A42  .set_pale |    00002A61  _set_spri
     00002A66  _set_bkg_ |    00002A69  .set_pale |    00002A85  __mulsuch
     00002A88  __mulusch |    00002A91  __mulscha |    00002A99  __mulint 
     00002AB8  __mulucha |    00002ACA  _set_vram |    00002AD3  _set_win_
     00002ADC  _set_bkg_ |    00002B0B  ___memcpy |    00002B0B  _memcpy  
     00002B3D  _printf   |    00002B52  _cpu_slow |    00002B6D  _cpu_fast
     00002B74  _cgb_comp |    00002B74  _set_defa |    00002BC4  ___printf
     00002F21  _sprintf 
ASxxxx Linker V03.00/V05.40 + sdld,  page 4.
Hexadecimal  [32-Bits]

Area                       Addr        Size        Decimal Bytes (Attributes)
--------------------       ----        ----        ------- ----- ------------
_HEADER0               00000000    00000001 =           1. bytes (ABS,CON)

        Value  Global            Value  Global            Value  Global    
        -----  ------            -----  ------            -----  ------    
     00000020  .call_hl 
ASxxxx Linker V03.00/V05.40 + sdld,  page 5.
Hexadecimal  [32-Bits]

Area                       Addr        Size        Decimal Bytes (Attributes)
--------------------       ----        ----        ------- ----- ------------
_HEADER1               00000000    00000005 =           5. bytes (ABS,CON)

        Value  Global            Value  Global            Value  Global    
        -----  ------            -----  ------            -----  ------    
     00000028  .MemsetSm
ASxxxx Linker V03.00/V05.40 + sdld,  page 6.
Hexadecimal  [32-Bits]

Area                       Addr        Size        Decimal Bytes (Attributes)
--------------------       ----        ----        ------- ----- ------------
_HEADER2               00000000    00000007 =           7. bytes (ABS,CON)

        Value  Global            Value  Global            Value  Global    
        -----  ------            -----  ------            -----  ------    
     00000030  .MemcpySm
ASxxxx Linker V03.00/V05.40 + sdld,  page 7.
Hexadecimal  [32-Bits]

Area                       Addr        Size        Decimal Bytes (Attributes)
--------------------       ----        ----        ------- ----- ------------
_HEADER3               00000000    00000008 =           8. bytes (ABS,CON)

        Value  Global            Value  Global            Value  Global    
        -----  ------            -----  ------            -----  ------    
ASxxxx Linker V03.00/V05.40 + sdld,  page 8.
Hexadecimal  [32-Bits]

Area                       Addr        Size        Decimal Bytes (Attributes)
--------------------       ----        ----        ------- ----- ------------
_HEADER4               00000000    00000060 =          96. bytes (ABS,CON)

        Value  Global            Value  Global            Value  Global    
        -----  ------            -----  ------            -----  ------    
     00000080  .int      |    0000008F  _wait_int |    0000009C  __standar
     000000AB  _refresh_ |    000000CC  _set_inte
ASxxxx Linker V03.00/V05.40 + sdld,  page 9.
Hexadecimal  [32-Bits]

Area                       Addr        Size        Decimal Bytes (Attributes)
--------------------       ----        ----        ------- ----- ------------
_HEADER5               00000000    00000001 =           1. bytes (ABS,CON)

        Value  Global            Value  Global            Value  Global    
        -----  ------            -----  ------            -----  ------    
ASxxxx Linker V03.00/V05.40 + sdld,  page 10.
Hexadecimal  [32-Bits]

Area                       Addr        Size        Decimal Bytes (Attributes)
--------------------       ----        ----        ------- ----- ------------
_HEADER6               00000000    00000002 =           2. bytes (ABS,CON)

        Value  Global            Value  Global            Value  Global    
        -----  ------            -----  ------            -----  ------    
ASxxxx Linker V03.00/V05.40 + sdld,  page 11.
Hexadecimal  [32-Bits]

Area                       Addr        Size        Decimal Bytes (Attributes)
--------------------       ----        ----        ------- ----- ------------
_HEADER7               00000000    00000030 =          48. bytes (ABS,CON)

        Value  Global            Value  Global            Value  Global    
        -----  ------            -----  ------            -----  ------    
ASxxxx Linker V03.00/V05.40 + sdld,  page 12.
Hexadecimal  [32-Bits]

Area                       Addr        Size        Decimal Bytes (Attributes)
--------------------       ----        ----        ------- ----- ------------
_HEADER8               00000000    00000006 =           6. bytes (ABS,CON)

        Value  Global            Value  Global            Value  Global    
        -----  ------            -----  ------            -----  ------    
ASxxxx Linker V03.00/V05.40 + sdld,  page 13.
Hexadecimal  [32-Bits]

Area                       Addr        Size        Decimal Bytes (Attributes)
--------------------       ----        ----        ------- ----- ------------
_HEADER9               00000000    00000003 =           3. bytes (ABS,CON)

        Value  Global            Value  Global            Value  Global    
        -----  ------            -----  ------            -----  ------    
ASxxxx Linker V03.00/V05.40 + sdld,  page 14.
Hexadecimal  [32-Bits]

Area                       Addr        Size        Decimal Bytes (Attributes)
--------------------       ----        ----        ------- ----- ------------
_HEADERa               00000000    00000001 =           1. bytes (ABS,CON)

        Value  Global            Value  Global            Value  Global    
        -----  ------            -----  ------            -----  ------    
ASxxxx Linker V03.00/V05.40 + sdld,  page 15.
Hexadecimal  [32-Bits]

Area                       Addr        Size        Decimal Bytes (Attributes)
--------------------       ----        ----        ------- ----- ------------
_HEADERb               00000000    00000001 =           1. bytes (ABS,CON)

        Value  Global            Value  Global            Value  Global    
        -----  ------            -----  ------            -----  ------    
ASxxxx Linker V03.00/V05.40 + sdld,  page 16.
Hexadecimal  [32-Bits]

Area                       Addr        Size        Decimal Bytes (Attributes)
--------------------       ----        ----        ------- ----- ------------
_HEADERc               00000000    00000001 =           1. bytes (ABS,CON)

        Value  Global            Value  Global            Value  Global    
        -----  ------            -----  ------            -----  ------    
ASxxxx Linker V03.00/V05.40 + sdld,  page 17.
Hexadecimal  [32-Bits]

Area                       Addr        Size        Decimal Bytes (Attributes)
--------------------       ----        ----        ------- ----- ------------
_HEADERd               00000000    00000002 =           2. bytes (ABS,CON)

        Value  Global            Value  Global            Value  Global    
        -----  ------            -----  ------            -----  ------    
ASxxxx Linker V03.00/V05.40 + sdld,  page 18.
Hexadecimal  [32-Bits]

Area                       Addr        Size        Decimal Bytes (Attributes)
--------------------       ----        ----        ------- ----- ------------
_HEADERe               00000000    00000001 =           1. bytes (ABS,CON)

        Value  Global            Value  Global            Value  Global    
        -----  ------            -----  ------            -----  ------    
ASxxxx Linker V03.00/V05.40 + sdld,  page 19.
Hexadecimal  [32-Bits]

Area                       Addr        Size        Decimal Bytes (Attributes)
--------------------       ----        ----        ------- ----- ------------
_HEADERf               00000000    00000001 =           1. bytes (ABS,CON)

        Value  Global            Value  Global            Value  Global    
        -----  ------            -----  ------            -----  ------    
ASxxxx Linker V03.00/V05.40 + sdld,  page 20.
Hexadecimal  [32-Bits]

Area                       Addr        Size        Decimal Bytes (Attributes)
--------------------       ----        ----        ------- ----- ------------
_HEADER10              00000000    00000002 =           2. bytes (ABS,CON)

        Value  Global            Value  Global            Value  Global    
        -----  ------            -----  ------            -----  ------    
ASxxxx Linker V03.00/V05.40 + sdld,  page 21.
Hexadecimal  [32-Bits]

Area                       Addr        Size        Decimal Bytes (Attributes)
--------------------       ----        ----        ------- ----- ------------
_HEADER11              00000000    000000AB =         171. bytes (ABS,CON)

        Value  Global            Value  Global            Value  Global    
        -----  ------            -----  ------            -----  ------    
     00000150  .reset    |    00000150  _reset    |    00000157  .code_sta
     000001B9  _exit     |    000001BD  .wait_vbl |    000001BD  _vsync   
     000001BD  _wait_vbl |    000001CD  .remove_V |    000001CD  _remove_V
     000001D0  .remove_i |    000001ED  .add_VBL  |    000001ED  _add_VBL 
     000001F0  .add_int 
ASxxxx Linker V03.00/V05.40 + sdld,  page 22.
Hexadecimal  [32-Bits]

Area                       Addr        Size        Decimal Bytes (Attributes)
--------------------       ----        ----        ------- ----- ------------
_HOME                  00002F40    00000B98 =        2968. bytes (REL,CON)

        Value  Global            Value  Global            Value  Global    
        -----  ------            -----  ------            -----  ------    
     00002F40  .memset_s |    00002F49  .memcpy_s |    00002F66  .display_
     00002F66  _display_ |    00002F7E  _render_s |    00002FE6  _render_s
     00002FF4  _fill_win |    00003006  _rand     |    00003006  _randw   
     00003031  _initrand |    00003033  .initrand |    0000303C  _font_loa
     00003043  font_load |    0000308B  font_copy |    000030C1  font_set 
     000030CE  .put_char |    000030E6  .out_char |    000030EC  .del_char
     00003142  _putchar  |    0000314B  _setchar  |    00003154  _font_loa
     00003162  _font_set |    00003171  _font_ini |    00003190  .cls     
     00003190  _cls      |    000031B2  _gotoxy   |    000031BD  _posx    
     000031CE  _posy     |    000031F6  .cr_curs  |    0000320B  .adv_curs
     00003267  .tmode    |    00003284  .tmode_ou |    0000328D  _font_col
     00003298  _set_tile |    0000329D  _set_bkg_ |    0000329D  _set_win_
     000032A5  _set_spri |    000032D5  .fill_rec |    000032DE  .fill_rec
     0000332B  __modulon |    000033C8  .padup    |    000033C8  _waitpadu
     000033D8  .jpad     |    000033D8  _joypad   |    00003400  _waitpad 
     00003401  .wait_pad |    00003408  _fill_bkg |    0000341A  _color   
     0000341A  _set_1bpp |    00003429  _memset   |    0000345C  .drawing_
     00003479  _font_ibm |    0000385A  .add_LCD  |    0000385A  _add_LCD 
     00003860  .remove_L |    00003860  _remove_L |    00003866  ___sdcc_b
     0000387A  __mullong |    00003961  _set_bkg_ |    00003975  _set_bkg_
     00003975  _set_win_ |    0000397D  _set_spri |    000039D5  .set_xy_w
     000039DE  .set_xy_b |    000039ED  .set_xy_t |    00003A31  _uitoa   
     00003A40  _itoa     |    00003A4F  .itoa     |    00003A63  .utoa    
     00003AD7  ___sdcc_c
ASxxxx Linker V03.00/V05.40 + sdld,  page 23.
Hexadecimal  [32-Bits]

Area                       Addr        Size        Decimal Bytes (Attributes)
--------------------       ----        ----        ------- ----- ------------
_INITIALIZER           00003AD8    00000037 =          55. bytes (REL,CON)

        Value  Global            Value  Global            Value  Global    
        -----  ------            -----  ------            -----  ------    
ASxxxx Linker V03.00/V05.40 + sdld,  page 24.
Hexadecimal  [32-Bits]

Area                       Addr        Size        Decimal Bytes (Attributes)
--------------------       ----        ----        ------- ----- ------------
_GSINIT                00003B0F    0000000C =          12. bytes (REL,CON)

        Value  Global            Value  Global            Value  Global    
        -----  ------            -----  ------            -----  ------    
     00003B0F  gsinit   
ASxxxx Linker V03.00/V05.40 + sdld,  page 25.
Hexadecimal  [32-Bits]

Area                       Addr        Size        Decimal Bytes (Attributes)
--------------------       ----        ----        ------- ----- ------------
_GSFINAL               00003B1B    00000001 =           1. bytes (REL,CON)

        Value  Global            Value  Global            Value  Global    
        -----  ------            -----  ------            -----  ------    
ASxxxx Linker V03.00/V05.40 + sdld,  page 26.
Hexadecimal  [32-Bits]

Area                       Addr        Size        Decimal Bytes (Attributes)
--------------------       ----        ----        ------- ----- ------------
_DATA                  0000C0A0    00001BD1 =        7121. bytes (REL,CON)

        Value  Global            Value  Global            Value  Global    
        -----  ------            -----  ------            -----  ------    
     0000C0A0  __cpu     |    0000C0A1  __is_GBA  |    0000C0A2  .mode    
     0000C0A3  .sys_time |    0000C0A3  _sys_time |    0000C0A5  .int_0x40
     0000C0B1  _enemy_de |    0000C15B  _g_player |    0000C15C  _g_player
     0000C15D  _g_prev_j |    0000C15E  _g_run_en |    0000C160  _look_cx 
     0000C161  _look_cy  |    0000C162  _enemy_al |    0000C17E  _dead_ene
     0000C19A  _dead_ene |    0000C5F3  _ui_loadi |    0000C5F4  _ui_load_
     0000C5F5  _floor_bi |    0000CA75  _pit_bits |    0000CEF5  _explored
     0000D375  _nav_node |    0000D495  _num_nav_ |    0000D498  _brazier_
     0000D499  _brazier_ |    0000D4AD  _brazier_ |    0000D4C1  _brazier_
     0000D4D8  _enemy_x  |    0000D4F4  _enemy_y  |    0000D510  _enemy_ty
     0000D52C  _enemy_hp |    0000D548  _num_enem |    0000D549  _corpse_x
     0000D565  _corpse_y |    0000D581  _corpse_t |    0000D59D  _num_corp
     0000D59E  _enemy_oc |    0000DB9E  _enemy_an |    0000DB9F  _enemy_at
     0000DBBB  _enemy_at |    0000DBBC  _enemy_fo |    0000DC51  ___rand_s
     0000DC53  font_curr |    0000DC56  font_firs |    0000DC57  font_tabl
     0000DC69  .int_0x48
ASxxxx Linker V03.00/V05.40 + sdld,  page 27.
Hexadecimal  [32-Bits]

Area                       Addr        Size        Decimal Bytes (Attributes)
--------------------       ----        ----        ------- ----- ------------
_INITIALIZED           0000DC71    00000037 =          55. bytes (REL,CON)

        Value  Global            Value  Global            Value  Global    
        -----  ------            -----  ------            -----  ------    
     0000DC71  _enemy_de |    0000DC7A  _current_ |    0000DC7B  _next_sta
     0000DC7C  _pending_ |    0000DC7D  _gameplay |    0000DC7E  _player_h
     0000DC7F  _player_h |    0000DC80  _player_l |    0000DC81  _player_d
     0000DC82  _player_x |    0000DC84  _floor_nu |    0000DC85  _run_seed
     0000DC87  _player_c |    0000DC88  _floor_bi |    0000DC89  _selected
     0000DC8A  _belt_slo |    0000DC8E  _witch_sh |    0000DC8F  _knight_s
     0000DC90  _lcd_game |    0000DC91  _lcd_shak |    0000DC92  _lcd_shak
     0000DC93  _wall_til |    0000DC94  _wall_pal |    0000DC95  _pillar_p
     0000DC96  _active_m |    0000DC97  _active_m |    0000DC98  _player_s
     0000DC99  _player_s |    0000DC9A  _floor_co |    0000DC9B  _camera_p
     0000DC9D  _camera_p |    0000DCA1  _ui_panel |    0000DCA2  .curx    
     0000DCA3  .cury     |    0000DCA4  .fg_colou |    0000DCA4  __current
     0000DCA5  .bg_colou |    0000DCA6  .draw_mod |    0000DCA7  __map_til
ASxxxx Linker V03.00/V05.40 + sdld,  page 28.
Hexadecimal  [32-Bits]

Area                       Addr        Size        Decimal Bytes (Attributes)
--------------------       ----        ----        ------- ----- ------------
_HRAM                  0000FF80    00000013 =          19. bytes (REL,CON)

        Value  Global            Value  Global            Value  Global    
        -----  ------            -----  ------            -----  ------    
     0000FF80  .refresh_ |    0000FF90  __current |    0000FF91  __vbl_don
     0000FF92  __shadow_
ASxxxx Linker V03.00/V05.40 + sdld,  page 29.
Hexadecimal  [32-Bits]

Area                       Addr        Size        Decimal Bytes (Attributes)
--------------------       ----        ----        ------- ----- ------------
_CODE_1                00014000    00001108 =        4360. bytes (REL,CON)

        Value  Global            Value  Global            Value  Global    
        -----  ------            -----  ------            -----  ------    
     00014000  ___func_t |    00014000  _tileset_ |    00014008  _tileset_
     00015008  _tileset_
ASxxxx Linker V03.00/V05.40 + sdld,  page 30.
Hexadecimal  [32-Bits]

Area                       Addr        Size        Decimal Bytes (Attributes)
--------------------       ----        ----        ------- ----- ------------
_CODE_2                00024000    000035AE =       13742. bytes (REL,CON)

        Value  Global            Value  Global            Value  Global    
        -----  ------            -----  ------            -----  ------    
     00024000  _wall_ort |    000241B5  _tile_at  |    00024245  _map_pit_
     00024255  _set_floo |    000242A7  _set_pit  |    00024303  _is_walka
     00024346  _tile_cha |    00024354  _tile_vra |    00024368  _tile_pal
     00024375  _floor_gr |    0002438D  _floor_ti |    0002447A  _floor_ti
     00024863  _nearest_ |    000248EF  _nav_next |    00024A7B  _generate
     00024F7C  ___func_l |    00024F7C  _level_ge |    00025279  _enemy_gr
     000252C5  _enemy_pl |    00025407  _enemy_cl |    000254B4  _corpse_p
     000255BF  _corpse_c |    0002563A  _enemy_ty |    000256CB  _enemy_ef
     00025714  _enemy_ef |    0002575E  _enemy_an |    0002576C  _enemy_an
     000257E8  _enemy_at |    00025859  _corpse_s |    000258D1  _corpse_a
     000258DD  _corpse_d |    000258EC  _spawn_en |    000259FE  _enemy_se
     00025A16  _enemy_ge |    00025BD2  _enemy_re |    00025D05  _move_ene
     00025FE5  ___func_s |    00025FE5  _state_ga |    0002603F  ___func_s
     0002603F  _state_ga |    00026739  ___func_c |    00026739  _camera_i
     000269B3  _camera_s |    00026E3C  _camera_s |    00026E8B  _apply_wa
     000270FD  ___func_l |    000270FD  _load_pal |    000271E1  _draw_cel
     00027235  _draw_col |    0002726F  _draw_row |    000272A6  _draw_ui_
     000272AE  _draw_gam |    000272BD  _draw_scr |    0002733C  _draw_gam
     00027359  _draw_ene |    0002735C  _wall_pal |    000274F8  ___func_c
     000274F8  _class_pa |    00027533  _class_pa |    0002754A  ___func_l
     0002754A  _level_in
ASxxxx Linker V03.00/V05.40 + sdld,  page 31.
Hexadecimal  [32-Bits]

Area                       Addr        Size        Decimal Bytes (Attributes)
--------------------       ----        ----        ------- ----- ------------
_CODE_3                00034000    000007DE =        2014. bytes (REL,CON)

        Value  Global            Value  Global            Value  Global    
        -----  ------            -----  ------            -----  ------    
     000342E7  ___func_s |    000342E7  _state_ch |    0003447B  ___func_s
     0003447B  _state_st |    0003454E  ___func_s |    0003454E  _state_st
     00034579  ___func_s |    00034579  _state_ga |    00034625  ___func_s
     00034625  _state_in |    00034690  ___func_s |    00034690  _state_in
     000346B1  ___func_s |    000346B1  _state_ab |    00034713  ___func_s
     00034713  _state_ab |    0003472C  ___func_s |    0003472C  _state_tr
     0003478B  ___func_s |    0003478B  _state_ti
ASxxxx Linker V03.00/V05.40 + sdld,  page 32.
Hexadecimal  [32-Bits]

Area                       Addr        Size        Decimal Bytes (Attributes)
--------------------       ----        ----        ------- ----- ------------
_CODE_4                00044000    00000B9B =        2971. bytes (REL,CON)

        Value  Global            Value  Global            Value  Global    
        -----  ------            -----  ------            -----  ------    
     00044000  ___func_b |    00044000  _bwv1043_ |    00044132  _bwv1043_
     000446AE  _bwv1043_
ASxxxx Linker V03.00/V05.40 + sdld,  page 33.
Hexadecimal  [32-Bits]

Area                       Addr        Size        Decimal Bytes (Attributes)
--------------------       ----        ----        ------- ----- ------------
_CODE_5                00054000    0000212C =        8492. bytes (REL,CON)

        Value  Global            Value  Global            Value  Global    
        -----  ------            -----  ------            -----  ------    
     00054000  ___func_u |    000547B6  _ui_comba |    000547C1  _ui_comba
     000548A1  _ui_comba |    000548B6  _ui_push_ |    00054A9C  _ui_push_
     00054C70  _ui_push_ |    00054D75  _ui_comba |    00054DB7  _seed_wor
     00054E07  _seed_wor |    00054E57  _seed_wor |    000559DC  _run_seed
     00055A59  _ui_game_ |    00055A9A  _window_u |    00055AEA  _window_u
     00055AF1  _ui_loadi |    00055B45  _ui_loadi |    00055B5E  _ui_draw_
     00055B91  _ui_draw_ |    00055C1A  _ui_panel |    00055C1F  _ui_panel
     00055C2F  _ui_panel |    00055C3B  _ui_panel |    00055FE8  _title_sc
ASxxxx Linker V03.00/V05.40 + sdld,  page 34.
Hexadecimal  [32-Bits]

Area                       Addr        Size        Decimal Bytes (Attributes)
--------------------       ----        ----        ------- ----- ------------
_CODE_6                00064000    00000077 =         119. bytes (REL,CON)

        Value  Global            Value  Global            Value  Global    
        -----  ------            -----  ------            -----  ------    
     00064033  ___func_a |    00064033  _ability_
ASxxxx Linker V03.00/V05.40 + sdld,  page 35.
Hexadecimal  [32-Bits]

Area                       Addr        Size        Decimal Bytes (Attributes)
--------------------       ----        ----        ------- ----- ------------
_CODE_7                00074000    00000001 =           1. bytes (REL,CON)

        Value  Global            Value  Global            Value  Global    
        -----  ------            -----  ------            -----  ------    
     00074000  ___func_a |    00074000  _ability_
ASxxxx Linker V03.00/V05.40 + sdld,  page 36.
Hexadecimal  [32-Bits]

Area                       Addr        Size        Decimal Bytes (Attributes)
--------------------       ----        ----        ------- ----- ------------
_CODE_8                00084000    000001AB =         427. bytes (REL,CON)

        Value  Global            Value  Global            Value  Global    
        -----  ------            -----  ------            -----  ------    
     0008418A  ___func_a |    0008418A  _ability_
ASxxxx Linker V03.00/V05.40 + sdld,  page 37.
Hexadecimal  [32-Bits]

Area                       Addr        Size        Decimal Bytes (Attributes)
--------------------       ----        ----        ------- ----- ------------
_CODE_9                00094000    00000001 =           1. bytes (REL,CON)

        Value  Global            Value  Global            Value  Global    
        -----  ------            -----  ------            -----  ------    
     00094000  ___func_a |    00094000  _ability_
ASxxxx Linker V03.00/V05.40 + sdld,  page 38.
Hexadecimal  [32-Bits]

Area                       Addr        Size        Decimal Bytes (Attributes)
--------------------       ----        ----        ------- ----- ------------
_CODE_10               000A4000    0000003C =          60. bytes (REL,CON)

        Value  Global            Value  Global            Value  Global    
        -----  ------            -----  ------            -----  ------    
     000A4000  ___func_b |    000A4000  _biome_du
ASxxxx Linker V03.00/V05.40 + sdld,  page 39.
Hexadecimal  [32-Bits]

Area                       Addr        Size        Decimal Bytes (Attributes)
--------------------       ----        ----        ------- ----- ------------
_CODE_11               000B4000    0000002A =          42. bytes (REL,CON)

        Value  Global            Value  Global            Value  Global    
        -----  ------            -----  ------            -----  ------    
     000B4000  ___func_b |    000B4000  _biome_cr
ASxxxx Linker V03.00/V05.40 + sdld,  page 40.
Hexadecimal  [32-Bits]

Area                       Addr        Size        Decimal Bytes (Attributes)
--------------------       ----        ----        ------- ----- ------------
_CODE_12               000C4000    00000030 =          48. bytes (REL,CON)

        Value  Global            Value  Global            Value  Global    
        -----  ------            -----  ------            -----  ------    
     000C4000  ___func_b |    000C4000  _biome_ca
ASxxxx Linker V03.00/V05.40 + sdld,  page 41.
Hexadecimal  [32-Bits]

Area                       Addr        Size        Decimal Bytes (Attributes)
--------------------       ----        ----        ------- ----- ------------
_CODE_13               000D4000    00000021 =          33. bytes (REL,CON)

        Value  Global            Value  Global            Value  Global    
        -----  ------            -----  ------            -----  ------    
     000D4000  ___func_i |    000D4000  _items_co
ASxxxx Linker V03.00/V05.40 + sdld,  page 42.
Hexadecimal  [32-Bits]

Area                       Addr        Size        Decimal Bytes (Attributes)
--------------------       ----        ----        ------- ----- ------------
_FONT_HEADER0          00000000    00000003 =           3. bytes (ABS,CON)

        Value  Global            Value  Global            Value  Global    
        -----  ------            -----  ------            -----  ------    
ASxxxx Linker V03.00/V05.40 + sdld,  page 43.
Hexadecimal  [32-Bits]

Area                       Addr        Size        Decimal Bytes (Attributes)
--------------------       ----        ----        ------- ----- ------------
_HEADER_LCD0           00000000    00000003 =           3. bytes (ABS,CON)

        Value  Global            Value  Global            Value  Global    
        -----  ------            -----  ------            -----  ------    
ASxxxx Linker V03.00/V05.40 + sdld,  page 44.

Files Linked                              [ module(s) ]

./gbdk/lib/gb/crt0.o                      [ Runtime ]
obj/gbc/ability_dispatch.rel              [ ability_dispatch ]
obj/gbc/biome.rel                         [ biome ]
obj/gbc/combat.rel                        [ combat ]
obj/gbc/debug_bank.rel                    [ debug_bank ]
obj/gbc/entity_sprites.rel                [ entity_sprites ]
obj/gbc/globals.rel                       [ globals ]
obj/gbc/lcd.rel                           [ lcd ]
obj/gbc/lighting.rel                      [ lighting ]
obj/gbc/main.rel                          [ main ]
obj/gbc/music.rel                         [ music ]
obj/gbc/perf.rel                          [ perf ]
obj/gbc/seed_entropy.rel                  [ seed_entropy ]
obj/gbc/targeting.rel                     [ targeting ]
obj/gbc/tileset_io.rel                    [ tileset_io ]
obj/gbc/title_logo.rel                    [ title_logo ]
obj/gbc/ui_loading_isr.rel                [ ui_loading_isr ]
obj/gbc/tileset.rel                       [ tileset ]
obj/gbc/map.rel                           [ map ]
obj/gbc/enemy.rel                         [ enemy ]
obj/gbc/state_gameplay.rel                [ state_gameplay ]
obj/gbc/camera.rel                        [ camera ]
obj/gbc/render.rel                        [ render ]
obj/gbc/wall_palettes.rel                 [ wall_palettes ]
obj/gbc/class_palettes.rel                [ class_palettes ]
obj/gbc/level_init.rel                    [ level_init ]
obj/gbc/state_char_create.rel             [ state_char_create ]
obj/gbc/state_stats.rel                   [ state_stats ]
obj/gbc/state_game_over.rel               [ state_game_over ]
obj/gbc/state_inventory.rel               [ state_inventory ]
obj/gbc/state_ability.rel                 [ state_ability ]
obj/gbc/state_transition.rel              [ state_transition ]
obj/gbc/state_title.rel                   [ state_title ]
obj/gbc/bwv1043_music.rel                 [ bwv1043_music ]
obj/gbc/ui.rel                            [ ui ]
obj/gbc/abilities_knight.rel              [ abilities_knight ]
obj/gbc/abilities_scoundrel.rel           [ abilities_scoundrel ]
obj/gbc/abilities_witch.rel               [ abilities_witch ]
obj/gbc/abilities_zerker.rel              [ abilities_zerker ]
obj/gbc/biome_dungeon.rel                 [ biome_dungeon ]
obj/gbc/biome_crypt.rel                   [ biome_crypt ]
obj/gbc/biome_cavern.rel                  [ biome_cavern ]
obj/gbc/items.rel                         [ items ]


Libraries Linked                          [ object file ]

./gbdk/lib/gb/gb.lib                      [ fill_rect_wi.o ]
./gbdk/lib/gb/gb.lib                      [ sfr.o ]
./gbdk/lib/sm83/sm83.lib                  [ div.o ]
./gbdk/lib/sm83/sm83.lib                  [ rand.o ]
./gbdk/lib/gb/gb.lib                      [ font.o ]
./gbdk/lib/gb/gb.lib                      [ cgb_palettes.o ]
./gbdk/lib/gb/gb.lib                      [ font_color.o ]
./gbdk/lib/sm83/sm83.lib                  [ mul.o ]
./gbdk/lib/gb/gb.lib                      [ set_data.o ]
./gbdk/lib/gb/gb.lib                      [ set_tile.o ]
./gbdk/lib/gb/gb.lib                      [ fill_rect.o ]
./gbdk/lib/sm83/sm83.lib                  [ _modulong.o ]
./gbdk/lib/gb/gb.lib                      [ pad.o ]
./gbdk/lib/gb/gb.lib                      [ fill_rect_bk.o ]
./gbdk/lib/gb/gb.lib                      [ color.o ]
./gbdk/lib/sm83/sm83.lib                  [ memcpy.o ]
./gbdk/lib/sm83/sm83.lib                  [ _memset.o ]
./gbdk/lib/gb/gb.lib                      [ drawing_isr.o ]
./gbdk/lib/gb/gb.lib                      [ f_ibm_sh.o ]
./gbdk/lib/gb/gb.lib                      [ lcd.o ]
./gbdk/lib/gb/gb.lib                      [ ___sdcc_bcall_ehl.o ]
./gbdk/lib/sm83/sm83.lib                  [ printf.o ]
./gbdk/lib/gb/gb.lib                      [ cgb.o ]
./gbdk/lib/sm83/sm83.lib                  [ _mullong.o ]
./gbdk/lib/gb/gb.lib                      [ cgb_compat.o ]
./gbdk/lib/gb/gb.lib                      [ set_bk_t.o ]
./gbdk/lib/gb/gb.lib                      [ set_1bit_data.o ]
./gbdk/lib/sm83/sm83.lib                  [ sprintf.o ]
./gbdk/lib/gb/gb.lib                      [ set_xy_t.o ]
./gbdk/lib/sm83/sm83.lib                  [ itoa.o ]
./gbdk/lib/sm83/sm83.lib                  [ __sdcc_call_hl.o ]

ASxxxx Linker V03.00/V05.40 + sdld,  page 45.

User Base Address Definitions

_DATA=0xC0A0
_CODE=0x0200
_HRAM=0xFF80
ASxxxx Linker V03.00/V05.40 + sdld,  page 46.

User Global Definitions

_shadow_OAM=0xC000
.STACK=0xE000

