ASxxxx Linker V03.00/V05.40 + sdld,  page 1.
Hexadecimal  [32-Bits]

Area                       Addr        Size        Decimal Bytes (Attributes)
--------------------       ----        ----        ------- ----- ------------
.  .ABS.               00000000    00000000 =           0. bytes (ABS,CON)

        Value  Global            Value  Global            Value  Global    
        -----  ------            -----  ------            -----  ------    
     00000000  .__.ABS.  |    00000000  ___bank_a |    00000000  ___bank_a
     00000000  ___bank_a |    00000000  ___bank_a |    00000000  ___bank_a
     00000000  ___bank_e |    00000000  ___bank_e |    00000000  ___bank_e
     00000000  ___bank_e |    00000000  _rMBC7_SR |    00000000  _rRAMG   
     00000000  b_enemy_g |    00000000  b_enemy_s |    00000000  b_enemy_s
     00000000  b_enemy_t |    00000000  l__BASE   |    00000000  l__BSS   
     00000000  l__CABS   |    00000000  l__CODE_0 |    00000000  l__DABS  
     00000000  l__FONT_H |    00000000  l__HEADER |    00000000  l__HEADER
     00000000  l__HEAP   |    00000000  l__HEAP_E |    00000000  l__LIT   
     00000000  s__CABS   |    00000000  s__DABS   |    00000000  s__FONT_H
     00000000  s__FONT_H |    00000000  s__HEADER |    00000000  s__HEADER
     00000000  s__HEADER |    00000000  s__HEADER |    00000000  s__HEADER
     00000000  s__HEADER |    00000000  s__HEADER |    00000000  s__HEADER
     00000000  s__HEADER |    00000000  s__HEADER |    00000000  s__HEADER
     00000000  s__HEADER |    00000000  s__HEADER |    00000000  s__HEADER
     00000000  s__HEADER |    00000000  s__HEADER |    00000000  s__HEADER
     00000000  s__HEADER |    00000000  s__HEADER |    00000000  s__HEADER
     00000000  s__HEADER |    00000001  ___bank_t |    00000001  l__GSFINA
     00000001  l__HEADER |    00000001  l__HEADER |    00000001  l__HEADER
     00000001  l__HEADER |    00000001  l__HEADER |    00000001  l__HEADER
     00000001  l__HEADER |    00000002  ___bank_c |    00000002  ___bank_e
     00000002  ___bank_e |    00000002  ___bank_g |    00000002  ___bank_g
     00000002  ___bank_i |    00000002  ___bank_l |    00000002  ___bank_m
     00000002  ___bank_m |    00000002  ___bank_m |    00000002  ___bank_s
     00000002  ___bank_s |    00000002  ___bank_t |    00000002  b_camera_
     00000002  b_camera_ |    00000002  b_camera_ |    00000002  b_corpse_
     00000002  b_corpse_ |    00000002  b_draw_bo |    00000002  b_draw_co
     00000002  b_draw_ga |    00000002  b_enemy_a |    00000002  b_enemy_c
     00000002  b_enemy_e |    00000002  b_enemy_e |    00000002  b_enemy_p
     00000002  b_enemy_r |    00000002  b_ground_ |    00000002  b_ground_
     00000002  b_is_walk |    00000002  b_level_g |    00000002  b_map_pit
     00000002  b_map_til |    00000002  b_map_til |    00000002  b_state_g
     00000002  b_state_g |    00000002  b_tile_at |    00000002  l__HEADER
     00000002  l__HEADER |    00000002  l__HEADER |    00000003  ___bank_c
     00000003  ___bank_s |    00000003  ___bank_s |    00000003  ___bank_s
     00000003  ___bank_s |    00000003  ___bank_s |    00000003  ___bank_s
     00000003  ___bank_s |    00000003  ___bank_s |    00000003  ___bank_s
     00000003  ___bank_s |    00000003  ___bank_s |    00000003  ___bank_s
     00000003  ___bank_s |    00000003  ___bank_s |    00000003  ___bank_s
     00000003  ___bank_s |    00000003  b_class_p |    00000003  b_class_p
     00000003  b_state_a |    00000003  b_state_a |    00000003  b_state_c
     00000003  b_state_g |    00000003  b_state_i |    00000003  b_state_i
     00000003  b_state_m |    00000003  b_state_m |    00000003  b_state_p
     00000003  b_state_p |    00000003  b_state_s |    00000003  b_state_s
     00000003  b_state_t |    00000003  b_state_t |    00000003  b_state_t
     00000003  b_state_t |    00000003  l__FONT_H |    00000003  l__HEADER
     00000003  l__HEADER |    00000004  ___bank_b |    00000005  ___bank_u
     00000005  b_run_see |    00000005  b_title_s |    00000005  b_ui_comb
     00000005  b_ui_comb |    00000005  b_ui_comb |    00000005  b_ui_comb
     00000005  b_ui_comb |    00000005  b_ui_conf |    00000005  b_ui_draw
ASxxxx Linker V03.00/V05.40 + sdld,  page 2.
Hexadecimal  [32-Bits]

Area                       Addr        Size        Decimal Bytes (Attributes)
--------------------       ----        ----        ------- ----- ------------
.  .ABS.               00000000    00000000 =           0. bytes (ABS,CON)

        Value  Global            Value  Global            Value  Global    
        -----  ------            -----  ------            -----  ------    
     00000005  b_ui_draw |    00000005  b_ui_draw |    00000005  b_ui_game
     00000005  b_ui_load |    00000005  b_ui_load |    00000005  b_ui_map_
     00000005  b_ui_pane |    00000005  b_ui_pane |    00000005  b_ui_pane
     00000005  b_ui_pane |    00000005  b_ui_push |    00000005  b_ui_push
     00000005  b_ui_push |    00000005  b_ui_push |    00000005  b_window_
     00000005  b_window_ |    00000005  l__HEADER |    00000006  ___bank_a
     00000006  ___bank_a |    00000006  b_abiliti |    00000006  b_ability
     00000006  l__HEADER |    00000007  ___bank_a |    00000007  ___bank_a
     00000007  b_abiliti |    00000007  b_ability |    00000007  l__HEADER
     00000008  ___bank_a |    00000008  ___bank_a |    00000008  b_abiliti
     00000008  b_ability |    00000008  l__HEADER |    00000009  ___bank_a
     00000009  ___bank_a |    00000009  b_abiliti |    00000009  b_ability
     0000000A  ___bank_b |    0000000A  ___bank_g |    0000000A  ___bank_l
     0000000A  b_generat |    0000000A  b_level_i |    0000000B  ___bank_b
     0000000C  ___bank_b |    0000000C  l__GSINIT |    0000000D  b_encount
     0000000D  b_enemy_t |    0000000D  b_invento |    0000000D  b_invento
     0000000D  b_invento |    0000000D  b_invento |    0000000D  b_invento
     0000000D  b_item_ro |    0000000D  b_items_d |    0000000D  b_items_k
     0000000D  b_items_k |    0000000D  b_items_k |    0000000D  b_items_k
     0000000D  b_items_k |    0000000D  b_items_k |    0000000D  b_items_u
     0000000D  b_ring_ro |    0000000D  b_town_ba |    0000000E  ___bank_d
     0000000E  ___bank_n |    0000000E  ___bank_s |    0000000E  ___bank_t
     0000000E  b_dungeon |    0000000E  b_npc_nam |    0000000E  b_story_u
     0000000E  b_town_na |    0000000F  b_scroll_ |    00000010  b_bow_sho
     00000010  b_debuff_ |    00000010  b_scroll_ |    00000011  ___bank_a
     00000011  ___bank_a |    00000011  ___bank_a |    00000011  ___bank_e
     00000011  ___bank_e |    00000011  ___bank_e |    00000011  ___bank_e
     00000011  ___bank_e |    00000011  ___bank_e |    00000011  ___bank_e
     00000011  ___bank_e |    00000011  ___bank_e |    00000011  ___bank_e
     00000011  ___bank_e |    00000011  ___bank_e |    00000011  ___bank_e
     00000011  ___bank_e |    00000011  ___bank_e |    00000011  ___bank_e
     00000011  ___bank_e |    00000011  ___bank_e |    00000011  ___bank_e
     00000011  ___bank_e |    00000011  ___bank_e |    00000011  ___bank_e
     00000011  ___bank_e |    00000011  ___bank_e |    00000011  ___bank_e
     00000011  ___bank_e |    00000011  ___bank_e |    00000011  ___bank_e
     00000011  ___bank_e |    00000011  ___bank_e |    00000011  b_ally_fo
     00000011  b_ally_fo |    00000011  b_ally_fo |    00000011  b_entity_
     00000011  b_entity_ |    00000011  b_entity_ |    00000011  b_entity_
     00000011  b_entity_ |    00000011  b_entity_ |    00000011  b_entity_
     00000011  b_entity_ |    00000011  b_entity_ |    00000011  b_entity_
     00000011  b_entity_ |    00000011  b_entity_ |    00000011  b_entity_
     00000011  b_entity_ |    00000011  b_entity_ |    00000011  b_entity_
     00000011  b_entity_ |    00000011  b_entity_ |    00000011  b_entity_
     00000011  b_entity_ |    00000011  b_entity_ |    00000011  b_entity_
     00000011  b_entity_ |    00000011  b_entity_ |    00000011  b_entity_
     00000011  b_entity_ |    00000011  b_entity_ |    00000011  b_entity_
     00000011  b_entity_ |    00000011  b_entity_ |    00000012  ___bank_b
     00000013  ___bank_c |    00000013  ___bank_c |    00000013  ___bank_c
     00000013  ___bank_c |    00000013  ___bank_r |    00000013  b_combat_
     00000013  b_combat_ |    00000013  b_combat_ |    00000013  b_combat_
     00000013  b_resolve |    00000013  l__HRAM   |    00000014  b_equippe
ASxxxx Linker V03.00/V05.40 + sdld,  page 3.
Hexadecimal  [32-Bits]

Area                       Addr        Size        Decimal Bytes (Attributes)
--------------------       ----        ----        ------- ----- ------------
.  .ABS.               00000000    00000000 =           0. bytes (ABS,CON)

        Value  Global            Value  Global            Value  Global    
        -----  ------            -----  ------            -----  ------    
     00000014  b_equippe |    00000014  b_items_e |    00000014  b_items_e
     00000015  ___bank_b |    00000015  ___bank_b |    00000016  ___bank_a
     00000016  ___bank_a |    00000016  ___bank_b |    00000016  ___bank_b
     00000016  ___bank_e |    00000016  ___bank_l |    00000016  ___bank_o
     00000016  ___bank_o |    00000016  ___bank_o |    00000016  ___bank_o
     00000016  ___bank_o |    00000016  ___bank_o |    00000016  ___bank_o
     00000016  ___bank_o |    00000016  ___bank_o |    00000016  ___bank_o
     00000016  ___bank_o |    00000016  ___bank_o |    00000016  ___bank_o
     00000016  ___bank_o |    00000016  ___bank_o |    00000016  ___bank_r
     00000016  ___bank_r |    00000016  ___bank_w |    00000016  ___bank_w
     00000016  b_apply_f |    00000016  b_apply_w |    00000016  b_encount
     00000016  b_load_pa |    00000016  b_overwor |    00000016  b_overwor
     00000016  b_overwor |    00000016  b_overwor |    00000016  b_overwor
     00000016  b_overwor |    00000016  b_overwor |    00000016  b_overwor
     00000016  b_overwor |    00000016  b_overwor |    00000016  b_overwor
     00000016  b_overwor |    00000016  b_overwor |    00000016  b_overwor
     00000016  b_overwor |    00000016  b_render_ |    00000016  b_render_
     00000016  b_water_a |    00000016  b_water_a |    00000017  ___bank_b
     00000017  ___bank_b |    00000017  ___bank_e |    00000017  ___bank_e
     00000017  ___bank_e |    00000017  ___bank_e |    00000017  ___bank_e
     00000017  ___bank_e |    00000017  ___bank_e |    00000017  b_encount
     00000017  b_encount |    00000017  b_encount |    00000017  b_encount
     00000017  b_encount |    00000017  b_encount |    00000017  b_encount
     00000018  ___bank_b |    00000018  ___bank_b |    00000018  ___bank_b
     00000018  ___bank_s |    00000018  ___bank_s |    00000018  ___bank_s
     00000018  b_sphinx_ |    00000018  b_sphinx_ |    00000018  b_sphinx_
     0000001B  b_spells_ |    0000001B  b_spells_ |    0000001B  b_spells_
     0000001B  b_spells_ |    0000001B  b_spells_ |    0000001B  b_spells_
     0000001B  b_spells_ |    0000001B  b_spells_ |    0000001B  b_spells_
     0000001B  b_spells_ |    0000001B  b_spells_ |    0000001B  b_spells_
     0000001B  b_spells_ |    0000001C  ___bank_d |    0000001C  b_dungeon
     0000001D  ___bank_b |    0000001D  ___bank_b |    0000001D  ___bank_t
     0000001D  ___bank_t |    0000001D  ___bank_t |    0000001D  ___bank_t
     0000001D  ___bank_t |    0000001D  ___bank_t |    0000001D  b_town_ba
     0000001D  b_town_ex |    0000001D  b_town_ge |    0000001D  b_town_np
     0000001D  b_town_np |    0000001D  b_town_ro |    0000001E  ___bank_a
     0000001E  ___bank_a |    0000001E  ___bank_a |    0000001E  ___bank_b
     0000001E  ___bank_p |    0000001E  ___bank_z |    0000001E  ___bank_z
     0000001E  b_auto_ex |    0000001E  b_auto_ex |    0000001E  b_auto_ex
     0000001E  b_belt_se |    0000001E  b_push_se |    0000001E  b_zone_bu
     0000001E  b_zone_co |    0000002D  l__INITIA |    0000002D  l__INITIA
     00000030  l__HEADER |    00000052  l__CODE_2 |    00000060  l__HEADER
     00000084  l__CODE_1 |    00000084  l__CODE_1 |    0000009D  l__CODE_1
     000000AB  l__HEADER |    000001CB  l__CODE_2 |    00000200  s__CODE  
     00000284  l__CODE_1 |    000002D4  l__CODE_7 |    00000488  l__CODE_6
     000004D7  l__CODE_8 |    0000050A  l__CODE_9 |    0000055A  l__CODE_2
     00000666  l__CODE_2 |    000007CB  l__CODE_1 |    00000B71  l__HOME  
     00000B9B  l__CODE_4 |    00000D68  l__CODE_3 |    00000E29  l__CODE_2
     00001108  l__CODE_1 |    000012EE  l__CODE_2 |    00001554  l__CODE_1
     000015BB  l__CODE_2 |    000015DC  l__CODE_1 |    000016D0  l__CODE_1
     00001D6D  l__DATA   |    00002000  _rROMB0   |    000020A9  l__CODE_1
ASxxxx Linker V03.00/V05.40 + sdld,  page 4.
Hexadecimal  [32-Bits]

Area                       Addr        Size        Decimal Bytes (Attributes)
--------------------       ----        ----        ------- ----- ------------
.  .ABS.               00000000    00000000 =           0. bytes (ABS,CON)

        Value  Global            Value  Global            Value  Global    
        -----  ------            -----  ------            -----  ------    
     00002E35  l__CODE_2 |    00003000  _rROMB1   |    000030C2  l__CODE_3
     00003220  l__CODE   |    000033F0  l__CODE_5 |    00003420  s__HOME  
     0000367C  l__CODE_1 |    00003EF4  l__CODE_2 |    00003F91  s__BASE  
     00003F91  s__CODE_0 |    00003F91  s__INITIA |    00003F91  s__LIT   
     00003FBE  s__GSINIT |    00003FCA  s__GSFINA |    00004000  _rMBC7_SR
     00004000  _rRAMB    |    00008000  __VRAM    |    00008000  __VRAM800
     00008800  __VRAM880 |    00009000  __VRAM900 |    00009800  __SCRN0  
     00009C00  __SCRN1   |    0000A000  __SRAM    |    0000A000  _rMBC7_LA
     0000A010  _rMBC7_LA |    0000A020  _rMBC7_AC |    0000A030  _rMBC7_AC
     0000A040  _rMBC7_AC |    0000A050  _rMBC7_AC |    0000C000  __RAM    
     0000C000  _shadow_O |    0000C0A0  s__DATA   |    0000D000  __RAMBANK
     0000DE0D  s__BSS    |    0000DE0D  s__INITIA |    0000DE3A  s__HEAP  
     0000DE3A  s__HEAP_E |    0000E000  .STACK    |    0000FE00  __OAMRAM 
     0000FF00  _P1_REG   |    0000FF00  __IO      |    0000FF01  _SB_REG  
     0000FF02  _SC_REG   |    0000FF04  _DIV_REG  |    0000FF05  _TIMA_REG
     0000FF06  _TMA_REG  |    0000FF07  _TAC_REG  |    0000FF0F  _IF_REG  
     0000FF10  _NR10_REG |    0000FF11  _NR11_REG |    0000FF12  _NR12_REG
     0000FF13  _NR13_REG |    0000FF14  _NR14_REG |    0000FF16  _NR21_REG
     0000FF17  _NR22_REG |    0000FF18  _NR23_REG |    0000FF19  _NR24_REG
     0000FF1A  _NR30_REG |    0000FF1B  _NR31_REG |    0000FF1C  _NR32_REG
     0000FF1D  _NR33_REG |    0000FF1E  _NR34_REG |    0000FF20  _NR41_REG
     0000FF21  _NR42_REG |    0000FF22  _NR43_REG |    0000FF23  _NR44_REG
     0000FF24  _NR50_REG |    0000FF25  _NR51_REG |    0000FF26  _NR52_REG
     0000FF30  _AUD3WAVE |    0000FF30  _PCM_SAMP |    0000FF30  __AUD3WAV
     0000FF40  _LCDC_REG |    0000FF41  _STAT_REG |    0000FF42  _SCY_REG 
     0000FF43  _SCX_REG  |    0000FF44  _LY_REG   |    0000FF45  _LYC_REG 
     0000FF46  _DMA_REG  |    0000FF47  _BGP_REG  |    0000FF48  _OBP0_REG
     0000FF49  _OBP1_REG |    0000FF4A  _WY_REG   |    0000FF4B  _WX_REG  
     0000FF4D  _KEY1_REG |    0000FF4F  _VBK_REG  |    0000FF51  _HDMA1_RE
     0000FF52  _HDMA2_RE |    0000FF53  _HDMA3_RE |    0000FF54  _HDMA4_RE
     0000FF55  _HDMA5_RE |    0000FF56  _RP_REG   |    0000FF68  _BCPS_REG
     0000FF69  _BCPD_REG |    0000FF6A  _OCPS_REG |    0000FF6B  _OCPD_REG
     0000FF70  _SVBK_REG |    0000FF76  _PCM12_RE |    0000FF77  _PCM34_RE
     0000FF80  __HRAM    |    0000FF80  s__HRAM   |    0000FFFF  _IE_REG  
     00014000  s__CODE_1 |    00024000  s__CODE_2 |    00034000  s__CODE_3
     00044000  s__CODE_4 |    00054000  s__CODE_5 |    00064000  s__CODE_6
     00074000  s__CODE_7 |    00084000  s__CODE_8 |    00094000  s__CODE_9
     000A4000  s__CODE_1 |    000B4000  s__CODE_1 |    000C4000  s__CODE_1
     000D4000  s__CODE_1 |    000E4000  s__CODE_1 |    000F4000  s__CODE_1
     00104000  s__CODE_1 |    00114000  s__CODE_1 |    00124000  s__CODE_1
     00134000  s__CODE_1 |    00144000  s__CODE_2 |    00154000  s__CODE_2
     00164000  s__CODE_2 |    00174000  s__CODE_2 |    00184000  s__CODE_2
     001B4000  s__CODE_2 |    001C4000  s__CODE_2 |    001D4000  s__CODE_2
     001E4000  s__CODE_3
ASxxxx Linker V03.00/V05.40 + sdld,  page 5.
Hexadecimal  [32-Bits]

Area                       Addr        Size        Decimal Bytes (Attributes)
--------------------       ----        ----        ------- ----- ------------
_CODE                  00000200    00003220 =       12832. bytes (REL,CON)

        Value  Global            Value  Global            Value  Global    
        -----  ------            -----  ------            -----  ------    
     00000200  _ability_ |    000002B6  _ability_ |    00000347  _ability_
     00000383  ___func_a |    00000383  _ally_cle |    000003A8  ___func_a
     000003A8  _ally_cle |    000003B7  ___func_a |    000003B7  _ally_fin
     000003D2  ___func_a |    000003D2  _ally_has |    000003F4  _ally_wal
     00000482  ___func_a |    00000482  _ally_sum |    000004C9  _biome_lo
     00000871  _biome_ap |    00000ABC  _biome_pi |    00000C02  ___func_e
     00000C02  _enemy_ty |    00000CB1  ___func_e |    00000CB1  _enemy_sl
     00000E59  ___func_e |    00000E59  _enemy_sl |    000010CF  ___func_e
     000010CF  _enemy_go |    000012EB  _player_l |    0000130B  _ow_prefa
     00001338  _lcd_note |    0000137A  _lcd_hp_p |    00001430  _lcd_init
     00001447  _lcd_susp |    00001459  _lcd_resu |    00001470  _lcd_clea
     00001508  _exp2_set |    00001534  _exp2_cle |    0000154C  _overworl
     00001578  _overworl |    000015A4  _overworl |    000015BC  _wram2_re
     000015CE  _road_bit |    000015FA  _road_set |    00001626  _road_cle
     0000163E  _lighting |    00001646  _lighting |    0000164A  _lighting
     00001686  _lighting |    0000168A  _lighting |    0000169A  _lighting
     0000186D  _lighting |    000018B3  _main     |    000023C4  _sfx_lung
     000023CE  _sfx_dodg |    000023DF  _sfx_spel |    000023F0  _sfx_whir
     000023FF  _sfx_shie |    00002410  _sfx_fox_ |    00002421  _music_pl
     00002457  _music_pl |    000024A8  _music_se |    000024B2  _music_ge
     000024B6  _music_be |    000024EB  _music_lo |    00002519  _music_st
     00002532  _music_pl |    00002589  _music_in |    000025B7  _perf_sta
     000025BA  _perf_sta |    000025C2  _perf_rec |    00002666  _perf_avg
     0000269A  _perf_max |    000026A9  _perf_cle |    000026CE  _seed_ent
     0000274F  _seed_ent |    0000278B  _seed_ent |    000027EC  _targetin
     0000288C  _tileset_ |    000028D4  _tileset_ |    0000293E  _title_lo
     000029C8  _title_lo |    00002BA0  _title_lo |    00002BFA  _ui_loadi
     00002C33  _wall_pal |    00002D73  __divsuch |    00002D79  __modsuch
     00002D82  __divusch |    00002D8B  __modusch |    00002D97  __divscha
     00002D9C  __modscha |    00002DA3  __divsint |    00002DAC  __modsint
     00002DB8  __divucha |    00002DBD  __moducha |    00002DC4  __divuint
     00002DCD  __moduint |    00002DD9  .div8     |    00002DD9  .mod8    
     00002DE1  .div16    |    00002DE1  .mod16    |    00002E17  .divu8   
     00002E17  .modu8    |    00002E1A  .divu16   |    00002E1A  .modu16  
     00002E5A  _set_spri |    00002E5F  _set_bkg_ |    00002E62  .set_pale
     00002E81  _set_spri |    00002E86  _set_bkg_ |    00002E89  .set_pale
     00002EA5  _memmove  |    00002F54  __mulsuch |    00002F57  __mulusch
     00002F60  __mulscha |    00002F68  __mulint  |    00002F87  __mulucha
     00002F99  _set_vram |    00002FA2  _set_win_ |    00002FAB  _set_bkg_
     00002FDA  ___memcpy |    00002FDA  _memcpy   |    0000300C  _strcat  
     0000301D  _printf   |    00003032  _cpu_slow |    0000304D  _cpu_fast
     00003054  _cgb_comp |    00003054  _set_defa |    000030A4  ___printf
     00003401  _sprintf 
ASxxxx Linker V03.00/V05.40 + sdld,  page 6.
Hexadecimal  [32-Bits]

Area                       Addr        Size        Decimal Bytes (Attributes)
--------------------       ----        ----        ------- ----- ------------
_HEADER0               00000000    00000001 =           1. bytes (ABS,CON)

        Value  Global            Value  Global            Value  Global    
        -----  ------            -----  ------            -----  ------    
     00000020  .call_hl 
ASxxxx Linker V03.00/V05.40 + sdld,  page 7.
Hexadecimal  [32-Bits]

Area                       Addr        Size        Decimal Bytes (Attributes)
--------------------       ----        ----        ------- ----- ------------
_HEADER1               00000000    00000005 =           5. bytes (ABS,CON)

        Value  Global            Value  Global            Value  Global    
        -----  ------            -----  ------            -----  ------    
     00000028  .MemsetSm
ASxxxx Linker V03.00/V05.40 + sdld,  page 8.
Hexadecimal  [32-Bits]

Area                       Addr        Size        Decimal Bytes (Attributes)
--------------------       ----        ----        ------- ----- ------------
_HEADER2               00000000    00000007 =           7. bytes (ABS,CON)

        Value  Global            Value  Global            Value  Global    
        -----  ------            -----  ------            -----  ------    
     00000030  .MemcpySm
ASxxxx Linker V03.00/V05.40 + sdld,  page 9.
Hexadecimal  [32-Bits]

Area                       Addr        Size        Decimal Bytes (Attributes)
--------------------       ----        ----        ------- ----- ------------
_HEADER3               00000000    00000008 =           8. bytes (ABS,CON)

        Value  Global            Value  Global            Value  Global    
        -----  ------            -----  ------            -----  ------    
ASxxxx Linker V03.00/V05.40 + sdld,  page 10.
Hexadecimal  [32-Bits]

Area                       Addr        Size        Decimal Bytes (Attributes)
--------------------       ----        ----        ------- ----- ------------
_HEADER4               00000000    00000060 =          96. bytes (ABS,CON)

        Value  Global            Value  Global            Value  Global    
        -----  ------            -----  ------            -----  ------    
     00000080  .int      |    0000008F  _wait_int |    0000009C  __standar
     000000AB  _refresh_ |    000000CC  _set_inte
ASxxxx Linker V03.00/V05.40 + sdld,  page 11.
Hexadecimal  [32-Bits]

Area                       Addr        Size        Decimal Bytes (Attributes)
--------------------       ----        ----        ------- ----- ------------
_HEADER5               00000000    00000001 =           1. bytes (ABS,CON)

        Value  Global            Value  Global            Value  Global    
        -----  ------            -----  ------            -----  ------    
ASxxxx Linker V03.00/V05.40 + sdld,  page 12.
Hexadecimal  [32-Bits]

Area                       Addr        Size        Decimal Bytes (Attributes)
--------------------       ----        ----        ------- ----- ------------
_HEADER6               00000000    00000002 =           2. bytes (ABS,CON)

        Value  Global            Value  Global            Value  Global    
        -----  ------            -----  ------            -----  ------    
ASxxxx Linker V03.00/V05.40 + sdld,  page 13.
Hexadecimal  [32-Bits]

Area                       Addr        Size        Decimal Bytes (Attributes)
--------------------       ----        ----        ------- ----- ------------
_HEADER7               00000000    00000030 =          48. bytes (ABS,CON)

        Value  Global            Value  Global            Value  Global    
        -----  ------            -----  ------            -----  ------    
ASxxxx Linker V03.00/V05.40 + sdld,  page 14.
Hexadecimal  [32-Bits]

Area                       Addr        Size        Decimal Bytes (Attributes)
--------------------       ----        ----        ------- ----- ------------
_HEADER8               00000000    00000006 =           6. bytes (ABS,CON)

        Value  Global            Value  Global            Value  Global    
        -----  ------            -----  ------            -----  ------    
ASxxxx Linker V03.00/V05.40 + sdld,  page 15.
Hexadecimal  [32-Bits]

Area                       Addr        Size        Decimal Bytes (Attributes)
--------------------       ----        ----        ------- ----- ------------
_HEADER9               00000000    00000003 =           3. bytes (ABS,CON)

        Value  Global            Value  Global            Value  Global    
        -----  ------            -----  ------            -----  ------    
ASxxxx Linker V03.00/V05.40 + sdld,  page 16.
Hexadecimal  [32-Bits]

Area                       Addr        Size        Decimal Bytes (Attributes)
--------------------       ----        ----        ------- ----- ------------
_HEADERa               00000000    00000001 =           1. bytes (ABS,CON)

        Value  Global            Value  Global            Value  Global    
        -----  ------            -----  ------            -----  ------    
ASxxxx Linker V03.00/V05.40 + sdld,  page 17.
Hexadecimal  [32-Bits]

Area                       Addr        Size        Decimal Bytes (Attributes)
--------------------       ----        ----        ------- ----- ------------
_HEADERb               00000000    00000001 =           1. bytes (ABS,CON)

        Value  Global            Value  Global            Value  Global    
        -----  ------            -----  ------            -----  ------    
ASxxxx Linker V03.00/V05.40 + sdld,  page 18.
Hexadecimal  [32-Bits]

Area                       Addr        Size        Decimal Bytes (Attributes)
--------------------       ----        ----        ------- ----- ------------
_HEADERc               00000000    00000001 =           1. bytes (ABS,CON)

        Value  Global            Value  Global            Value  Global    
        -----  ------            -----  ------            -----  ------    
ASxxxx Linker V03.00/V05.40 + sdld,  page 19.
Hexadecimal  [32-Bits]

Area                       Addr        Size        Decimal Bytes (Attributes)
--------------------       ----        ----        ------- ----- ------------
_HEADERd               00000000    00000002 =           2. bytes (ABS,CON)

        Value  Global            Value  Global            Value  Global    
        -----  ------            -----  ------            -----  ------    
ASxxxx Linker V03.00/V05.40 + sdld,  page 20.
Hexadecimal  [32-Bits]

Area                       Addr        Size        Decimal Bytes (Attributes)
--------------------       ----        ----        ------- ----- ------------
_HEADERe               00000000    00000001 =           1. bytes (ABS,CON)

        Value  Global            Value  Global            Value  Global    
        -----  ------            -----  ------            -----  ------    
ASxxxx Linker V03.00/V05.40 + sdld,  page 21.
Hexadecimal  [32-Bits]

Area                       Addr        Size        Decimal Bytes (Attributes)
--------------------       ----        ----        ------- ----- ------------
_HEADERf               00000000    00000001 =           1. bytes (ABS,CON)

        Value  Global            Value  Global            Value  Global    
        -----  ------            -----  ------            -----  ------    
ASxxxx Linker V03.00/V05.40 + sdld,  page 22.
Hexadecimal  [32-Bits]

Area                       Addr        Size        Decimal Bytes (Attributes)
--------------------       ----        ----        ------- ----- ------------
_HEADER10              00000000    00000002 =           2. bytes (ABS,CON)

        Value  Global            Value  Global            Value  Global    
        -----  ------            -----  ------            -----  ------    
ASxxxx Linker V03.00/V05.40 + sdld,  page 23.
Hexadecimal  [32-Bits]

Area                       Addr        Size        Decimal Bytes (Attributes)
--------------------       ----        ----        ------- ----- ------------
_HEADER11              00000000    000000AB =         171. bytes (ABS,CON)

        Value  Global            Value  Global            Value  Global    
        -----  ------            -----  ------            -----  ------    
     00000150  .reset    |    00000150  _reset    |    00000157  .code_sta
     000001B9  _exit     |    000001BD  .wait_vbl |    000001BD  _vsync   
     000001BD  _wait_vbl |    000001CD  .remove_V |    000001CD  _remove_V
     000001D0  .remove_i |    000001ED  .add_VBL  |    000001ED  _add_VBL 
     000001F0  .add_int 
ASxxxx Linker V03.00/V05.40 + sdld,  page 24.
Hexadecimal  [32-Bits]

Area                       Addr        Size        Decimal Bytes (Attributes)
--------------------       ----        ----        ------- ----- ------------
_HOME                  00003420    00000B71 =        2929. bytes (REL,CON)

        Value  Global            Value  Global            Value  Global    
        -----  ------            -----  ------            -----  ------    
     00003420  .memset_s |    00003429  .memcpy_s |    00003446  .display_
     00003446  _display_ |    0000345E  _render_s |    00003466  _render_s
     0000348D  _fill_win |    0000349F  _strcpy   |    000034B1  _rand    
     000034B1  _randw    |    000034DC  _initrand |    000034DE  .initrand
     000034E7  _font_loa |    000034EE  font_load |    00003536  font_copy
     0000356C  font_set  |    00003579  .put_char |    00003591  .out_char
     00003597  .del_char |    000035ED  _putchar  |    000035F6  _setchar 
     000035FF  _font_loa |    0000360D  _font_set |    0000361C  _font_ini
     0000363B  .cls      |    0000363B  _cls      |    0000365D  _gotoxy  
     00003668  _posx     |    00003679  _posy     |    000036A1  .cr_curs 
     000036B6  .adv_curs |    00003712  .tmode    |    0000372F  .tmode_ou
     00003738  _font_col |    00003743  _set_tile |    00003748  _set_bkg_
     00003748  _set_win_ |    00003750  _set_spri |    000037AF  .add_LCD 
     000037AF  _add_LCD  |    000037B5  .remove_L |    000037B5  _remove_L
     000037BB  .fill_rec |    000037C4  .fill_rec |    00003811  __modulon
     000038AE  .padup    |    000038AE  _waitpadu |    000038BE  .jpad    
     000038BE  _joypad   |    000038E6  _waitpad  |    000038E7  .wait_pad
     000038EE  _fill_bkg |    00003900  ___sdcc_c |    00003901  _color   
     00003901  _set_1bpp |    00003910  _memset   |    00003943  .drawing_
     00003960  _font_ibm |    00003D12  ___sdcc_b |    00003D26  _strlen  
     00003D2B  .strlen   |    00003D34  __mullong |    00003E1B  _set_bkg_
     00003E2F  _set_bkg_ |    00003E2F  _set_win_ |    00003E37  _set_spri
     00003E8F  .set_xy_w |    00003E98  .set_xy_b |    00003EA7  .set_xy_t
     00003EEB  _uitoa    |    00003EFA  _itoa     |    00003F09  .itoa    
     00003F1D  .utoa    
ASxxxx Linker V03.00/V05.40 + sdld,  page 25.
Hexadecimal  [32-Bits]

Area                       Addr        Size        Decimal Bytes (Attributes)
--------------------       ----        ----        ------- ----- ------------
_INITIALIZER           00003F91    0000002D =          45. bytes (REL,CON)

        Value  Global            Value  Global            Value  Global    
        -----  ------            -----  ------            -----  ------    
ASxxxx Linker V03.00/V05.40 + sdld,  page 26.
Hexadecimal  [32-Bits]

Area                       Addr        Size        Decimal Bytes (Attributes)
--------------------       ----        ----        ------- ----- ------------
_GSINIT                00003FBE    0000000C =          12. bytes (REL,CON)

        Value  Global            Value  Global            Value  Global    
        -----  ------            -----  ------            -----  ------    
     00003FBE  gsinit   
ASxxxx Linker V03.00/V05.40 + sdld,  page 27.
Hexadecimal  [32-Bits]

Area                       Addr        Size        Decimal Bytes (Attributes)
--------------------       ----        ----        ------- ----- ------------
_GSFINAL               00003FCA    00000001 =           1. bytes (REL,CON)

        Value  Global            Value  Global            Value  Global    
        -----  ------            -----  ------            -----  ------    
ASxxxx Linker V03.00/V05.40 + sdld,  page 28.
Hexadecimal  [32-Bits]

Area                       Addr        Size        Decimal Bytes (Attributes)
--------------------       ----        ----        ------- ----- ------------
_DATA                  0000C0A0    00001D6D =        7533. bytes (REL,CON)

        Value  Global            Value  Global            Value  Global    
        -----  ------            -----  ------            -----  ------    
     0000C0A0  __cpu     |    0000C0A1  __is_GBA  |    0000C0A2  .mode    
     0000C0A3  .sys_time |    0000C0A3  _sys_time |    0000C0A5  .int_0x40
     0000C0B1  _enemy_de |    0000C0F7  _enemy_ac |    0000C101  _enemy_ac
     0000C102  _pending_ |    0000C103  _pending_ |    0000C104  _gameplay
     0000C105  _level_is |    0000C106  _floor_vi |    0000C10D  _entered_
     0000C10E  _floor_ki |    0000C10F  _floor_bo |    0000C110  _elite_ba
     0000C111  _dungeon_ |    0000C113  _hub_land |    0000C114  _player_x
     0000C116  _player_c |    0000C117  _player_a |    0000C118  _player_m
     0000C119  _player_d |    0000C11A  _player_s |    0000C11B  _player_c
     0000C11C  _floor_bi |    0000C11D  _overworl |    0000C11E  _g_player
     0000C11F  _g_player |    0000C120  _g_prev_j |    0000C121  _g_run_en
     0000C123  _g_sphinx |    0000C124  _sphinx_f |    0000C125  _look_cx 
     0000C126  _look_cy  |    0000C127  _selected |    0000C128  _belt_slo
     0000C12A  _player_h |    0000C12B  _book_hea |    0000C12C  _player_s
     0000C12D  _spell_ra |    0000C133  _spell_cd |    0000C139  _belt_spe
     0000C13B  _knight_s |    0000C13C  _player_l |    0000C13D  _ally_act
     0000C141  _ally_x   |    0000C145  _ally_y   |    0000C149  _ally_typ
     0000C14D  _ally_cha |    0000C151  _ally_fli |    0000C155  _enemy_al
     0000C16C  _dead_ene |    0000C183  _dead_ene |    0000C184  _floor_it
     0000C1B6  _floor_en |    0000C24C  _inventor |    0000C26A  _inventor
     0000C288  _inventor |    0000C2A6  _inventor |    0000C2C4  _ground_i
     0000C2CC  _ground_i |    0000C2D4  _ground_i |    0000C2DC  _ground_i
     0000C2E4  _pending_ |    0000C2E5  _player_t |    0000C2E6  _town_sho
     0000C2E9  _pending_ |    0000C2EA  _town_bar |    0000C2F3  _world_ti
     0000C2F4  _enc_mark |    0000C2F5  _enc_temp |    0000C2F6  _enc_regi
     0000C2F7  _enc_retu |    0000C2F8  _enc_retu |    0000C2F9  _zone_sta
     0000C2FA  _inv_desc |    0000C2FB  _ow_featu |    0000C3AB  _ow_featu
     0000C3AC  _lcd_game |    0000C3AD  _lcd_shak |    0000C3AE  _lcd_shak
     0000C84F  _ui_loadi |    0000C850  _ui_load_ |    0000C851  _enemy_x 
     0000C868  _enemy_y  |    0000C87F  _enemy_ty |    0000C896  _enemy_hp
     0000C8AD  _enemy_st |    0000C8C4  _enemy_st |    0000C8DB  _num_enem
     0000C8DC  _corpse_x |    0000C8F3  _corpse_y |    0000C90A  _corpse_t
     0000C921  _num_corp |    0000C922  _enemy_oc |    0000CF22  _enemy_an
     0000CF23  _enemy_at |    0000CF3A  _enemy_at |    0000CF3B  _enemy_fo
     0000CF52  _enemy_pe |    0000CF6E  _floor_bi |    0000D3EE  _pit_bits
     0000D86E  _nav_node |    0000D98E  _num_nav_ |    0000D98F  _wall_til
     0000D990  _wall_pal |    0000D991  _pillar_p |    0000D992  _active_m
     0000D993  _active_m |    0000D994  _player_s |    0000D995  _player_s
     0000D996  _floor_co |    0000D997  _floor_vi |    0000D999  _brazier_
     0000D99A  _brazier_ |    0000D9AE  _brazier_ |    0000D9C2  _brazier_
     0000D9D6  _pit_x    |    0000D9D7  _pit_y    |    0000D9D8  _pit_pres
     0000DA23  _camera_p |    0000DA25  _camera_p |    0000DA27  _render_s
     0000DA3C  _render_s |    0000DC79  _water_an |    0000DDED  ___rand_s
     0000DDEF  font_curr |    0000DDF2  font_firs |    0000DDF3  font_tabl
     0000DE05  .int_0x48
ASxxxx Linker V03.00/V05.40 + sdld,  page 29.
Hexadecimal  [32-Bits]

Area                       Addr        Size        Decimal Bytes (Attributes)
--------------------       ----        ----        ------- ----- ------------
_INITIALIZED           0000DE0D    0000002D =          45. bytes (REL,CON)

        Value  Global            Value  Global            Value  Global    
        -----  ------            -----  ------            -----  ------    
     0000DE0D  _current_ |    0000DE0E  _next_sta |    0000DE0F  _player_h
     0000DE10  _player_h |    0000DE11  _player_l |    0000DE12  _player_d
     0000DE13  _floor_nu |    0000DE14  _run_seed |    0000DE1E  _boss_ali
     0000DE1F  _ui_panel |    0000DE31  _auto_exp |    0000DE34  .curx    
     0000DE35  .cury     |    0000DE36  .fg_colou |    0000DE36  __current
     0000DE37  .bg_colou |    0000DE38  .draw_mod |    0000DE39  __map_til
ASxxxx Linker V03.00/V05.40 + sdld,  page 30.
Hexadecimal  [32-Bits]

Area                       Addr        Size        Decimal Bytes (Attributes)
--------------------       ----        ----        ------- ----- ------------
_HRAM                  0000FF80    00000013 =          19. bytes (REL,CON)

        Value  Global            Value  Global            Value  Global    
        -----  ------            -----  ------            -----  ------    
     0000FF80  .refresh_ |    0000FF90  __current |    0000FF91  __vbl_don
     0000FF92  __shadow_
ASxxxx Linker V03.00/V05.40 + sdld,  page 31.
Hexadecimal  [32-Bits]

Area                       Addr        Size        Decimal Bytes (Attributes)
--------------------       ----        ----        ------- ----- ------------
_CODE_1                00014000    00001108 =        4360. bytes (REL,CON)

        Value  Global            Value  Global            Value  Global    
        -----  ------            -----  ------            -----  ------    
     00014000  ___func_t |    00014000  _tileset_ |    00014008  _tileset_
     00015008  _tileset_
ASxxxx Linker V03.00/V05.40 + sdld,  page 32.
Hexadecimal  [32-Bits]

Area                       Addr        Size        Decimal Bytes (Attributes)
--------------------       ----        ----        ------- ----- ------------
_CODE_2                00024000    00003EF4 =       16116. bytes (REL,CON)

        Value  Global            Value  Global            Value  Global    
        -----  ------            -----  ------            -----  ------    
     00024004  _enemy_gr |    00024050  _enemy_pl |    00024192  _enemy_cl
     0002423F  _corpse_p |    0002434A  _corpse_c |    000243C5  ___func_e
     000243C5  _enemy_pl |    000243D3  _enemy_ef |    00024409  _enemy_ef
     00024440  _enemy_an |    0002444E  _enemy_an |    000244CA  ___func_e
     000244CA  _enemy_at |    00024542  _corpse_s |    000245BA  _corpse_a
     000245C6  _corpse_d |    000245D5  _spawn_en |    00024A57  _enemy_se
     00024A6F  _enemy_ge |    00024DDA  _enemy_re |    00024F62  _move_ene
     0002549E  _wall_ort |    00025653  ___func_t |    00025653  _tile_at 
     000256E1  ___func_m |    000256E1  _map_pit_ |    000256FA  ___func_g
     000256FA  _ground_i |    0002572D  ___func_m |    0002572D  _map_tile
     0002575D  ___func_m |    0002575D  _map_tile |    00025797  ___func_g
     00025797  _ground_i |    000257DD  ___func_i |    000257DD  _is_walka
     00025820  _tile_cha |    0002582E  _tile_vra |    00025854  _tile_pal
     00025861  _floor_gr |    00025879  _floor_ti |    000259BA  _nearest_
     00025A5C  _nav_fill |    00025B43  ___func_l |    00025B43  _level_ge
     000264EC  ___func_s |    000264EC  _state_ga |    0002655C  ___func_s
     0002655C  _state_ga |    00026FE4  ___func_c |    00026FE4  _camera_i
     000272D4  _camera_s |    0002797A  _camera_s |    00027C0C  _draw_cel
     00027C60  _classify |    00027CD4  _classify |    00027D47  _draw_col
     00027D91  _draw_row |    00027DDB  _draw_ui_ |    00027DE3  _draw_gam
     00027DFD  _draw_scr |    00027E4A  _draw_gam |    00027E67  _draw_gam
     00027E6F  _draw_ene |    00027E7E  _draw_cor |    00027EC3  _draw_cor
     00027EC6  _draw_bos
ASxxxx Linker V03.00/V05.40 + sdld,  page 33.
Hexadecimal  [32-Bits]

Area                       Addr        Size        Decimal Bytes (Attributes)
--------------------       ----        ----        ------- ----- ------------
_CODE_3                00034000    000030C2 =       12482. bytes (REL,CON)

        Value  Global            Value  Global            Value  Global    
        -----  ------            -----  ------            -----  ------    
     00034BFE  ___func_s |    00034BFE  _state_in |    00034C46  ___func_s
     00034C46  _state_in |    0003564E  ___func_s |    0003564E  _state_ta
     0003568C  ___func_s |    0003568C  _state_ta |    00035C29  ___func_s
     00035C29  _state_ab |    00035DA8  ___func_s |    00035DA8  _state_ab
     00036038  ___func_s |    00036038  _state_st |    0003623E  ___func_s
     0003623E  _state_st |    0003662D  ___func_s |    0003662D  _state_pi
     000366A7  ___func_s |    000366A7  _state_pi |    00036ABB  ___func_s
     00036ABB  _state_ch |    00036C82  ___func_s |    00036C82  _state_ma
     00036DD5  ___func_s |    00036DD5  _state_ma |    00036DF7  ___func_s
     00036DF7  _state_tr |    00036F79  ___func_c |    00036F79  _class_pa
     00036FB4  _class_pa |    00036FCB  ___func_s |    00036FCB  _state_ga
     00037077  ___func_s |    00037077  _state_ti
ASxxxx Linker V03.00/V05.40 + sdld,  page 34.
Hexadecimal  [32-Bits]

Area                       Addr        Size        Decimal Bytes (Attributes)
--------------------       ----        ----        ------- ----- ------------
_CODE_4                00044000    00000B9B =        2971. bytes (REL,CON)

        Value  Global            Value  Global            Value  Global    
        -----  ------            -----  ------            -----  ------    
     00044000  ___func_b |    00044000  _bwv1043_ |    00044132  _bwv1043_
     000446AE  _bwv1043_
ASxxxx Linker V03.00/V05.40 + sdld,  page 35.
Hexadecimal  [32-Bits]

Area                       Addr        Size        Decimal Bytes (Attributes)
--------------------       ----        ----        ------- ----- ------------
_CODE_5                00054000    000033F0 =       13296. bytes (REL,CON)

        Value  Global            Value  Global            Value  Global    
        -----  ------            -----  ------            -----  ------    
     00054000  ___func_u |    00054FF7  _ui_comba |    00055002  _ui_comba
     000550E7  _ui_comba |    000550FC  _ui_comba |    00055118  _ui_confi
     0005526F  _ui_push_ |    000555EB  _ui_push_ |    000557F4  _ui_push_
     000559CB  _ui_push_ |    00055AD0  _ui_comba |    00055B12  _seed_wor
     00055B62  _seed_wor |    00055BB2  _seed_wor |    00056018  _ui_draw_
     00056BEC  _run_seed |    00056C69  _ui_map_p |    00056CEC  _ui_game_
     00056D2D  _window_u |    00056D82  _window_u |    00056D89  _ui_loadi
     00056DEE  _ui_loadi |    00056DFF  _ui_draw_ |    00056E68  _ui_draw_
     00056EEF  _ui_panel |    00056EF4  _ui_panel |    00056F04  _ui_panel
     00056F10  _ui_panel |    00057300  _title_sc
ASxxxx Linker V03.00/V05.40 + sdld,  page 36.
Hexadecimal  [32-Bits]

Area                       Addr        Size        Decimal Bytes (Attributes)
--------------------       ----        ----        ------- ----- ------------
_CODE_6                00064000    00000488 =        1160. bytes (REL,CON)

        Value  Global            Value  Global            Value  Global    
        -----  ------            -----  ------            -----  ------    
     000643BF  ___func_a |    000643BF  _abilitie |    0006440B  ___func_a
     0006440B  _ability_
ASxxxx Linker V03.00/V05.40 + sdld,  page 37.
Hexadecimal  [32-Bits]

Area                       Addr        Size        Decimal Bytes (Attributes)
--------------------       ----        ----        ------- ----- ------------
_CODE_7                00074000    000002D4 =         724. bytes (REL,CON)

        Value  Global            Value  Global            Value  Global    
        -----  ------            -----  ------            -----  ------    
     00074033  ___func_a |    00074033  _abilitie |    00074261  ___func_a
     00074261  _ability_
ASxxxx Linker V03.00/V05.40 + sdld,  page 38.
Hexadecimal  [32-Bits]

Area                       Addr        Size        Decimal Bytes (Attributes)
--------------------       ----        ----        ------- ----- ------------
_CODE_8                00084000    000004D7 =        1239. bytes (REL,CON)

        Value  Global            Value  Global            Value  Global    
        -----  ------            -----  ------            -----  ------    
     00084438  ___func_a |    00084438  _abilitie |    00084453  ___func_a
     00084453  _ability_
ASxxxx Linker V03.00/V05.40 + sdld,  page 39.
Hexadecimal  [32-Bits]

Area                       Addr        Size        Decimal Bytes (Attributes)
--------------------       ----        ----        ------- ----- ------------
_CODE_9                00094000    0000050A =        1290. bytes (REL,CON)

        Value  Global            Value  Global            Value  Global    
        -----  ------            -----  ------            -----  ------    
     00094478  ___func_a |    00094478  _abilitie |    00094486  ___func_a
     00094486  _ability_
ASxxxx Linker V03.00/V05.40 + sdld,  page 40.
Hexadecimal  [32-Bits]

Area                       Addr        Size        Decimal Bytes (Attributes)
--------------------       ----        ----        ------- ----- ------------
_CODE_10               000A4000    000020A9 =        8361. bytes (REL,CON)

        Value  Global            Value  Global            Value  Global    
        -----  ------            -----  ------            -----  ------    
     000A5256  ___func_g |    000A5256  _generate |    000A5C14  ___func_l
     000A5C14  _level_in |    000A5FC4  ___func_b |    000A5FC4  _biome_du
ASxxxx Linker V03.00/V05.40 + sdld,  page 41.
Hexadecimal  [32-Bits]

Area                       Addr        Size        Decimal Bytes (Attributes)
--------------------       ----        ----        ------- ----- ------------
_CODE_11               000B4000    00000084 =         132. bytes (REL,CON)

        Value  Global            Value  Global            Value  Global    
        -----  ------            -----  ------            -----  ------    
     000B4000  ___func_b |    000B4000  _biome_cr
ASxxxx Linker V03.00/V05.40 + sdld,  page 42.
Hexadecimal  [32-Bits]

Area                       Addr        Size        Decimal Bytes (Attributes)
--------------------       ----        ----        ------- ----- ------------
_CODE_12               000C4000    00000084 =         132. bytes (REL,CON)

        Value  Global            Value  Global            Value  Global    
        -----  ------            -----  ------            -----  ------    
     000C4000  ___func_b |    000C4000  _biome_ca
ASxxxx Linker V03.00/V05.40 + sdld,  page 43.
Hexadecimal  [32-Bits]

Area                       Addr        Size        Decimal Bytes (Attributes)
--------------------       ----        ----        ------- ----- ------------
_CODE_13               000D4000    000015DC =        5596. bytes (REL,CON)

        Value  Global            Value  Global            Value  Global    
        -----  ------            -----  ------            -----  ------    
     000D4000  _items_ki |    000D49EF  _items_ki |    000D4A05  _items_ki
     000D4A1C  _items_ki |    000D4A73  _items_ki |    000D4ACB  _items_ki
     000D4C2C  _inventor |    000D4C4B  _inventor |    000D4C62  _inventor
     000D4C8C  _inventor |    000D4D41  _inventor |    000D4F8B  _items_us
     000D5296  _items_dr |    000D52E5  _item_rol |    000D531E  _ring_rol
     000D534C  _enemy_tr |    000D5420  _encounte |    000D5508  _town_bar
ASxxxx Linker V03.00/V05.40 + sdld,  page 44.
Hexadecimal  [32-Bits]

Area                       Addr        Size        Decimal Bytes (Attributes)
--------------------       ----        ----        ------- ----- ------------
_CODE_14               000E4000    000016D0 =        5840. bytes (REL,CON)

        Value  Global            Value  Global            Value  Global    
        -----  ------            -----  ------            -----  ------    
     000E4000  ___func_s |    000E4B99  _story_ui |    000E5590  ___func_t
     000E5590  _town_nam |    000E55E7  ___func_d |    000E55E7  _dungeon_
     000E568C  ___func_n |    000E568C  _npc_name
ASxxxx Linker V03.00/V05.40 + sdld,  page 45.
Hexadecimal  [32-Bits]

Area                       Addr        Size        Decimal Bytes (Attributes)
--------------------       ----        ----        ------- ----- ------------
_CODE_15               000F4000    0000009D =         157. bytes (REL,CON)

        Value  Global            Value  Global            Value  Global    
        -----  ------            -----  ------            -----  ------    
     000F4000  _scroll_b
ASxxxx Linker V03.00/V05.40 + sdld,  page 46.
Hexadecimal  [32-Bits]

Area                       Addr        Size        Decimal Bytes (Attributes)
--------------------       ----        ----        ------- ----- ------------
_CODE_16               00104000    00000284 =         644. bytes (REL,CON)

        Value  Global            Value  Global            Value  Global    
        -----  ------            -----  ------            -----  ------    
     00104024  _debuff_i |    0010413F  _bow_shoo |    0010420E  _scroll_r
ASxxxx Linker V03.00/V05.40 + sdld,  page 47.
Hexadecimal  [32-Bits]

Area                       Addr        Size        Decimal Bytes (Attributes)
--------------------       ----        ----        ------- ----- ------------
_CODE_17               00114000    0000367C =       13948. bytes (REL,CON)

        Value  Global            Value  Global            Value  Global    
        -----  ------            -----  ------            -----  ------    
     0011466C  ___func_e |    0011466C  _entity_s |    001146B5  ___func_e
     001146B5  _entity_s |    001146D0  ___func_e |    001146D0  _entity_s
     00114781  ___func_e |    00114781  _entity_s |    001147A9  ___func_e
     001147A9  _entity_s |    001147AF  ___func_e |    001147AF  _entity_s
     0011534F  ___func_e |    0011534F  _entity_s |    0011571E  ___func_e
     0011571E  _entity_s |    0011574F  ___func_e |    0011574F  _entity_s
     00115770  ___func_e |    00115770  _entity_s |    0011577F  ___func_e
     0011577F  _entity_s |    001157C1  ___func_e |    001157C1  _entity_s
     001158B8  ___func_e |    001158B8  _entity_s |    001158DD  ___func_e
     001158DD  _entity_s |    00115905  ___func_e |    00115905  _entity_s
     00115B2F  ___func_e |    00115B2F  _entity_s |    00115BD4  ___func_e
     00115BD4  _entity_s |    00115C5B  ___func_e |    00115C5B  _entity_s
     00115F38  ___func_e |    00115F38  _entity_s |    00116151  ___func_e
     00116151  _entity_s |    00116192  ___func_e |    00116192  _entity_s
     001161D9  ___func_e |    001161D9  _entity_s |    001164D0  ___func_e
     001164D0  _entity_s |    001166CA  ___func_e |    001166CA  _entity_s
     001167E6  ___func_e |    001167E6  _entity_s |    001169D0  ___func_e
     001169D0  _entity_s |    00116B0E  ___func_e |    00116B0E  _entity_s
     00116B3A  ___func_e |    00116B3A  _entity_s |    00116B43  ___func_e
     00116B43  _entity_s |    00116B57  ___func_e |    00116B57  _entity_s
     00116F6A  ___func_a |    00116F6A  _ally_fox |    001170E0  ___func_a
     001170E0  _ally_fox |    001172AE  ___func_a |    001172AE  _ally_fox
ASxxxx Linker V03.00/V05.40 + sdld,  page 48.
Hexadecimal  [32-Bits]

Area                       Addr        Size        Decimal Bytes (Attributes)
--------------------       ----        ----        ------- ----- ------------
_CODE_18               00124000    00001554 =        5460. bytes (REL,CON)

        Value  Global            Value  Global            Value  Global    
        -----  ------            -----  ------            -----  ------    
     00124000  ___func_b |    00124000  _bwv527_d |    00124141  _bwv527_m
     00124D02  _bwv527_b
ASxxxx Linker V03.00/V05.40 + sdld,  page 49.
Hexadecimal  [32-Bits]

Area                       Addr        Size        Decimal Bytes (Attributes)
--------------------       ----        ----        ------- ----- ------------
_CODE_19               00134000    000007CB =        1995. bytes (REL,CON)

        Value  Global            Value  Global            Value  Global    
        -----  ------            -----  ------            -----  ------    
     0013409D  ___func_c |    0013409D  _combat_d |    00134343  ___func_c
     00134343  _combat_c |    00134373  ___func_c |    00134373  _combat_p
     00134497  ___func_c |    00134497  _combat_p |    001345EA  ___func_r
     001345EA  _resolve_
ASxxxx Linker V03.00/V05.40 + sdld,  page 50.
Hexadecimal  [32-Bits]

Area                       Addr        Size        Decimal Bytes (Attributes)
--------------------       ----        ----        ------- ----- ------------
_CODE_20               00144000    0000055A =        1370. bytes (REL,CON)

        Value  Global            Value  Global            Value  Global    
        -----  ------            -----  ------            -----  ------    
     00144047  _equip_st |    001442B7  _items_eq |    001444CB  _items_eq
     001444E3  _equipped |    0014451A  _equipped
ASxxxx Linker V03.00/V05.40 + sdld,  page 51.
Hexadecimal  [32-Bits]

Area                       Addr        Size        Decimal Bytes (Attributes)
--------------------       ----        ----        ------- ----- ------------
_CODE_21               00154000    00000052 =          82. bytes (REL,CON)

        Value  Global            Value  Global            Value  Global    
        -----  ------            -----  ------            -----  ------    
     00154000  ___func_b |    00154000  _biome_bo |    00154024  ___func_b
     00154024  _biome_bo
ASxxxx Linker V03.00/V05.40 + sdld,  page 52.
Hexadecimal  [32-Bits]

Area                       Addr        Size        Decimal Bytes (Attributes)
--------------------       ----        ----        ------- ----- ------------
_CODE_22               00164000    00002E35 =       11829. bytes (REL,CON)

        Value  Global            Value  Global            Value  Global    
        -----  ------            -----  ------            -----  ------    
     00164000  ___func_b |    00164000  _biome_ov |    00164099  ___func_b
     00164099  _biome_ov |    00164625  ___func_o |    00164625  _overworl
     00164630  ___func_o |    00164630  _overworl |    00164A02  ___func_o
     00164A02  _overworl |    00164A0D  ___func_o |    00164A0D  _overworl
     00164B7B  ___func_o |    00164B7B  _overworl |    00164D90  ___func_o
     00164D90  _overworl |    00164DF2  ___func_o |    00164DF2  _overworl
     00164E35  ___func_o |    00164E35  _overworl |    00164E8F  ___func_o
     00164E8F  _overworl |    00164F83  ___func_o |    00164F83  _overworl
     0016520B  ___func_o |    0016520B  _overworl |    00165243  ___func_o
     00165243  _overworl |    0016567B  ___func_o |    0016567B  _overworl
     0016619E  ___func_o |    0016619E  _overworl |    00166419  ___func_o
     00166419  _overworl |    001666BC  ___func_r |    001666BC  _render_b
     00166768  ___func_r |    00166768  _render_b |    00166816  ___func_w
     00166816  _water_an |    00166826  ___func_w |    00166826  _water_an
     001668D6  ___func_e |    001668D6  _encounte |    00166A81  ___func_a
     00166A81  _apply_wa |    00166CC4  ___func_a |    00166CC4  _apply_fi
     00166D68  ___func_l |    00166D68  _load_pal
ASxxxx Linker V03.00/V05.40 + sdld,  page 53.
Hexadecimal  [32-Bits]

Area                       Addr        Size        Decimal Bytes (Attributes)
--------------------       ----        ----        ------- ----- ------------
_CODE_23               00174000    00000E29 =        3625. bytes (REL,CON)

        Value  Global            Value  Global            Value  Global    
        -----  ------            -----  ------            -----  ------    
     00174000  ___func_b |    00174000  _biome_en |    0017416B  ___func_b
     0017416B  _biome_en |    001742F7  ___func_e |    001742F7  _encounte
     001744CE  ___func_e |    001744CE  _encounte |    001744FB  ___func_e
     001744FB  _encounte |    00174637  ___func_e |    00174637  _encounte
     001746AA  ___func_e |    001746AA  _encounte |    00174916  ___func_e
     00174916  _encounte |    00174D53  ___func_e |    00174D53  _encounte
ASxxxx Linker V03.00/V05.40 + sdld,  page 54.
Hexadecimal  [32-Bits]

Area                       Addr        Size        Decimal Bytes (Attributes)
--------------------       ----        ----        ------- ----- ------------
_CODE_24               00184000    000012EE =        4846. bytes (REL,CON)

        Value  Global            Value  Global            Value  Global    
        -----  ------            -----  ------            -----  ------    
     00184000  ___func_b |    00184000  _bosses_p |    00184008  _bosses_t
     00185008  _bosses_m |    00185108  ___func_b |    00185108  _biome_bo
     0018513A  ___func_b |    0018513A  _biome_bo |    001851EE  ___func_s
     001851EE  _sphinx_l |    0018521B  ___func_s |    0018521B  _sphinx_a
     00185271  ___func_s |    00185271  _sphinx_a
ASxxxx Linker V03.00/V05.40 + sdld,  page 55.
Hexadecimal  [32-Bits]

Area                       Addr        Size        Decimal Bytes (Attributes)
--------------------       ----        ----        ------- ----- ------------
_CODE_27               001B4000    00000666 =        1638. bytes (REL,CON)

        Value  Global            Value  Global            Value  Global    
        -----  ------            -----  ------            -----  ------    
     001B4402  _spells_n |    001B443F  _spells_d |    001B447C  _spells_i
     001B44B2  _spells_u |    001B44CD  _spells_m |    001B44E8  _spells_c
     001B4523  _spells_e |    001B4545  _spells_n |    001B4574  _spells_l
     001B458B  _spells_f |    001B45A1  _spells_t |    001B45BD  _spells_c
     001B45D5  _spells_n
ASxxxx Linker V03.00/V05.40 + sdld,  page 56.
Hexadecimal  [32-Bits]

Area                       Addr        Size        Decimal Bytes (Attributes)
--------------------       ----        ----        ------- ----- ------------
_CODE_28               001C4000    000001CB =         459. bytes (REL,CON)

        Value  Global            Value  Global            Value  Global    
        -----  ------            -----  ------            -----  ------    
     001C4167  ___func_d |    001C4167  _dungeon_
ASxxxx Linker V03.00/V05.40 + sdld,  page 57.
Hexadecimal  [32-Bits]

Area                       Addr        Size        Decimal Bytes (Attributes)
--------------------       ----        ----        ------- ----- ------------
_CODE_29               001D4000    000015BB =        5563. bytes (REL,CON)

        Value  Global            Value  Global            Value  Global    
        -----  ------            -----  ------            -----  ------    
     001D4000  ___func_b |    001D4000  _biome_to |    001D400A  ___func_b
     001D400A  _biome_to |    001D4280  ___func_t |    001D4280  _town_exi
     001D42BE  ___func_t |    001D42BE  _town_npc |    001D431E  ___func_t
     001D431E  _town_npc |    001D4647  ___func_t |    001D4647  _town_bar
     001D4781  ___func_t |    001D4781  _town_roo |    001D47F9  ___func_t
     001D47F9  _town_gen
ASxxxx Linker V03.00/V05.40 + sdld,  page 58.
Hexadecimal  [32-Bits]

Area                       Addr        Size        Decimal Bytes (Attributes)
--------------------       ----        ----        ------- ----- ------------
_CODE_30               001E4000    00000D68 =        3432. bytes (REL,CON)

        Value  Global            Value  Global            Value  Global    
        -----  ------            -----  ------            -----  ------    
     001E4530  ___func_a |    001E4530  _auto_exp |    001E4623  ___func_a
     001E4623  _auto_exp |    001E4958  ___func_a |    001E4958  _auto_exp
     001E4A33  ___func_z |    001E4A33  _zone_bum |    001E4A90  ___func_z
     001E4A90  _zone_con |    001E4BF1  ___func_b |    001E4BF1  _belt_sel
     001E4C30  ___func_p |    001E4C30  _push_sel
ASxxxx Linker V03.00/V05.40 + sdld,  page 59.
Hexadecimal  [32-Bits]

Area                       Addr        Size        Decimal Bytes (Attributes)
--------------------       ----        ----        ------- ----- ------------
_FONT_HEADER0          00000000    00000003 =           3. bytes (ABS,CON)

        Value  Global            Value  Global            Value  Global    
        -----  ------            -----  ------            -----  ------    
ASxxxx Linker V03.00/V05.40 + sdld,  page 60.
Hexadecimal  [32-Bits]

Area                       Addr        Size        Decimal Bytes (Attributes)
--------------------       ----        ----        ------- ----- ------------
_HEADER_LCD0           00000000    00000003 =           3. bytes (ABS,CON)

        Value  Global            Value  Global            Value  Global    
        -----  ------            -----  ------            -----  ------    
ASxxxx Linker V03.00/V05.40 + sdld,  page 61.

Files Linked                              [ module(s) ]

./gbdk/lib/gb/crt0.o                      [ Runtime ]
obj/gbc/ability_dispatch.rel              [ ability_dispatch ]
obj/gbc/ally.rel                          [ ally ]
obj/gbc/biome.rel                         [ biome ]
obj/gbc/debug_bank.rel                    [ debug_bank ]
obj/gbc/enemy_extras.rel                  [ enemy_extras ]
obj/gbc/globals.rel                       [ globals ]
obj/gbc/lcd.rel                           [ lcd ]
obj/gbc/lighting.rel                      [ lighting ]
obj/gbc/main.rel                          [ main ]
obj/gbc/music.rel                         [ music ]
obj/gbc/perf.rel                          [ perf ]
obj/gbc/seed_entropy.rel                  [ seed_entropy ]
obj/gbc/targeting.rel                     [ targeting ]
obj/gbc/tileset_io.rel                    [ tileset_io ]
obj/gbc/title_logo.rel                    [ title_logo ]
obj/gbc/ui_loading_isr.rel                [ ui_loading_isr ]
obj/gbc/wall_palettes.rel                 [ wall_palettes ]
obj/gbc/tileset.rel                       [ tileset ]
obj/gbc/enemy.rel                         [ enemy ]
obj/gbc/map.rel                           [ map ]
obj/gbc/state_gameplay.rel                [ state_gameplay ]
obj/gbc/camera.rel                        [ camera ]
obj/gbc/render.rel                        [ render ]
obj/gbc/state_inventory.rel               [ state_inventory ]
obj/gbc/state_talk.rel                    [ state_talk ]
obj/gbc/state_ability.rel                 [ state_ability ]
obj/gbc/state_stats.rel                   [ state_stats ]
obj/gbc/state_pickup.rel                  [ state_pickup ]
obj/gbc/state_char_create.rel             [ state_char_create ]
obj/gbc/state_map.rel                     [ state_map ]
obj/gbc/state_transition.rel              [ state_transition ]
obj/gbc/class_palettes.rel                [ class_palettes ]
obj/gbc/state_game_over.rel               [ state_game_over ]
obj/gbc/state_title.rel                   [ state_title ]
obj/gbc/bwv1043_music.rel                 [ bwv1043_music ]
obj/gbc/ui.rel                            [ ui ]
obj/gbc/abilities_knight.rel              [ abilities_knight ]
obj/gbc/abilities_scoundrel.rel           [ abilities_scoundrel ]
obj/gbc/abilities_witch.rel               [ abilities_witch ]
obj/gbc/abilities_zerker.rel              [ abilities_zerker ]
obj/gbc/map_gen.rel                       [ map_gen ]
obj/gbc/level_init.rel                    [ level_init ]
obj/gbc/biome_dungeon.rel                 [ biome_dungeon ]
obj/gbc/biome_crypt.rel                   [ biome_crypt ]
obj/gbc/biome_cavern.rel                  [ biome_cavern ]
obj/gbc/items.rel                         [ items ]
obj/gbc/story_ui.rel                      [ story_ui ]
obj/gbc/names.rel                         [ names ]
obj/gbc/scroll_blast.rel                  [ scroll_blast ]
obj/gbc/debuff_icon.rel                   [ debuff_icon ]
obj/gbc/bow_shoot.rel                     [ bow_shoot ]
obj/gbc/scroll_root.rel                   [ scroll_root ]
obj/gbc/entity_sprites.rel                [ entity_sprites ]
obj/gbc/scoundrel_fox.rel                 [ scoundrel_fox ]
obj/gbc/bwv527_music.rel                  [ bwv527_music ]
obj/gbc/combat.rel                        [ combat ]
obj/gbc/equipment.rel                     [ equipment ]
obj/gbc/biome_boss.rel                    [ biome_boss ]
obj/gbc/biome_overworld.rel               [ biome_overworld ]
obj/gbc/render_palettes.rel               [ render_palettes ]
obj/gbc/biome_encounter.rel               [ biome_encounter ]
obj/gbc/bosses.rel                        [ bosses ]
obj/gbc/biome_boss2.rel                   [ biome_boss2 ]
obj/gbc/spells.rel                        [ spells ]
obj/gbc/dungeon_floors.rel                [ dungeon_floors ]
obj/gbc/biome_town.rel                    [ biome_town ]
obj/gbc/auto_explore.rel                  [ auto_explore ]
obj/gbc/gameplay_cold.rel                 [ gameplay_cold ]


Libraries Linked                          [ object file ]

./gbdk/lib/gb/gb.lib                      [ fill_rect_wi.o ]
./gbdk/lib/sm83/sm83.lib                  [ div.o ]
./gbdk/lib/gb/gb.lib                      [ sfr.o ]
./gbdk/lib/sm83/sm83.lib                  [ _strcpy.o ]
./gbdk/lib/sm83/sm83.lib                  [ rand.o ]
./gbdk/lib/gb/gb.lib                      [ font.o ]
./gbdk/lib/gb/gb.lib                      [ cgb_palettes.o ]
./gbdk/lib/gb/gb.lib                      [ font_color.o ]
./gbdk/lib/sm83/sm83.lib                  [ _memmove.o ]
./gbdk/lib/sm83/sm83.lib                  [ mul.o ]
./gbdk/lib/gb/gb.lib                      [ set_data.o ]
./gbdk/lib/gb/gb.lib                      [ set_tile.o ]
./gbdk/lib/gb/gb.lib                      [ lcd.o ]
./gbdk/lib/gb/gb.lib                      [ fill_rect.o ]
./gbdk/lib/sm83/sm83.lib                  [ _modulong.o ]
./gbdk/lib/gb/gb.lib                      [ pad.o ]
./gbdk/lib/gb/gb.lib                      [ fill_rect_bk.o ]
./gbdk/lib/sm83/sm83.lib                  [ __sdcc_call_hl.o ]
./gbdk/lib/sm83/sm83.lib                  [ memcpy.o ]
./gbdk/lib/gb/gb.lib                      [ color.o ]
./gbdk/lib/sm83/sm83.lib                  [ _memset.o ]
./gbdk/lib/gb/gb.lib                      [ drawing_isr.o ]
./gbdk/lib/gb/gb.lib                      [ f_ibm_sh.o ]
./gbdk/lib/gb/gb.lib                      [ ___sdcc_bcall_ehl.o ]
./gbdk/lib/sm83/sm83.lib                  [ strcat.o ]
./gbdk/lib/sm83/sm83.lib                  [ printf.o ]
./gbdk/lib/gb/gb.lib                      [ cgb.o ]
./gbdk/lib/sm83/sm83.lib                  [ strlen.o ]
./gbdk/lib/sm83/sm83.lib                  [ _mullong.o ]
./gbdk/lib/gb/gb.lib                      [ cgb_compat.o ]
./gbdk/lib/gb/gb.lib                      [ set_bk_t.o ]
./gbdk/lib/gb/gb.lib                      [ set_1bit_data.o ]
./gbdk/lib/sm83/sm83.lib                  [ sprintf.o ]
./gbdk/lib/gb/gb.lib                      [ set_xy_t.o ]
./gbdk/lib/sm83/sm83.lib                  [ itoa.o ]

ASxxxx Linker V03.00/V05.40 + sdld,  page 62.

User Base Address Definitions

_DATA=0xC0A0
_CODE=0x0200
_HRAM=0xFF80
ASxxxx Linker V03.00/V05.40 + sdld,  page 63.

User Global Definitions

_shadow_OAM=0xC000
.STACK=0xE000

