ASxxxx Linker V03.00/V05.40 + sdld,  page 1.
Hexadecimal  [32-Bits]

Area                       Addr        Size        Decimal Bytes (Attributes)
--------------------       ----        ----        ------- ----- ------------
.  .ABS.               00000000    00000000 =           0. bytes (ABS,CON)

        Value  Global            Value  Global            Value  Global    
        -----  ------            -----  ------            -----  ------    
     00000000  .__.ABS.  |    00000000  ___bank_a |    00000000  ___bank_a
     00000000  ___bank_a |    00000000  ___bank_a |    00000000  ___bank_a
     00000000  _rMBC7_SR |    00000000  _rRAMG    |    00000000  l__BASE  
     00000000  l__BSS    |    00000000  l__CABS   |    00000000  l__CODE_0
     00000000  l__DABS   |    00000000  l__FONT_H |    00000000  l__HEADER
     00000000  l__HEADER |    00000000  l__HEAP   |    00000000  l__HEAP_E
     00000000  l__LIT    |    00000000  s__CABS   |    00000000  s__DABS  
     00000000  s__FONT_H |    00000000  s__FONT_H |    00000000  s__HEADER
     00000000  s__HEADER |    00000000  s__HEADER |    00000000  s__HEADER
     00000000  s__HEADER |    00000000  s__HEADER |    00000000  s__HEADER
     00000000  s__HEADER |    00000000  s__HEADER |    00000000  s__HEADER
     00000000  s__HEADER |    00000000  s__HEADER |    00000000  s__HEADER
     00000000  s__HEADER |    00000000  s__HEADER |    00000000  s__HEADER
     00000000  s__HEADER |    00000000  s__HEADER |    00000000  s__HEADER
     00000000  s__HEADER |    00000000  s__HEADER |    00000001  ___bank_t
     00000001  l__GSFINA |    00000001  l__HEADER |    00000001  l__HEADER
     00000001  l__HEADER |    00000001  l__HEADER |    00000001  l__HEADER
     00000001  l__HEADER |    00000001  l__HEADER |    00000002  ___bank_c
     00000002  ___bank_c |    00000002  ___bank_c |    00000002  ___bank_e
     00000002  ___bank_g |    00000002  ___bank_g |    00000002  ___bank_i
     00000002  ___bank_l |    00000002  ___bank_l |    00000002  ___bank_m
     00000002  ___bank_r |    00000002  ___bank_s |    00000002  ___bank_s
     00000002  ___bank_t |    00000002  b_camera_ |    00000002  b_camera_
     00000002  b_camera_ |    00000002  b_combat_ |    00000002  b_combat_
     00000002  b_corpse_ |    00000002  b_corpse_ |    00000002  b_enemy_a
     00000002  b_enemy_c |    00000002  b_enemy_e |    00000002  b_enemy_e
     00000002  b_enemy_r |    00000002  b_enemy_t |    00000002  b_ground_
     00000002  b_ground_ |    00000002  b_is_walk |    00000002  b_level_g
     00000002  b_load_pa |    00000002  b_map_pit |    00000002  b_resolve
     00000002  b_state_g |    00000002  b_state_g |    00000002  b_tile_at
     00000002  l__HEADER |    00000002  l__HEADER |    00000002  l__HEADER
     00000003  ___bank_a |    00000003  ___bank_a |    00000003  ___bank_a
     00000003  ___bank_c |    00000003  ___bank_e |    00000003  ___bank_e
     00000003  ___bank_e |    00000003  ___bank_e |    00000003  ___bank_e
     00000003  ___bank_e |    00000003  ___bank_e |    00000003  ___bank_e
     00000003  ___bank_e |    00000003  ___bank_e |    00000003  ___bank_e
     00000003  ___bank_e |    00000003  ___bank_e |    00000003  ___bank_e
     00000003  ___bank_e |    00000003  ___bank_e |    00000003  ___bank_e
     00000003  ___bank_e |    00000003  ___bank_e |    00000003  ___bank_e
     00000003  ___bank_e |    00000003  ___bank_e |    00000003  ___bank_e
     00000003  ___bank_e |    00000003  ___bank_e |    00000003  ___bank_s
     00000003  ___bank_s |    00000003  ___bank_s |    00000003  ___bank_s
     00000003  ___bank_s |    00000003  ___bank_s |    00000003  ___bank_s
     00000003  ___bank_s |    00000003  ___bank_s |    00000003  ___bank_s
     00000003  ___bank_s |    00000003  ___bank_s |    00000003  ___bank_s
     00000003  ___bank_s |    00000003  b_ally_fo |    00000003  b_ally_fo
     00000003  b_ally_fo |    00000003  b_class_p |    00000003  b_class_p
     00000003  b_entity_ |    00000003  b_entity_ |    00000003  b_entity_
     00000003  b_entity_ |    00000003  b_entity_ |    00000003  b_entity_
     00000003  b_entity_ |    00000003  b_entity_ |    00000003  b_entity_
ASxxxx Linker V03.00/V05.40 + sdld,  page 2.
Hexadecimal  [32-Bits]

Area                       Addr        Size        Decimal Bytes (Attributes)
--------------------       ----        ----        ------- ----- ------------
.  .ABS.               00000000    00000000 =           0. bytes (ABS,CON)

        Value  Global            Value  Global            Value  Global    
        -----  ------            -----  ------            -----  ------    
     00000003  b_entity_ |    00000003  b_entity_ |    00000003  b_entity_
     00000003  b_entity_ |    00000003  b_entity_ |    00000003  b_entity_
     00000003  b_entity_ |    00000003  b_entity_ |    00000003  b_entity_
     00000003  b_entity_ |    00000003  b_entity_ |    00000003  b_entity_
     00000003  b_entity_ |    00000003  b_entity_ |    00000003  b_entity_
     00000003  b_entity_ |    00000003  b_state_a |    00000003  b_state_a
     00000003  b_state_c |    00000003  b_state_g |    00000003  b_state_i
     00000003  b_state_i |    00000003  b_state_m |    00000003  b_state_m
     00000003  b_state_p |    00000003  b_state_p |    00000003  b_state_s
     00000003  b_state_s |    00000003  b_state_t |    00000003  b_state_t
     00000003  l__FONT_H |    00000003  l__HEADER |    00000003  l__HEADER
     00000004  ___bank_b |    00000005  ___bank_b |    00000005  ___bank_u
     00000005  b_run_see |    00000005  b_title_s |    00000005  b_ui_comb
     00000005  b_ui_comb |    00000005  b_ui_comb |    00000005  b_ui_comb
     00000005  b_ui_draw |    00000005  b_ui_draw |    00000005  b_ui_game
     00000005  b_ui_load |    00000005  b_ui_load |    00000005  b_ui_pane
     00000005  b_ui_pane |    00000005  b_ui_pane |    00000005  b_ui_pane
     00000005  b_ui_push |    00000005  b_ui_push |    00000005  b_ui_push
     00000005  b_ui_push |    00000005  b_window_ |    00000005  b_window_
     00000005  l__HEADER |    00000006  ___bank_a |    00000006  b_ability
     00000006  l__HEADER |    00000007  ___bank_a |    00000007  b_ability
     00000007  l__HEADER |    00000008  ___bank_a |    00000008  b_ability
     00000008  l__HEADER |    00000009  ___bank_a |    00000009  b_ability
     0000000A  ___bank_b |    0000000A  ___bank_l |    0000000A  b_biome_d
     0000000A  b_level_i |    0000000B  ___bank_b |    0000000B  b_biome_c
     0000000C  ___bank_b |    0000000C  b_biome_c |    0000000C  l__GSINIT
     0000000D  b_enemy_t |    0000000D  b_invento |    0000000D  b_invento
     0000000D  b_invento |    0000000D  b_invento |    0000000D  b_invento
     0000000D  b_items_e |    0000000D  b_items_k |    0000000D  b_items_k
     0000000D  b_items_k |    0000000D  b_items_k |    0000000D  b_items_k
     0000000D  b_items_u |    0000000E  ___bank_s |    0000000E  b_story_u
     0000000F  b_scroll_ |    00000010  b_root_ic |    00000010  b_scroll_
     00000013  l__HRAM   |    0000001A  l__INITIA |    0000001A  l__INITIA
     00000030  l__HEADER |    00000059  l__CODE_7 |    00000060  l__HEADER
     0000007A  l__CODE_6 |    0000008A  l__CODE_1 |    00000092  l__CODE_1
     0000009D  l__CODE_1 |    000000AB  l__HEADER |    00000150  l__CODE_1
     00000165  l__CODE_1 |    00000200  s__CODE   |    0000020E  l__CODE_9
     00000269  l__CODE_8 |    000008C2  l__CODE_1 |    00000B9B  l__CODE_4
     00000BC9  l__HOME   |    00000EDF  l__CODE_1 |    00001108  l__CODE_1
     00001D76  l__DATA   |    00002000  _rROMB0   |    000021CD  l__CODE  
     000023CD  s__HOME   |    00002F96  s__BASE   |    00002F96  s__CODE_0
     00002F96  s__INITIA |    00002F96  s__LIT    |    00002FB0  s__GSINIT
     00002FBC  s__GSFINA |    00003000  _rROMB1   |    00003A06  l__CODE_5
     00003C7C  l__CODE_3 |    00003F71  l__CODE_2 |    00004000  _rMBC7_SR
     00004000  _rRAMB    |    00008000  __VRAM    |    00008000  __VRAM800
     00008800  __VRAM880 |    00009000  __VRAM900 |    00009800  __SCRN0  
     00009C00  __SCRN1   |    0000A000  __SRAM    |    0000A000  _rMBC7_LA
     0000A010  _rMBC7_LA |    0000A020  _rMBC7_AC |    0000A030  _rMBC7_AC
     0000A040  _rMBC7_AC |    0000A050  _rMBC7_AC |    0000C000  __RAM    
     0000C000  _shadow_O |    0000C0A0  s__DATA   |    0000D000  __RAMBANK
     0000DE16  s__BSS    |    0000DE16  s__INITIA |    0000DE30  s__HEAP  
ASxxxx Linker V03.00/V05.40 + sdld,  page 3.
Hexadecimal  [32-Bits]

Area                       Addr        Size        Decimal Bytes (Attributes)
--------------------       ----        ----        ------- ----- ------------
.  .ABS.               00000000    00000000 =           0. bytes (ABS,CON)

        Value  Global            Value  Global            Value  Global    
        -----  ------            -----  ------            -----  ------    
     0000DE30  s__HEAP_E |    0000E000  .STACK    |    0000FE00  __OAMRAM 
     0000FF00  _P1_REG   |    0000FF00  __IO      |    0000FF01  _SB_REG  
     0000FF02  _SC_REG   |    0000FF04  _DIV_REG  |    0000FF05  _TIMA_REG
     0000FF06  _TMA_REG  |    0000FF07  _TAC_REG  |    0000FF0F  _IF_REG  
     0000FF10  _NR10_REG |    0000FF11  _NR11_REG |    0000FF12  _NR12_REG
     0000FF13  _NR13_REG |    0000FF14  _NR14_REG |    0000FF16  _NR21_REG
     0000FF17  _NR22_REG |    0000FF18  _NR23_REG |    0000FF19  _NR24_REG
     0000FF1A  _NR30_REG |    0000FF1B  _NR31_REG |    0000FF1C  _NR32_REG
     0000FF1D  _NR33_REG |    0000FF1E  _NR34_REG |    0000FF20  _NR41_REG
     0000FF21  _NR42_REG |    0000FF22  _NR43_REG |    0000FF23  _NR44_REG
     0000FF24  _NR50_REG |    0000FF25  _NR51_REG |    0000FF26  _NR52_REG
     0000FF30  _AUD3WAVE |    0000FF30  _PCM_SAMP |    0000FF30  __AUD3WAV
     0000FF40  _LCDC_REG |    0000FF41  _STAT_REG |    0000FF42  _SCY_REG 
     0000FF43  _SCX_REG  |    0000FF44  _LY_REG   |    0000FF45  _LYC_REG 
     0000FF46  _DMA_REG  |    0000FF47  _BGP_REG  |    0000FF48  _OBP0_REG
     0000FF49  _OBP1_REG |    0000FF4A  _WY_REG   |    0000FF4B  _WX_REG  
     0000FF4D  _KEY1_REG |    0000FF4F  _VBK_REG  |    0000FF51  _HDMA1_RE
     0000FF52  _HDMA2_RE |    0000FF53  _HDMA3_RE |    0000FF54  _HDMA4_RE
     0000FF55  _HDMA5_RE |    0000FF56  _RP_REG   |    0000FF68  _BCPS_REG
     0000FF69  _BCPD_REG |    0000FF6A  _OCPS_REG |    0000FF6B  _OCPD_REG
     0000FF70  _SVBK_REG |    0000FF76  _PCM12_RE |    0000FF77  _PCM34_RE
     0000FF80  __HRAM    |    0000FF80  s__HRAM   |    0000FFFF  _IE_REG  
     00014000  s__CODE_1 |    00024000  s__CODE_2 |    00034000  s__CODE_3
     00044000  s__CODE_4 |    00054000  s__CODE_5 |    00064000  s__CODE_6
     00074000  s__CODE_7 |    00084000  s__CODE_8 |    00094000  s__CODE_9
     000A4000  s__CODE_1 |    000B4000  s__CODE_1 |    000C4000  s__CODE_1
     000D4000  s__CODE_1 |    000E4000  s__CODE_1 |    000F4000  s__CODE_1
     00104000  s__CODE_1
ASxxxx Linker V03.00/V05.40 + sdld,  page 4.
Hexadecimal  [32-Bits]

Area                       Addr        Size        Decimal Bytes (Attributes)
--------------------       ----        ----        ------- ----- ------------
_CODE                  00000200    000021CD =        8653. bytes (REL,CON)

        Value  Global            Value  Global            Value  Global    
        -----  ------            -----  ------            -----  ------    
     00000200  _ability_ |    000002A3  _ability_ |    000002B4  _ability_
     000002BD  _ability_ |    000002C8  _ability_ |    000002D2  _ability_
     000002DD  _ability_ |    00000350  ___func_a |    00000350  _ally_cle
     00000375  ___func_a |    00000375  _ally_cle |    00000384  ___func_a
     00000384  _ally_fin |    0000039F  ___func_a |    0000039F  _ally_has
     000003C1  _ally_wal |    0000044F  ___func_a |    0000044F  _ally_sum
     0000047D  _biome_lo |    000004D0  _biome_pi |    00000546  _player_l
     00000566  _lcd_hp_p |    0000062C  _lcd_init |    00000643  _lcd_susp
     00000655  _lcd_resu |    0000066C  _lcd_clea |    000006D8  _lighting
     000006E0  _lighting |    000006E4  _lighting |    00000720  _lighting
     00000724  _lighting |    0000073C  _lighting |    00000944  _lighting
     000009A9  _main     |    00001393  _sfx_lung |    0000139D  _sfx_spel
     000013AE  _sfx_whir |    000013BD  _sfx_shie |    000013CE  _music_pl
     00001404  _music_pl |    00001455  _music_se |    0000145F  _music_ge
     00001463  _music_be |    00001498  _music_lo |    000014C6  _music_st
     000014DF  _music_pl |    00001536  _music_in |    00001564  _perf_sta
     00001567  _perf_sta |    0000156F  _perf_rec |    00001613  _perf_avg
     00001647  _perf_max |    00001656  _perf_cle |    0000167B  _seed_ent
     000016FC  _seed_ent |    00001738  _seed_ent |    00001799  _targetin
     00001839  _tileset_ |    00001881  _tileset_ |    000018EB  _title_lo
     00001975  _title_lo |    00001B4D  _title_lo |    00001BA7  _ui_loadi
     00001BE0  _wall_pal |    00001D20  __divsuch |    00001D26  __modsuch
     00001D2F  __divusch |    00001D38  __modusch |    00001D44  __divscha
     00001D49  __modscha |    00001D50  __divsint |    00001D59  __modsint
     00001D65  __divucha |    00001D6A  __moducha |    00001D71  __divuint
     00001D7A  __moduint |    00001D86  .div8     |    00001D86  .mod8    
     00001D8E  .div16    |    00001D8E  .mod16    |    00001DC4  .divu8   
     00001DC4  .modu8    |    00001DC7  .divu16   |    00001DC7  .modu16  
     00001E07  _set_spri |    00001E0C  _set_bkg_ |    00001E0F  .set_pale
     00001E2E  _set_spri |    00001E33  _set_bkg_ |    00001E36  .set_pale
     00001E52  _memmove  |    00001F01  __mulsuch |    00001F04  __mulusch
     00001F0D  __mulscha |    00001F15  __mulint  |    00001F34  __mulucha
     00001F46  _set_vram |    00001F4F  _set_win_ |    00001F58  _set_bkg_
     00001F87  ___memcpy |    00001F87  _memcpy   |    00001FB9  _strcat  
     00001FCA  _printf   |    00001FDF  _cpu_slow |    00001FFA  _cpu_fast
     00002001  _cgb_comp |    00002001  _set_defa |    00002051  ___printf
     000023AE  _sprintf 
ASxxxx Linker V03.00/V05.40 + sdld,  page 5.
Hexadecimal  [32-Bits]

Area                       Addr        Size        Decimal Bytes (Attributes)
--------------------       ----        ----        ------- ----- ------------
_HEADER0               00000000    00000001 =           1. bytes (ABS,CON)

        Value  Global            Value  Global            Value  Global    
        -----  ------            -----  ------            -----  ------    
     00000020  .call_hl 
ASxxxx Linker V03.00/V05.40 + sdld,  page 6.
Hexadecimal  [32-Bits]

Area                       Addr        Size        Decimal Bytes (Attributes)
--------------------       ----        ----        ------- ----- ------------
_HEADER1               00000000    00000005 =           5. bytes (ABS,CON)

        Value  Global            Value  Global            Value  Global    
        -----  ------            -----  ------            -----  ------    
     00000028  .MemsetSm
ASxxxx Linker V03.00/V05.40 + sdld,  page 7.
Hexadecimal  [32-Bits]

Area                       Addr        Size        Decimal Bytes (Attributes)
--------------------       ----        ----        ------- ----- ------------
_HEADER2               00000000    00000007 =           7. bytes (ABS,CON)

        Value  Global            Value  Global            Value  Global    
        -----  ------            -----  ------            -----  ------    
     00000030  .MemcpySm
ASxxxx Linker V03.00/V05.40 + sdld,  page 8.
Hexadecimal  [32-Bits]

Area                       Addr        Size        Decimal Bytes (Attributes)
--------------------       ----        ----        ------- ----- ------------
_HEADER3               00000000    00000008 =           8. bytes (ABS,CON)

        Value  Global            Value  Global            Value  Global    
        -----  ------            -----  ------            -----  ------    
ASxxxx Linker V03.00/V05.40 + sdld,  page 9.
Hexadecimal  [32-Bits]

Area                       Addr        Size        Decimal Bytes (Attributes)
--------------------       ----        ----        ------- ----- ------------
_HEADER4               00000000    00000060 =          96. bytes (ABS,CON)

        Value  Global            Value  Global            Value  Global    
        -----  ------            -----  ------            -----  ------    
     00000080  .int      |    0000008F  _wait_int |    0000009C  __standar
     000000AB  _refresh_ |    000000CC  _set_inte
ASxxxx Linker V03.00/V05.40 + sdld,  page 10.
Hexadecimal  [32-Bits]

Area                       Addr        Size        Decimal Bytes (Attributes)
--------------------       ----        ----        ------- ----- ------------
_HEADER5               00000000    00000001 =           1. bytes (ABS,CON)

        Value  Global            Value  Global            Value  Global    
        -----  ------            -----  ------            -----  ------    
ASxxxx Linker V03.00/V05.40 + sdld,  page 11.
Hexadecimal  [32-Bits]

Area                       Addr        Size        Decimal Bytes (Attributes)
--------------------       ----        ----        ------- ----- ------------
_HEADER6               00000000    00000002 =           2. bytes (ABS,CON)

        Value  Global            Value  Global            Value  Global    
        -----  ------            -----  ------            -----  ------    
ASxxxx Linker V03.00/V05.40 + sdld,  page 12.
Hexadecimal  [32-Bits]

Area                       Addr        Size        Decimal Bytes (Attributes)
--------------------       ----        ----        ------- ----- ------------
_HEADER7               00000000    00000030 =          48. bytes (ABS,CON)

        Value  Global            Value  Global            Value  Global    
        -----  ------            -----  ------            -----  ------    
ASxxxx Linker V03.00/V05.40 + sdld,  page 13.
Hexadecimal  [32-Bits]

Area                       Addr        Size        Decimal Bytes (Attributes)
--------------------       ----        ----        ------- ----- ------------
_HEADER8               00000000    00000006 =           6. bytes (ABS,CON)

        Value  Global            Value  Global            Value  Global    
        -----  ------            -----  ------            -----  ------    
ASxxxx Linker V03.00/V05.40 + sdld,  page 14.
Hexadecimal  [32-Bits]

Area                       Addr        Size        Decimal Bytes (Attributes)
--------------------       ----        ----        ------- ----- ------------
_HEADER9               00000000    00000003 =           3. bytes (ABS,CON)

        Value  Global            Value  Global            Value  Global    
        -----  ------            -----  ------            -----  ------    
ASxxxx Linker V03.00/V05.40 + sdld,  page 15.
Hexadecimal  [32-Bits]

Area                       Addr        Size        Decimal Bytes (Attributes)
--------------------       ----        ----        ------- ----- ------------
_HEADERa               00000000    00000001 =           1. bytes (ABS,CON)

        Value  Global            Value  Global            Value  Global    
        -----  ------            -----  ------            -----  ------    
ASxxxx Linker V03.00/V05.40 + sdld,  page 16.
Hexadecimal  [32-Bits]

Area                       Addr        Size        Decimal Bytes (Attributes)
--------------------       ----        ----        ------- ----- ------------
_HEADERb               00000000    00000001 =           1. bytes (ABS,CON)

        Value  Global            Value  Global            Value  Global    
        -----  ------            -----  ------            -----  ------    
ASxxxx Linker V03.00/V05.40 + sdld,  page 17.
Hexadecimal  [32-Bits]

Area                       Addr        Size        Decimal Bytes (Attributes)
--------------------       ----        ----        ------- ----- ------------
_HEADERc               00000000    00000001 =           1. bytes (ABS,CON)

        Value  Global            Value  Global            Value  Global    
        -----  ------            -----  ------            -----  ------    
ASxxxx Linker V03.00/V05.40 + sdld,  page 18.
Hexadecimal  [32-Bits]

Area                       Addr        Size        Decimal Bytes (Attributes)
--------------------       ----        ----        ------- ----- ------------
_HEADERd               00000000    00000002 =           2. bytes (ABS,CON)

        Value  Global            Value  Global            Value  Global    
        -----  ------            -----  ------            -----  ------    
ASxxxx Linker V03.00/V05.40 + sdld,  page 19.
Hexadecimal  [32-Bits]

Area                       Addr        Size        Decimal Bytes (Attributes)
--------------------       ----        ----        ------- ----- ------------
_HEADERe               00000000    00000001 =           1. bytes (ABS,CON)

        Value  Global            Value  Global            Value  Global    
        -----  ------            -----  ------            -----  ------    
ASxxxx Linker V03.00/V05.40 + sdld,  page 20.
Hexadecimal  [32-Bits]

Area                       Addr        Size        Decimal Bytes (Attributes)
--------------------       ----        ----        ------- ----- ------------
_HEADERf               00000000    00000001 =           1. bytes (ABS,CON)

        Value  Global            Value  Global            Value  Global    
        -----  ------            -----  ------            -----  ------    
ASxxxx Linker V03.00/V05.40 + sdld,  page 21.
Hexadecimal  [32-Bits]

Area                       Addr        Size        Decimal Bytes (Attributes)
--------------------       ----        ----        ------- ----- ------------
_HEADER10              00000000    00000002 =           2. bytes (ABS,CON)

        Value  Global            Value  Global            Value  Global    
        -----  ------            -----  ------            -----  ------    
ASxxxx Linker V03.00/V05.40 + sdld,  page 22.
Hexadecimal  [32-Bits]

Area                       Addr        Size        Decimal Bytes (Attributes)
--------------------       ----        ----        ------- ----- ------------
_HEADER11              00000000    000000AB =         171. bytes (ABS,CON)

        Value  Global            Value  Global            Value  Global    
        -----  ------            -----  ------            -----  ------    
     00000150  .reset    |    00000150  _reset    |    00000157  .code_sta
     000001B9  _exit     |    000001BD  .wait_vbl |    000001BD  _vsync   
     000001BD  _wait_vbl |    000001CD  .remove_V |    000001CD  _remove_V
     000001D0  .remove_i |    000001ED  .add_VBL  |    000001ED  _add_VBL 
     000001F0  .add_int 
ASxxxx Linker V03.00/V05.40 + sdld,  page 23.
Hexadecimal  [32-Bits]

Area                       Addr        Size        Decimal Bytes (Attributes)
--------------------       ----        ----        ------- ----- ------------
_HOME                  000023CD    00000BC9 =        3017. bytes (REL,CON)

        Value  Global            Value  Global            Value  Global    
        -----  ------            -----  ------            -----  ------    
     000023CD  .memset_s |    000023D6  .memcpy_s |    000023F3  .display_
     000023F3  _display_ |    0000240B  _render_s |    0000246B  _render_s
     00002492  _fill_win |    000024A4  _strcpy   |    000024B6  _rand    
     000024B6  _randw    |    000024E1  _initrand |    000024E3  .initrand
     000024EC  _font_loa |    000024F3  font_load |    0000253B  font_copy
     00002571  font_set  |    0000257E  .put_char |    00002596  .out_char
     0000259C  .del_char |    000025F2  _putchar  |    000025FB  _setchar 
     00002604  _font_loa |    00002612  _font_set |    00002621  _font_ini
     00002640  .cls      |    00002640  _cls      |    00002662  _gotoxy  
     0000266D  _posx     |    0000267E  _posy     |    000026A6  .cr_curs 
     000026BB  .adv_curs |    00002717  .tmode    |    00002734  .tmode_ou
     0000273D  _font_col |    00002748  _set_tile |    0000274D  _set_bkg_
     0000274D  _set_win_ |    00002755  _set_spri |    000027B4  .add_LCD 
     000027B4  _add_LCD  |    000027BA  .remove_L |    000027BA  _remove_L
     000027C0  .fill_rec |    000027C9  .fill_rec |    00002816  __modulon
     000028B3  .padup    |    000028B3  _waitpadu |    000028C3  .jpad    
     000028C3  _joypad   |    000028EB  _waitpad  |    000028EC  .wait_pad
     000028F3  _fill_bkg |    00002905  _color    |    00002905  _set_1bpp
     00002914  _memset   |    00002947  .drawing_ |    00002964  _font_ibm
     00002D16  ___sdcc_b |    00002D2A  _strlen   |    00002D2F  .strlen  
     00002D38  __mullong |    00002E1F  _set_bkg_ |    00002E33  _set_bkg_
     00002E33  _set_win_ |    00002E3B  _set_spri |    00002E93  .set_xy_w
     00002E9C  .set_xy_b |    00002EAB  .set_xy_t |    00002EEF  _uitoa   
     00002EFE  _itoa     |    00002F0D  .itoa     |    00002F21  .utoa    
     00002F95  ___sdcc_c
ASxxxx Linker V03.00/V05.40 + sdld,  page 24.
Hexadecimal  [32-Bits]

Area                       Addr        Size        Decimal Bytes (Attributes)
--------------------       ----        ----        ------- ----- ------------
_INITIALIZER           00002F96    0000001A =          26. bytes (REL,CON)

        Value  Global            Value  Global            Value  Global    
        -----  ------            -----  ------            -----  ------    
ASxxxx Linker V03.00/V05.40 + sdld,  page 25.
Hexadecimal  [32-Bits]

Area                       Addr        Size        Decimal Bytes (Attributes)
--------------------       ----        ----        ------- ----- ------------
_GSINIT                00002FB0    0000000C =          12. bytes (REL,CON)

        Value  Global            Value  Global            Value  Global    
        -----  ------            -----  ------            -----  ------    
     00002FB0  gsinit   
ASxxxx Linker V03.00/V05.40 + sdld,  page 26.
Hexadecimal  [32-Bits]

Area                       Addr        Size        Decimal Bytes (Attributes)
--------------------       ----        ----        ------- ----- ------------
_GSFINAL               00002FBC    00000001 =           1. bytes (REL,CON)

        Value  Global            Value  Global            Value  Global    
        -----  ------            -----  ------            -----  ------    
ASxxxx Linker V03.00/V05.40 + sdld,  page 27.
Hexadecimal  [32-Bits]

Area                       Addr        Size        Decimal Bytes (Attributes)
--------------------       ----        ----        ------- ----- ------------
_DATA                  0000C0A0    00001D76 =        7542. bytes (REL,CON)

        Value  Global            Value  Global            Value  Global    
        -----  ------            -----  ------            -----  ------    
     0000C0A0  __cpu     |    0000C0A1  __is_GBA  |    0000C0A2  .mode    
     0000C0A3  .sys_time |    0000C0A3  _sys_time |    0000C0A5  .int_0x40
     0000C0B1  _enemy_de |    0000C0E2  _enemy_ac |    0000C0E9  _enemy_ac
     0000C0EA  _pending_ |    0000C0EB  _gameplay |    0000C0EC  _player_x
     0000C0EE  _player_c |    0000C0EF  _floor_bi |    0000C0F0  _g_player
     0000C0F1  _g_player |    0000C0F2  _g_prev_j |    0000C0F3  _g_run_en
     0000C0F5  _look_cx  |    0000C0F6  _look_cy  |    0000C0F7  _selected
     0000C0F8  _belt_slo |    0000C0FC  _witch_sh |    0000C0FD  _zerker_w
     0000C0FE  _book_hea |    0000C0FF  _knight_s |    0000C100  _player_l
     0000C101  _ally_act |    0000C105  _ally_x   |    0000C109  _ally_y  
     0000C10D  _ally_typ |    0000C111  _ally_cha |    0000C115  _ally_fli
     0000C119  _enemy_al |    0000C131  _dead_ene |    0000C149  _dead_ene
     0000C14A  _inventor |    0000C168  _inventor |    0000C186  _inventor
     0000C1A4  _ground_i |    0000C1AC  _ground_i |    0000C1B4  _ground_i
     0000C1BC  _pending_ |    0000C1BD  _inv_desc |    0000C1BE  _lcd_game
     0000C1BF  _lcd_shak |    0000C1C0  _lcd_shak |    0000C65C  _ui_loadi
     0000C65D  _ui_load_ |    0000C65E  _floor_bi |    0000CADE  _pit_bits
     0000CF5E  _explored |    0000D3DE  _nav_node |    0000D4FE  _num_nav_
     0000D4FF  _wall_til |    0000D500  _wall_pal |    0000D501  _pillar_p
     0000D502  _active_m |    0000D503  _active_m |    0000D504  _player_s
     0000D505  _player_s |    0000D506  _floor_co |    0000D509  _brazier_
     0000D50A  _brazier_ |    0000D51E  _brazier_ |    0000D532  _brazier_
     0000D549  _enemy_x  |    0000D561  _enemy_y  |    0000D579  _enemy_ty
     0000D591  _enemy_hp |    0000D5A9  _enemy_st |    0000D5C1  _num_enem
     0000D5C2  _corpse_x |    0000D5DA  _corpse_y |    0000D5F2  _corpse_t
     0000D60A  _num_corp |    0000D60B  _enemy_oc |    0000DC0B  _enemy_an
     0000DC0C  _enemy_at |    0000DC24  _enemy_at |    0000DC25  _enemy_fo
     0000DC8B  _camera_p |    0000DC8D  _camera_p |    0000DDF6  ___rand_s
     0000DDF8  font_curr |    0000DDFB  font_firs |    0000DDFC  font_tabl
     0000DE0E  .int_0x48
ASxxxx Linker V03.00/V05.40 + sdld,  page 28.
Hexadecimal  [32-Bits]

Area                       Addr        Size        Decimal Bytes (Attributes)
--------------------       ----        ----        ------- ----- ------------
_INITIALIZED           0000DE16    0000001A =          26. bytes (REL,CON)

        Value  Global            Value  Global            Value  Global    
        -----  ------            -----  ------            -----  ------    
     0000DE16  _current_ |    0000DE17  _next_sta |    0000DE18  _player_h
     0000DE19  _player_h |    0000DE1A  _player_l |    0000DE1B  _player_d
     0000DE1C  _floor_nu |    0000DE1D  _run_seed |    0000DE29  _ui_panel
     0000DE2A  .curx     |    0000DE2B  .cury     |    0000DE2C  .fg_colou
     0000DE2C  __current |    0000DE2D  .bg_colou |    0000DE2E  .draw_mod
     0000DE2F  __map_til
ASxxxx Linker V03.00/V05.40 + sdld,  page 29.
Hexadecimal  [32-Bits]

Area                       Addr        Size        Decimal Bytes (Attributes)
--------------------       ----        ----        ------- ----- ------------
_HRAM                  0000FF80    00000013 =          19. bytes (REL,CON)

        Value  Global            Value  Global            Value  Global    
        -----  ------            -----  ------            -----  ------    
     0000FF80  .refresh_ |    0000FF90  __current |    0000FF91  __vbl_don
     0000FF92  __shadow_
ASxxxx Linker V03.00/V05.40 + sdld,  page 30.
Hexadecimal  [32-Bits]

Area                       Addr        Size        Decimal Bytes (Attributes)
--------------------       ----        ----        ------- ----- ------------
_CODE_1                00014000    00001108 =        4360. bytes (REL,CON)

        Value  Global            Value  Global            Value  Global    
        -----  ------            -----  ------            -----  ------    
     00014000  ___func_t |    00014000  _tileset_ |    00014008  _tileset_
     00015008  _tileset_
ASxxxx Linker V03.00/V05.40 + sdld,  page 31.
Hexadecimal  [32-Bits]

Area                       Addr        Size        Decimal Bytes (Attributes)
--------------------       ----        ----        ------- ----- ------------
_CODE_2                00024000    00003F71 =       16241. bytes (REL,CON)

        Value  Global            Value  Global            Value  Global    
        -----  ------            -----  ------            -----  ------    
     00024000  _wall_ort |    000241B5  ___func_t |    000241B5  _tile_at 
     0002424B  ___func_m |    0002424B  _map_pit_ |    00024264  ___func_g
     00024264  _ground_i |    00024297  ___func_g |    00024297  _ground_i
     000242B9  _set_floo |    0002430B  _set_pit  |    00024367  ___func_i
     00024367  _is_walka |    000243AA  _tile_cha |    000243B8  _tile_vra
     000243CC  _tile_pal |    000243D9  _floor_gr |    000243F1  _floor_ti
     000248EC  _nearest_ |    0002498E  _nav_fill |    00024A75  _generate
     00024F76  ___func_l |    00024F76  _level_ge |    00025462  _enemy_gr
     000254AE  _enemy_pl |    000255F0  _enemy_cl |    0002569D  _corpse_p
     000257A8  _corpse_c |    00025823  _enemy_ty |    000258B6  _enemy_ef
     00025900  _enemy_ef |    0002594B  _enemy_an |    00025959  _enemy_an
     000259D5  ___func_e |    000259D5  _enemy_at |    00025A4D  _corpse_s
     00025AC5  _corpse_a |    00025AD1  _corpse_d |    00025AE0  _spawn_en
     00025C0F  _enemy_se |    00025C27  _enemy_ge |    00025F92  _enemy_re
     000260C5  _move_ene |    00026648  ___func_s |    00026648  _state_ga
     000266AE  ___func_s |    000266AE  _state_ga |    00026EC9  ___func_c
     00026EC9  _camera_i |    00027133  _camera_s |    00027608  _camera_s
     00027657  _apply_wa |    00027917  ___func_l |    00027917  _load_pal
     000279FB  _draw_cel |    00027A4F  _draw_col |    00027A89  _draw_row
     00027AC0  _draw_ui_ |    00027AC8  _draw_gam |    00027AE2  _draw_scr
     00027B61  _draw_gam |    00027B7E  _draw_ene |    00027B8D  _draw_cor
     00027C57  ___func_c |    00027C57  _combat_d |    00027DF2  ___func_c
     00027DF2  _combat_p |    00027E55  ___func_r |    00027E55  _resolve_
ASxxxx Linker V03.00/V05.40 + sdld,  page 32.
Hexadecimal  [32-Bits]

Area                       Addr        Size        Decimal Bytes (Attributes)
--------------------       ----        ----        ------- ----- ------------
_CODE_3                00034000    00003C7C =       15484. bytes (REL,CON)

        Value  Global            Value  Global            Value  Global    
        -----  ------            -----  ------            -----  ------    
     00034384  ___func_e |    00034384  _entity_s |    000343CD  ___func_e
     000343CD  _entity_s |    000343E8  ___func_e |    000343E8  _entity_s
     00034489  ___func_e |    00034489  _entity_s |    000344B1  ___func_e
     000344B1  _entity_s |    000344B7  ___func_e |    000344B7  _entity_s
     00034A7C  ___func_e |    00034A7C  _entity_s |    00034CDE  ___func_e
     00034CDE  _entity_s |    00034D0F  ___func_e |    00034D0F  _entity_s
     00034D30  ___func_e |    00034D30  _entity_s |    00034D3F  ___func_e
     00034D3F  _entity_s |    00034D45  ___func_e |    00034D45  _entity_s
     00034E0D  ___func_e |    00034E0D  _entity_s |    00034E32  ___func_e
     00034E32  _entity_s |    00034E4E  ___func_e |    00034E4E  _entity_s
     00034EF5  ___func_e |    00034EF5  _entity_s |    00034F7C  ___func_e
     00034F7C  _entity_s |    0003515A  ___func_e |    0003515A  _entity_s
     00035373  ___func_e |    00035373  _entity_s |    0003566A  ___func_e
     0003566A  _entity_s |    00035786  ___func_e |    00035786  _entity_s
     00035970  ___func_e |    00035970  _entity_s |    00035AAE  ___func_e
     00035AAE  _entity_s |    00035ADA  ___func_e |    00035ADA  _entity_s
     00035AE3  ___func_e |    00035AE3  _entity_s |    00035EF6  ___func_a
     00035EF6  _ally_fox |    0003606C  ___func_a |    0003606C  _ally_fox
     0003623A  ___func_a |    0003623A  _ally_fox |    00036BFC  ___func_s
     00036BFC  _state_in |    00036C1B  ___func_s |    00036C1B  _state_in
     00037106  ___func_s |    00037106  _state_ch |    00037587  ___func_s
     00037587  _state_pi |    000375D4  ___func_s |    000375D4  _state_pi
     000376E0  ___func_s |    000376E0  _state_st |    00037821  ___func_s
     00037821  _state_st |    00037843  ___func_s |    00037843  _state_ab
     0003794C  ___func_s |    0003794C  _state_ab |    0003796E  ___func_s
     0003796E  _state_ma |    00037A59  ___func_s |    00037A59  _state_ma
     00037AD7  ___func_c |    00037AD7  _class_pa |    00037B12  _class_pa
     00037B29  ___func_s |    00037B29  _state_ga |    00037BD5  ___func_s
     00037BD5  _state_tr |    00037C31  ___func_s |    00037C31  _state_ti
ASxxxx Linker V03.00/V05.40 + sdld,  page 33.
Hexadecimal  [32-Bits]

Area                       Addr        Size        Decimal Bytes (Attributes)
--------------------       ----        ----        ------- ----- ------------
_CODE_4                00044000    00000B9B =        2971. bytes (REL,CON)

        Value  Global            Value  Global            Value  Global    
        -----  ------            -----  ------            -----  ------    
     00044000  ___func_b |    00044000  _bwv1043_ |    00044132  _bwv1043_
     000446AE  _bwv1043_
ASxxxx Linker V03.00/V05.40 + sdld,  page 34.
Hexadecimal  [32-Bits]

Area                       Addr        Size        Decimal Bytes (Attributes)
--------------------       ----        ----        ------- ----- ------------
_CODE_5                00054000    00003A06 =       14854. bytes (REL,CON)

        Value  Global            Value  Global            Value  Global    
        -----  ------            -----  ------            -----  ------    
     00054000  ___func_u |    000547B6  _ui_comba |    000547C1  _ui_comba
     000548A1  _ui_comba |    000548B6  _ui_push_ |    00054A9C  _ui_push_
     00054CA5  _ui_push_ |    00054E79  _ui_push_ |    00054F7E  _ui_comba
     00054FC0  _seed_wor |    00055010  _seed_wor |    00055060  _seed_wor
     00055D6F  _run_seed |    00055DEC  _ui_game_ |    00055E2D  _window_u
     00055E7D  _window_u |    00055E84  _ui_loadi |    00055ED3  _ui_loadi
     00055EE4  _ui_draw_ |    00055F17  _ui_draw_ |    00055FA0  _ui_panel
     00055FA5  _ui_panel |    00055FB5  _ui_panel |    00055FC1  _ui_panel
     0005636E  _title_sc |    000564B2  ___func_b |    000564B2  _bwv527_d
     000565F3  _bwv527_m |    000571B4  _bwv527_b
ASxxxx Linker V03.00/V05.40 + sdld,  page 35.
Hexadecimal  [32-Bits]

Area                       Addr        Size        Decimal Bytes (Attributes)
--------------------       ----        ----        ------- ----- ------------
_CODE_6                00064000    0000007A =         122. bytes (REL,CON)

        Value  Global            Value  Global            Value  Global    
        -----  ------            -----  ------            -----  ------    
     00064033  ___func_a |    00064033  _ability_
ASxxxx Linker V03.00/V05.40 + sdld,  page 36.
Hexadecimal  [32-Bits]

Area                       Addr        Size        Decimal Bytes (Attributes)
--------------------       ----        ----        ------- ----- ------------
_CODE_7                00074000    00000059 =          89. bytes (REL,CON)

        Value  Global            Value  Global            Value  Global    
        -----  ------            -----  ------            -----  ------    
     00074033  ___func_a |    00074033  _ability_
ASxxxx Linker V03.00/V05.40 + sdld,  page 37.
Hexadecimal  [32-Bits]

Area                       Addr        Size        Decimal Bytes (Attributes)
--------------------       ----        ----        ------- ----- ------------
_CODE_8                00084000    00000269 =         617. bytes (REL,CON)

        Value  Global            Value  Global            Value  Global    
        -----  ------            -----  ------            -----  ------    
     00084233  ___func_a |    00084233  _ability_
ASxxxx Linker V03.00/V05.40 + sdld,  page 38.
Hexadecimal  [32-Bits]

Area                       Addr        Size        Decimal Bytes (Attributes)
--------------------       ----        ----        ------- ----- ------------
_CODE_9                00094000    0000020E =         526. bytes (REL,CON)

        Value  Global            Value  Global            Value  Global    
        -----  ------            -----  ------            -----  ------    
     000941ED  ___func_a |    000941ED  _ability_
ASxxxx Linker V03.00/V05.40 + sdld,  page 39.
Hexadecimal  [32-Bits]

Area                       Addr        Size        Decimal Bytes (Attributes)
--------------------       ----        ----        ------- ----- ------------
_CODE_10               000A4000    00000150 =         336. bytes (REL,CON)

        Value  Global            Value  Global            Value  Global    
        -----  ------            -----  ------            -----  ------    
     000A4000  ___func_b |    000A4000  _biome_du |    000A40E4  ___func_l
     000A40E4  _level_in
ASxxxx Linker V03.00/V05.40 + sdld,  page 40.
Hexadecimal  [32-Bits]

Area                       Addr        Size        Decimal Bytes (Attributes)
--------------------       ----        ----        ------- ----- ------------
_CODE_11               000B4000    00000092 =         146. bytes (REL,CON)

        Value  Global            Value  Global            Value  Global    
        -----  ------            -----  ------            -----  ------    
     000B4000  ___func_b |    000B4000  _biome_cr
ASxxxx Linker V03.00/V05.40 + sdld,  page 41.
Hexadecimal  [32-Bits]

Area                       Addr        Size        Decimal Bytes (Attributes)
--------------------       ----        ----        ------- ----- ------------
_CODE_12               000C4000    0000008A =         138. bytes (REL,CON)

        Value  Global            Value  Global            Value  Global    
        -----  ------            -----  ------            -----  ------    
     000C4000  ___func_b |    000C4000  _biome_ca
ASxxxx Linker V03.00/V05.40 + sdld,  page 42.
Hexadecimal  [32-Bits]

Area                       Addr        Size        Decimal Bytes (Attributes)
--------------------       ----        ----        ------- ----- ------------
_CODE_13               000D4000    000008C2 =        2242. bytes (REL,CON)

        Value  Global            Value  Global            Value  Global    
        -----  ------            -----  ------            -----  ------    
     000D4000  _items_ki |    000D4248  _items_eq |    000D430D  _items_ki
     000D4323  _items_ki |    000D433A  _items_ki |    000D4391  _items_ki
     000D43E9  _inventor |    000D4408  _inventor |    000D441F  _inventor
     000D4441  _inventor |    000D44B8  _inventor |    000D461C  _items_us
     000D482E  _enemy_tr
ASxxxx Linker V03.00/V05.40 + sdld,  page 43.
Hexadecimal  [32-Bits]

Area                       Addr        Size        Decimal Bytes (Attributes)
--------------------       ----        ----        ------- ----- ------------
_CODE_14               000E4000    00000EDF =        3807. bytes (REL,CON)

        Value  Global            Value  Global            Value  Global    
        -----  ------            -----  ------            -----  ------    
     000E4000  ___func_s |    000E4B99  _story_ui
ASxxxx Linker V03.00/V05.40 + sdld,  page 44.
Hexadecimal  [32-Bits]

Area                       Addr        Size        Decimal Bytes (Attributes)
--------------------       ----        ----        ------- ----- ------------
_CODE_15               000F4000    0000009D =         157. bytes (REL,CON)

        Value  Global            Value  Global            Value  Global    
        -----  ------            -----  ------            -----  ------    
     000F4000  _scroll_b
ASxxxx Linker V03.00/V05.40 + sdld,  page 45.
Hexadecimal  [32-Bits]

Area                       Addr        Size        Decimal Bytes (Attributes)
--------------------       ----        ----        ------- ----- ------------
_CODE_16               00104000    00000165 =         357. bytes (REL,CON)

        Value  Global            Value  Global            Value  Global    
        -----  ------            -----  ------            -----  ------    
     00104000  _root_ico |    001040EF  _scroll_r
ASxxxx Linker V03.00/V05.40 + sdld,  page 46.
Hexadecimal  [32-Bits]

Area                       Addr        Size        Decimal Bytes (Attributes)
--------------------       ----        ----        ------- ----- ------------
_FONT_HEADER0          00000000    00000003 =           3. bytes (ABS,CON)

        Value  Global            Value  Global            Value  Global    
        -----  ------            -----  ------            -----  ------    
ASxxxx Linker V03.00/V05.40 + sdld,  page 47.
Hexadecimal  [32-Bits]

Area                       Addr        Size        Decimal Bytes (Attributes)
--------------------       ----        ----        ------- ----- ------------
_HEADER_LCD0           00000000    00000003 =           3. bytes (ABS,CON)

        Value  Global            Value  Global            Value  Global    
        -----  ------            -----  ------            -----  ------    
ASxxxx Linker V03.00/V05.40 + sdld,  page 48.

Files Linked                              [ module(s) ]

./gbdk/lib/gb/crt0.o                      [ Runtime ]
obj/gbc/ability_dispatch.rel              [ ability_dispatch ]
obj/gbc/ally.rel                          [ ally ]
obj/gbc/biome.rel                         [ biome ]
obj/gbc/debug_bank.rel                    [ debug_bank ]
obj/gbc/globals.rel                       [ globals ]
obj/gbc/lcd.rel                           [ lcd ]
obj/gbc/lighting.rel                      [ lighting ]
obj/gbc/main.rel                          [ main ]
obj/gbc/music.rel                         [ music ]
obj/gbc/perf.rel                          [ perf ]
obj/gbc/seed_entropy.rel                  [ seed_entropy ]
obj/gbc/targeting.rel                     [ targeting ]
obj/gbc/tileset_io.rel                    [ tileset_io ]
obj/gbc/title_logo.rel                    [ title_logo ]
obj/gbc/ui_loading_isr.rel                [ ui_loading_isr ]
obj/gbc/wall_palettes.rel                 [ wall_palettes ]
obj/gbc/tileset.rel                       [ tileset ]
obj/gbc/map.rel                           [ map ]
obj/gbc/enemy.rel                         [ enemy ]
obj/gbc/state_gameplay.rel                [ state_gameplay ]
obj/gbc/camera.rel                        [ camera ]
obj/gbc/render.rel                        [ render ]
obj/gbc/combat.rel                        [ combat ]
obj/gbc/entity_sprites.rel                [ entity_sprites ]
obj/gbc/scoundrel_fox.rel                 [ scoundrel_fox ]
obj/gbc/state_inventory.rel               [ state_inventory ]
obj/gbc/state_char_create.rel             [ state_char_create ]
obj/gbc/state_pickup.rel                  [ state_pickup ]
obj/gbc/state_stats.rel                   [ state_stats ]
obj/gbc/state_ability.rel                 [ state_ability ]
obj/gbc/state_map.rel                     [ state_map ]
obj/gbc/class_palettes.rel                [ class_palettes ]
obj/gbc/state_game_over.rel               [ state_game_over ]
obj/gbc/state_transition.rel              [ state_transition ]
obj/gbc/state_title.rel                   [ state_title ]
obj/gbc/bwv1043_music.rel                 [ bwv1043_music ]
obj/gbc/ui.rel                            [ ui ]
obj/gbc/bwv527_music.rel                  [ bwv527_music ]
obj/gbc/abilities_knight.rel              [ abilities_knight ]
obj/gbc/abilities_scoundrel.rel           [ abilities_scoundrel ]
obj/gbc/abilities_witch.rel               [ abilities_witch ]
obj/gbc/abilities_zerker.rel              [ abilities_zerker ]
obj/gbc/biome_dungeon.rel                 [ biome_dungeon ]
obj/gbc/level_init.rel                    [ level_init ]
obj/gbc/biome_crypt.rel                   [ biome_crypt ]
obj/gbc/biome_cavern.rel                  [ biome_cavern ]
obj/gbc/items.rel                         [ items ]
obj/gbc/story_ui.rel                      [ story_ui ]
obj/gbc/scroll_blast.rel                  [ scroll_blast ]
obj/gbc/root_icon.rel                     [ root_icon ]
obj/gbc/scroll_root.rel                   [ scroll_root ]


Libraries Linked                          [ object file ]

./gbdk/lib/gb/gb.lib                      [ fill_rect_wi.o ]
./gbdk/lib/sm83/sm83.lib                  [ div.o ]
./gbdk/lib/gb/gb.lib                      [ sfr.o ]
./gbdk/lib/sm83/sm83.lib                  [ _strcpy.o ]
./gbdk/lib/sm83/sm83.lib                  [ rand.o ]
./gbdk/lib/gb/gb.lib                      [ font.o ]
./gbdk/lib/gb/gb.lib                      [ cgb_palettes.o ]
./gbdk/lib/gb/gb.lib                      [ font_color.o ]
./gbdk/lib/sm83/sm83.lib                  [ _memmove.o ]
./gbdk/lib/sm83/sm83.lib                  [ mul.o ]
./gbdk/lib/gb/gb.lib                      [ set_data.o ]
./gbdk/lib/gb/gb.lib                      [ set_tile.o ]
./gbdk/lib/gb/gb.lib                      [ lcd.o ]
./gbdk/lib/gb/gb.lib                      [ fill_rect.o ]
./gbdk/lib/sm83/sm83.lib                  [ _modulong.o ]
./gbdk/lib/gb/gb.lib                      [ pad.o ]
./gbdk/lib/gb/gb.lib                      [ fill_rect_bk.o ]
./gbdk/lib/sm83/sm83.lib                  [ memcpy.o ]
./gbdk/lib/gb/gb.lib                      [ color.o ]
./gbdk/lib/sm83/sm83.lib                  [ _memset.o ]
./gbdk/lib/gb/gb.lib                      [ drawing_isr.o ]
./gbdk/lib/gb/gb.lib                      [ f_ibm_sh.o ]
./gbdk/lib/gb/gb.lib                      [ ___sdcc_bcall_ehl.o ]
./gbdk/lib/sm83/sm83.lib                  [ strcat.o ]
./gbdk/lib/sm83/sm83.lib                  [ printf.o ]
./gbdk/lib/gb/gb.lib                      [ cgb.o ]
./gbdk/lib/sm83/sm83.lib                  [ strlen.o ]
./gbdk/lib/sm83/sm83.lib                  [ _mullong.o ]
./gbdk/lib/gb/gb.lib                      [ cgb_compat.o ]
./gbdk/lib/gb/gb.lib                      [ set_bk_t.o ]
./gbdk/lib/gb/gb.lib                      [ set_1bit_data.o ]
./gbdk/lib/sm83/sm83.lib                  [ sprintf.o ]
./gbdk/lib/gb/gb.lib                      [ set_xy_t.o ]
./gbdk/lib/sm83/sm83.lib                  [ itoa.o ]
./gbdk/lib/sm83/sm83.lib                  [ __sdcc_call_hl.o ]

ASxxxx Linker V03.00/V05.40 + sdld,  page 49.

User Base Address Definitions

_DATA=0xC0A0
_CODE=0x0200
_HRAM=0xFF80
ASxxxx Linker V03.00/V05.40 + sdld,  page 50.

User Global Definitions

_shadow_OAM=0xC000
.STACK=0xE000

