ASxxxx Linker V03.00/V05.40 + sdld,  page 1.
Hexadecimal  [32-Bits]

Area                       Addr        Size        Decimal Bytes (Attributes)
--------------------       ----        ----        ------- ----- ------------
.  .ABS.               00000000    00000000 =           0. bytes (ABS,CON)

        Value  Global            Value  Global            Value  Global    
        -----  ------            -----  ------            -----  ------    
     00000000  .__.ABS.  |    00000000  ___bank_a |    00000000  ___bank_a
     00000000  ___bank_a |    00000000  ___bank_a |    00000000  ___bank_a
     00000000  ___bank_e |    00000000  ___bank_e |    00000000  ___bank_e
     00000000  ___bank_e |    00000000  _rMBC7_SR |    00000000  _rRAMG   
     00000000  b_enemy_g |    00000000  b_enemy_s |    00000000  b_enemy_s
     00000000  b_enemy_t |    00000000  l__BASE   |    00000000  l__BSS   
     00000000  l__CABS   |    00000000  l__CODE_0 |    00000000  l__DABS  
     00000000  l__FONT_H |    00000000  l__HEADER |    00000000  l__HEADER
     00000000  l__HEAP   |    00000000  l__HEAP_E |    00000000  l__LIT   
     00000000  s__CABS   |    00000000  s__DABS   |    00000000  s__FONT_H
     00000000  s__FONT_H |    00000000  s__HEADER |    00000000  s__HEADER
     00000000  s__HEADER |    00000000  s__HEADER |    00000000  s__HEADER
     00000000  s__HEADER |    00000000  s__HEADER |    00000000  s__HEADER
     00000000  s__HEADER |    00000000  s__HEADER |    00000000  s__HEADER
     00000000  s__HEADER |    00000000  s__HEADER |    00000000  s__HEADER
     00000000  s__HEADER |    00000000  s__HEADER |    00000000  s__HEADER
     00000000  s__HEADER |    00000000  s__HEADER |    00000000  s__HEADER
     00000000  s__HEADER |    00000001  ___bank_t |    00000001  l__GSFINA
     00000001  l__HEADER |    00000001  l__HEADER |    00000001  l__HEADER
     00000001  l__HEADER |    00000001  l__HEADER |    00000001  l__HEADER
     00000001  l__HEADER |    00000002  ___bank_c |    00000002  ___bank_e
     00000002  ___bank_e |    00000002  ___bank_g |    00000002  ___bank_g
     00000002  ___bank_i |    00000002  ___bank_l |    00000002  ___bank_m
     00000002  ___bank_m |    00000002  ___bank_m |    00000002  ___bank_s
     00000002  ___bank_s |    00000002  ___bank_t |    00000002  b_camera_
     00000002  b_camera_ |    00000002  b_camera_ |    00000002  b_corpse_
     00000002  b_corpse_ |    00000002  b_draw_bo |    00000002  b_draw_co
     00000002  b_draw_ga |    00000002  b_enemy_a |    00000002  b_enemy_c
     00000002  b_enemy_e |    00000002  b_enemy_e |    00000002  b_enemy_p
     00000002  b_enemy_r |    00000002  b_ground_ |    00000002  b_ground_
     00000002  b_is_walk |    00000002  b_level_g |    00000002  b_map_pit
     00000002  b_map_til |    00000002  b_map_til |    00000002  b_state_g
     00000002  b_state_g |    00000002  b_tile_at |    00000002  l__HEADER
     00000002  l__HEADER |    00000002  l__HEADER |    00000003  ___bank_c
     00000003  ___bank_s |    00000003  ___bank_s |    00000003  ___bank_s
     00000003  ___bank_s |    00000003  ___bank_s |    00000003  ___bank_s
     00000003  ___bank_s |    00000003  ___bank_s |    00000003  ___bank_s
     00000003  ___bank_s |    00000003  ___bank_s |    00000003  ___bank_s
     00000003  ___bank_s |    00000003  ___bank_s |    00000003  b_class_p
     00000003  b_class_p |    00000003  b_state_a |    00000003  b_state_a
     00000003  b_state_c |    00000003  b_state_g |    00000003  b_state_i
     00000003  b_state_i |    00000003  b_state_m |    00000003  b_state_m
     00000003  b_state_p |    00000003  b_state_p |    00000003  b_state_s
     00000003  b_state_s |    00000003  b_state_t |    00000003  b_state_t
     00000003  l__FONT_H |    00000003  l__HEADER |    00000003  l__HEADER
     00000004  ___bank_b |    00000005  ___bank_u |    00000005  b_run_see
     00000005  b_title_s |    00000005  b_ui_comb |    00000005  b_ui_comb
     00000005  b_ui_comb |    00000005  b_ui_comb |    00000005  b_ui_comb
     00000005  b_ui_draw |    00000005  b_ui_draw |    00000005  b_ui_game
     00000005  b_ui_load |    00000005  b_ui_load |    00000005  b_ui_map_
ASxxxx Linker V03.00/V05.40 + sdld,  page 2.
Hexadecimal  [32-Bits]

Area                       Addr        Size        Decimal Bytes (Attributes)
--------------------       ----        ----        ------- ----- ------------
.  .ABS.               00000000    00000000 =           0. bytes (ABS,CON)

        Value  Global            Value  Global            Value  Global    
        -----  ------            -----  ------            -----  ------    
     00000005  b_ui_pane |    00000005  b_ui_pane |    00000005  b_ui_pane
     00000005  b_ui_pane |    00000005  b_ui_push |    00000005  b_ui_push
     00000005  b_ui_push |    00000005  b_ui_push |    00000005  b_window_
     00000005  b_window_ |    00000005  l__HEADER |    00000006  ___bank_a
     00000006  ___bank_a |    00000006  b_abiliti |    00000006  b_ability
     00000006  l__HEADER |    00000007  ___bank_a |    00000007  ___bank_a
     00000007  b_abiliti |    00000007  b_ability |    00000007  l__HEADER
     00000008  ___bank_a |    00000008  ___bank_a |    00000008  b_abiliti
     00000008  b_ability |    00000008  l__HEADER |    00000009  ___bank_a
     00000009  ___bank_a |    00000009  b_abiliti |    00000009  b_ability
     0000000A  ___bank_b |    0000000A  ___bank_g |    0000000A  ___bank_l
     0000000A  b_generat |    0000000A  b_level_i |    0000000B  ___bank_b
     0000000C  ___bank_b |    0000000D  b_enemy_t |    0000000D  b_invento
     0000000D  b_invento |    0000000D  b_invento |    0000000D  b_invento
     0000000D  b_invento |    0000000D  b_item_ro |    0000000D  b_items_k
     0000000D  b_items_k |    0000000D  b_items_k |    0000000D  b_items_k
     0000000D  b_items_k |    0000000D  b_items_k |    0000000D  b_items_u
     0000000D  b_ring_ro |    0000000E  ___bank_s |    0000000E  b_story_u
     0000000F  b_scroll_ |    00000010  b_bow_sho |    00000010  b_debuff_
     00000010  b_scroll_ |    00000011  ___bank_a |    00000011  ___bank_a
     00000011  ___bank_a |    00000011  ___bank_e |    00000011  ___bank_e
     00000011  ___bank_e |    00000011  ___bank_e |    00000011  ___bank_e
     00000011  ___bank_e |    00000011  ___bank_e |    00000011  ___bank_e
     00000011  ___bank_e |    00000011  ___bank_e |    00000011  ___bank_e
     00000011  ___bank_e |    00000011  ___bank_e |    00000011  ___bank_e
     00000011  ___bank_e |    00000011  ___bank_e |    00000011  ___bank_e
     00000011  ___bank_e |    00000011  ___bank_e |    00000011  ___bank_e
     00000011  ___bank_e |    00000011  ___bank_e |    00000011  ___bank_e
     00000011  ___bank_e |    00000011  ___bank_e |    00000011  ___bank_e
     00000011  ___bank_e |    00000011  b_ally_fo |    00000011  b_ally_fo
     00000011  b_ally_fo |    00000011  b_entity_ |    00000011  b_entity_
     00000011  b_entity_ |    00000011  b_entity_ |    00000011  b_entity_
     00000011  b_entity_ |    00000011  b_entity_ |    00000011  b_entity_
     00000011  b_entity_ |    00000011  b_entity_ |    00000011  b_entity_
     00000011  b_entity_ |    00000011  b_entity_ |    00000011  b_entity_
     00000011  b_entity_ |    00000011  b_entity_ |    00000011  b_entity_
     00000011  b_entity_ |    00000011  b_entity_ |    00000011  b_entity_
     00000011  b_entity_ |    00000011  b_entity_ |    00000011  b_entity_
     00000011  b_entity_ |    00000011  b_entity_ |    00000011  b_entity_
     00000011  b_entity_ |    00000011  l__GSINIT |    00000012  ___bank_b
     00000013  ___bank_c |    00000013  ___bank_c |    00000013  ___bank_c
     00000013  ___bank_r |    00000013  b_combat_ |    00000013  b_combat_
     00000013  b_combat_ |    00000013  b_resolve |    00000013  l__HRAM  
     00000014  b_equippe |    00000014  b_equippe |    00000014  b_items_e
     00000014  b_items_e |    00000015  ___bank_b |    00000015  ___bank_b
     00000016  ___bank_a |    00000016  ___bank_a |    00000016  ___bank_b
     00000016  ___bank_b |    00000016  ___bank_l |    00000016  ___bank_o
     00000016  ___bank_o |    00000016  ___bank_o |    00000016  ___bank_o
     00000016  ___bank_o |    00000016  ___bank_o |    00000016  ___bank_o
     00000016  ___bank_r |    00000016  ___bank_r |    00000016  ___bank_w
     00000016  ___bank_w |    00000016  b_apply_f |    00000016  b_apply_w
ASxxxx Linker V03.00/V05.40 + sdld,  page 3.
Hexadecimal  [32-Bits]

Area                       Addr        Size        Decimal Bytes (Attributes)
--------------------       ----        ----        ------- ----- ------------
.  .ABS.               00000000    00000000 =           0. bytes (ABS,CON)

        Value  Global            Value  Global            Value  Global    
        -----  ------            -----  ------            -----  ------    
     00000016  b_load_pa |    00000016  b_overwor |    00000016  b_overwor
     00000016  b_overwor |    00000016  b_overwor |    00000016  b_overwor
     00000016  b_overwor |    00000016  b_overwor |    00000016  b_render_
     00000016  b_render_ |    00000016  b_water_a |    00000016  b_water_a
     00000018  ___bank_b |    00000018  ___bank_b |    00000018  ___bank_b
     00000018  ___bank_s |    00000018  ___bank_s |    00000018  b_sphinx_
     00000018  b_sphinx_ |    0000001B  ___bank_b |    0000001B  ___bank_e
     00000020  l__INITIA |    00000020  l__INITIA |    00000030  l__HEADER
     00000052  l__CODE_2 |    00000060  l__HEADER |    00000074  l__CODE_7
     00000084  l__CODE_1 |    00000084  l__CODE_1 |    00000088  l__CODE_6
     0000009D  l__CODE_1 |    000000AB  l__HEADER |    0000010A  l__CODE_2
     00000200  s__CODE   |    00000272  l__CODE_9 |    00000277  l__CODE_1
     00000293  l__CODE_8 |    00000331  l__CODE_2 |    00000452  l__CODE_2
     0000055E  l__CODE_1 |    00000B71  l__HOME   |    00000B9B  l__CODE_4
     00000EDF  l__CODE_1 |    00001108  l__CODE_1 |    000011DD  l__CODE_1
     00001351  l__CODE_2 |    00001554  l__CODE_1 |    00001B27  l__DATA  
     00001D79  l__CODE_1 |    00001EC5  l__CODE_3 |    00002000  _rROMB0  
     00002D7C  l__CODE   |    00002F7C  s__HOME   |    00003000  _rROMB1  
     00003036  l__CODE_1 |    00003151  l__CODE_5 |    00003AED  s__BASE  
     00003AED  s__CODE_0 |    00003AED  s__INITIA |    00003AED  s__LIT   
     00003B0D  s__GSINIT |    00003B1E  s__GSFINA |    00003E21  l__CODE_2
     00004000  _rMBC7_SR |    00004000  _rRAMB    |    00008000  __VRAM   
     00008000  __VRAM800 |    00008800  __VRAM880 |    00009000  __VRAM900
     00009800  __SCRN0   |    00009C00  __SCRN1   |    0000A000  __SRAM   
     0000A000  _rMBC7_LA |    0000A010  _rMBC7_LA |    0000A020  _rMBC7_AC
     0000A030  _rMBC7_AC |    0000A040  _rMBC7_AC |    0000A050  _rMBC7_AC
     0000C000  __RAM     |    0000C000  _shadow_O |    0000C0A0  s__DATA  
     0000D000  __RAMBANK |    0000DBC7  s__BSS    |    0000DBC7  s__INITIA
     0000DBE7  s__HEAP   |    0000DBE7  s__HEAP_E |    0000E000  .STACK   
     0000FE00  __OAMRAM  |    0000FF00  _P1_REG   |    0000FF00  __IO     
     0000FF01  _SB_REG   |    0000FF02  _SC_REG   |    0000FF04  _DIV_REG 
     0000FF05  _TIMA_REG |    0000FF06  _TMA_REG  |    0000FF07  _TAC_REG 
     0000FF0F  _IF_REG   |    0000FF10  _NR10_REG |    0000FF11  _NR11_REG
     0000FF12  _NR12_REG |    0000FF13  _NR13_REG |    0000FF14  _NR14_REG
     0000FF16  _NR21_REG |    0000FF17  _NR22_REG |    0000FF18  _NR23_REG
     0000FF19  _NR24_REG |    0000FF1A  _NR30_REG |    0000FF1B  _NR31_REG
     0000FF1C  _NR32_REG |    0000FF1D  _NR33_REG |    0000FF1E  _NR34_REG
     0000FF20  _NR41_REG |    0000FF21  _NR42_REG |    0000FF22  _NR43_REG
     0000FF23  _NR44_REG |    0000FF24  _NR50_REG |    0000FF25  _NR51_REG
     0000FF26  _NR52_REG |    0000FF30  _AUD3WAVE |    0000FF30  _PCM_SAMP
     0000FF30  __AUD3WAV |    0000FF40  _LCDC_REG |    0000FF41  _STAT_REG
     0000FF42  _SCY_REG  |    0000FF43  _SCX_REG  |    0000FF44  _LY_REG  
     0000FF45  _LYC_REG  |    0000FF46  _DMA_REG  |    0000FF47  _BGP_REG 
     0000FF48  _OBP0_REG |    0000FF49  _OBP1_REG |    0000FF4A  _WY_REG  
     0000FF4B  _WX_REG   |    0000FF4D  _KEY1_REG |    0000FF4F  _VBK_REG 
     0000FF51  _HDMA1_RE |    0000FF52  _HDMA2_RE |    0000FF53  _HDMA3_RE
     0000FF54  _HDMA4_RE |    0000FF55  _HDMA5_RE |    0000FF56  _RP_REG  
     0000FF68  _BCPS_REG |    0000FF69  _BCPD_REG |    0000FF6A  _OCPS_REG
     0000FF6B  _OCPD_REG |    0000FF70  _SVBK_REG |    0000FF76  _PCM12_RE
     0000FF77  _PCM34_RE |    0000FF80  __HRAM    |    0000FF80  s__HRAM  
     0000FFFF  _IE_REG   |    00014000  s__CODE_1 |    00024000  s__CODE_2
ASxxxx Linker V03.00/V05.40 + sdld,  page 4.
Hexadecimal  [32-Bits]

Area                       Addr        Size        Decimal Bytes (Attributes)
--------------------       ----        ----        ------- ----- ------------
.  .ABS.               00000000    00000000 =           0. bytes (ABS,CON)

        Value  Global            Value  Global            Value  Global    
        -----  ------            -----  ------            -----  ------    
     00034000  s__CODE_3 |    00044000  s__CODE_4 |    00054000  s__CODE_5
     00064000  s__CODE_6 |    00074000  s__CODE_7 |    00084000  s__CODE_8
     00094000  s__CODE_9 |    000A4000  s__CODE_1 |    000B4000  s__CODE_1
     000C4000  s__CODE_1 |    000D4000  s__CODE_1 |    000E4000  s__CODE_1
     000F4000  s__CODE_1 |    00104000  s__CODE_1 |    00114000  s__CODE_1
     00124000  s__CODE_1 |    00134000  s__CODE_1 |    00144000  s__CODE_2
     00154000  s__CODE_2 |    00164000  s__CODE_2 |    00184000  s__CODE_2
     001B4000  s__CODE_2
ASxxxx Linker V03.00/V05.40 + sdld,  page 5.
Hexadecimal  [32-Bits]

Area                       Addr        Size        Decimal Bytes (Attributes)
--------------------       ----        ----        ------- ----- ------------
_CODE                  00000200    00002D7C =       11644. bytes (REL,CON)

        Value  Global            Value  Global            Value  Global    
        -----  ------            -----  ------            -----  ------    
     00000200  _ability_ |    000002A3  _ability_ |    000002B4  _ability_
     000002BD  _ability_ |    000002C8  _ability_ |    000002D2  _ability_
     000002DD  _ability_ |    00000319  _ability_ |    0000038C  ___func_a
     0000038C  _ally_cle |    000003B1  ___func_a |    000003B1  _ally_cle
     000003C0  ___func_a |    000003C0  _ally_fin |    000003DB  ___func_a
     000003DB  _ally_has |    000003FD  _ally_wal |    0000048B  ___func_a
     0000048B  _ally_sum |    000004B9  _biome_lo |    000007FC  _biome_pi
     0000089A  ___func_e |    0000089A  _enemy_ty |    00000942  ___func_e
     00000942  _enemy_sl |    00000AEA  ___func_e |    00000AEA  _enemy_sl
     00000CF0  ___func_e |    00000CF0  _enemy_go |    00000F0C  _player_l
     00000F2C  _ow_prefa |    00000F40  _lcd_hp_p |    00001006  _lcd_init
     0000101D  _lcd_susp |    0000102F  _lcd_resu |    00001046  _lcd_clea
     00001122  _overworl |    0000114E  _overworl |    0000117A  _overworl
     00001192  _road_bit |    000011BE  _road_set |    000011EA  _road_cle
     00001202  _lighting |    0000120A  _lighting |    0000120E  _lighting
     0000124A  _lighting |    0000124E  _lighting |    0000125A  _lighting
     0000142B  _lighting |    0000146C  _main     |    00001F20  _sfx_lung
     00001F2A  _sfx_dodg |    00001F3B  _sfx_spel |    00001F4C  _sfx_whir
     00001F5B  _sfx_shie |    00001F6C  _sfx_fox_ |    00001F7D  _music_pl
     00001FB3  _music_pl |    00002004  _music_se |    0000200E  _music_ge
     00002012  _music_be |    00002047  _music_lo |    00002075  _music_st
     0000208E  _music_pl |    000020E5  _music_in |    00002113  _perf_sta
     00002116  _perf_sta |    0000211E  _perf_rec |    000021C2  _perf_avg
     000021F6  _perf_max |    00002205  _perf_cle |    0000222A  _seed_ent
     000022AB  _seed_ent |    000022E7  _seed_ent |    00002348  _targetin
     000023E8  _tileset_ |    00002430  _tileset_ |    0000249A  _title_lo
     00002524  _title_lo |    000026FC  _title_lo |    00002756  _ui_loadi
     0000278F  _wall_pal |    000028CF  __divsuch |    000028D5  __modsuch
     000028DE  __divusch |    000028E7  __modusch |    000028F3  __divscha
     000028F8  __modscha |    000028FF  __divsint |    00002908  __modsint
     00002914  __divucha |    00002919  __moducha |    00002920  __divuint
     00002929  __moduint |    00002935  .div8     |    00002935  .mod8    
     0000293D  .div16    |    0000293D  .mod16    |    00002973  .divu8   
     00002973  .modu8    |    00002976  .divu16   |    00002976  .modu16  
     000029B6  _set_spri |    000029BB  _set_bkg_ |    000029BE  .set_pale
     000029DD  _set_spri |    000029E2  _set_bkg_ |    000029E5  .set_pale
     00002A01  _memmove  |    00002AB0  __mulsuch |    00002AB3  __mulusch
     00002ABC  __mulscha |    00002AC4  __mulint  |    00002AE3  __mulucha
     00002AF5  _set_vram |    00002AFE  _set_win_ |    00002B07  _set_bkg_
     00002B36  ___memcpy |    00002B36  _memcpy   |    00002B68  _strcat  
     00002B79  _printf   |    00002B8E  _cpu_slow |    00002BA9  _cpu_fast
     00002BB0  _cgb_comp |    00002BB0  _set_defa |    00002C00  ___printf
     00002F5D  _sprintf 
ASxxxx Linker V03.00/V05.40 + sdld,  page 6.
Hexadecimal  [32-Bits]

Area                       Addr        Size        Decimal Bytes (Attributes)
--------------------       ----        ----        ------- ----- ------------
_HEADER0               00000000    00000001 =           1. bytes (ABS,CON)

        Value  Global            Value  Global            Value  Global    
        -----  ------            -----  ------            -----  ------    
     00000020  .call_hl 
ASxxxx Linker V03.00/V05.40 + sdld,  page 7.
Hexadecimal  [32-Bits]

Area                       Addr        Size        Decimal Bytes (Attributes)
--------------------       ----        ----        ------- ----- ------------
_HEADER1               00000000    00000005 =           5. bytes (ABS,CON)

        Value  Global            Value  Global            Value  Global    
        -----  ------            -----  ------            -----  ------    
     00000028  .MemsetSm
ASxxxx Linker V03.00/V05.40 + sdld,  page 8.
Hexadecimal  [32-Bits]

Area                       Addr        Size        Decimal Bytes (Attributes)
--------------------       ----        ----        ------- ----- ------------
_HEADER2               00000000    00000007 =           7. bytes (ABS,CON)

        Value  Global            Value  Global            Value  Global    
        -----  ------            -----  ------            -----  ------    
     00000030  .MemcpySm
ASxxxx Linker V03.00/V05.40 + sdld,  page 9.
Hexadecimal  [32-Bits]

Area                       Addr        Size        Decimal Bytes (Attributes)
--------------------       ----        ----        ------- ----- ------------
_HEADER3               00000000    00000008 =           8. bytes (ABS,CON)

        Value  Global            Value  Global            Value  Global    
        -----  ------            -----  ------            -----  ------    
ASxxxx Linker V03.00/V05.40 + sdld,  page 10.
Hexadecimal  [32-Bits]

Area                       Addr        Size        Decimal Bytes (Attributes)
--------------------       ----        ----        ------- ----- ------------
_HEADER4               00000000    00000060 =          96. bytes (ABS,CON)

        Value  Global            Value  Global            Value  Global    
        -----  ------            -----  ------            -----  ------    
     00000080  .int      |    0000008F  _wait_int |    0000009C  __standar
     000000AB  _refresh_ |    000000CC  _set_inte
ASxxxx Linker V03.00/V05.40 + sdld,  page 11.
Hexadecimal  [32-Bits]

Area                       Addr        Size        Decimal Bytes (Attributes)
--------------------       ----        ----        ------- ----- ------------
_HEADER5               00000000    00000001 =           1. bytes (ABS,CON)

        Value  Global            Value  Global            Value  Global    
        -----  ------            -----  ------            -----  ------    
ASxxxx Linker V03.00/V05.40 + sdld,  page 12.
Hexadecimal  [32-Bits]

Area                       Addr        Size        Decimal Bytes (Attributes)
--------------------       ----        ----        ------- ----- ------------
_HEADER6               00000000    00000002 =           2. bytes (ABS,CON)

        Value  Global            Value  Global            Value  Global    
        -----  ------            -----  ------            -----  ------    
ASxxxx Linker V03.00/V05.40 + sdld,  page 13.
Hexadecimal  [32-Bits]

Area                       Addr        Size        Decimal Bytes (Attributes)
--------------------       ----        ----        ------- ----- ------------
_HEADER7               00000000    00000030 =          48. bytes (ABS,CON)

        Value  Global            Value  Global            Value  Global    
        -----  ------            -----  ------            -----  ------    
ASxxxx Linker V03.00/V05.40 + sdld,  page 14.
Hexadecimal  [32-Bits]

Area                       Addr        Size        Decimal Bytes (Attributes)
--------------------       ----        ----        ------- ----- ------------
_HEADER8               00000000    00000006 =           6. bytes (ABS,CON)

        Value  Global            Value  Global            Value  Global    
        -----  ------            -----  ------            -----  ------    
ASxxxx Linker V03.00/V05.40 + sdld,  page 15.
Hexadecimal  [32-Bits]

Area                       Addr        Size        Decimal Bytes (Attributes)
--------------------       ----        ----        ------- ----- ------------
_HEADER9               00000000    00000003 =           3. bytes (ABS,CON)

        Value  Global            Value  Global            Value  Global    
        -----  ------            -----  ------            -----  ------    
ASxxxx Linker V03.00/V05.40 + sdld,  page 16.
Hexadecimal  [32-Bits]

Area                       Addr        Size        Decimal Bytes (Attributes)
--------------------       ----        ----        ------- ----- ------------
_HEADERa               00000000    00000001 =           1. bytes (ABS,CON)

        Value  Global            Value  Global            Value  Global    
        -----  ------            -----  ------            -----  ------    
ASxxxx Linker V03.00/V05.40 + sdld,  page 17.
Hexadecimal  [32-Bits]

Area                       Addr        Size        Decimal Bytes (Attributes)
--------------------       ----        ----        ------- ----- ------------
_HEADERb               00000000    00000001 =           1. bytes (ABS,CON)

        Value  Global            Value  Global            Value  Global    
        -----  ------            -----  ------            -----  ------    
ASxxxx Linker V03.00/V05.40 + sdld,  page 18.
Hexadecimal  [32-Bits]

Area                       Addr        Size        Decimal Bytes (Attributes)
--------------------       ----        ----        ------- ----- ------------
_HEADERc               00000000    00000001 =           1. bytes (ABS,CON)

        Value  Global            Value  Global            Value  Global    
        -----  ------            -----  ------            -----  ------    
ASxxxx Linker V03.00/V05.40 + sdld,  page 19.
Hexadecimal  [32-Bits]

Area                       Addr        Size        Decimal Bytes (Attributes)
--------------------       ----        ----        ------- ----- ------------
_HEADERd               00000000    00000002 =           2. bytes (ABS,CON)

        Value  Global            Value  Global            Value  Global    
        -----  ------            -----  ------            -----  ------    
ASxxxx Linker V03.00/V05.40 + sdld,  page 20.
Hexadecimal  [32-Bits]

Area                       Addr        Size        Decimal Bytes (Attributes)
--------------------       ----        ----        ------- ----- ------------
_HEADERe               00000000    00000001 =           1. bytes (ABS,CON)

        Value  Global            Value  Global            Value  Global    
        -----  ------            -----  ------            -----  ------    
ASxxxx Linker V03.00/V05.40 + sdld,  page 21.
Hexadecimal  [32-Bits]

Area                       Addr        Size        Decimal Bytes (Attributes)
--------------------       ----        ----        ------- ----- ------------
_HEADERf               00000000    00000001 =           1. bytes (ABS,CON)

        Value  Global            Value  Global            Value  Global    
        -----  ------            -----  ------            -----  ------    
ASxxxx Linker V03.00/V05.40 + sdld,  page 22.
Hexadecimal  [32-Bits]

Area                       Addr        Size        Decimal Bytes (Attributes)
--------------------       ----        ----        ------- ----- ------------
_HEADER10              00000000    00000002 =           2. bytes (ABS,CON)

        Value  Global            Value  Global            Value  Global    
        -----  ------            -----  ------            -----  ------    
ASxxxx Linker V03.00/V05.40 + sdld,  page 23.
Hexadecimal  [32-Bits]

Area                       Addr        Size        Decimal Bytes (Attributes)
--------------------       ----        ----        ------- ----- ------------
_HEADER11              00000000    000000AB =         171. bytes (ABS,CON)

        Value  Global            Value  Global            Value  Global    
        -----  ------            -----  ------            -----  ------    
     00000150  .reset    |    00000150  _reset    |    00000157  .code_sta
     000001B9  _exit     |    000001BD  .wait_vbl |    000001BD  _vsync   
     000001BD  _wait_vbl |    000001CD  .remove_V |    000001CD  _remove_V
     000001D0  .remove_i |    000001ED  .add_VBL  |    000001ED  _add_VBL 
     000001F0  .add_int 
ASxxxx Linker V03.00/V05.40 + sdld,  page 24.
Hexadecimal  [32-Bits]

Area                       Addr        Size        Decimal Bytes (Attributes)
--------------------       ----        ----        ------- ----- ------------
_HOME                  00002F7C    00000B71 =        2929. bytes (REL,CON)

        Value  Global            Value  Global            Value  Global    
        -----  ------            -----  ------            -----  ------    
     00002F7C  .memset_s |    00002F85  .memcpy_s |    00002FA2  .display_
     00002FA2  _display_ |    00002FBA  _render_s |    00002FC2  _render_s
     00002FE9  _fill_win |    00002FFB  _strcpy   |    0000300D  _rand    
     0000300D  _randw    |    00003038  _initrand |    0000303A  .initrand
     00003043  _font_loa |    0000304A  font_load |    00003092  font_copy
     000030C8  font_set  |    000030D5  .put_char |    000030ED  .out_char
     000030F3  .del_char |    00003149  _putchar  |    00003152  _setchar 
     0000315B  _font_loa |    00003169  _font_set |    00003178  _font_ini
     00003197  .cls      |    00003197  _cls      |    000031B9  _gotoxy  
     000031C4  _posx     |    000031D5  _posy     |    000031FD  .cr_curs 
     00003212  .adv_curs |    0000326E  .tmode    |    0000328B  .tmode_ou
     00003294  _font_col |    0000329F  _set_tile |    000032A4  _set_bkg_
     000032A4  _set_win_ |    000032AC  _set_spri |    0000330B  .add_LCD 
     0000330B  _add_LCD  |    00003311  .remove_L |    00003311  _remove_L
     00003317  .fill_rec |    00003320  .fill_rec |    0000336D  __modulon
     0000340A  .padup    |    0000340A  _waitpadu |    0000341A  .jpad    
     0000341A  _joypad   |    00003442  _waitpad  |    00003443  .wait_pad
     0000344A  _fill_bkg |    0000345C  ___sdcc_c |    0000345D  _color   
     0000345D  _set_1bpp |    0000346C  _memset   |    0000349F  .drawing_
     000034BC  _font_ibm |    0000386E  ___sdcc_b |    00003882  _strlen  
     00003887  .strlen   |    00003890  __mullong |    00003977  _set_bkg_
     0000398B  _set_bkg_ |    0000398B  _set_win_ |    00003993  _set_spri
     000039EB  .set_xy_w |    000039F4  .set_xy_b |    00003A03  .set_xy_t
     00003A47  _uitoa    |    00003A56  _itoa     |    00003A65  .itoa    
     00003A79  .utoa    
ASxxxx Linker V03.00/V05.40 + sdld,  page 25.
Hexadecimal  [32-Bits]

Area                       Addr        Size        Decimal Bytes (Attributes)
--------------------       ----        ----        ------- ----- ------------
_INITIALIZER           00003AED    00000020 =          32. bytes (REL,CON)

        Value  Global            Value  Global            Value  Global    
        -----  ------            -----  ------            -----  ------    
ASxxxx Linker V03.00/V05.40 + sdld,  page 26.
Hexadecimal  [32-Bits]

Area                       Addr        Size        Decimal Bytes (Attributes)
--------------------       ----        ----        ------- ----- ------------
_GSINIT                00003B0D    00000011 =          17. bytes (REL,CON)

        Value  Global            Value  Global            Value  Global    
        -----  ------            -----  ------            -----  ------    
     00003B0D  gsinit   
ASxxxx Linker V03.00/V05.40 + sdld,  page 27.
Hexadecimal  [32-Bits]

Area                       Addr        Size        Decimal Bytes (Attributes)
--------------------       ----        ----        ------- ----- ------------
_GSFINAL               00003B1E    00000001 =           1. bytes (REL,CON)

        Value  Global            Value  Global            Value  Global    
        -----  ------            -----  ------            -----  ------    
ASxxxx Linker V03.00/V05.40 + sdld,  page 28.
Hexadecimal  [32-Bits]

Area                       Addr        Size        Decimal Bytes (Attributes)
--------------------       ----        ----        ------- ----- ------------
_DATA                  0000C0A0    00001B27 =        6951. bytes (REL,CON)

        Value  Global            Value  Global            Value  Global    
        -----  ------            -----  ------            -----  ------    
     0000C0A0  __cpu     |    0000C0A1  __is_GBA  |    0000C0A2  .mode    
     0000C0A3  .sys_time |    0000C0A3  _sys_time |    0000C0A5  .int_0x40
     0000C0B1  _enemy_de |    0000C0F7  _enemy_ac |    0000C101  _enemy_ac
     0000C102  _pending_ |    0000C103  _pending_ |    0000C104  _gameplay
     0000C105  _level_is |    0000C106  _deepest_ |    0000C107  _entered_
     0000C108  _player_x |    0000C10A  _player_c |    0000C10B  _player_a
     0000C10C  _player_m |    0000C10D  _player_d |    0000C10E  _player_c
     0000C10F  _floor_bi |    0000C110  _overworl |    0000C111  _g_player
     0000C112  _g_player |    0000C113  _g_prev_j |    0000C114  _g_run_en
     0000C116  _look_cx  |    0000C117  _look_cy  |    0000C118  _selected
     0000C119  _belt_slo |    0000C11D  _player_h |    0000C11E  _witch_sh
     0000C11F  _zerker_w |    0000C120  _book_hea |    0000C121  _knight_s
     0000C122  _player_l |    0000C123  _ally_act |    0000C127  _ally_x  
     0000C12B  _ally_y   |    0000C12F  _ally_typ |    0000C133  _ally_cha
     0000C137  _ally_fli |    0000C13B  _enemy_al |    0000C153  _dead_ene
     0000C16B  _dead_ene |    0000C16C  _floor_it |    0000C19E  _floor_en
     0000C234  _inventor |    0000C252  _inventor |    0000C270  _inventor
     0000C28E  _inventor |    0000C2AC  _ground_i |    0000C2B4  _ground_i
     0000C2BC  _ground_i |    0000C2C4  _ground_i |    0000C2CC  _pending_
     0000C2CD  _inv_desc |    0000C2CE  _ow_featu |    0000C322  _ow_featu
     0000C323  _lcd_game |    0000C324  _lcd_shak |    0000C325  _lcd_shak
     0000C7C1  _ui_loadi |    0000C7C2  _ui_load_ |    0000C7C3  _enemy_x 
     0000C7DB  _enemy_y  |    0000C7F3  _enemy_ty |    0000C80B  _enemy_hp
     0000C823  _enemy_st |    0000C83B  _enemy_st |    0000C853  _num_enem
     0000C854  _corpse_x |    0000C86C  _corpse_y |    0000C884  _corpse_t
     0000C89C  _num_corp |    0000C89D  _enemy_oc |    0000CE9D  _enemy_an
     0000CE9E  _enemy_at |    0000CEB6  _enemy_at |    0000CEB7  _enemy_fo
     0000CECF  _enemy_pe |    0000CF35  _floor_bi |    0000D3B5  _pit_bits
     0000D835  _nav_node |    0000D955  _num_nav_ |    0000D956  _wall_til
     0000D957  _wall_pal |    0000D958  _pillar_p |    0000D959  _active_m
     0000D95A  _active_m |    0000D95B  _player_s |    0000D95C  _player_s
     0000D95D  _floor_co |    0000D960  _brazier_ |    0000D961  _brazier_
     0000D975  _brazier_ |    0000D989  _brazier_ |    0000D99D  _pit_x   
     0000D99E  _pit_y    |    0000D99F  _pit_pres |    0000D9A0  _camera_p
     0000D9A2  _camera_p |    0000D9A4  _render_s |    0000D9B9  _render_s
     0000DB8C  _water_an |    0000DBA7  ___rand_s |    0000DBA9  font_curr
     0000DBAC  font_firs |    0000DBAD  font_tabl |    0000DBBF  .int_0x48
ASxxxx Linker V03.00/V05.40 + sdld,  page 29.
Hexadecimal  [32-Bits]

Area                       Addr        Size        Decimal Bytes (Attributes)
--------------------       ----        ----        ------- ----- ------------
_INITIALIZED           0000DBC7    00000020 =          32. bytes (REL,CON)

        Value  Global            Value  Global            Value  Global    
        -----  ------            -----  ------            -----  ------    
     0000DBC7  _current_ |    0000DBC8  _next_sta |    0000DBC9  _player_h
     0000DBCA  _player_h |    0000DBCB  _player_l |    0000DBCC  _player_d
     0000DBCD  _floor_nu |    0000DBCE  _run_seed |    0000DBD0  _boss_ali
     0000DBD1  _ui_panel |    0000DBE1  .curx     |    0000DBE2  .cury    
     0000DBE3  .fg_colou |    0000DBE3  __current |    0000DBE4  .bg_colou
     0000DBE5  .draw_mod |    0000DBE6  __map_til
ASxxxx Linker V03.00/V05.40 + sdld,  page 30.
Hexadecimal  [32-Bits]

Area                       Addr        Size        Decimal Bytes (Attributes)
--------------------       ----        ----        ------- ----- ------------
_HRAM                  0000FF80    00000013 =          19. bytes (REL,CON)

        Value  Global            Value  Global            Value  Global    
        -----  ------            -----  ------            -----  ------    
     0000FF80  .refresh_ |    0000FF90  __current |    0000FF91  __vbl_don
     0000FF92  __shadow_
ASxxxx Linker V03.00/V05.40 + sdld,  page 31.
Hexadecimal  [32-Bits]

Area                       Addr        Size        Decimal Bytes (Attributes)
--------------------       ----        ----        ------- ----- ------------
_CODE_1                00014000    00001108 =        4360. bytes (REL,CON)

        Value  Global            Value  Global            Value  Global    
        -----  ------            -----  ------            -----  ------    
     00014000  ___func_t |    00014000  _tileset_ |    00014008  _tileset_
     00015008  _tileset_
ASxxxx Linker V03.00/V05.40 + sdld,  page 32.
Hexadecimal  [32-Bits]

Area                       Addr        Size        Decimal Bytes (Attributes)
--------------------       ----        ----        ------- ----- ------------
_CODE_2                00024000    00003E21 =       15905. bytes (REL,CON)

        Value  Global            Value  Global            Value  Global    
        -----  ------            -----  ------            -----  ------    
     00024004  _enemy_gr |    00024050  _enemy_pl |    00024192  _enemy_cl
     0002423F  _corpse_p |    0002434A  _corpse_c |    000243C5  ___func_e
     000243C5  _enemy_pl |    000243D3  _enemy_ef |    0002441D  _enemy_ef
     00024468  _enemy_an |    00024476  _enemy_an |    000244F2  ___func_e
     000244F2  _enemy_at |    0002456A  _corpse_s |    000245E2  _corpse_a
     000245EE  _corpse_d |    000245FD  _spawn_en |    00024A5C  _enemy_se
     00024A74  _enemy_ge |    00024DDF  _enemy_re |    00024F67  _move_ene
     000257D0  ___func_s |    000257D0  _state_ga |    0002583D  ___func_s
     0002583D  _state_ga |    00026319  _wall_ort |    000264CE  ___func_t
     000264CE  _tile_at  |    0002655C  ___func_m |    0002655C  _map_pit_
     00026575  ___func_g |    00026575  _ground_i |    000265A8  ___func_m
     000265A8  _map_tile |    000265D8  ___func_m |    000265D8  _map_tile
     00026612  ___func_g |    00026612  _ground_i |    00026658  ___func_i
     00026658  _is_walka |    0002669B  _tile_cha |    000266A9  _tile_vra
     000266D0  _tile_pal |    000266DD  _floor_gr |    000266F5  _floor_ti
     0002681F  _nearest_ |    000268C1  _nav_fill |    000269A8  ___func_l
     000269A8  _level_ge |    000270D3  ___func_c |    000270D3  _camera_i
     0002733D  _camera_s |    000278F8  _camera_s |    00027BB2  _draw_cel
     00027C06  _classify |    00027C41  _classify |    00027C74  _draw_col
     00027CBE  _draw_row |    00027D08  _draw_ui_ |    00027D10  _draw_gam
     00027D2A  _draw_scr |    00027D77  _draw_gam |    00027D94  _draw_gam
     00027D9C  _draw_ene |    00027DAB  _draw_cor |    00027DF0  _draw_cor
     00027DF3  _draw_bos
ASxxxx Linker V03.00/V05.40 + sdld,  page 33.
Hexadecimal  [32-Bits]

Area                       Addr        Size        Decimal Bytes (Attributes)
--------------------       ----        ----        ------- ----- ------------
_CODE_3                00034000    00001EC5 =        7877. bytes (REL,CON)

        Value  Global            Value  Global            Value  Global    
        -----  ------            -----  ------            -----  ------    
     00034B70  ___func_s |    00034B70  _state_in |    00034BB8  ___func_s
     00034BB8  _state_in |    00035178  ___func_s |    00035178  _state_ch
     00035649  ___func_s |    00035649  _state_pi |    0003569A  ___func_s
     0003569A  _state_pi |    000357C7  ___func_s |    000357C7  _state_st
     000359D4  ___func_s |    000359D4  _state_st |    000359F6  ___func_s
     000359F6  _state_ab |    00035AFF  ___func_s |    00035AFF  _state_ab
     00035B21  ___func_s |    00035B21  _state_ma |    00035C1D  ___func_s
     00035C1D  _state_ma |    00035C3F  ___func_s |    00035C3F  _state_tr
     00035D7C  ___func_c |    00035D7C  _class_pa |    00035DB7  _class_pa
     00035DCE  ___func_s |    00035DCE  _state_ga |    00035E7A  ___func_s
     00035E7A  _state_ti
ASxxxx Linker V03.00/V05.40 + sdld,  page 34.
Hexadecimal  [32-Bits]

Area                       Addr        Size        Decimal Bytes (Attributes)
--------------------       ----        ----        ------- ----- ------------
_CODE_4                00044000    00000B9B =        2971. bytes (REL,CON)

        Value  Global            Value  Global            Value  Global    
        -----  ------            -----  ------            -----  ------    
     00044000  ___func_b |    00044000  _bwv1043_ |    00044132  _bwv1043_
     000446AE  _bwv1043_
ASxxxx Linker V03.00/V05.40 + sdld,  page 35.
Hexadecimal  [32-Bits]

Area                       Addr        Size        Decimal Bytes (Attributes)
--------------------       ----        ----        ------- ----- ------------
_CODE_5                00054000    00003151 =       12625. bytes (REL,CON)

        Value  Global            Value  Global            Value  Global    
        -----  ------            -----  ------            -----  ------    
     00054000  ___func_u |    00054FF7  _ui_comba |    00055002  _ui_comba
     000550E7  _ui_comba |    000550FC  _ui_comba |    00055118  _ui_push_
     00055494  _ui_push_ |    0005569D  _ui_push_ |    00055874  _ui_push_
     00055979  _ui_comba |    000559BB  _seed_wor |    00055A0B  _seed_wor
     00055A5B  _seed_wor |    00056955  _run_seed |    000569D2  _ui_map_p
     00056A55  _ui_game_ |    00056A96  _window_u |    00056AE6  _window_u
     00056AED  _ui_loadi |    00056B52  _ui_loadi |    00056B63  _ui_draw_
     00056BD0  _ui_draw_ |    00056C59  _ui_panel |    00056C5E  _ui_panel
     00056C6E  _ui_panel |    00056C7A  _ui_panel |    00057061  _title_sc
ASxxxx Linker V03.00/V05.40 + sdld,  page 36.
Hexadecimal  [32-Bits]

Area                       Addr        Size        Decimal Bytes (Attributes)
--------------------       ----        ----        ------- ----- ------------
_CODE_6                00064000    00000088 =         136. bytes (REL,CON)

        Value  Global            Value  Global            Value  Global    
        -----  ------            -----  ------            -----  ------    
     00064033  ___func_a |    00064033  _abilitie |    00064041  ___func_a
     00064041  _ability_
ASxxxx Linker V03.00/V05.40 + sdld,  page 37.
Hexadecimal  [32-Bits]

Area                       Addr        Size        Decimal Bytes (Attributes)
--------------------       ----        ----        ------- ----- ------------
_CODE_7                00074000    00000074 =         116. bytes (REL,CON)

        Value  Global            Value  Global            Value  Global    
        -----  ------            -----  ------            -----  ------    
     00074033  ___func_a |    00074033  _abilitie |    0007404E  ___func_a
     0007404E  _ability_
ASxxxx Linker V03.00/V05.40 + sdld,  page 38.
Hexadecimal  [32-Bits]

Area                       Addr        Size        Decimal Bytes (Attributes)
--------------------       ----        ----        ------- ----- ------------
_CODE_8                00084000    00000293 =         659. bytes (REL,CON)

        Value  Global            Value  Global            Value  Global    
        -----  ------            -----  ------            -----  ------    
     00084242  ___func_a |    00084242  _abilitie |    0008425D  ___func_a
     0008425D  _ability_
ASxxxx Linker V03.00/V05.40 + sdld,  page 39.
Hexadecimal  [32-Bits]

Area                       Addr        Size        Decimal Bytes (Attributes)
--------------------       ----        ----        ------- ----- ------------
_CODE_9                00094000    00000272 =         626. bytes (REL,CON)

        Value  Global            Value  Global            Value  Global    
        -----  ------            -----  ------            -----  ------    
     00094243  ___func_a |    00094243  _abilitie |    00094251  ___func_a
     00094251  _ability_
ASxxxx Linker V03.00/V05.40 + sdld,  page 40.
Hexadecimal  [32-Bits]

Area                       Addr        Size        Decimal Bytes (Attributes)
--------------------       ----        ----        ------- ----- ------------
_CODE_10               000A4000    00001D79 =        7545. bytes (REL,CON)

        Value  Global            Value  Global            Value  Global    
        -----  ------            -----  ------            -----  ------    
     000A5059  ___func_g |    000A5059  _generate |    000A5AD1  ___func_l
     000A5AD1  _level_in |    000A5C94  ___func_b |    000A5C94  _biome_du
ASxxxx Linker V03.00/V05.40 + sdld,  page 41.
Hexadecimal  [32-Bits]

Area                       Addr        Size        Decimal Bytes (Attributes)
--------------------       ----        ----        ------- ----- ------------
_CODE_11               000B4000    00000084 =         132. bytes (REL,CON)

        Value  Global            Value  Global            Value  Global    
        -----  ------            -----  ------            -----  ------    
     000B4000  ___func_b |    000B4000  _biome_cr
ASxxxx Linker V03.00/V05.40 + sdld,  page 42.
Hexadecimal  [32-Bits]

Area                       Addr        Size        Decimal Bytes (Attributes)
--------------------       ----        ----        ------- ----- ------------
_CODE_12               000C4000    00000084 =         132. bytes (REL,CON)

        Value  Global            Value  Global            Value  Global    
        -----  ------            -----  ------            -----  ------    
     000C4000  ___func_b |    000C4000  _biome_ca
ASxxxx Linker V03.00/V05.40 + sdld,  page 43.
Hexadecimal  [32-Bits]

Area                       Addr        Size        Decimal Bytes (Attributes)
--------------------       ----        ----        ------- ----- ------------
_CODE_13               000D4000    000011DD =        4573. bytes (REL,CON)

        Value  Global            Value  Global            Value  Global    
        -----  ------            -----  ------            -----  ------    
     000D4000  _items_ki |    000D4874  _items_ki |    000D488A  _items_ki
     000D48A1  _items_ki |    000D48F8  _items_ki |    000D4950  _items_ki
     000D4AB1  _inventor |    000D4AD0  _inventor |    000D4AE7  _inventor
     000D4B11  _inventor |    000D4BC6  _inventor |    000D4E10  _items_us
     000D5068  _item_rol |    000D50DB  _ring_rol |    000D5109  _enemy_tr
ASxxxx Linker V03.00/V05.40 + sdld,  page 44.
Hexadecimal  [32-Bits]

Area                       Addr        Size        Decimal Bytes (Attributes)
--------------------       ----        ----        ------- ----- ------------
_CODE_14               000E4000    00000EDF =        3807. bytes (REL,CON)

        Value  Global            Value  Global            Value  Global    
        -----  ------            -----  ------            -----  ------    
     000E4000  ___func_s |    000E4B99  _story_ui
ASxxxx Linker V03.00/V05.40 + sdld,  page 45.
Hexadecimal  [32-Bits]

Area                       Addr        Size        Decimal Bytes (Attributes)
--------------------       ----        ----        ------- ----- ------------
_CODE_15               000F4000    0000009D =         157. bytes (REL,CON)

        Value  Global            Value  Global            Value  Global    
        -----  ------            -----  ------            -----  ------    
     000F4000  _scroll_b
ASxxxx Linker V03.00/V05.40 + sdld,  page 46.
Hexadecimal  [32-Bits]

Area                       Addr        Size        Decimal Bytes (Attributes)
--------------------       ----        ----        ------- ----- ------------
_CODE_16               00104000    00000277 =         631. bytes (REL,CON)

        Value  Global            Value  Global            Value  Global    
        -----  ------            -----  ------            -----  ------    
     00104024  _debuff_i |    0010413F  _bow_shoo |    00104201  _scroll_r
ASxxxx Linker V03.00/V05.40 + sdld,  page 47.
Hexadecimal  [32-Bits]

Area                       Addr        Size        Decimal Bytes (Attributes)
--------------------       ----        ----        ------- ----- ------------
_CODE_17               00114000    00003036 =       12342. bytes (REL,CON)

        Value  Global            Value  Global            Value  Global    
        -----  ------            -----  ------            -----  ------    
     00114448  ___func_e |    00114448  _entity_s |    00114491  ___func_e
     00114491  _entity_s |    001144AC  ___func_e |    001144AC  _entity_s
     00114553  ___func_e |    00114553  _entity_s |    0011457B  ___func_e
     0011457B  _entity_s |    00114581  ___func_e |    00114581  _entity_s
     001150D2  ___func_e |    001150D2  _entity_s |    001154A2  ___func_e
     001154A2  _entity_s |    001154D3  ___func_e |    001154D3  _entity_s
     001154F4  ___func_e |    001154F4  _entity_s |    00115503  ___func_e
     00115503  _entity_s |    00115545  ___func_e |    00115545  _entity_s
     0011562D  ___func_e |    0011562D  _entity_s |    00115652  ___func_e
     00115652  _entity_s |    0011566E  ___func_e |    0011566E  _entity_s
     00115715  ___func_e |    00115715  _entity_s |    0011579C  ___func_e
     0011579C  _entity_s |    0011597A  ___func_e |    0011597A  _entity_s
     00115B93  ___func_e |    00115B93  _entity_s |    00115E8A  ___func_e
     00115E8A  _entity_s |    00116084  ___func_e |    00116084  _entity_s
     001161A0  ___func_e |    001161A0  _entity_s |    0011638A  ___func_e
     0011638A  _entity_s |    001164C8  ___func_e |    001164C8  _entity_s
     001164F4  ___func_e |    001164F4  _entity_s |    001164FD  ___func_e
     001164FD  _entity_s |    00116511  ___func_e |    00116511  _entity_s
     00116924  ___func_a |    00116924  _ally_fox |    00116A9A  ___func_a
     00116A9A  _ally_fox |    00116C68  ___func_a |    00116C68  _ally_fox
ASxxxx Linker V03.00/V05.40 + sdld,  page 48.
Hexadecimal  [32-Bits]

Area                       Addr        Size        Decimal Bytes (Attributes)
--------------------       ----        ----        ------- ----- ------------
_CODE_18               00124000    00001554 =        5460. bytes (REL,CON)

        Value  Global            Value  Global            Value  Global    
        -----  ------            -----  ------            -----  ------    
     00124000  ___func_b |    00124000  _bwv527_d |    00124141  _bwv527_m
     00124D02  _bwv527_b
ASxxxx Linker V03.00/V05.40 + sdld,  page 49.
Hexadecimal  [32-Bits]

Area                       Addr        Size        Decimal Bytes (Attributes)
--------------------       ----        ----        ------- ----- ------------
_CODE_19               00134000    0000055E =        1374. bytes (REL,CON)

        Value  Global            Value  Global            Value  Global    
        -----  ------            -----  ------            -----  ------    
     00134088  ___func_c |    00134088  _combat_d |    001342FC  ___func_c
     001342FC  _combat_c |    0013432C  ___func_c |    0013432C  _combat_p
     001343EE  ___func_r |    001343EE  _resolve_
ASxxxx Linker V03.00/V05.40 + sdld,  page 50.
Hexadecimal  [32-Bits]

Area                       Addr        Size        Decimal Bytes (Attributes)
--------------------       ----        ----        ------- ----- ------------
_CODE_20               00144000    00000452 =        1106. bytes (REL,CON)

        Value  Global            Value  Global            Value  Global    
        -----  ------            -----  ------            -----  ------    
     00144047  _equip_st |    001441AF  _items_eq |    001443C3  _items_eq
     001443DB  _equipped |    00144412  _equipped
ASxxxx Linker V03.00/V05.40 + sdld,  page 51.
Hexadecimal  [32-Bits]

Area                       Addr        Size        Decimal Bytes (Attributes)
--------------------       ----        ----        ------- ----- ------------
_CODE_21               00154000    00000052 =          82. bytes (REL,CON)

        Value  Global            Value  Global            Value  Global    
        -----  ------            -----  ------            -----  ------    
     00154000  ___func_b |    00154000  _biome_bo |    00154024  ___func_b
     00154024  _biome_bo
ASxxxx Linker V03.00/V05.40 + sdld,  page 52.
Hexadecimal  [32-Bits]

Area                       Addr        Size        Decimal Bytes (Attributes)
--------------------       ----        ----        ------- ----- ------------
_CODE_22               00164000    00001351 =        4945. bytes (REL,CON)

        Value  Global            Value  Global            Value  Global    
        -----  ------            -----  ------            -----  ------    
     00164000  ___func_b |    00164000  _biome_ov |    00164093  ___func_b
     00164093  _biome_ov |    001645DD  ___func_o |    001645DD  _overworl
     001645E8  ___func_o |    001645E8  _overworl |    001649EE  ___func_o
     001649EE  _overworl |    001649F9  ___func_o |    001649F9  _overworl
     00164B67  ___func_o |    00164B67  _overworl |    00164B72  ___func_o
     00164B72  _overworl |    00164C6C  ___func_o |    00164C6C  _overworl
     00164E09  ___func_r |    00164E09  _render_b |    00164EB5  ___func_r
     00164EB5  _render_b |    00164F63  ___func_w |    00164F63  _water_an
     00164F73  ___func_w |    00164F73  _water_an |    00165023  ___func_a
     00165023  _apply_wa |    00165208  ___func_a |    00165208  _apply_fi
     0016528A  ___func_l |    0016528A  _load_pal
ASxxxx Linker V03.00/V05.40 + sdld,  page 53.
Hexadecimal  [32-Bits]

Area                       Addr        Size        Decimal Bytes (Attributes)
--------------------       ----        ----        ------- ----- ------------
_CODE_24               00184000    00000331 =         817. bytes (REL,CON)

        Value  Global            Value  Global            Value  Global    
        -----  ------            -----  ------            -----  ------    
     00184000  ___func_b |    00184000  _bosses_p |    00184040  _bosses_t
     001841C0  _bosses_m |    001841D8  ___func_b |    001841D8  _biome_bo
     001841F5  ___func_b |    001841F5  _biome_bo |    0018429B  ___func_s
     0018429B  _sphinx_l |    001842BB  ___func_s |    001842BB  _sphinx_a
ASxxxx Linker V03.00/V05.40 + sdld,  page 54.
Hexadecimal  [32-Bits]

Area                       Addr        Size        Decimal Bytes (Attributes)
--------------------       ----        ----        ------- ----- ------------
_CODE_27               001B4000    0000010A =         266. bytes (REL,CON)

        Value  Global            Value  Global            Value  Global    
        -----  ------            -----  ------            -----  ------    
     001B4000  ___func_e |    001B4000  _enemies_ |    001B4040  _enemies_
     001B40C0  _enemies_ |    001B40C8  ___func_b |    001B40C8  _biome_mi
ASxxxx Linker V03.00/V05.40 + sdld,  page 55.
Hexadecimal  [32-Bits]

Area                       Addr        Size        Decimal Bytes (Attributes)
--------------------       ----        ----        ------- ----- ------------
_FONT_HEADER0          00000000    00000003 =           3. bytes (ABS,CON)

        Value  Global            Value  Global            Value  Global    
        -----  ------            -----  ------            -----  ------    
ASxxxx Linker V03.00/V05.40 + sdld,  page 56.
Hexadecimal  [32-Bits]

Area                       Addr        Size        Decimal Bytes (Attributes)
--------------------       ----        ----        ------- ----- ------------
_HEADER_LCD0           00000000    00000003 =           3. bytes (ABS,CON)

        Value  Global            Value  Global            Value  Global    
        -----  ------            -----  ------            -----  ------    
ASxxxx Linker V03.00/V05.40 + sdld,  page 57.

Files Linked                              [ module(s) ]

./gbdk/lib/gb/crt0.o                      [ Runtime ]
obj/gbc/ability_dispatch.rel              [ ability_dispatch ]
obj/gbc/ally.rel                          [ ally ]
obj/gbc/biome.rel                         [ biome ]
obj/gbc/debug_bank.rel                    [ debug_bank ]
obj/gbc/enemy_extras.rel                  [ enemy_extras ]
obj/gbc/globals.rel                       [ globals ]
obj/gbc/lcd.rel                           [ lcd ]
obj/gbc/lighting.rel                      [ lighting ]
obj/gbc/main.rel                          [ main ]
obj/gbc/music.rel                         [ music ]
obj/gbc/perf.rel                          [ perf ]
obj/gbc/seed_entropy.rel                  [ seed_entropy ]
obj/gbc/targeting.rel                     [ targeting ]
obj/gbc/tileset_io.rel                    [ tileset_io ]
obj/gbc/title_logo.rel                    [ title_logo ]
obj/gbc/ui_loading_isr.rel                [ ui_loading_isr ]
obj/gbc/wall_palettes.rel                 [ wall_palettes ]
obj/gbc/tileset.rel                       [ tileset ]
obj/gbc/enemy.rel                         [ enemy ]
obj/gbc/state_gameplay.rel                [ state_gameplay ]
obj/gbc/map.rel                           [ map ]
obj/gbc/camera.rel                        [ camera ]
obj/gbc/render.rel                        [ render ]
obj/gbc/state_inventory.rel               [ state_inventory ]
obj/gbc/state_char_create.rel             [ state_char_create ]
obj/gbc/state_pickup.rel                  [ state_pickup ]
obj/gbc/state_stats.rel                   [ state_stats ]
obj/gbc/state_ability.rel                 [ state_ability ]
obj/gbc/state_map.rel                     [ state_map ]
obj/gbc/state_transition.rel              [ state_transition ]
obj/gbc/class_palettes.rel                [ class_palettes ]
obj/gbc/state_game_over.rel               [ state_game_over ]
obj/gbc/state_title.rel                   [ state_title ]
obj/gbc/bwv1043_music.rel                 [ bwv1043_music ]
obj/gbc/ui.rel                            [ ui ]
obj/gbc/abilities_knight.rel              [ abilities_knight ]
obj/gbc/abilities_scoundrel.rel           [ abilities_scoundrel ]
obj/gbc/abilities_witch.rel               [ abilities_witch ]
obj/gbc/abilities_zerker.rel              [ abilities_zerker ]
obj/gbc/map_gen.rel                       [ map_gen ]
obj/gbc/level_init.rel                    [ level_init ]
obj/gbc/biome_dungeon.rel                 [ biome_dungeon ]
obj/gbc/biome_crypt.rel                   [ biome_crypt ]
obj/gbc/biome_cavern.rel                  [ biome_cavern ]
obj/gbc/items.rel                         [ items ]
obj/gbc/story_ui.rel                      [ story_ui ]
obj/gbc/scroll_blast.rel                  [ scroll_blast ]
obj/gbc/debuff_icon.rel                   [ debuff_icon ]
obj/gbc/bow_shoot.rel                     [ bow_shoot ]
obj/gbc/scroll_root.rel                   [ scroll_root ]
obj/gbc/entity_sprites.rel                [ entity_sprites ]
obj/gbc/scoundrel_fox.rel                 [ scoundrel_fox ]
obj/gbc/bwv527_music.rel                  [ bwv527_music ]
obj/gbc/combat.rel                        [ combat ]
obj/gbc/equipment.rel                     [ equipment ]
obj/gbc/biome_boss.rel                    [ biome_boss ]
obj/gbc/biome_overworld.rel               [ biome_overworld ]
obj/gbc/render_palettes.rel               [ render_palettes ]
obj/gbc/bosses.rel                        [ bosses ]
obj/gbc/biome_boss2.rel                   [ biome_boss2 ]
obj/gbc/enemies_miniboss.rel              [ enemies_miniboss ]
obj/gbc/biome_miniboss.rel                [ biome_miniboss ]


Libraries Linked                          [ object file ]

./gbdk/lib/gb/gb.lib                      [ fill_rect_wi.o ]
./gbdk/lib/sm83/sm83.lib                  [ div.o ]
./gbdk/lib/gb/gb.lib                      [ sfr.o ]
./gbdk/lib/sm83/sm83.lib                  [ _strcpy.o ]
./gbdk/lib/sm83/sm83.lib                  [ rand.o ]
./gbdk/lib/gb/gb.lib                      [ font.o ]
./gbdk/lib/gb/gb.lib                      [ cgb_palettes.o ]
./gbdk/lib/gb/gb.lib                      [ font_color.o ]
./gbdk/lib/sm83/sm83.lib                  [ _memmove.o ]
./gbdk/lib/sm83/sm83.lib                  [ mul.o ]
./gbdk/lib/gb/gb.lib                      [ set_data.o ]
./gbdk/lib/gb/gb.lib                      [ set_tile.o ]
./gbdk/lib/gb/gb.lib                      [ lcd.o ]
./gbdk/lib/gb/gb.lib                      [ fill_rect.o ]
./gbdk/lib/sm83/sm83.lib                  [ _modulong.o ]
./gbdk/lib/gb/gb.lib                      [ pad.o ]
./gbdk/lib/gb/gb.lib                      [ fill_rect_bk.o ]
./gbdk/lib/sm83/sm83.lib                  [ memcpy.o ]
./gbdk/lib/sm83/sm83.lib                  [ __sdcc_call_hl.o ]
./gbdk/lib/gb/gb.lib                      [ color.o ]
./gbdk/lib/sm83/sm83.lib                  [ _memset.o ]
./gbdk/lib/gb/gb.lib                      [ drawing_isr.o ]
./gbdk/lib/gb/gb.lib                      [ f_ibm_sh.o ]
./gbdk/lib/gb/gb.lib                      [ ___sdcc_bcall_ehl.o ]
./gbdk/lib/sm83/sm83.lib                  [ strcat.o ]
./gbdk/lib/sm83/sm83.lib                  [ printf.o ]
./gbdk/lib/gb/gb.lib                      [ cgb.o ]
./gbdk/lib/sm83/sm83.lib                  [ strlen.o ]
./gbdk/lib/sm83/sm83.lib                  [ _mullong.o ]
./gbdk/lib/gb/gb.lib                      [ cgb_compat.o ]
./gbdk/lib/gb/gb.lib                      [ set_bk_t.o ]
./gbdk/lib/gb/gb.lib                      [ set_1bit_data.o ]
./gbdk/lib/sm83/sm83.lib                  [ sprintf.o ]
./gbdk/lib/gb/gb.lib                      [ set_xy_t.o ]
./gbdk/lib/sm83/sm83.lib                  [ itoa.o ]

ASxxxx Linker V03.00/V05.40 + sdld,  page 58.

User Base Address Definitions

_DATA=0xC0A0
_CODE=0x0200
_HRAM=0xFF80
ASxxxx Linker V03.00/V05.40 + sdld,  page 59.

User Global Definitions

_shadow_OAM=0xC000
.STACK=0xE000

